[2026-04-29T01:00:19.179+0000] {local_task_job_runner.py:120} INFO - ::group::Pre task execution logs
[2026-04-29T01:00:19.260+0000] {taskinstance.py:2073} INFO - Dependencies all met for dep_context=non-requeueable deps ti=<TaskInstance: batch_spark_csv_pipeline.run_spark_job manual__2026-04-29T01:00:13.499045+00:00 [queued]>
[2026-04-29T01:00:19.267+0000] {taskinstance.py:2073} INFO - Dependencies all met for dep_context=requeueable deps ti=<TaskInstance: batch_spark_csv_pipeline.run_spark_job manual__2026-04-29T01:00:13.499045+00:00 [queued]>
[2026-04-29T01:00:19.268+0000] {taskinstance.py:2303} INFO - Starting attempt 1 of 1
[2026-04-29T01:00:19.299+0000] {taskinstance.py:2327} INFO - Executing <Task(BashOperator): run_spark_job> on 2026-04-29 01:00:13.499045+00:00
[2026-04-29T01:00:19.327+0000] {warnings.py:110} WARNING - /home/***/.local/lib/python3.12/site-packages/***/task/task_runner/standard_task_runner.py:61: DeprecationWarning: This process (pid=74) is multi-threaded, use of fork() may lead to deadlocks in the child.
  pid = os.fork()

[2026-04-29T01:00:19.332+0000] {standard_task_runner.py:63} INFO - Started process 76 to run task
[2026-04-29T01:00:19.355+0000] {standard_task_runner.py:90} INFO - Running: ['***', 'tasks', 'run', 'batch_spark_csv_pipeline', 'run_spark_job', 'manual__2026-04-29T01:00:13.499045+00:00', '--job-id', '3', '--raw', '--subdir', 'DAGS_FOLDER/batch_csv_pipeline.py', '--cfg-path', '/tmp/tmpnmwtz5c2']
[2026-04-29T01:00:19.378+0000] {standard_task_runner.py:91} INFO - Job 3: Subtask run_spark_job
[2026-04-29T01:00:19.553+0000] {task_command.py:426} INFO - Running <TaskInstance: batch_spark_csv_pipeline.run_spark_job manual__2026-04-29T01:00:13.499045+00:00 [running]> on host c055fe8adf8f
[2026-04-29T01:00:19.770+0000] {taskinstance.py:2644} INFO - Exporting env vars: AIRFLOW_CTX_DAG_OWNER='***' AIRFLOW_CTX_DAG_ID='batch_spark_csv_pipeline' AIRFLOW_CTX_TASK_ID='run_spark_job' AIRFLOW_CTX_EXECUTION_DATE='2026-04-29T01:00:13.499045+00:00' AIRFLOW_CTX_TRY_NUMBER='1' AIRFLOW_CTX_DAG_RUN_ID='manual__2026-04-29T01:00:13.499045+00:00'
[2026-04-29T01:00:19.773+0000] {taskinstance.py:430} INFO - ::endgroup::
[2026-04-29T01:00:19.774+0000] {subprocess.py:63} INFO - Tmp dir root location: /tmp
[2026-04-29T01:00:19.776+0000] {subprocess.py:75} INFO - Running command: ['/usr/bin/bash', '-c', '\n        echo "🚀 Running Spark with input param" &&\n        spark-submit /opt/***/project/spark_dynamic_pipeline.py /opt/***/project/data/input_file &&\n        echo "✅ Spark Job Completed"\n        ']
[2026-04-29T01:00:19.835+0000] {subprocess.py:86} INFO - Output:
[2026-04-29T01:00:19.854+0000] {subprocess.py:93} INFO - 🚀 Running Spark with input param
[2026-04-29T01:00:32.831+0000] {subprocess.py:93} INFO - WARNING: Using incubator modules: jdk.incubator.vector
[2026-04-29T01:01:01.675+0000] {subprocess.py:93} INFO - Using Spark's default log4j profile: org/apache/spark/log4j2-defaults.properties
[2026-04-29T01:01:01.708+0000] {subprocess.py:93} INFO - 26/04/29 01:01:01 INFO SparkContext: Running Spark version 4.1.1
[2026-04-29T01:01:01.717+0000] {subprocess.py:93} INFO - 26/04/29 01:01:01 INFO SparkContext: OS info Linux, 6.8.0-1044-azure, amd64
[2026-04-29T01:01:01.719+0000] {subprocess.py:93} INFO - 26/04/29 01:01:01 INFO SparkContext: Java version 17.0.18+8-Debian-1deb12u1
[2026-04-29T01:01:02.395+0000] {subprocess.py:93} INFO - 26/04/29 01:01:02 WARN NativeCodeLoader: Unable to load native-hadoop library for your platform... using builtin-java classes where applicable
[2026-04-29T01:01:02.613+0000] {subprocess.py:93} INFO - 26/04/29 01:01:02 INFO ResourceUtils: ==============================================================
[2026-04-29T01:01:02.613+0000] {subprocess.py:93} INFO - 26/04/29 01:01:02 INFO ResourceUtils: No custom resources configured for spark.driver.
[2026-04-29T01:01:02.615+0000] {subprocess.py:93} INFO - 26/04/29 01:01:02 INFO ResourceUtils: ==============================================================
[2026-04-29T01:01:02.616+0000] {subprocess.py:93} INFO - 26/04/29 01:01:02 INFO SparkContext: Submitted application: Dynamic ETL Pipeline
[2026-04-29T01:01:02.803+0000] {subprocess.py:93} INFO - 26/04/29 01:01:02 INFO SecurityManager: Changing view acls to: default
[2026-04-29T01:01:02.804+0000] {subprocess.py:93} INFO - 26/04/29 01:01:02 INFO SecurityManager: Changing modify acls to: default
[2026-04-29T01:01:02.804+0000] {subprocess.py:93} INFO - 26/04/29 01:01:02 INFO SecurityManager: Changing view acls groups to: default
[2026-04-29T01:01:02.805+0000] {subprocess.py:93} INFO - 26/04/29 01:01:02 INFO SecurityManager: Changing modify acls groups to: default
[2026-04-29T01:01:02.806+0000] {subprocess.py:93} INFO - 26/04/29 01:01:02 INFO SecurityManager: SecurityManager: authentication disabled; ui acls disabled; users with view permissions: default groups with view permissions: EMPTY; users with modify permissions: default; groups with modify permissions: EMPTY; RPC SSL disabled
[2026-04-29T01:01:03.915+0000] {subprocess.py:93} INFO - 26/04/29 01:01:03 INFO Utils: Successfully started service 'sparkDriver' on port 33847.
[2026-04-29T01:01:03.972+0000] {subprocess.py:93} INFO - 26/04/29 01:01:03 INFO SparkEnv: Registering MapOutputTracker
[2026-04-29T01:01:04.034+0000] {subprocess.py:93} INFO - 26/04/29 01:01:04 INFO SparkEnv: Registering BlockManagerMaster
[2026-04-29T01:01:04.088+0000] {subprocess.py:93} INFO - 26/04/29 01:01:04 INFO BlockManagerMasterEndpoint: Using org.apache.spark.storage.DefaultTopologyMapper for getting topology information
[2026-04-29T01:01:04.088+0000] {subprocess.py:93} INFO - 26/04/29 01:01:04 INFO BlockManagerMasterEndpoint: BlockManagerMasterEndpoint up
[2026-04-29T01:01:04.094+0000] {subprocess.py:93} INFO - 26/04/29 01:01:04 INFO SparkEnv: Registering BlockManagerMasterHeartbeat
[2026-04-29T01:01:04.126+0000] {subprocess.py:93} INFO - 26/04/29 01:01:04 INFO DiskBlockManager: Created local directory at /tmp/blockmgr-1cc6cbfc-7cf9-4ec3-8a65-0772253e3d15
[2026-04-29T01:01:04.166+0000] {subprocess.py:93} INFO - 26/04/29 01:01:04 INFO SparkEnv: Registering OutputCommitCoordinator
[2026-04-29T01:01:04.617+0000] {subprocess.py:93} INFO - 26/04/29 01:01:04 INFO JettyUtils: Start Jetty 0.0.0.0:4040 for SparkUI
[2026-04-29T01:01:05.053+0000] {subprocess.py:93} INFO - 26/04/29 01:01:05 INFO Utils: Successfully started service 'SparkUI' on port 4040.
[2026-04-29T01:01:05.303+0000] {subprocess.py:93} INFO - 26/04/29 01:01:05 INFO ResourceProfile: Default ResourceProfile created, executor resources: Map(cores -> name: cores, amount: 1, script: , vendor: , memory -> name: memory, amount: 1024, script: , vendor: , offHeap -> name: offHeap, amount: 0, script: , vendor: ), task resources: Map(cpus -> name: cpus, amount: 1.0)
[2026-04-29T01:01:05.304+0000] {subprocess.py:93} INFO - 26/04/29 01:01:05 INFO ResourceProfile: Limiting resource is cpu
[2026-04-29T01:01:05.310+0000] {subprocess.py:93} INFO - 26/04/29 01:01:05 INFO ResourceProfileManager: Added ResourceProfile id: 0
[2026-04-29T01:01:05.337+0000] {subprocess.py:93} INFO - 26/04/29 01:01:05 INFO SecurityManager: Changing view acls to: default
[2026-04-29T01:01:05.338+0000] {subprocess.py:93} INFO - 26/04/29 01:01:05 INFO SecurityManager: Changing modify acls to: default
[2026-04-29T01:01:05.341+0000] {subprocess.py:93} INFO - 26/04/29 01:01:05 INFO SecurityManager: Changing view acls groups to: default
[2026-04-29T01:01:05.341+0000] {subprocess.py:93} INFO - 26/04/29 01:01:05 INFO SecurityManager: Changing modify acls groups to: default
[2026-04-29T01:01:05.342+0000] {subprocess.py:93} INFO - 26/04/29 01:01:05 INFO SecurityManager: SecurityManager: authentication disabled; ui acls disabled; users with view permissions: default groups with view permissions: EMPTY; users with modify permissions: default; groups with modify permissions: EMPTY; RPC SSL disabled
[2026-04-29T01:01:05.731+0000] {subprocess.py:93} INFO - 26/04/29 01:01:05 INFO Executor: Starting executor ID driver on host c055fe8adf8f
[2026-04-29T01:01:05.732+0000] {subprocess.py:93} INFO - 26/04/29 01:01:05 INFO Executor: OS info Linux, 6.8.0-1044-azure, amd64
[2026-04-29T01:01:05.734+0000] {subprocess.py:93} INFO - 26/04/29 01:01:05 INFO Executor: Java version 17.0.18+8-Debian-1deb12u1
[2026-04-29T01:01:05.743+0000] {subprocess.py:93} INFO - 26/04/29 01:01:05 INFO Executor: Starting executor with user classpath (userClassPathFirst = false): ''
[2026-04-29T01:01:05.744+0000] {subprocess.py:93} INFO - 26/04/29 01:01:05 INFO Executor: Created or updated repl class loader org.apache.spark.util.MutableURLClassLoader@227953a4 for default.
[2026-04-29T01:01:05.794+0000] {subprocess.py:93} INFO - 26/04/29 01:01:05 INFO Utils: Successfully started service 'org.apache.spark.network.netty.NettyBlockTransferService' on port 46787.
[2026-04-29T01:01:05.822+0000] {subprocess.py:93} INFO - 26/04/29 01:01:05 INFO NettyBlockTransferService: Server created on c055fe8adf8f:46787
[2026-04-29T01:01:05.828+0000] {subprocess.py:93} INFO - 26/04/29 01:01:05 INFO BlockManager: Using org.apache.spark.storage.RandomBlockReplicationPolicy for block replication policy
[2026-04-29T01:01:05.875+0000] {subprocess.py:93} INFO - 26/04/29 01:01:05 INFO BlockManagerMaster: Registering BlockManager BlockManagerId(driver, c055fe8adf8f, 46787, None)
[2026-04-29T01:01:05.885+0000] {subprocess.py:93} INFO - 26/04/29 01:01:05 INFO BlockManagerMasterEndpoint: Registering block manager c055fe8adf8f:46787 with 434.4 MiB RAM, BlockManagerId(driver, c055fe8adf8f, 46787, None)
[2026-04-29T01:01:05.890+0000] {subprocess.py:93} INFO - 26/04/29 01:01:05 INFO BlockManagerMaster: Registered BlockManager BlockManagerId(driver, c055fe8adf8f, 46787, None)
[2026-04-29T01:01:05.892+0000] {subprocess.py:93} INFO - 26/04/29 01:01:05 INFO BlockManager: Initialized BlockManager: BlockManagerId(driver, c055fe8adf8f, 46787, None)
[2026-04-29T01:01:15.554+0000] {subprocess.py:93} INFO - 📥 Reading from: /opt/***/project/data/input_file
[2026-04-29T01:01:31.810+0000] {subprocess.py:93} INFO - 📊 Columns after normalization:
[2026-04-29T01:01:31.817+0000] {subprocess.py:93} INFO - ['account_no', 'transaction_date', 'transaction_details', 'chqno', 'value_date', 'withdrawal_amt', 'deposit_amt', 'balance_amt', 'source_file']
[2026-04-29T01:01:33.016+0000] {subprocess.py:93} INFO - +-------------+----------------+--------------------------------+-----+----------+--------------+-----------+--------------+----------------+
[2026-04-29T01:01:33.017+0000] {subprocess.py:93} INFO - |account_no   |transaction_date|transaction_details             |chqno|value_date|withdrawal_amt|deposit_amt|balance_amt   |source_file     |
[2026-04-29T01:01:33.017+0000] {subprocess.py:93} INFO - +-------------+----------------+--------------------------------+-----+----------+--------------+-----------+--------------+----------------+
[2026-04-29T01:01:33.018+0000] {subprocess.py:93} INFO - |409000611074'|16-Aug-17       |INDO GIBL Indiaforensic STL13071|NULL |16-Aug-17 | 230,013.00   |NULL       | 7,090,937.00 |transactions.csv|
[2026-04-29T01:01:33.019+0000] {subprocess.py:93} INFO - |409000611074'|16-Aug-17       |INDO GIBL Indiaforensic STL14071|NULL |16-Aug-17 | 367,900.00   |NULL       | 6,723,037.00 |transactions.csv|
[2026-04-29T01:01:33.019+0000] {subprocess.py:93} INFO - |409000611074'|16-Aug-17       |INDO GIBL Indiaforensic STL15071|NULL |16-Aug-17 | 108,000.00   |NULL       | 6,615,037.00 |transactions.csv|
[2026-04-29T01:01:33.019+0000] {subprocess.py:93} INFO - |409000611074'|16-Aug-17       |INDO GIBL Indiaforensic STL16071|NULL |16-Aug-17 | 64,800.00    |NULL       | 6,550,237.00 |transactions.csv|
[2026-04-29T01:01:33.020+0000] {subprocess.py:93} INFO - |409000611074'|16-Aug-17       |INDO GIBL Indiaforensic STL17071|NULL |16-Aug-17 | 141,000.00   |NULL       | 6,409,237.00 |transactions.csv|
[2026-04-29T01:01:33.021+0000] {subprocess.py:93} INFO - +-------------+----------------+--------------------------------+-----+----------+--------------+-----------+--------------+----------------+
[2026-04-29T01:01:33.023+0000] {subprocess.py:93} INFO - only showing top 5 rows
[2026-04-29T01:01:33.024+0000] {subprocess.py:93} INFO - 🧼 Cleaning data...
[2026-04-29T01:01:34.534+0000] {subprocess.py:93} INFO - 🚨 Identifying bad records...
[2026-04-29T01:01:38.813+0000] {subprocess.py:93} INFO - ✅ Good records: 10
[2026-04-29T01:01:38.813+0000] {subprocess.py:93} INFO - ❌ Bad records: 0
[2026-04-29T01:01:38.814+0000] {subprocess.py:93} INFO - 💾 Writing bad data...
[2026-04-29T01:01:42.287+0000] {subprocess.py:93} INFO - ℹ️ No bad records to write
[2026-04-29T01:01:42.288+0000] {subprocess.py:93} INFO - 🧠 Handling schema evolution...
[2026-04-29T01:01:44.096+0000] {subprocess.py:93} INFO - 🛢️ Writing to PostgreSQL...
[2026-04-29T01:01:44.526+0000] {subprocess.py:93} INFO - ❌ Postgres write failed: An error occurred while calling o302.save.
[2026-04-29T01:01:44.527+0000] {subprocess.py:93} INFO - : java.lang.ClassNotFoundException: org.postgresql.Driver
[2026-04-29T01:01:44.529+0000] {subprocess.py:93} INFO - 	at java.base/java.net.URLClassLoader.findClass(URLClassLoader.java:445)
[2026-04-29T01:01:44.529+0000] {subprocess.py:93} INFO - 	at java.base/java.lang.ClassLoader.loadClass(ClassLoader.java:592)
[2026-04-29T01:01:44.530+0000] {subprocess.py:93} INFO - 	at java.base/java.lang.ClassLoader.loadClass(ClassLoader.java:525)
[2026-04-29T01:01:44.530+0000] {subprocess.py:93} INFO - 	at org.apache.spark.sql.execution.datasources.jdbc.DriverRegistry$.register(DriverRegistry.scala:47)
[2026-04-29T01:01:44.531+0000] {subprocess.py:93} INFO - 	at org.apache.spark.sql.execution.datasources.jdbc.JDBCOptions.$anonfun$driverClass$1(JDBCOptions.scala:112)
[2026-04-29T01:01:44.532+0000] {subprocess.py:93} INFO - 	at org.apache.spark.sql.execution.datasources.jdbc.JDBCOptions.$anonfun$driverClass$1$adapted(JDBCOptions.scala:112)
[2026-04-29T01:01:44.533+0000] {subprocess.py:93} INFO - 	at scala.Option.foreach(Option.scala:437)
[2026-04-29T01:01:44.535+0000] {subprocess.py:93} INFO - 	at org.apache.spark.sql.execution.datasources.jdbc.JDBCOptions.<init>(JDBCOptions.scala:112)
[2026-04-29T01:01:44.535+0000] {subprocess.py:93} INFO - 	at org.apache.spark.sql.execution.datasources.jdbc.JdbcOptionsInWrite.<init>(JDBCOptions.scala:276)
[2026-04-29T01:01:44.535+0000] {subprocess.py:93} INFO - 	at org.apache.spark.sql.execution.datasources.jdbc.JdbcOptionsInWrite.<init>(JDBCOptions.scala:280)
[2026-04-29T01:01:44.536+0000] {subprocess.py:93} INFO - 	at org.apache.spark.sql.execution.datasources.jdbc.JdbcRelationProvider.createRelation(JdbcRelationProvider.scala:57)
[2026-04-29T01:01:44.536+0000] {subprocess.py:93} INFO - 	at org.apache.spark.sql.execution.datasources.SaveIntoDataSourceCommand.run(SaveIntoDataSourceCommand.scala:55)
[2026-04-29T01:01:44.537+0000] {subprocess.py:93} INFO - 	at org.apache.spark.sql.execution.command.ExecutedCommandExec.sideEffectResult$lzycompute(commands.scala:79)
[2026-04-29T01:01:44.537+0000] {subprocess.py:93} INFO - 	at org.apache.spark.sql.execution.command.ExecutedCommandExec.sideEffectResult(commands.scala:77)
[2026-04-29T01:01:44.539+0000] {subprocess.py:93} INFO - 	at org.apache.spark.sql.execution.command.ExecutedCommandExec.executeCollect(commands.scala:88)
[2026-04-29T01:01:44.539+0000] {subprocess.py:93} INFO - 	at org.apache.spark.sql.execution.QueryExecution.$anonfun$eagerlyExecuteCommands$2(QueryExecution.scala:185)
[2026-04-29T01:01:44.539+0000] {subprocess.py:93} INFO - 	at org.apache.spark.sql.execution.SQLExecution$.$anonfun$withNewExecutionId0$8(SQLExecution.scala:177)
[2026-04-29T01:01:44.540+0000] {subprocess.py:93} INFO - 	at org.apache.spark.sql.execution.SQLExecution$.withSessionTagsApplied(SQLExecution.scala:285)
[2026-04-29T01:01:44.540+0000] {subprocess.py:93} INFO - 	at org.apache.spark.sql.execution.SQLExecution$.$anonfun$withNewExecutionId0$7(SQLExecution.scala:139)
[2026-04-29T01:01:44.542+0000] {subprocess.py:93} INFO - 	at org.apache.spark.JobArtifactSet$.withActiveJobArtifactState(JobArtifactSet.scala:94)
[2026-04-29T01:01:44.542+0000] {subprocess.py:93} INFO - 	at org.apache.spark.sql.artifact.ArtifactManager.$anonfun$withResources$1(ArtifactManager.scala:112)
[2026-04-29T01:01:44.542+0000] {subprocess.py:93} INFO - 	at org.apache.spark.sql.artifact.ArtifactManager.withClassLoaderIfNeeded(ArtifactManager.scala:106)
[2026-04-29T01:01:44.543+0000] {subprocess.py:93} INFO - 	at org.apache.spark.sql.artifact.ArtifactManager.withResources(ArtifactManager.scala:111)
[2026-04-29T01:01:44.545+0000] {subprocess.py:93} INFO - 	at org.apache.spark.sql.execution.SQLExecution$.$anonfun$withNewExecutionId0$6(SQLExecution.scala:139)
[2026-04-29T01:01:44.549+0000] {subprocess.py:93} INFO - 	at org.apache.spark.sql.execution.SQLExecution$.withSQLConfPropagated(SQLExecution.scala:308)
[2026-04-29T01:01:44.550+0000] {subprocess.py:93} INFO - 	at org.apache.spark.sql.execution.SQLExecution$.$anonfun$withNewExecutionId0$1(SQLExecution.scala:138)
[2026-04-29T01:01:44.550+0000] {subprocess.py:93} INFO - 	at org.apache.spark.sql.SparkSession.withActive(SparkSession.scala:804)
[2026-04-29T01:01:44.552+0000] {subprocess.py:93} INFO - 	at org.apache.spark.sql.execution.SQLExecution$.withNewExecutionId0(SQLExecution.scala:92)
[2026-04-29T01:01:44.553+0000] {subprocess.py:93} INFO - 	at org.apache.spark.sql.execution.SQLExecution$.withNewExecutionId(SQLExecution.scala:250)
[2026-04-29T01:01:44.554+0000] {subprocess.py:93} INFO - 	at org.apache.spark.sql.execution.QueryExecution.$anonfun$eagerlyExecuteCommands$1(QueryExecution.scala:185)
[2026-04-29T01:01:44.556+0000] {subprocess.py:93} INFO - 	at org.apache.spark.sql.execution.QueryExecution$.withInternalError(QueryExecution.scala:717)
[2026-04-29T01:01:44.560+0000] {subprocess.py:93} INFO - 	at org.apache.spark.sql.execution.QueryExecution.org$apache$spark$sql$execution$QueryExecution$$eagerlyExecute$1(QueryExecution.scala:184)
[2026-04-29T01:01:44.562+0000] {subprocess.py:93} INFO - 	at org.apache.spark.sql.execution.QueryExecution$$anonfun$eagerlyExecuteCommands$3.applyOrElse(QueryExecution.scala:201)
[2026-04-29T01:01:44.562+0000] {subprocess.py:93} INFO - 	at org.apache.spark.sql.execution.QueryExecution$$anonfun$eagerlyExecuteCommands$3.applyOrElse(QueryExecution.scala:194)
[2026-04-29T01:01:44.562+0000] {subprocess.py:93} INFO - 	at org.apache.spark.sql.catalyst.trees.TreeNode.$anonfun$transformDownWithPruning$1(TreeNode.scala:491)
[2026-04-29T01:01:44.563+0000] {subprocess.py:93} INFO - 	at org.apache.spark.sql.catalyst.trees.CurrentOrigin$.withOrigin(origin.scala:107)
[2026-04-29T01:01:44.566+0000] {subprocess.py:93} INFO - 	at org.apache.spark.sql.catalyst.trees.TreeNode.transformDownWithPruning(TreeNode.scala:491)
[2026-04-29T01:01:44.568+0000] {subprocess.py:93} INFO - 	at org.apache.spark.sql.catalyst.plans.logical.LogicalPlan.org$apache$spark$sql$catalyst$plans$logical$AnalysisHelper$$super$transformDownWithPruning(LogicalPlan.scala:37)
[2026-04-29T01:01:44.568+0000] {subprocess.py:93} INFO - 	at org.apache.spark.sql.catalyst.plans.logical.AnalysisHelper.transformDownWithPruning(AnalysisHelper.scala:360)
[2026-04-29T01:01:44.569+0000] {subprocess.py:93} INFO - 	at org.apache.spark.sql.catalyst.plans.logical.AnalysisHelper.transformDownWithPruning$(AnalysisHelper.scala:356)
[2026-04-29T01:01:44.570+0000] {subprocess.py:93} INFO - 	at org.apache.spark.sql.catalyst.plans.logical.LogicalPlan.transformDownWithPruning(LogicalPlan.scala:37)
[2026-04-29T01:01:44.570+0000] {subprocess.py:93} INFO - 	at org.apache.spark.sql.catalyst.plans.logical.LogicalPlan.transformDownWithPruning(LogicalPlan.scala:37)
[2026-04-29T01:01:44.572+0000] {subprocess.py:93} INFO - 	at org.apache.spark.sql.catalyst.trees.TreeNode.transformDown(TreeNode.scala:467)
[2026-04-29T01:01:44.574+0000] {subprocess.py:93} INFO - 	at org.apache.spark.sql.execution.QueryExecution.eagerlyExecuteCommands(QueryExecution.scala:194)
[2026-04-29T01:01:44.579+0000] {subprocess.py:93} INFO - 	at org.apache.spark.sql.execution.QueryExecution.$anonfun$lazyCommandExecuted$1(QueryExecution.scala:155)
[2026-04-29T01:01:44.579+0000] {subprocess.py:93} INFO - 	at scala.util.Try$.apply(Try.scala:217)
[2026-04-29T01:01:44.579+0000] {subprocess.py:93} INFO - 	at org.apache.spark.util.Utils$.doTryWithCallerStacktrace(Utils.scala:1392)
[2026-04-29T01:01:44.579+0000] {subprocess.py:93} INFO - 	at org.apache.spark.util.Utils$.getTryWithCallerStacktrace(Utils.scala:1453)
[2026-04-29T01:01:44.580+0000] {subprocess.py:93} INFO - 	at org.apache.spark.util.LazyTry.get(LazyTry.scala:58)
[2026-04-29T01:01:44.585+0000] {subprocess.py:93} INFO - 	at org.apache.spark.sql.execution.QueryExecution.commandExecuted(QueryExecution.scala:160)
[2026-04-29T01:01:44.585+0000] {subprocess.py:93} INFO - 	at org.apache.spark.sql.execution.QueryExecution.assertCommandExecuted(QueryExecution.scala:239)
[2026-04-29T01:01:44.585+0000] {subprocess.py:93} INFO - 	at org.apache.spark.sql.classic.DataFrameWriter.runCommand(DataFrameWriter.scala:592)
[2026-04-29T01:01:44.586+0000] {subprocess.py:93} INFO - 	at org.apache.spark.sql.classic.DataFrameWriter.save(DataFrameWriter.scala:126)
[2026-04-29T01:01:44.588+0000] {subprocess.py:93} INFO - 	at java.base/jdk.internal.reflect.NativeMethodAccessorImpl.invoke0(Native Method)
[2026-04-29T01:01:44.603+0000] {subprocess.py:93} INFO - 	at java.base/jdk.internal.reflect.NativeMethodAccessorImpl.invoke(NativeMethodAccessorImpl.java:77)
[2026-04-29T01:01:44.610+0000] {subprocess.py:93} INFO - 	at java.base/jdk.internal.reflect.DelegatingMethodAccessorImpl.invoke(DelegatingMethodAccessorImpl.java:43)
[2026-04-29T01:01:44.610+0000] {subprocess.py:93} INFO - 	at java.base/java.lang.reflect.Method.invoke(Method.java:569)
[2026-04-29T01:01:44.611+0000] {subprocess.py:93} INFO - 	at py4j.reflection.MethodInvoker.invoke(MethodInvoker.java:244)
[2026-04-29T01:01:44.611+0000] {subprocess.py:93} INFO - 	at py4j.reflection.ReflectionEngine.invoke(ReflectionEngine.java:374)
[2026-04-29T01:01:44.611+0000] {subprocess.py:93} INFO - 	at py4j.Gateway.invoke(Gateway.java:282)
[2026-04-29T01:01:44.611+0000] {subprocess.py:93} INFO - 	at py4j.commands.AbstractCommand.invokeMethod(AbstractCommand.java:132)
[2026-04-29T01:01:44.611+0000] {subprocess.py:93} INFO - 	at py4j.commands.CallCommand.execute(CallCommand.java:79)
[2026-04-29T01:01:44.611+0000] {subprocess.py:93} INFO - 	at py4j.ClientServerConnection.waitForCommands(ClientServerConnection.java:184)
[2026-04-29T01:01:44.611+0000] {subprocess.py:93} INFO - 	at py4j.ClientServerConnection.run(ClientServerConnection.java:108)
[2026-04-29T01:01:44.612+0000] {subprocess.py:93} INFO - 	at java.base/java.lang.Thread.run(Thread.java:840)
[2026-04-29T01:01:44.612+0000] {subprocess.py:93} INFO - 	Suppressed: org.apache.spark.util.Utils$OriginalTryStackTraceException: Full stacktrace of original doTryWithCallerStacktrace caller
[2026-04-29T01:01:44.617+0000] {subprocess.py:93} INFO - 		at java.base/java.net.URLClassLoader.findClass(URLClassLoader.java:445)
[2026-04-29T01:01:44.621+0000] {subprocess.py:93} INFO - 		at java.base/java.lang.ClassLoader.loadClass(ClassLoader.java:592)
[2026-04-29T01:01:44.625+0000] {subprocess.py:93} INFO - 		at java.base/java.lang.ClassLoader.loadClass(ClassLoader.java:525)
[2026-04-29T01:01:44.626+0000] {subprocess.py:93} INFO - 		at org.apache.spark.sql.execution.datasources.jdbc.DriverRegistry$.register(DriverRegistry.scala:47)
[2026-04-29T01:01:44.629+0000] {subprocess.py:93} INFO - 		at org.apache.spark.sql.execution.datasources.jdbc.JDBCOptions.$anonfun$driverClass$1(JDBCOptions.scala:112)
[2026-04-29T01:01:44.631+0000] {subprocess.py:93} INFO - 		at org.apache.spark.sql.execution.datasources.jdbc.JDBCOptions.$anonfun$driverClass$1$adapted(JDBCOptions.scala:112)
[2026-04-29T01:01:44.634+0000] {subprocess.py:93} INFO - 		at scala.Option.foreach(Option.scala:437)
[2026-04-29T01:01:44.637+0000] {subprocess.py:93} INFO - 		at org.apache.spark.sql.execution.datasources.jdbc.JDBCOptions.<init>(JDBCOptions.scala:112)
[2026-04-29T01:01:44.640+0000] {subprocess.py:93} INFO - 		at org.apache.spark.sql.execution.datasources.jdbc.JdbcOptionsInWrite.<init>(JDBCOptions.scala:276)
[2026-04-29T01:01:44.641+0000] {subprocess.py:93} INFO - 		at org.apache.spark.sql.execution.datasources.jdbc.JdbcOptionsInWrite.<init>(JDBCOptions.scala:280)
[2026-04-29T01:01:44.648+0000] {subprocess.py:93} INFO - 		at org.apache.spark.sql.execution.datasources.jdbc.JdbcRelationProvider.createRelation(JdbcRelationProvider.scala:57)
[2026-04-29T01:01:44.648+0000] {subprocess.py:93} INFO - 		at org.apache.spark.sql.execution.datasources.SaveIntoDataSourceCommand.run(SaveIntoDataSourceCommand.scala:55)
[2026-04-29T01:01:44.649+0000] {subprocess.py:93} INFO - 		at org.apache.spark.sql.execution.command.ExecutedCommandExec.sideEffectResult$lzycompute(commands.scala:79)
[2026-04-29T01:01:44.650+0000] {subprocess.py:93} INFO - 		at org.apache.spark.sql.execution.command.ExecutedCommandExec.sideEffectResult(commands.scala:77)
[2026-04-29T01:01:44.650+0000] {subprocess.py:93} INFO - 		at org.apache.spark.sql.execution.command.ExecutedCommandExec.executeCollect(commands.scala:88)
[2026-04-29T01:01:44.652+0000] {subprocess.py:93} INFO - 		at org.apache.spark.sql.execution.QueryExecution.$anonfun$eagerlyExecuteCommands$2(QueryExecution.scala:185)
[2026-04-29T01:01:44.654+0000] {subprocess.py:93} INFO - 		at org.apache.spark.sql.execution.SQLExecution$.$anonfun$withNewExecutionId0$8(SQLExecution.scala:177)
[2026-04-29T01:01:44.659+0000] {subprocess.py:93} INFO - 		at org.apache.spark.sql.execution.SQLExecution$.withSessionTagsApplied(SQLExecution.scala:285)
[2026-04-29T01:01:44.659+0000] {subprocess.py:93} INFO - 		at org.apache.spark.sql.execution.SQLExecution$.$anonfun$withNewExecutionId0$7(SQLExecution.scala:139)
[2026-04-29T01:01:44.659+0000] {subprocess.py:93} INFO - 		at org.apache.spark.JobArtifactSet$.withActiveJobArtifactState(JobArtifactSet.scala:94)
[2026-04-29T01:01:44.660+0000] {subprocess.py:93} INFO - 		at org.apache.spark.sql.artifact.ArtifactManager.$anonfun$withResources$1(ArtifactManager.scala:112)
[2026-04-29T01:01:44.660+0000] {subprocess.py:93} INFO - 		at org.apache.spark.sql.artifact.ArtifactManager.withClassLoaderIfNeeded(ArtifactManager.scala:106)
[2026-04-29T01:01:44.666+0000] {subprocess.py:93} INFO - 		at org.apache.spark.sql.artifact.ArtifactManager.withResources(ArtifactManager.scala:111)
[2026-04-29T01:01:44.667+0000] {subprocess.py:93} INFO - 		at org.apache.spark.sql.execution.SQLExecution$.$anonfun$withNewExecutionId0$6(SQLExecution.scala:139)
[2026-04-29T01:01:44.669+0000] {subprocess.py:93} INFO - 		at org.apache.spark.sql.execution.SQLExecution$.withSQLConfPropagated(SQLExecution.scala:308)
[2026-04-29T01:01:44.669+0000] {subprocess.py:93} INFO - 		at org.apache.spark.sql.execution.SQLExecution$.$anonfun$withNewExecutionId0$1(SQLExecution.scala:138)
[2026-04-29T01:01:44.669+0000] {subprocess.py:93} INFO - 		at org.apache.spark.sql.SparkSession.withActive(SparkSession.scala:804)
[2026-04-29T01:01:44.671+0000] {subprocess.py:93} INFO - 		at org.apache.spark.sql.execution.SQLExecution$.withNewExecutionId0(SQLExecution.scala:92)
[2026-04-29T01:01:44.671+0000] {subprocess.py:93} INFO - 		at org.apache.spark.sql.execution.SQLExecution$.withNewExecutionId(SQLExecution.scala:250)
[2026-04-29T01:01:44.673+0000] {subprocess.py:93} INFO - 		at org.apache.spark.sql.execution.QueryExecution.$anonfun$eagerlyExecuteCommands$1(QueryExecution.scala:185)
[2026-04-29T01:01:44.674+0000] {subprocess.py:93} INFO - 		at org.apache.spark.sql.execution.QueryExecution$.withInternalError(QueryExecution.scala:717)
[2026-04-29T01:01:44.675+0000] {subprocess.py:93} INFO - 		at org.apache.spark.sql.execution.QueryExecution.org$apache$spark$sql$execution$QueryExecution$$eagerlyExecute$1(QueryExecution.scala:184)
[2026-04-29T01:01:44.675+0000] {subprocess.py:93} INFO - 		at org.apache.spark.sql.execution.QueryExecution$$anonfun$eagerlyExecuteCommands$3.applyOrElse(QueryExecution.scala:201)
[2026-04-29T01:01:44.675+0000] {subprocess.py:93} INFO - 		at org.apache.spark.sql.execution.QueryExecution$$anonfun$eagerlyExecuteCommands$3.applyOrElse(QueryExecution.scala:194)
[2026-04-29T01:01:44.677+0000] {subprocess.py:93} INFO - 		at org.apache.spark.sql.catalyst.trees.TreeNode.$anonfun$transformDownWithPruning$1(TreeNode.scala:491)
[2026-04-29T01:01:44.677+0000] {subprocess.py:93} INFO - 		at org.apache.spark.sql.catalyst.trees.CurrentOrigin$.withOrigin(origin.scala:107)
[2026-04-29T01:01:44.680+0000] {subprocess.py:93} INFO - 		at org.apache.spark.sql.catalyst.trees.TreeNode.transformDownWithPruning(TreeNode.scala:491)
[2026-04-29T01:01:44.680+0000] {subprocess.py:93} INFO - 		at org.apache.spark.sql.catalyst.plans.logical.LogicalPlan.org$apache$spark$sql$catalyst$plans$logical$AnalysisHelper$$super$transformDownWithPruning(LogicalPlan.scala:37)
[2026-04-29T01:01:44.681+0000] {subprocess.py:93} INFO - 		at org.apache.spark.sql.catalyst.plans.logical.AnalysisHelper.transformDownWithPruning(AnalysisHelper.scala:360)
[2026-04-29T01:01:44.681+0000] {subprocess.py:93} INFO - 		at org.apache.spark.sql.catalyst.plans.logical.AnalysisHelper.transformDownWithPruning$(AnalysisHelper.scala:356)
[2026-04-29T01:01:44.684+0000] {subprocess.py:93} INFO - 		at org.apache.spark.sql.catalyst.plans.logical.LogicalPlan.transformDownWithPruning(LogicalPlan.scala:37)
[2026-04-29T01:01:44.684+0000] {subprocess.py:93} INFO - 		at org.apache.spark.sql.catalyst.plans.logical.LogicalPlan.transformDownWithPruning(LogicalPlan.scala:37)
[2026-04-29T01:01:44.689+0000] {subprocess.py:93} INFO - 		at org.apache.spark.sql.catalyst.trees.TreeNode.transformDown(TreeNode.scala:467)
[2026-04-29T01:01:44.689+0000] {subprocess.py:93} INFO - 		at org.apache.spark.sql.execution.QueryExecution.eagerlyExecuteCommands(QueryExecution.scala:194)
[2026-04-29T01:01:44.691+0000] {subprocess.py:93} INFO - 		at org.apache.spark.sql.execution.QueryExecution.$anonfun$lazyCommandExecuted$1(QueryExecution.scala:155)
[2026-04-29T01:01:44.691+0000] {subprocess.py:93} INFO - 		at scala.util.Try$.apply(Try.scala:217)
[2026-04-29T01:01:44.692+0000] {subprocess.py:93} INFO - 		at org.apache.spark.util.Utils$.doTryWithCallerStacktrace(Utils.scala:1392)
[2026-04-29T01:01:44.693+0000] {subprocess.py:93} INFO - 		at org.apache.spark.util.LazyTry.tryT$lzycompute(LazyTry.scala:46)
[2026-04-29T01:01:44.693+0000] {subprocess.py:93} INFO - 		at org.apache.spark.util.LazyTry.tryT(LazyTry.scala:46)
[2026-04-29T01:01:44.693+0000] {subprocess.py:93} INFO - 		... 17 more
[2026-04-29T01:01:44.693+0000] {subprocess.py:93} INFO - 
[2026-04-29T01:01:44.693+0000] {subprocess.py:93} INFO - Traceback (most recent call last):
[2026-04-29T01:01:44.694+0000] {subprocess.py:93} INFO -   File "/opt/***/project/spark_dynamic_pipeline.py", line 369, in <module>
[2026-04-29T01:01:44.698+0000] {subprocess.py:93} INFO -     main()
[2026-04-29T01:01:44.698+0000] {subprocess.py:93} INFO -   File "/opt/***/project/spark_dynamic_pipeline.py", line 362, in main
[2026-04-29T01:01:44.700+0000] {subprocess.py:93} INFO -     write_to_postgres(good_df)
[2026-04-29T01:01:44.701+0000] {subprocess.py:93} INFO -   File "/opt/***/project/spark_dynamic_pipeline.py", line 306, in write_to_postgres
[2026-04-29T01:01:44.702+0000] {subprocess.py:93} INFO -     .save()
[2026-04-29T01:01:44.705+0000] {subprocess.py:93} INFO -      ^^^^^^
[2026-04-29T01:01:44.705+0000] {subprocess.py:93} INFO -   File "/home/***/.local/lib/python3.12/site-packages/pyspark/python/lib/pyspark.zip/pyspark/sql/readwriter.py", line 1743, in save
[2026-04-29T01:01:44.707+0000] {subprocess.py:93} INFO -   File "/home/***/.local/lib/python3.12/site-packages/pyspark/python/lib/py4j-0.10.9.9-src.zip/py4j/java_gateway.py", line 1362, in __call__
[2026-04-29T01:01:44.709+0000] {subprocess.py:93} INFO -   File "/home/***/.local/lib/python3.12/site-packages/pyspark/python/lib/pyspark.zip/pyspark/errors/exceptions/captured.py", line 263, in deco
[2026-04-29T01:01:44.709+0000] {subprocess.py:93} INFO -   File "/home/***/.local/lib/python3.12/site-packages/pyspark/python/lib/py4j-0.10.9.9-src.zip/py4j/protocol.py", line 327, in get_return_value
[2026-04-29T01:01:44.709+0000] {subprocess.py:93} INFO - py4j.protocol.Py4JJavaError: An error occurred while calling o302.save.
[2026-04-29T01:01:44.713+0000] {subprocess.py:93} INFO - : java.lang.ClassNotFoundException: org.postgresql.Driver
[2026-04-29T01:01:44.713+0000] {subprocess.py:93} INFO - 	at java.base/java.net.URLClassLoader.findClass(URLClassLoader.java:445)
[2026-04-29T01:01:44.713+0000] {subprocess.py:93} INFO - 	at java.base/java.lang.ClassLoader.loadClass(ClassLoader.java:592)
[2026-04-29T01:01:44.713+0000] {subprocess.py:93} INFO - 	at java.base/java.lang.ClassLoader.loadClass(ClassLoader.java:525)
[2026-04-29T01:01:44.714+0000] {subprocess.py:93} INFO - 	at org.apache.spark.sql.execution.datasources.jdbc.DriverRegistry$.register(DriverRegistry.scala:47)
[2026-04-29T01:01:44.717+0000] {subprocess.py:93} INFO - 	at org.apache.spark.sql.execution.datasources.jdbc.JDBCOptions.$anonfun$driverClass$1(JDBCOptions.scala:112)
[2026-04-29T01:01:44.718+0000] {subprocess.py:93} INFO - 	at org.apache.spark.sql.execution.datasources.jdbc.JDBCOptions.$anonfun$driverClass$1$adapted(JDBCOptions.scala:112)
[2026-04-29T01:01:44.721+0000] {subprocess.py:93} INFO - 	at scala.Option.foreach(Option.scala:437)
[2026-04-29T01:01:44.722+0000] {subprocess.py:93} INFO - 	at org.apache.spark.sql.execution.datasources.jdbc.JDBCOptions.<init>(JDBCOptions.scala:112)
[2026-04-29T01:01:44.722+0000] {subprocess.py:93} INFO - 	at org.apache.spark.sql.execution.datasources.jdbc.JdbcOptionsInWrite.<init>(JDBCOptions.scala:276)
[2026-04-29T01:01:44.723+0000] {subprocess.py:93} INFO - 	at org.apache.spark.sql.execution.datasources.jdbc.JdbcOptionsInWrite.<init>(JDBCOptions.scala:280)
[2026-04-29T01:01:44.723+0000] {subprocess.py:93} INFO - 	at org.apache.spark.sql.execution.datasources.jdbc.JdbcRelationProvider.createRelation(JdbcRelationProvider.scala:57)
[2026-04-29T01:01:44.723+0000] {subprocess.py:93} INFO - 	at org.apache.spark.sql.execution.datasources.SaveIntoDataSourceCommand.run(SaveIntoDataSourceCommand.scala:55)
[2026-04-29T01:01:44.726+0000] {subprocess.py:93} INFO - 	at org.apache.spark.sql.execution.command.ExecutedCommandExec.sideEffectResult$lzycompute(commands.scala:79)
[2026-04-29T01:01:44.726+0000] {subprocess.py:93} INFO - 	at org.apache.spark.sql.execution.command.ExecutedCommandExec.sideEffectResult(commands.scala:77)
[2026-04-29T01:01:44.732+0000] {subprocess.py:93} INFO - 	at org.apache.spark.sql.execution.command.ExecutedCommandExec.executeCollect(commands.scala:88)
[2026-04-29T01:01:44.732+0000] {subprocess.py:93} INFO - 	at org.apache.spark.sql.execution.QueryExecution.$anonfun$eagerlyExecuteCommands$2(QueryExecution.scala:185)
[2026-04-29T01:01:44.732+0000] {subprocess.py:93} INFO - 	at org.apache.spark.sql.execution.SQLExecution$.$anonfun$withNewExecutionId0$8(SQLExecution.scala:177)
[2026-04-29T01:01:44.735+0000] {subprocess.py:93} INFO - 	at org.apache.spark.sql.execution.SQLExecution$.withSessionTagsApplied(SQLExecution.scala:285)
[2026-04-29T01:01:44.736+0000] {subprocess.py:93} INFO - 	at org.apache.spark.sql.execution.SQLExecution$.$anonfun$withNewExecutionId0$7(SQLExecution.scala:139)
[2026-04-29T01:01:44.736+0000] {subprocess.py:93} INFO - 	at org.apache.spark.JobArtifactSet$.withActiveJobArtifactState(JobArtifactSet.scala:94)
[2026-04-29T01:01:44.736+0000] {subprocess.py:93} INFO - 	at org.apache.spark.sql.artifact.ArtifactManager.$anonfun$withResources$1(ArtifactManager.scala:112)
[2026-04-29T01:01:44.737+0000] {subprocess.py:93} INFO - 	at org.apache.spark.sql.artifact.ArtifactManager.withClassLoaderIfNeeded(ArtifactManager.scala:106)
[2026-04-29T01:01:44.740+0000] {subprocess.py:93} INFO - 	at org.apache.spark.sql.artifact.ArtifactManager.withResources(ArtifactManager.scala:111)
[2026-04-29T01:01:44.740+0000] {subprocess.py:93} INFO - 	at org.apache.spark.sql.execution.SQLExecution$.$anonfun$withNewExecutionId0$6(SQLExecution.scala:139)
[2026-04-29T01:01:44.741+0000] {subprocess.py:93} INFO - 	at org.apache.spark.sql.execution.SQLExecution$.withSQLConfPropagated(SQLExecution.scala:308)
[2026-04-29T01:01:44.742+0000] {subprocess.py:93} INFO - 	at org.apache.spark.sql.execution.SQLExecution$.$anonfun$withNewExecutionId0$1(SQLExecution.scala:138)
[2026-04-29T01:01:44.746+0000] {subprocess.py:93} INFO - 	at org.apache.spark.sql.SparkSession.withActive(SparkSession.scala:804)
[2026-04-29T01:01:44.746+0000] {subprocess.py:93} INFO - 	at org.apache.spark.sql.execution.SQLExecution$.withNewExecutionId0(SQLExecution.scala:92)
[2026-04-29T01:01:44.746+0000] {subprocess.py:93} INFO - 	at org.apache.spark.sql.execution.SQLExecution$.withNewExecutionId(SQLExecution.scala:250)
[2026-04-29T01:01:44.747+0000] {subprocess.py:93} INFO - 	at org.apache.spark.sql.execution.QueryExecution.$anonfun$eagerlyExecuteCommands$1(QueryExecution.scala:185)
[2026-04-29T01:01:44.747+0000] {subprocess.py:93} INFO - 	at org.apache.spark.sql.execution.QueryExecution$.withInternalError(QueryExecution.scala:717)
[2026-04-29T01:01:44.750+0000] {subprocess.py:93} INFO - 	at org.apache.spark.sql.execution.QueryExecution.org$apache$spark$sql$execution$QueryExecution$$eagerlyExecute$1(QueryExecution.scala:184)
[2026-04-29T01:01:44.752+0000] {subprocess.py:93} INFO - 	at org.apache.spark.sql.execution.QueryExecution$$anonfun$eagerlyExecuteCommands$3.applyOrElse(QueryExecution.scala:201)
[2026-04-29T01:01:44.752+0000] {subprocess.py:93} INFO - 	at org.apache.spark.sql.execution.QueryExecution$$anonfun$eagerlyExecuteCommands$3.applyOrElse(QueryExecution.scala:194)
[2026-04-29T01:01:44.752+0000] {subprocess.py:93} INFO - 	at org.apache.spark.sql.catalyst.trees.TreeNode.$anonfun$transformDownWithPruning$1(TreeNode.scala:491)
[2026-04-29T01:01:44.753+0000] {subprocess.py:93} INFO - 	at org.apache.spark.sql.catalyst.trees.CurrentOrigin$.withOrigin(origin.scala:107)
[2026-04-29T01:01:44.753+0000] {subprocess.py:93} INFO - 	at org.apache.spark.sql.catalyst.trees.TreeNode.transformDownWithPruning(TreeNode.scala:491)
[2026-04-29T01:01:44.753+0000] {subprocess.py:93} INFO - 	at org.apache.spark.sql.catalyst.plans.logical.LogicalPlan.org$apache$spark$sql$catalyst$plans$logical$AnalysisHelper$$super$transformDownWithPruning(LogicalPlan.scala:37)
[2026-04-29T01:01:44.753+0000] {subprocess.py:93} INFO - 	at org.apache.spark.sql.catalyst.plans.logical.AnalysisHelper.transformDownWithPruning(AnalysisHelper.scala:360)
[2026-04-29T01:01:44.753+0000] {subprocess.py:93} INFO - 	at org.apache.spark.sql.catalyst.plans.logical.AnalysisHelper.transformDownWithPruning$(AnalysisHelper.scala:356)
[2026-04-29T01:01:44.753+0000] {subprocess.py:93} INFO - 	at org.apache.spark.sql.catalyst.plans.logical.LogicalPlan.transformDownWithPruning(LogicalPlan.scala:37)
[2026-04-29T01:01:44.754+0000] {subprocess.py:93} INFO - 	at org.apache.spark.sql.catalyst.plans.logical.LogicalPlan.transformDownWithPruning(LogicalPlan.scala:37)
[2026-04-29T01:01:44.760+0000] {subprocess.py:93} INFO - 	at org.apache.spark.sql.catalyst.trees.TreeNode.transformDown(TreeNode.scala:467)
[2026-04-29T01:01:44.760+0000] {subprocess.py:93} INFO - 	at org.apache.spark.sql.execution.QueryExecution.eagerlyExecuteCommands(QueryExecution.scala:194)
[2026-04-29T01:01:44.760+0000] {subprocess.py:93} INFO - 	at org.apache.spark.sql.execution.QueryExecution.$anonfun$lazyCommandExecuted$1(QueryExecution.scala:155)
[2026-04-29T01:01:44.761+0000] {subprocess.py:93} INFO - 	at scala.util.Try$.apply(Try.scala:217)
[2026-04-29T01:01:44.762+0000] {subprocess.py:93} INFO - 	at org.apache.spark.util.Utils$.doTryWithCallerStacktrace(Utils.scala:1392)
[2026-04-29T01:01:44.762+0000] {subprocess.py:93} INFO - 	at org.apache.spark.util.Utils$.getTryWithCallerStacktrace(Utils.scala:1453)
[2026-04-29T01:01:44.762+0000] {subprocess.py:93} INFO - 	at org.apache.spark.util.LazyTry.get(LazyTry.scala:58)
[2026-04-29T01:01:44.764+0000] {subprocess.py:93} INFO - 	at org.apache.spark.sql.execution.QueryExecution.commandExecuted(QueryExecution.scala:160)
[2026-04-29T01:01:44.764+0000] {subprocess.py:93} INFO - 	at org.apache.spark.sql.execution.QueryExecution.assertCommandExecuted(QueryExecution.scala:239)
[2026-04-29T01:01:44.767+0000] {subprocess.py:93} INFO - 	at org.apache.spark.sql.classic.DataFrameWriter.runCommand(DataFrameWriter.scala:592)
[2026-04-29T01:01:44.767+0000] {subprocess.py:93} INFO - 	at org.apache.spark.sql.classic.DataFrameWriter.save(DataFrameWriter.scala:126)
[2026-04-29T01:01:44.769+0000] {subprocess.py:93} INFO - 	at java.base/jdk.internal.reflect.NativeMethodAccessorImpl.invoke0(Native Method)
[2026-04-29T01:01:44.769+0000] {subprocess.py:93} INFO - 	at java.base/jdk.internal.reflect.NativeMethodAccessorImpl.invoke(NativeMethodAccessorImpl.java:77)
[2026-04-29T01:01:44.770+0000] {subprocess.py:93} INFO - 	at java.base/jdk.internal.reflect.DelegatingMethodAccessorImpl.invoke(DelegatingMethodAccessorImpl.java:43)
[2026-04-29T01:01:44.773+0000] {subprocess.py:93} INFO - 	at java.base/java.lang.reflect.Method.invoke(Method.java:569)
[2026-04-29T01:01:44.774+0000] {subprocess.py:93} INFO - 	at py4j.reflection.MethodInvoker.invoke(MethodInvoker.java:244)
[2026-04-29T01:01:44.774+0000] {subprocess.py:93} INFO - 	at py4j.reflection.ReflectionEngine.invoke(ReflectionEngine.java:374)
[2026-04-29T01:01:44.774+0000] {subprocess.py:93} INFO - 	at py4j.Gateway.invoke(Gateway.java:282)
[2026-04-29T01:01:44.777+0000] {subprocess.py:93} INFO - 	at py4j.commands.AbstractCommand.invokeMethod(AbstractCommand.java:132)
[2026-04-29T01:01:44.780+0000] {subprocess.py:93} INFO - 	at py4j.commands.CallCommand.execute(CallCommand.java:79)
[2026-04-29T01:01:44.781+0000] {subprocess.py:93} INFO - 	at py4j.ClientServerConnection.waitForCommands(ClientServerConnection.java:184)
[2026-04-29T01:01:44.796+0000] {subprocess.py:93} INFO - 	at py4j.ClientServerConnection.run(ClientServerConnection.java:108)
[2026-04-29T01:01:44.798+0000] {subprocess.py:93} INFO - 	at java.base/java.lang.Thread.run(Thread.java:840)
[2026-04-29T01:01:44.805+0000] {subprocess.py:93} INFO - 	Suppressed: org.apache.spark.util.Utils$OriginalTryStackTraceException: Full stacktrace of original doTryWithCallerStacktrace caller
[2026-04-29T01:01:44.805+0000] {subprocess.py:93} INFO - 		at java.base/java.net.URLClassLoader.findClass(URLClassLoader.java:445)
[2026-04-29T01:01:44.806+0000] {subprocess.py:93} INFO - 		at java.base/java.lang.ClassLoader.loadClass(ClassLoader.java:592)
[2026-04-29T01:01:44.807+0000] {subprocess.py:93} INFO - 		at java.base/java.lang.ClassLoader.loadClass(ClassLoader.java:525)
[2026-04-29T01:01:44.808+0000] {subprocess.py:93} INFO - 		at org.apache.spark.sql.execution.datasources.jdbc.DriverRegistry$.register(DriverRegistry.scala:47)
[2026-04-29T01:01:44.810+0000] {subprocess.py:93} INFO - 		at org.apache.spark.sql.execution.datasources.jdbc.JDBCOptions.$anonfun$driverClass$1(JDBCOptions.scala:112)
[2026-04-29T01:01:44.811+0000] {subprocess.py:93} INFO - 		at org.apache.spark.sql.execution.datasources.jdbc.JDBCOptions.$anonfun$driverClass$1$adapted(JDBCOptions.scala:112)
[2026-04-29T01:01:44.811+0000] {subprocess.py:93} INFO - 		at scala.Option.foreach(Option.scala:437)
[2026-04-29T01:01:44.812+0000] {subprocess.py:93} INFO - 		at org.apache.spark.sql.execution.datasources.jdbc.JDBCOptions.<init>(JDBCOptions.scala:112)
[2026-04-29T01:01:44.812+0000] {subprocess.py:93} INFO - 		at org.apache.spark.sql.execution.datasources.jdbc.JdbcOptionsInWrite.<init>(JDBCOptions.scala:276)
[2026-04-29T01:01:44.812+0000] {subprocess.py:93} INFO - 		at org.apache.spark.sql.execution.datasources.jdbc.JdbcOptionsInWrite.<init>(JDBCOptions.scala:280)
[2026-04-29T01:01:44.812+0000] {subprocess.py:93} INFO - 		at org.apache.spark.sql.execution.datasources.jdbc.JdbcRelationProvider.createRelation(JdbcRelationProvider.scala:57)
[2026-04-29T01:01:44.812+0000] {subprocess.py:93} INFO - 		at org.apache.spark.sql.execution.datasources.SaveIntoDataSourceCommand.run(SaveIntoDataSourceCommand.scala:55)
[2026-04-29T01:01:44.813+0000] {subprocess.py:93} INFO - 		at org.apache.spark.sql.execution.command.ExecutedCommandExec.sideEffectResult$lzycompute(commands.scala:79)
[2026-04-29T01:01:44.815+0000] {subprocess.py:93} INFO - 		at org.apache.spark.sql.execution.command.ExecutedCommandExec.sideEffectResult(commands.scala:77)
[2026-04-29T01:01:44.815+0000] {subprocess.py:93} INFO - 		at org.apache.spark.sql.execution.command.ExecutedCommandExec.executeCollect(commands.scala:88)
[2026-04-29T01:01:44.815+0000] {subprocess.py:93} INFO - 		at org.apache.spark.sql.execution.QueryExecution.$anonfun$eagerlyExecuteCommands$2(QueryExecution.scala:185)
[2026-04-29T01:01:44.815+0000] {subprocess.py:93} INFO - 		at org.apache.spark.sql.execution.SQLExecution$.$anonfun$withNewExecutionId0$8(SQLExecution.scala:177)
[2026-04-29T01:01:44.816+0000] {subprocess.py:93} INFO - 		at org.apache.spark.sql.execution.SQLExecution$.withSessionTagsApplied(SQLExecution.scala:285)
[2026-04-29T01:01:44.816+0000] {subprocess.py:93} INFO - 		at org.apache.spark.sql.execution.SQLExecution$.$anonfun$withNewExecutionId0$7(SQLExecution.scala:139)
[2026-04-29T01:01:44.816+0000] {subprocess.py:93} INFO - 		at org.apache.spark.JobArtifactSet$.withActiveJobArtifactState(JobArtifactSet.scala:94)
[2026-04-29T01:01:44.816+0000] {subprocess.py:93} INFO - 		at org.apache.spark.sql.artifact.ArtifactManager.$anonfun$withResources$1(ArtifactManager.scala:112)
[2026-04-29T01:01:44.816+0000] {subprocess.py:93} INFO - 		at org.apache.spark.sql.artifact.ArtifactManager.withClassLoaderIfNeeded(ArtifactManager.scala:106)
[2026-04-29T01:01:44.817+0000] {subprocess.py:93} INFO - 		at org.apache.spark.sql.artifact.ArtifactManager.withResources(ArtifactManager.scala:111)
[2026-04-29T01:01:44.819+0000] {subprocess.py:93} INFO - 		at org.apache.spark.sql.execution.SQLExecution$.$anonfun$withNewExecutionId0$6(SQLExecution.scala:139)
[2026-04-29T01:01:44.819+0000] {subprocess.py:93} INFO - 		at org.apache.spark.sql.execution.SQLExecution$.withSQLConfPropagated(SQLExecution.scala:308)
[2026-04-29T01:01:44.819+0000] {subprocess.py:93} INFO - 		at org.apache.spark.sql.execution.SQLExecution$.$anonfun$withNewExecutionId0$1(SQLExecution.scala:138)
[2026-04-29T01:01:44.820+0000] {subprocess.py:93} INFO - 		at org.apache.spark.sql.SparkSession.withActive(SparkSession.scala:804)
[2026-04-29T01:01:44.820+0000] {subprocess.py:93} INFO - 		at org.apache.spark.sql.execution.SQLExecution$.withNewExecutionId0(SQLExecution.scala:92)
[2026-04-29T01:01:44.820+0000] {subprocess.py:93} INFO - 		at org.apache.spark.sql.execution.SQLExecution$.withNewExecutionId(SQLExecution.scala:250)
[2026-04-29T01:01:44.820+0000] {subprocess.py:93} INFO - 		at org.apache.spark.sql.execution.QueryExecution.$anonfun$eagerlyExecuteCommands$1(QueryExecution.scala:185)
[2026-04-29T01:01:44.820+0000] {subprocess.py:93} INFO - 		at org.apache.spark.sql.execution.QueryExecution$.withInternalError(QueryExecution.scala:717)
[2026-04-29T01:01:44.821+0000] {subprocess.py:93} INFO - 		at org.apache.spark.sql.execution.QueryExecution.org$apache$spark$sql$execution$QueryExecution$$eagerlyExecute$1(QueryExecution.scala:184)
[2026-04-29T01:01:44.823+0000] {subprocess.py:93} INFO - 		at org.apache.spark.sql.execution.QueryExecution$$anonfun$eagerlyExecuteCommands$3.applyOrElse(QueryExecution.scala:201)
[2026-04-29T01:01:44.823+0000] {subprocess.py:93} INFO - 		at org.apache.spark.sql.execution.QueryExecution$$anonfun$eagerlyExecuteCommands$3.applyOrElse(QueryExecution.scala:194)
[2026-04-29T01:01:44.823+0000] {subprocess.py:93} INFO - 		at org.apache.spark.sql.catalyst.trees.TreeNode.$anonfun$transformDownWithPruning$1(TreeNode.scala:491)
[2026-04-29T01:01:44.823+0000] {subprocess.py:93} INFO - 		at org.apache.spark.sql.catalyst.trees.CurrentOrigin$.withOrigin(origin.scala:107)
[2026-04-29T01:01:44.824+0000] {subprocess.py:93} INFO - 		at org.apache.spark.sql.catalyst.trees.TreeNode.transformDownWithPruning(TreeNode.scala:491)
[2026-04-29T01:01:44.824+0000] {subprocess.py:93} INFO - 		at org.apache.spark.sql.catalyst.plans.logical.LogicalPlan.org$apache$spark$sql$catalyst$plans$logical$AnalysisHelper$$super$transformDownWithPruning(LogicalPlan.scala:37)
[2026-04-29T01:01:44.824+0000] {subprocess.py:93} INFO - 		at org.apache.spark.sql.catalyst.plans.logical.AnalysisHelper.transformDownWithPruning(AnalysisHelper.scala:360)
[2026-04-29T01:01:44.824+0000] {subprocess.py:93} INFO - 		at org.apache.spark.sql.catalyst.plans.logical.AnalysisHelper.transformDownWithPruning$(AnalysisHelper.scala:356)
[2026-04-29T01:01:44.824+0000] {subprocess.py:93} INFO - 		at org.apache.spark.sql.catalyst.plans.logical.LogicalPlan.transformDownWithPruning(LogicalPlan.scala:37)
[2026-04-29T01:01:44.824+0000] {subprocess.py:93} INFO - 		at org.apache.spark.sql.catalyst.plans.logical.LogicalPlan.transformDownWithPruning(LogicalPlan.scala:37)
[2026-04-29T01:01:44.825+0000] {subprocess.py:93} INFO - 		at org.apache.spark.sql.catalyst.trees.TreeNode.transformDown(TreeNode.scala:467)
[2026-04-29T01:01:44.827+0000] {subprocess.py:93} INFO - 		at org.apache.spark.sql.execution.QueryExecution.eagerlyExecuteCommands(QueryExecution.scala:194)
[2026-04-29T01:01:44.827+0000] {subprocess.py:93} INFO - 		at org.apache.spark.sql.execution.QueryExecution.$anonfun$lazyCommandExecuted$1(QueryExecution.scala:155)
[2026-04-29T01:01:44.828+0000] {subprocess.py:93} INFO - 		at scala.util.Try$.apply(Try.scala:217)
[2026-04-29T01:01:44.830+0000] {subprocess.py:93} INFO - 		at org.apache.spark.util.Utils$.doTryWithCallerStacktrace(Utils.scala:1392)
[2026-04-29T01:01:44.830+0000] {subprocess.py:93} INFO - 		at org.apache.spark.util.LazyTry.tryT$lzycompute(LazyTry.scala:46)
[2026-04-29T01:01:44.830+0000] {subprocess.py:93} INFO - 		at org.apache.spark.util.LazyTry.tryT(LazyTry.scala:46)
[2026-04-29T01:01:44.830+0000] {subprocess.py:93} INFO - 		... 17 more
[2026-04-29T01:01:44.831+0000] {subprocess.py:93} INFO - 
[2026-04-29T01:01:45.666+0000] {subprocess.py:97} INFO - Command exited with return code 1
[2026-04-29T01:01:45.676+0000] {taskinstance.py:441} INFO - ::group::Post task execution logs
[2026-04-29T01:01:45.697+0000] {taskinstance.py:2890} ERROR - Task failed with exception
Traceback (most recent call last):
  File "/home/airflow/.local/lib/python3.12/site-packages/airflow/models/taskinstance.py", line 465, in _execute_task
    result = _execute_callable(context=context, **execute_callable_kwargs)
             ^^^^^^^^^^^^^^^^^^^^^^^^^^^^^^^^^^^^^^^^^^^^^^^^^^^^^^^^^^^^^
  File "/home/airflow/.local/lib/python3.12/site-packages/airflow/models/taskinstance.py", line 432, in _execute_callable
    return execute_callable(context=context, **execute_callable_kwargs)
           ^^^^^^^^^^^^^^^^^^^^^^^^^^^^^^^^^^^^^^^^^^^^^^^^^^^^^^^^^^^^
  File "/home/airflow/.local/lib/python3.12/site-packages/airflow/models/baseoperator.py", line 400, in wrapper
    return func(self, *args, **kwargs)
           ^^^^^^^^^^^^^^^^^^^^^^^^^^^
  File "/home/airflow/.local/lib/python3.12/site-packages/airflow/operators/bash.py", line 243, in execute
    raise AirflowException(
airflow.exceptions.AirflowException: Bash command failed. The command returned a non-zero exit code 1.
[2026-04-29T01:01:45.745+0000] {taskinstance.py:1205} INFO - Marking task as FAILED. dag_id=batch_spark_csv_pipeline, task_id=run_spark_job, execution_date=20260429T010013, start_date=20260429T010019, end_date=20260429T010145
[2026-04-29T01:01:45.816+0000] {standard_task_runner.py:110} ERROR - Failed to execute job 3 for task run_spark_job (Bash command failed. The command returned a non-zero exit code 1.; 76)
[2026-04-29T01:01:45.854+0000] {local_task_job_runner.py:240} INFO - Task exited with return code 1
[2026-04-29T01:01:45.880+0000] {taskinstance.py:3482} INFO - 0 downstream tasks scheduled from follow-on schedule check
[2026-04-29T01:01:45.882+0000] {local_task_job_runner.py:222} INFO - ::endgroup::
