[2026-04-28T21:09:22.432+0000] {local_task_job_runner.py:120} INFO - ::group::Pre task execution logs
[2026-04-28T21:09:22.743+0000] {taskinstance.py:2073} INFO - Dependencies all met for dep_context=non-requeueable deps ti=<TaskInstance: batch_spark_csv_pipeline.run_spark_job manual__2026-04-28T21:09:10.867376+00:00 [queued]>
[2026-04-28T21:09:22.800+0000] {taskinstance.py:2073} INFO - Dependencies all met for dep_context=requeueable deps ti=<TaskInstance: batch_spark_csv_pipeline.run_spark_job manual__2026-04-28T21:09:10.867376+00:00 [queued]>
[2026-04-28T21:09:22.803+0000] {taskinstance.py:2303} INFO - Starting attempt 1 of 1
[2026-04-28T21:09:22.934+0000] {taskinstance.py:2327} INFO - Executing <Task(BashOperator): run_spark_job> on 2026-04-28 21:09:10.867376+00:00
[2026-04-28T21:09:22.988+0000] {warnings.py:110} WARNING - /home/***/.local/lib/python3.12/site-packages/***/task/task_runner/standard_task_runner.py:61: DeprecationWarning: This process (pid=126) is multi-threaded, use of fork() may lead to deadlocks in the child.
  pid = os.fork()

[2026-04-28T21:09:22.994+0000] {standard_task_runner.py:63} INFO - Started process 135 to run task
[2026-04-28T21:09:22.998+0000] {standard_task_runner.py:90} INFO - Running: ['***', 'tasks', 'run', 'batch_spark_csv_pipeline', 'run_spark_job', 'manual__2026-04-28T21:09:10.867376+00:00', '--job-id', '3', '--raw', '--subdir', 'DAGS_FOLDER/batch_csv_pipeline.py', '--cfg-path', '/tmp/tmpb_zuoni8']
[2026-04-28T21:09:23.013+0000] {standard_task_runner.py:91} INFO - Job 3: Subtask run_spark_job
[2026-04-28T21:09:23.219+0000] {task_command.py:426} INFO - Running <TaskInstance: batch_spark_csv_pipeline.run_spark_job manual__2026-04-28T21:09:10.867376+00:00 [running]> on host 536aff1e7fff
[2026-04-28T21:09:23.608+0000] {taskinstance.py:2644} INFO - Exporting env vars: AIRFLOW_CTX_DAG_OWNER='***' AIRFLOW_CTX_DAG_ID='batch_spark_csv_pipeline' AIRFLOW_CTX_TASK_ID='run_spark_job' AIRFLOW_CTX_EXECUTION_DATE='2026-04-28T21:09:10.867376+00:00' AIRFLOW_CTX_TRY_NUMBER='1' AIRFLOW_CTX_DAG_RUN_ID='manual__2026-04-28T21:09:10.867376+00:00'
[2026-04-28T21:09:23.615+0000] {taskinstance.py:430} INFO - ::endgroup::
[2026-04-28T21:09:23.653+0000] {subprocess.py:63} INFO - Tmp dir root location: /tmp
[2026-04-28T21:09:23.655+0000] {subprocess.py:75} INFO - Running command: ['/usr/bin/bash', '-c', '\n        echo "🚀 Running Spark with input param" &&\n        python /opt/***/project/spark_dynamic_pipeline.py /opt/***/project/data/input_file &&\n        echo "✅ Spark Job Completed"\n        ']
[2026-04-28T21:09:23.703+0000] {subprocess.py:86} INFO - Output:
[2026-04-28T21:09:23.745+0000] {subprocess.py:93} INFO - 🚀 Running Spark with input param
[2026-04-28T21:09:28.742+0000] {subprocess.py:93} INFO - JAVA_HOME is not set
[2026-04-28T21:09:28.840+0000] {subprocess.py:93} INFO - Traceback (most recent call last):
[2026-04-28T21:09:28.841+0000] {subprocess.py:93} INFO -   File "/opt/***/project/spark_dynamic_pipeline.py", line 34, in <module>
[2026-04-28T21:09:28.841+0000] {subprocess.py:93} INFO -     .getOrCreate()
[2026-04-28T21:09:28.842+0000] {subprocess.py:93} INFO -      ^^^^^^^^^^^^^
[2026-04-28T21:09:28.842+0000] {subprocess.py:93} INFO -   File "/home/***/.local/lib/python3.12/site-packages/pyspark/sql/session.py", line 557, in getOrCreate
[2026-04-28T21:09:28.842+0000] {subprocess.py:93} INFO -     sc = SparkContext.getOrCreate(sparkConf)
[2026-04-28T21:09:28.842+0000] {subprocess.py:93} INFO -          ^^^^^^^^^^^^^^^^^^^^^^^^^^^^^^^^^^^
[2026-04-28T21:09:28.842+0000] {subprocess.py:93} INFO -   File "/home/***/.local/lib/python3.12/site-packages/pyspark/core/context.py", line 542, in getOrCreate
[2026-04-28T21:09:28.843+0000] {subprocess.py:93} INFO -     SparkContext(conf=conf or SparkConf())
[2026-04-28T21:09:28.844+0000] {subprocess.py:93} INFO -   File "/home/***/.local/lib/python3.12/site-packages/pyspark/core/context.py", line 206, in __init__
[2026-04-28T21:09:28.844+0000] {subprocess.py:93} INFO -     SparkContext._ensure_initialized(self, gateway=gateway, conf=conf)
[2026-04-28T21:09:28.844+0000] {subprocess.py:93} INFO -   File "/home/***/.local/lib/python3.12/site-packages/pyspark/core/context.py", line 463, in _ensure_initialized
[2026-04-28T21:09:28.847+0000] {subprocess.py:93} INFO -     SparkContext._gateway = gateway or launch_gateway(conf)
[2026-04-28T21:09:28.848+0000] {subprocess.py:93} INFO -                                        ^^^^^^^^^^^^^^^^^^^^
[2026-04-28T21:09:28.848+0000] {subprocess.py:93} INFO -   File "/home/***/.local/lib/python3.12/site-packages/pyspark/java_gateway.py", line 111, in launch_gateway
[2026-04-28T21:09:28.848+0000] {subprocess.py:93} INFO -     raise PySparkRuntimeError(
[2026-04-28T21:09:28.848+0000] {subprocess.py:93} INFO - pyspark.errors.exceptions.base.PySparkRuntimeError: [JAVA_GATEWAY_EXITED] Java gateway process exited before sending its port number.
[2026-04-28T21:09:28.974+0000] {subprocess.py:97} INFO - Command exited with return code 1
[2026-04-28T21:09:28.975+0000] {taskinstance.py:441} INFO - ::group::Post task execution logs
[2026-04-28T21:09:29.000+0000] {taskinstance.py:2890} ERROR - Task failed with exception
Traceback (most recent call last):
  File "/home/airflow/.local/lib/python3.12/site-packages/airflow/models/taskinstance.py", line 465, in _execute_task
    result = _execute_callable(context=context, **execute_callable_kwargs)
             ^^^^^^^^^^^^^^^^^^^^^^^^^^^^^^^^^^^^^^^^^^^^^^^^^^^^^^^^^^^^^
  File "/home/airflow/.local/lib/python3.12/site-packages/airflow/models/taskinstance.py", line 432, in _execute_callable
    return execute_callable(context=context, **execute_callable_kwargs)
           ^^^^^^^^^^^^^^^^^^^^^^^^^^^^^^^^^^^^^^^^^^^^^^^^^^^^^^^^^^^^
  File "/home/airflow/.local/lib/python3.12/site-packages/airflow/models/baseoperator.py", line 400, in wrapper
    return func(self, *args, **kwargs)
           ^^^^^^^^^^^^^^^^^^^^^^^^^^^
  File "/home/airflow/.local/lib/python3.12/site-packages/airflow/operators/bash.py", line 243, in execute
    raise AirflowException(
airflow.exceptions.AirflowException: Bash command failed. The command returned a non-zero exit code 1.
[2026-04-28T21:09:29.143+0000] {taskinstance.py:1205} INFO - Marking task as FAILED. dag_id=batch_spark_csv_pipeline, task_id=run_spark_job, execution_date=20260428T210910, start_date=20260428T210922, end_date=20260428T210929
[2026-04-28T21:09:29.200+0000] {standard_task_runner.py:110} ERROR - Failed to execute job 3 for task run_spark_job (Bash command failed. The command returned a non-zero exit code 1.; 135)
[2026-04-28T21:09:29.261+0000] {local_task_job_runner.py:240} INFO - Task exited with return code 1
[2026-04-28T21:09:29.284+0000] {taskinstance.py:3482} INFO - 0 downstream tasks scheduled from follow-on schedule check
[2026-04-28T21:09:29.287+0000] {local_task_job_runner.py:222} INFO - ::endgroup::
