[2026-04-28T16:46:49.670+0000] {local_task_job_runner.py:120} INFO - ::group::Pre task execution logs
[2026-04-28T16:46:49.694+0000] {taskinstance.py:2073} INFO - Dependencies all met for dep_context=non-requeueable deps ti=<TaskInstance: batch_spark_csv_pipeline.run_spark_job manual__2026-04-28T16:46:44.336217+00:00 [queued]>
[2026-04-28T16:46:49.700+0000] {taskinstance.py:2073} INFO - Dependencies all met for dep_context=requeueable deps ti=<TaskInstance: batch_spark_csv_pipeline.run_spark_job manual__2026-04-28T16:46:44.336217+00:00 [queued]>
[2026-04-28T16:46:49.700+0000] {taskinstance.py:2303} INFO - Starting attempt 1 of 1
[2026-04-28T16:46:49.722+0000] {taskinstance.py:2327} INFO - Executing <Task(BashOperator): run_spark_job> on 2026-04-28 16:46:44.336217+00:00
[2026-04-28T16:46:49.731+0000] {warnings.py:110} WARNING - /home/***/.local/lib/python3.12/site-packages/***/task/task_runner/standard_task_runner.py:61: DeprecationWarning: This process (pid=104) is multi-threaded, use of fork() may lead to deadlocks in the child.
  pid = os.fork()

[2026-04-28T16:46:49.732+0000] {standard_task_runner.py:63} INFO - Started process 106 to run task
[2026-04-28T16:46:49.733+0000] {standard_task_runner.py:90} INFO - Running: ['***', 'tasks', 'run', 'batch_spark_csv_pipeline', 'run_spark_job', 'manual__2026-04-28T16:46:44.336217+00:00', '--job-id', '3', '--raw', '--subdir', 'DAGS_FOLDER/batch_csv_pipeline.py', '--cfg-path', '/tmp/tmpzgqfnw87']
[2026-04-28T16:46:49.735+0000] {standard_task_runner.py:91} INFO - Job 3: Subtask run_spark_job
[2026-04-28T16:46:49.782+0000] {task_command.py:426} INFO - Running <TaskInstance: batch_spark_csv_pipeline.run_spark_job manual__2026-04-28T16:46:44.336217+00:00 [running]> on host 8caf5f5d560c
[2026-04-28T16:46:49.942+0000] {taskinstance.py:2644} INFO - Exporting env vars: AIRFLOW_CTX_DAG_OWNER='***' AIRFLOW_CTX_DAG_ID='batch_spark_csv_pipeline' AIRFLOW_CTX_TASK_ID='run_spark_job' AIRFLOW_CTX_EXECUTION_DATE='2026-04-28T16:46:44.336217+00:00' AIRFLOW_CTX_TRY_NUMBER='1' AIRFLOW_CTX_DAG_RUN_ID='manual__2026-04-28T16:46:44.336217+00:00'
[2026-04-28T16:46:49.945+0000] {taskinstance.py:430} INFO - ::endgroup::
[2026-04-28T16:46:49.946+0000] {subprocess.py:63} INFO - Tmp dir root location: /tmp
[2026-04-28T16:46:49.947+0000] {subprocess.py:75} INFO - Running command: ['/usr/bin/bash', '-c', '\n        spark-submit         /opt/***/project/spark_dynamic_pipeline.py\n        ']
[2026-04-28T16:46:50.011+0000] {subprocess.py:86} INFO - Output:
[2026-04-28T16:46:50.092+0000] {subprocess.py:93} INFO - /usr/bin/bash: line 2: spark-submit: command not found
[2026-04-28T16:46:50.093+0000] {subprocess.py:97} INFO - Command exited with return code 127
[2026-04-28T16:46:50.094+0000] {taskinstance.py:441} INFO - ::group::Post task execution logs
[2026-04-28T16:46:50.106+0000] {taskinstance.py:2890} ERROR - Task failed with exception
Traceback (most recent call last):
  File "/home/airflow/.local/lib/python3.12/site-packages/airflow/models/taskinstance.py", line 465, in _execute_task
    result = _execute_callable(context=context, **execute_callable_kwargs)
             ^^^^^^^^^^^^^^^^^^^^^^^^^^^^^^^^^^^^^^^^^^^^^^^^^^^^^^^^^^^^^
  File "/home/airflow/.local/lib/python3.12/site-packages/airflow/models/taskinstance.py", line 432, in _execute_callable
    return execute_callable(context=context, **execute_callable_kwargs)
           ^^^^^^^^^^^^^^^^^^^^^^^^^^^^^^^^^^^^^^^^^^^^^^^^^^^^^^^^^^^^
  File "/home/airflow/.local/lib/python3.12/site-packages/airflow/models/baseoperator.py", line 400, in wrapper
    return func(self, *args, **kwargs)
           ^^^^^^^^^^^^^^^^^^^^^^^^^^^
  File "/home/airflow/.local/lib/python3.12/site-packages/airflow/operators/bash.py", line 243, in execute
    raise AirflowException(
airflow.exceptions.AirflowException: Bash command failed. The command returned a non-zero exit code 127.
[2026-04-28T16:46:50.114+0000] {taskinstance.py:1205} INFO - Marking task as FAILED. dag_id=batch_spark_csv_pipeline, task_id=run_spark_job, execution_date=20260428T164644, start_date=20260428T164649, end_date=20260428T164650
[2026-04-28T16:46:50.128+0000] {standard_task_runner.py:110} ERROR - Failed to execute job 3 for task run_spark_job (Bash command failed. The command returned a non-zero exit code 127.; 106)
[2026-04-28T16:46:50.151+0000] {local_task_job_runner.py:240} INFO - Task exited with return code 1
[2026-04-28T16:46:50.165+0000] {taskinstance.py:3482} INFO - 0 downstream tasks scheduled from follow-on schedule check
[2026-04-28T16:46:50.166+0000] {local_task_job_runner.py:222} INFO - ::endgroup::
