[2026-04-29T00:54:59.844+0000] {processor.py:161} INFO - Started process (PID=87) to work on /home/airflow/.local/lib/python3.12/site-packages/airflow/example_dags/example_branch_python_dop_operator_3.py
[2026-04-29T00:54:59.845+0000] {processor.py:830} INFO - Processing file /home/airflow/.local/lib/python3.12/site-packages/airflow/example_dags/example_branch_python_dop_operator_3.py for tasks to queue
[2026-04-29T00:54:59.848+0000] {logging_mixin.py:188} INFO - [2026-04-29T00:54:59.848+0000] {dagbag.py:540} INFO - Filling up the DagBag from /home/airflow/.local/lib/python3.12/site-packages/airflow/example_dags/example_branch_python_dop_operator_3.py
[2026-04-29T00:54:59.877+0000] {processor.py:840} INFO - DAG(s) 'example_branch_dop_operator_v3' retrieved from /home/airflow/.local/lib/python3.12/site-packages/airflow/example_dags/example_branch_python_dop_operator_3.py
[2026-04-29T00:54:59.934+0000] {logging_mixin.py:188} INFO - [2026-04-29T00:54:59.933+0000] {dag.py:3096} INFO - Sync 1 DAGs
[2026-04-29T00:55:00.002+0000] {logging_mixin.py:188} INFO - [2026-04-29T00:55:00.002+0000] {dag.py:3954} INFO - Setting next_dagrun for example_branch_dop_operator_v3 to 2026-04-29 00:53:00+00:00, run_after=2026-04-29 00:54:00+00:00
[2026-04-29T00:55:00.060+0000] {processor.py:183} INFO - Processing /home/airflow/.local/lib/python3.12/site-packages/airflow/example_dags/example_branch_python_dop_operator_3.py took 0.227 seconds
[2026-04-29T00:58:23.390+0000] {processor.py:161} INFO - Started process (PID=95) to work on /home/airflow/.local/lib/python3.12/site-packages/airflow/example_dags/example_branch_python_dop_operator_3.py
[2026-04-29T00:58:23.391+0000] {processor.py:830} INFO - Processing file /home/airflow/.local/lib/python3.12/site-packages/airflow/example_dags/example_branch_python_dop_operator_3.py for tasks to queue
[2026-04-29T00:58:23.400+0000] {logging_mixin.py:188} INFO - [2026-04-29T00:58:23.400+0000] {dagbag.py:540} INFO - Filling up the DagBag from /home/airflow/.local/lib/python3.12/site-packages/airflow/example_dags/example_branch_python_dop_operator_3.py
[2026-04-29T00:58:23.429+0000] {processor.py:840} INFO - DAG(s) 'example_branch_dop_operator_v3' retrieved from /home/airflow/.local/lib/python3.12/site-packages/airflow/example_dags/example_branch_python_dop_operator_3.py
[2026-04-29T00:58:23.806+0000] {logging_mixin.py:188} INFO - [2026-04-29T00:58:23.804+0000] {override.py:1829} INFO - Created Permission View: can edit on DAG:example_branch_dop_operator_v3
[2026-04-29T00:58:23.830+0000] {logging_mixin.py:188} INFO - [2026-04-29T00:58:23.830+0000] {override.py:1829} INFO - Created Permission View: can delete on DAG:example_branch_dop_operator_v3
[2026-04-29T00:58:23.852+0000] {logging_mixin.py:188} INFO - [2026-04-29T00:58:23.851+0000] {override.py:1829} INFO - Created Permission View: can read on DAG:example_branch_dop_operator_v3
[2026-04-29T00:58:23.853+0000] {logging_mixin.py:188} INFO - [2026-04-29T00:58:23.853+0000] {dag.py:3096} INFO - Sync 1 DAGs
[2026-04-29T00:58:23.893+0000] {logging_mixin.py:188} INFO - [2026-04-29T00:58:23.893+0000] {dag.py:3118} INFO - Creating ORM DAG for example_branch_dop_operator_v3
[2026-04-29T00:58:23.933+0000] {logging_mixin.py:188} INFO - [2026-04-29T00:58:23.932+0000] {dag.py:3954} INFO - Setting next_dagrun for example_branch_dop_operator_v3 to 2026-04-29 00:57:00+00:00, run_after=2026-04-29 00:58:00+00:00
[2026-04-29T00:58:23.967+0000] {processor.py:183} INFO - Processing /home/airflow/.local/lib/python3.12/site-packages/airflow/example_dags/example_branch_python_dop_operator_3.py took 0.601 seconds
[2026-04-29T00:58:54.365+0000] {processor.py:161} INFO - Started process (PID=154) to work on /home/airflow/.local/lib/python3.12/site-packages/airflow/example_dags/example_branch_python_dop_operator_3.py
[2026-04-29T00:58:54.367+0000] {processor.py:830} INFO - Processing file /home/airflow/.local/lib/python3.12/site-packages/airflow/example_dags/example_branch_python_dop_operator_3.py for tasks to queue
[2026-04-29T00:58:54.370+0000] {logging_mixin.py:188} INFO - [2026-04-29T00:58:54.369+0000] {dagbag.py:540} INFO - Filling up the DagBag from /home/airflow/.local/lib/python3.12/site-packages/airflow/example_dags/example_branch_python_dop_operator_3.py
[2026-04-29T00:58:54.381+0000] {processor.py:840} INFO - DAG(s) 'example_branch_dop_operator_v3' retrieved from /home/airflow/.local/lib/python3.12/site-packages/airflow/example_dags/example_branch_python_dop_operator_3.py
[2026-04-29T00:58:54.408+0000] {logging_mixin.py:188} INFO - [2026-04-29T00:58:54.408+0000] {dag.py:3096} INFO - Sync 1 DAGs
[2026-04-29T00:58:54.457+0000] {logging_mixin.py:188} INFO - [2026-04-29T00:58:54.456+0000] {dag.py:3954} INFO - Setting next_dagrun for example_branch_dop_operator_v3 to 2026-04-29 00:57:00+00:00, run_after=2026-04-29 00:58:00+00:00
[2026-04-29T00:58:54.481+0000] {processor.py:183} INFO - Processing /home/airflow/.local/lib/python3.12/site-packages/airflow/example_dags/example_branch_python_dop_operator_3.py took 0.123 seconds
[2026-04-29T00:59:25.299+0000] {processor.py:161} INFO - Started process (PID=214) to work on /home/airflow/.local/lib/python3.12/site-packages/airflow/example_dags/example_branch_python_dop_operator_3.py
[2026-04-29T00:59:25.300+0000] {processor.py:830} INFO - Processing file /home/airflow/.local/lib/python3.12/site-packages/airflow/example_dags/example_branch_python_dop_operator_3.py for tasks to queue
[2026-04-29T00:59:25.302+0000] {logging_mixin.py:188} INFO - [2026-04-29T00:59:25.301+0000] {dagbag.py:540} INFO - Filling up the DagBag from /home/airflow/.local/lib/python3.12/site-packages/airflow/example_dags/example_branch_python_dop_operator_3.py
[2026-04-29T00:59:25.310+0000] {processor.py:840} INFO - DAG(s) 'example_branch_dop_operator_v3' retrieved from /home/airflow/.local/lib/python3.12/site-packages/airflow/example_dags/example_branch_python_dop_operator_3.py
[2026-04-29T00:59:25.331+0000] {logging_mixin.py:188} INFO - [2026-04-29T00:59:25.331+0000] {dag.py:3096} INFO - Sync 1 DAGs
[2026-04-29T00:59:25.354+0000] {logging_mixin.py:188} INFO - [2026-04-29T00:59:25.354+0000] {dag.py:3954} INFO - Setting next_dagrun for example_branch_dop_operator_v3 to 2026-04-29 00:58:00+00:00, run_after=2026-04-29 00:59:00+00:00
[2026-04-29T00:59:25.370+0000] {processor.py:183} INFO - Processing /home/airflow/.local/lib/python3.12/site-packages/airflow/example_dags/example_branch_python_dop_operator_3.py took 0.076 seconds
[2026-04-29T00:59:55.445+0000] {processor.py:161} INFO - Started process (PID=273) to work on /home/airflow/.local/lib/python3.12/site-packages/airflow/example_dags/example_branch_python_dop_operator_3.py
[2026-04-29T00:59:55.445+0000] {processor.py:830} INFO - Processing file /home/airflow/.local/lib/python3.12/site-packages/airflow/example_dags/example_branch_python_dop_operator_3.py for tasks to queue
[2026-04-29T00:59:55.447+0000] {logging_mixin.py:188} INFO - [2026-04-29T00:59:55.447+0000] {dagbag.py:540} INFO - Filling up the DagBag from /home/airflow/.local/lib/python3.12/site-packages/airflow/example_dags/example_branch_python_dop_operator_3.py
[2026-04-29T00:59:55.454+0000] {processor.py:840} INFO - DAG(s) 'example_branch_dop_operator_v3' retrieved from /home/airflow/.local/lib/python3.12/site-packages/airflow/example_dags/example_branch_python_dop_operator_3.py
[2026-04-29T00:59:55.472+0000] {logging_mixin.py:188} INFO - [2026-04-29T00:59:55.472+0000] {dag.py:3096} INFO - Sync 1 DAGs
[2026-04-29T00:59:55.500+0000] {logging_mixin.py:188} INFO - [2026-04-29T00:59:55.500+0000] {dag.py:3954} INFO - Setting next_dagrun for example_branch_dop_operator_v3 to 2026-04-29 00:58:00+00:00, run_after=2026-04-29 00:59:00+00:00
[2026-04-29T00:59:55.516+0000] {processor.py:183} INFO - Processing /home/airflow/.local/lib/python3.12/site-packages/airflow/example_dags/example_branch_python_dop_operator_3.py took 0.076 seconds
[2026-04-29T01:00:26.853+0000] {processor.py:161} INFO - Started process (PID=332) to work on /home/airflow/.local/lib/python3.12/site-packages/airflow/example_dags/example_branch_python_dop_operator_3.py
[2026-04-29T01:00:26.854+0000] {processor.py:830} INFO - Processing file /home/airflow/.local/lib/python3.12/site-packages/airflow/example_dags/example_branch_python_dop_operator_3.py for tasks to queue
[2026-04-29T01:00:26.857+0000] {logging_mixin.py:188} INFO - [2026-04-29T01:00:26.857+0000] {dagbag.py:540} INFO - Filling up the DagBag from /home/airflow/.local/lib/python3.12/site-packages/airflow/example_dags/example_branch_python_dop_operator_3.py
[2026-04-29T01:00:26.871+0000] {processor.py:840} INFO - DAG(s) 'example_branch_dop_operator_v3' retrieved from /home/airflow/.local/lib/python3.12/site-packages/airflow/example_dags/example_branch_python_dop_operator_3.py
[2026-04-29T01:00:27.003+0000] {logging_mixin.py:188} INFO - [2026-04-29T01:00:27.000+0000] {dag.py:3096} INFO - Sync 1 DAGs
[2026-04-29T01:00:27.174+0000] {logging_mixin.py:188} INFO - [2026-04-29T01:00:27.173+0000] {dag.py:3954} INFO - Setting next_dagrun for example_branch_dop_operator_v3 to 2026-04-29 00:59:00+00:00, run_after=2026-04-29 01:00:00+00:00
[2026-04-29T01:00:27.265+0000] {processor.py:183} INFO - Processing /home/airflow/.local/lib/python3.12/site-packages/airflow/example_dags/example_branch_python_dop_operator_3.py took 0.424 seconds
[2026-04-29T01:00:57.664+0000] {processor.py:161} INFO - Started process (PID=393) to work on /home/airflow/.local/lib/python3.12/site-packages/airflow/example_dags/example_branch_python_dop_operator_3.py
[2026-04-29T01:00:57.665+0000] {processor.py:830} INFO - Processing file /home/airflow/.local/lib/python3.12/site-packages/airflow/example_dags/example_branch_python_dop_operator_3.py for tasks to queue
[2026-04-29T01:00:57.667+0000] {logging_mixin.py:188} INFO - [2026-04-29T01:00:57.667+0000] {dagbag.py:540} INFO - Filling up the DagBag from /home/airflow/.local/lib/python3.12/site-packages/airflow/example_dags/example_branch_python_dop_operator_3.py
[2026-04-29T01:00:57.679+0000] {processor.py:840} INFO - DAG(s) 'example_branch_dop_operator_v3' retrieved from /home/airflow/.local/lib/python3.12/site-packages/airflow/example_dags/example_branch_python_dop_operator_3.py
[2026-04-29T01:00:57.709+0000] {logging_mixin.py:188} INFO - [2026-04-29T01:00:57.709+0000] {dag.py:3096} INFO - Sync 1 DAGs
[2026-04-29T01:00:57.749+0000] {logging_mixin.py:188} INFO - [2026-04-29T01:00:57.748+0000] {dag.py:3954} INFO - Setting next_dagrun for example_branch_dop_operator_v3 to 2026-04-29 00:59:00+00:00, run_after=2026-04-29 01:00:00+00:00
[2026-04-29T01:00:57.771+0000] {processor.py:183} INFO - Processing /home/airflow/.local/lib/python3.12/site-packages/airflow/example_dags/example_branch_python_dop_operator_3.py took 0.114 seconds
[2026-04-29T01:01:30.732+0000] {processor.py:161} INFO - Started process (PID=458) to work on /home/airflow/.local/lib/python3.12/site-packages/airflow/example_dags/example_branch_python_dop_operator_3.py
[2026-04-29T01:01:30.745+0000] {processor.py:830} INFO - Processing file /home/airflow/.local/lib/python3.12/site-packages/airflow/example_dags/example_branch_python_dop_operator_3.py for tasks to queue
[2026-04-29T01:01:30.763+0000] {logging_mixin.py:188} INFO - [2026-04-29T01:01:30.763+0000] {dagbag.py:540} INFO - Filling up the DagBag from /home/airflow/.local/lib/python3.12/site-packages/airflow/example_dags/example_branch_python_dop_operator_3.py
[2026-04-29T01:01:30.817+0000] {processor.py:840} INFO - DAG(s) 'example_branch_dop_operator_v3' retrieved from /home/airflow/.local/lib/python3.12/site-packages/airflow/example_dags/example_branch_python_dop_operator_3.py
[2026-04-29T01:01:30.922+0000] {logging_mixin.py:188} INFO - [2026-04-29T01:01:30.921+0000] {dag.py:3096} INFO - Sync 1 DAGs
[2026-04-29T01:01:31.034+0000] {logging_mixin.py:188} INFO - [2026-04-29T01:01:31.034+0000] {dag.py:3954} INFO - Setting next_dagrun for example_branch_dop_operator_v3 to 2026-04-29 01:00:00+00:00, run_after=2026-04-29 01:01:00+00:00
[2026-04-29T01:01:31.108+0000] {processor.py:183} INFO - Processing /home/airflow/.local/lib/python3.12/site-packages/airflow/example_dags/example_branch_python_dop_operator_3.py took 0.490 seconds
[2026-04-29T01:02:02.045+0000] {processor.py:161} INFO - Started process (PID=518) to work on /home/airflow/.local/lib/python3.12/site-packages/airflow/example_dags/example_branch_python_dop_operator_3.py
[2026-04-29T01:02:02.046+0000] {processor.py:830} INFO - Processing file /home/airflow/.local/lib/python3.12/site-packages/airflow/example_dags/example_branch_python_dop_operator_3.py for tasks to queue
[2026-04-29T01:02:02.049+0000] {logging_mixin.py:188} INFO - [2026-04-29T01:02:02.048+0000] {dagbag.py:540} INFO - Filling up the DagBag from /home/airflow/.local/lib/python3.12/site-packages/airflow/example_dags/example_branch_python_dop_operator_3.py
[2026-04-29T01:02:02.060+0000] {processor.py:840} INFO - DAG(s) 'example_branch_dop_operator_v3' retrieved from /home/airflow/.local/lib/python3.12/site-packages/airflow/example_dags/example_branch_python_dop_operator_3.py
[2026-04-29T01:02:02.096+0000] {logging_mixin.py:188} INFO - [2026-04-29T01:02:02.096+0000] {dag.py:3096} INFO - Sync 1 DAGs
[2026-04-29T01:02:02.150+0000] {logging_mixin.py:188} INFO - [2026-04-29T01:02:02.150+0000] {dag.py:3954} INFO - Setting next_dagrun for example_branch_dop_operator_v3 to 2026-04-29 01:01:00+00:00, run_after=2026-04-29 01:02:00+00:00
[2026-04-29T01:02:02.196+0000] {processor.py:183} INFO - Processing /home/airflow/.local/lib/python3.12/site-packages/airflow/example_dags/example_branch_python_dop_operator_3.py took 0.162 seconds
[2026-04-29T01:02:32.263+0000] {processor.py:161} INFO - Started process (PID=577) to work on /home/airflow/.local/lib/python3.12/site-packages/airflow/example_dags/example_branch_python_dop_operator_3.py
[2026-04-29T01:02:32.264+0000] {processor.py:830} INFO - Processing file /home/airflow/.local/lib/python3.12/site-packages/airflow/example_dags/example_branch_python_dop_operator_3.py for tasks to queue
[2026-04-29T01:02:32.266+0000] {logging_mixin.py:188} INFO - [2026-04-29T01:02:32.266+0000] {dagbag.py:540} INFO - Filling up the DagBag from /home/airflow/.local/lib/python3.12/site-packages/airflow/example_dags/example_branch_python_dop_operator_3.py
[2026-04-29T01:02:32.274+0000] {processor.py:840} INFO - DAG(s) 'example_branch_dop_operator_v3' retrieved from /home/airflow/.local/lib/python3.12/site-packages/airflow/example_dags/example_branch_python_dop_operator_3.py
[2026-04-29T01:02:32.293+0000] {logging_mixin.py:188} INFO - [2026-04-29T01:02:32.292+0000] {dag.py:3096} INFO - Sync 1 DAGs
[2026-04-29T01:02:32.316+0000] {logging_mixin.py:188} INFO - [2026-04-29T01:02:32.315+0000] {dag.py:3954} INFO - Setting next_dagrun for example_branch_dop_operator_v3 to 2026-04-29 01:01:00+00:00, run_after=2026-04-29 01:02:00+00:00
[2026-04-29T01:02:32.331+0000] {processor.py:183} INFO - Processing /home/airflow/.local/lib/python3.12/site-packages/airflow/example_dags/example_branch_python_dop_operator_3.py took 0.074 seconds
[2026-04-29T01:03:03.032+0000] {processor.py:161} INFO - Started process (PID=638) to work on /home/airflow/.local/lib/python3.12/site-packages/airflow/example_dags/example_branch_python_dop_operator_3.py
[2026-04-29T01:03:03.033+0000] {processor.py:830} INFO - Processing file /home/airflow/.local/lib/python3.12/site-packages/airflow/example_dags/example_branch_python_dop_operator_3.py for tasks to queue
[2026-04-29T01:03:03.035+0000] {logging_mixin.py:188} INFO - [2026-04-29T01:03:03.035+0000] {dagbag.py:540} INFO - Filling up the DagBag from /home/airflow/.local/lib/python3.12/site-packages/airflow/example_dags/example_branch_python_dop_operator_3.py
[2026-04-29T01:03:03.046+0000] {processor.py:840} INFO - DAG(s) 'example_branch_dop_operator_v3' retrieved from /home/airflow/.local/lib/python3.12/site-packages/airflow/example_dags/example_branch_python_dop_operator_3.py
[2026-04-29T01:03:03.069+0000] {logging_mixin.py:188} INFO - [2026-04-29T01:03:03.069+0000] {dag.py:3096} INFO - Sync 1 DAGs
[2026-04-29T01:03:03.094+0000] {logging_mixin.py:188} INFO - [2026-04-29T01:03:03.094+0000] {dag.py:3954} INFO - Setting next_dagrun for example_branch_dop_operator_v3 to 2026-04-29 01:02:00+00:00, run_after=2026-04-29 01:03:00+00:00
[2026-04-29T01:03:03.111+0000] {processor.py:183} INFO - Processing /home/airflow/.local/lib/python3.12/site-packages/airflow/example_dags/example_branch_python_dop_operator_3.py took 0.089 seconds
[2026-04-29T01:03:33.929+0000] {processor.py:161} INFO - Started process (PID=698) to work on /home/airflow/.local/lib/python3.12/site-packages/airflow/example_dags/example_branch_python_dop_operator_3.py
[2026-04-29T01:03:33.930+0000] {processor.py:830} INFO - Processing file /home/airflow/.local/lib/python3.12/site-packages/airflow/example_dags/example_branch_python_dop_operator_3.py for tasks to queue
[2026-04-29T01:03:33.932+0000] {logging_mixin.py:188} INFO - [2026-04-29T01:03:33.932+0000] {dagbag.py:540} INFO - Filling up the DagBag from /home/airflow/.local/lib/python3.12/site-packages/airflow/example_dags/example_branch_python_dop_operator_3.py
[2026-04-29T01:03:33.943+0000] {processor.py:840} INFO - DAG(s) 'example_branch_dop_operator_v3' retrieved from /home/airflow/.local/lib/python3.12/site-packages/airflow/example_dags/example_branch_python_dop_operator_3.py
[2026-04-29T01:03:33.992+0000] {logging_mixin.py:188} INFO - [2026-04-29T01:03:33.992+0000] {dag.py:3096} INFO - Sync 1 DAGs
[2026-04-29T01:03:34.032+0000] {logging_mixin.py:188} INFO - [2026-04-29T01:03:34.031+0000] {dag.py:3954} INFO - Setting next_dagrun for example_branch_dop_operator_v3 to 2026-04-29 01:02:00+00:00, run_after=2026-04-29 01:03:00+00:00
[2026-04-29T01:03:34.055+0000] {processor.py:183} INFO - Processing /home/airflow/.local/lib/python3.12/site-packages/airflow/example_dags/example_branch_python_dop_operator_3.py took 0.133 seconds
[2026-04-29T01:04:04.839+0000] {processor.py:161} INFO - Started process (PID=758) to work on /home/airflow/.local/lib/python3.12/site-packages/airflow/example_dags/example_branch_python_dop_operator_3.py
[2026-04-29T01:04:04.840+0000] {processor.py:830} INFO - Processing file /home/airflow/.local/lib/python3.12/site-packages/airflow/example_dags/example_branch_python_dop_operator_3.py for tasks to queue
[2026-04-29T01:04:04.843+0000] {logging_mixin.py:188} INFO - [2026-04-29T01:04:04.842+0000] {dagbag.py:540} INFO - Filling up the DagBag from /home/airflow/.local/lib/python3.12/site-packages/airflow/example_dags/example_branch_python_dop_operator_3.py
[2026-04-29T01:04:04.854+0000] {processor.py:840} INFO - DAG(s) 'example_branch_dop_operator_v3' retrieved from /home/airflow/.local/lib/python3.12/site-packages/airflow/example_dags/example_branch_python_dop_operator_3.py
[2026-04-29T01:04:04.879+0000] {logging_mixin.py:188} INFO - [2026-04-29T01:04:04.879+0000] {dag.py:3096} INFO - Sync 1 DAGs
[2026-04-29T01:04:04.902+0000] {logging_mixin.py:188} INFO - [2026-04-29T01:04:04.901+0000] {dag.py:3954} INFO - Setting next_dagrun for example_branch_dop_operator_v3 to 2026-04-29 01:03:00+00:00, run_after=2026-04-29 01:04:00+00:00
[2026-04-29T01:04:04.917+0000] {processor.py:183} INFO - Processing /home/airflow/.local/lib/python3.12/site-packages/airflow/example_dags/example_branch_python_dop_operator_3.py took 0.093 seconds
[2026-04-29T01:04:35.650+0000] {processor.py:161} INFO - Started process (PID=818) to work on /home/airflow/.local/lib/python3.12/site-packages/airflow/example_dags/example_branch_python_dop_operator_3.py
[2026-04-29T01:04:35.651+0000] {processor.py:830} INFO - Processing file /home/airflow/.local/lib/python3.12/site-packages/airflow/example_dags/example_branch_python_dop_operator_3.py for tasks to queue
[2026-04-29T01:04:35.655+0000] {logging_mixin.py:188} INFO - [2026-04-29T01:04:35.655+0000] {dagbag.py:540} INFO - Filling up the DagBag from /home/airflow/.local/lib/python3.12/site-packages/airflow/example_dags/example_branch_python_dop_operator_3.py
[2026-04-29T01:04:35.675+0000] {processor.py:840} INFO - DAG(s) 'example_branch_dop_operator_v3' retrieved from /home/airflow/.local/lib/python3.12/site-packages/airflow/example_dags/example_branch_python_dop_operator_3.py
[2026-04-29T01:04:35.763+0000] {logging_mixin.py:188} INFO - [2026-04-29T01:04:35.763+0000] {dag.py:3096} INFO - Sync 1 DAGs
[2026-04-29T01:04:35.795+0000] {logging_mixin.py:188} INFO - [2026-04-29T01:04:35.794+0000] {dag.py:3954} INFO - Setting next_dagrun for example_branch_dop_operator_v3 to 2026-04-29 01:03:00+00:00, run_after=2026-04-29 01:04:00+00:00
[2026-04-29T01:04:35.813+0000] {processor.py:183} INFO - Processing /home/airflow/.local/lib/python3.12/site-packages/airflow/example_dags/example_branch_python_dop_operator_3.py took 0.199 seconds
[2026-04-29T01:05:06.463+0000] {processor.py:161} INFO - Started process (PID=881) to work on /home/airflow/.local/lib/python3.12/site-packages/airflow/example_dags/example_branch_python_dop_operator_3.py
[2026-04-29T01:05:06.464+0000] {processor.py:830} INFO - Processing file /home/airflow/.local/lib/python3.12/site-packages/airflow/example_dags/example_branch_python_dop_operator_3.py for tasks to queue
[2026-04-29T01:05:06.466+0000] {logging_mixin.py:188} INFO - [2026-04-29T01:05:06.466+0000] {dagbag.py:540} INFO - Filling up the DagBag from /home/airflow/.local/lib/python3.12/site-packages/airflow/example_dags/example_branch_python_dop_operator_3.py
[2026-04-29T01:05:06.478+0000] {processor.py:840} INFO - DAG(s) 'example_branch_dop_operator_v3' retrieved from /home/airflow/.local/lib/python3.12/site-packages/airflow/example_dags/example_branch_python_dop_operator_3.py
[2026-04-29T01:05:06.501+0000] {logging_mixin.py:188} INFO - [2026-04-29T01:05:06.500+0000] {dag.py:3096} INFO - Sync 1 DAGs
[2026-04-29T01:05:06.527+0000] {logging_mixin.py:188} INFO - [2026-04-29T01:05:06.527+0000] {dag.py:3954} INFO - Setting next_dagrun for example_branch_dop_operator_v3 to 2026-04-29 01:04:00+00:00, run_after=2026-04-29 01:05:00+00:00
[2026-04-29T01:05:06.545+0000] {processor.py:183} INFO - Processing /home/airflow/.local/lib/python3.12/site-packages/airflow/example_dags/example_branch_python_dop_operator_3.py took 0.090 seconds
[2026-04-29T01:05:37.147+0000] {processor.py:161} INFO - Started process (PID=941) to work on /home/airflow/.local/lib/python3.12/site-packages/airflow/example_dags/example_branch_python_dop_operator_3.py
[2026-04-29T01:05:37.149+0000] {processor.py:830} INFO - Processing file /home/airflow/.local/lib/python3.12/site-packages/airflow/example_dags/example_branch_python_dop_operator_3.py for tasks to queue
[2026-04-29T01:05:37.154+0000] {logging_mixin.py:188} INFO - [2026-04-29T01:05:37.153+0000] {dagbag.py:540} INFO - Filling up the DagBag from /home/airflow/.local/lib/python3.12/site-packages/airflow/example_dags/example_branch_python_dop_operator_3.py
[2026-04-29T01:05:37.163+0000] {processor.py:840} INFO - DAG(s) 'example_branch_dop_operator_v3' retrieved from /home/airflow/.local/lib/python3.12/site-packages/airflow/example_dags/example_branch_python_dop_operator_3.py
[2026-04-29T01:05:37.189+0000] {logging_mixin.py:188} INFO - [2026-04-29T01:05:37.188+0000] {dag.py:3096} INFO - Sync 1 DAGs
[2026-04-29T01:05:37.220+0000] {logging_mixin.py:188} INFO - [2026-04-29T01:05:37.220+0000] {dag.py:3954} INFO - Setting next_dagrun for example_branch_dop_operator_v3 to 2026-04-29 01:04:00+00:00, run_after=2026-04-29 01:05:00+00:00
[2026-04-29T01:05:37.239+0000] {processor.py:183} INFO - Processing /home/airflow/.local/lib/python3.12/site-packages/airflow/example_dags/example_branch_python_dop_operator_3.py took 0.099 seconds
[2026-04-29T01:06:07.987+0000] {processor.py:161} INFO - Started process (PID=1001) to work on /home/airflow/.local/lib/python3.12/site-packages/airflow/example_dags/example_branch_python_dop_operator_3.py
[2026-04-29T01:06:07.999+0000] {processor.py:830} INFO - Processing file /home/airflow/.local/lib/python3.12/site-packages/airflow/example_dags/example_branch_python_dop_operator_3.py for tasks to queue
[2026-04-29T01:06:08.013+0000] {logging_mixin.py:188} INFO - [2026-04-29T01:06:08.013+0000] {dagbag.py:540} INFO - Filling up the DagBag from /home/airflow/.local/lib/python3.12/site-packages/airflow/example_dags/example_branch_python_dop_operator_3.py
[2026-04-29T01:06:08.066+0000] {processor.py:840} INFO - DAG(s) 'example_branch_dop_operator_v3' retrieved from /home/airflow/.local/lib/python3.12/site-packages/airflow/example_dags/example_branch_python_dop_operator_3.py
[2026-04-29T01:06:08.199+0000] {logging_mixin.py:188} INFO - [2026-04-29T01:06:08.198+0000] {dag.py:3096} INFO - Sync 1 DAGs
[2026-04-29T01:06:08.621+0000] {logging_mixin.py:188} INFO - [2026-04-29T01:06:08.621+0000] {dag.py:3954} INFO - Setting next_dagrun for example_branch_dop_operator_v3 to 2026-04-29 01:05:00+00:00, run_after=2026-04-29 01:06:00+00:00
[2026-04-29T01:06:08.735+0000] {processor.py:183} INFO - Processing /home/airflow/.local/lib/python3.12/site-packages/airflow/example_dags/example_branch_python_dop_operator_3.py took 0.786 seconds
[2026-04-29T01:06:40.623+0000] {processor.py:161} INFO - Started process (PID=1061) to work on /home/airflow/.local/lib/python3.12/site-packages/airflow/example_dags/example_branch_python_dop_operator_3.py
[2026-04-29T01:06:40.627+0000] {processor.py:830} INFO - Processing file /home/airflow/.local/lib/python3.12/site-packages/airflow/example_dags/example_branch_python_dop_operator_3.py for tasks to queue
[2026-04-29T01:06:40.632+0000] {logging_mixin.py:188} INFO - [2026-04-29T01:06:40.631+0000] {dagbag.py:540} INFO - Filling up the DagBag from /home/airflow/.local/lib/python3.12/site-packages/airflow/example_dags/example_branch_python_dop_operator_3.py
[2026-04-29T01:06:40.663+0000] {processor.py:840} INFO - DAG(s) 'example_branch_dop_operator_v3' retrieved from /home/airflow/.local/lib/python3.12/site-packages/airflow/example_dags/example_branch_python_dop_operator_3.py
[2026-04-29T01:06:40.749+0000] {logging_mixin.py:188} INFO - [2026-04-29T01:06:40.748+0000] {dag.py:3096} INFO - Sync 1 DAGs
[2026-04-29T01:06:40.805+0000] {logging_mixin.py:188} INFO - [2026-04-29T01:06:40.805+0000] {dag.py:3954} INFO - Setting next_dagrun for example_branch_dop_operator_v3 to 2026-04-29 01:05:00+00:00, run_after=2026-04-29 01:06:00+00:00
[2026-04-29T01:06:40.833+0000] {processor.py:183} INFO - Processing /home/airflow/.local/lib/python3.12/site-packages/airflow/example_dags/example_branch_python_dop_operator_3.py took 0.219 seconds
[2026-04-29T01:07:11.694+0000] {processor.py:161} INFO - Started process (PID=1121) to work on /home/airflow/.local/lib/python3.12/site-packages/airflow/example_dags/example_branch_python_dop_operator_3.py
[2026-04-29T01:07:11.698+0000] {processor.py:830} INFO - Processing file /home/airflow/.local/lib/python3.12/site-packages/airflow/example_dags/example_branch_python_dop_operator_3.py for tasks to queue
[2026-04-29T01:07:11.702+0000] {logging_mixin.py:188} INFO - [2026-04-29T01:07:11.702+0000] {dagbag.py:540} INFO - Filling up the DagBag from /home/airflow/.local/lib/python3.12/site-packages/airflow/example_dags/example_branch_python_dop_operator_3.py
[2026-04-29T01:07:11.720+0000] {processor.py:840} INFO - DAG(s) 'example_branch_dop_operator_v3' retrieved from /home/airflow/.local/lib/python3.12/site-packages/airflow/example_dags/example_branch_python_dop_operator_3.py
[2026-04-29T01:07:11.772+0000] {logging_mixin.py:188} INFO - [2026-04-29T01:07:11.771+0000] {dag.py:3096} INFO - Sync 1 DAGs
[2026-04-29T01:07:12.175+0000] {logging_mixin.py:188} INFO - [2026-04-29T01:07:12.175+0000] {dag.py:3954} INFO - Setting next_dagrun for example_branch_dop_operator_v3 to 2026-04-29 01:06:00+00:00, run_after=2026-04-29 01:07:00+00:00
[2026-04-29T01:07:12.194+0000] {processor.py:183} INFO - Processing /home/airflow/.local/lib/python3.12/site-packages/airflow/example_dags/example_branch_python_dop_operator_3.py took 0.515 seconds
[2026-04-29T01:07:42.746+0000] {processor.py:161} INFO - Started process (PID=1180) to work on /home/airflow/.local/lib/python3.12/site-packages/airflow/example_dags/example_branch_python_dop_operator_3.py
[2026-04-29T01:07:42.749+0000] {processor.py:830} INFO - Processing file /home/airflow/.local/lib/python3.12/site-packages/airflow/example_dags/example_branch_python_dop_operator_3.py for tasks to queue
[2026-04-29T01:07:42.753+0000] {logging_mixin.py:188} INFO - [2026-04-29T01:07:42.752+0000] {dagbag.py:540} INFO - Filling up the DagBag from /home/airflow/.local/lib/python3.12/site-packages/airflow/example_dags/example_branch_python_dop_operator_3.py
[2026-04-29T01:07:42.775+0000] {processor.py:840} INFO - DAG(s) 'example_branch_dop_operator_v3' retrieved from /home/airflow/.local/lib/python3.12/site-packages/airflow/example_dags/example_branch_python_dop_operator_3.py
[2026-04-29T01:07:42.807+0000] {logging_mixin.py:188} INFO - [2026-04-29T01:07:42.807+0000] {dag.py:3096} INFO - Sync 1 DAGs
[2026-04-29T01:07:42.841+0000] {logging_mixin.py:188} INFO - [2026-04-29T01:07:42.840+0000] {dag.py:3954} INFO - Setting next_dagrun for example_branch_dop_operator_v3 to 2026-04-29 01:06:00+00:00, run_after=2026-04-29 01:07:00+00:00
[2026-04-29T01:07:43.240+0000] {processor.py:183} INFO - Processing /home/airflow/.local/lib/python3.12/site-packages/airflow/example_dags/example_branch_python_dop_operator_3.py took 0.516 seconds
[2026-04-29T01:08:13.622+0000] {processor.py:161} INFO - Started process (PID=1240) to work on /home/airflow/.local/lib/python3.12/site-packages/airflow/example_dags/example_branch_python_dop_operator_3.py
[2026-04-29T01:08:13.623+0000] {processor.py:830} INFO - Processing file /home/airflow/.local/lib/python3.12/site-packages/airflow/example_dags/example_branch_python_dop_operator_3.py for tasks to queue
[2026-04-29T01:08:13.626+0000] {logging_mixin.py:188} INFO - [2026-04-29T01:08:13.625+0000] {dagbag.py:540} INFO - Filling up the DagBag from /home/airflow/.local/lib/python3.12/site-packages/airflow/example_dags/example_branch_python_dop_operator_3.py
[2026-04-29T01:08:13.637+0000] {processor.py:840} INFO - DAG(s) 'example_branch_dop_operator_v3' retrieved from /home/airflow/.local/lib/python3.12/site-packages/airflow/example_dags/example_branch_python_dop_operator_3.py
[2026-04-29T01:08:13.661+0000] {logging_mixin.py:188} INFO - [2026-04-29T01:08:13.661+0000] {dag.py:3096} INFO - Sync 1 DAGs
[2026-04-29T01:08:13.689+0000] {logging_mixin.py:188} INFO - [2026-04-29T01:08:13.689+0000] {dag.py:3954} INFO - Setting next_dagrun for example_branch_dop_operator_v3 to 2026-04-29 01:07:00+00:00, run_after=2026-04-29 01:08:00+00:00
[2026-04-29T01:08:13.705+0000] {processor.py:183} INFO - Processing /home/airflow/.local/lib/python3.12/site-packages/airflow/example_dags/example_branch_python_dop_operator_3.py took 0.090 seconds
[2026-04-29T01:08:45.235+0000] {processor.py:161} INFO - Started process (PID=1300) to work on /home/airflow/.local/lib/python3.12/site-packages/airflow/example_dags/example_branch_python_dop_operator_3.py
[2026-04-29T01:08:45.279+0000] {processor.py:830} INFO - Processing file /home/airflow/.local/lib/python3.12/site-packages/airflow/example_dags/example_branch_python_dop_operator_3.py for tasks to queue
[2026-04-29T01:08:45.290+0000] {logging_mixin.py:188} INFO - [2026-04-29T01:08:45.290+0000] {dagbag.py:540} INFO - Filling up the DagBag from /home/airflow/.local/lib/python3.12/site-packages/airflow/example_dags/example_branch_python_dop_operator_3.py
[2026-04-29T01:08:45.392+0000] {processor.py:840} INFO - DAG(s) 'example_branch_dop_operator_v3' retrieved from /home/airflow/.local/lib/python3.12/site-packages/airflow/example_dags/example_branch_python_dop_operator_3.py
[2026-04-29T01:08:45.542+0000] {logging_mixin.py:188} INFO - [2026-04-29T01:08:45.541+0000] {dag.py:3096} INFO - Sync 1 DAGs
[2026-04-29T01:08:45.818+0000] {logging_mixin.py:188} INFO - [2026-04-29T01:08:45.817+0000] {dag.py:3954} INFO - Setting next_dagrun for example_branch_dop_operator_v3 to 2026-04-29 01:07:00+00:00, run_after=2026-04-29 01:08:00+00:00
[2026-04-29T01:08:45.998+0000] {processor.py:183} INFO - Processing /home/airflow/.local/lib/python3.12/site-packages/airflow/example_dags/example_branch_python_dop_operator_3.py took 0.808 seconds
[2026-04-29T01:09:16.207+0000] {processor.py:161} INFO - Started process (PID=1360) to work on /home/airflow/.local/lib/python3.12/site-packages/airflow/example_dags/example_branch_python_dop_operator_3.py
[2026-04-29T01:09:16.267+0000] {processor.py:830} INFO - Processing file /home/airflow/.local/lib/python3.12/site-packages/airflow/example_dags/example_branch_python_dop_operator_3.py for tasks to queue
[2026-04-29T01:09:16.272+0000] {logging_mixin.py:188} INFO - [2026-04-29T01:09:16.271+0000] {dagbag.py:540} INFO - Filling up the DagBag from /home/airflow/.local/lib/python3.12/site-packages/airflow/example_dags/example_branch_python_dop_operator_3.py
[2026-04-29T01:09:16.293+0000] {processor.py:840} INFO - DAG(s) 'example_branch_dop_operator_v3' retrieved from /home/airflow/.local/lib/python3.12/site-packages/airflow/example_dags/example_branch_python_dop_operator_3.py
[2026-04-29T01:09:16.331+0000] {logging_mixin.py:188} INFO - [2026-04-29T01:09:16.330+0000] {dag.py:3096} INFO - Sync 1 DAGs
[2026-04-29T01:09:16.389+0000] {logging_mixin.py:188} INFO - [2026-04-29T01:09:16.389+0000] {dag.py:3954} INFO - Setting next_dagrun for example_branch_dop_operator_v3 to 2026-04-29 01:08:00+00:00, run_after=2026-04-29 01:09:00+00:00
[2026-04-29T01:09:16.433+0000] {processor.py:183} INFO - Processing /home/airflow/.local/lib/python3.12/site-packages/airflow/example_dags/example_branch_python_dop_operator_3.py took 0.240 seconds
[2026-04-29T01:09:46.847+0000] {processor.py:161} INFO - Started process (PID=1420) to work on /home/airflow/.local/lib/python3.12/site-packages/airflow/example_dags/example_branch_python_dop_operator_3.py
[2026-04-29T01:09:46.908+0000] {processor.py:830} INFO - Processing file /home/airflow/.local/lib/python3.12/site-packages/airflow/example_dags/example_branch_python_dop_operator_3.py for tasks to queue
[2026-04-29T01:09:46.910+0000] {logging_mixin.py:188} INFO - [2026-04-29T01:09:46.909+0000] {dagbag.py:540} INFO - Filling up the DagBag from /home/airflow/.local/lib/python3.12/site-packages/airflow/example_dags/example_branch_python_dop_operator_3.py
[2026-04-29T01:09:46.924+0000] {processor.py:840} INFO - DAG(s) 'example_branch_dop_operator_v3' retrieved from /home/airflow/.local/lib/python3.12/site-packages/airflow/example_dags/example_branch_python_dop_operator_3.py
[2026-04-29T01:09:46.949+0000] {logging_mixin.py:188} INFO - [2026-04-29T01:09:46.949+0000] {dag.py:3096} INFO - Sync 1 DAGs
[2026-04-29T01:09:46.983+0000] {logging_mixin.py:188} INFO - [2026-04-29T01:09:46.982+0000] {dag.py:3954} INFO - Setting next_dagrun for example_branch_dop_operator_v3 to 2026-04-29 01:08:00+00:00, run_after=2026-04-29 01:09:00+00:00
[2026-04-29T01:09:47.003+0000] {processor.py:183} INFO - Processing /home/airflow/.local/lib/python3.12/site-packages/airflow/example_dags/example_branch_python_dop_operator_3.py took 0.163 seconds
[2026-04-29T01:10:17.403+0000] {processor.py:161} INFO - Started process (PID=1480) to work on /home/airflow/.local/lib/python3.12/site-packages/airflow/example_dags/example_branch_python_dop_operator_3.py
[2026-04-29T01:10:17.418+0000] {processor.py:830} INFO - Processing file /home/airflow/.local/lib/python3.12/site-packages/airflow/example_dags/example_branch_python_dop_operator_3.py for tasks to queue
[2026-04-29T01:10:17.422+0000] {logging_mixin.py:188} INFO - [2026-04-29T01:10:17.421+0000] {dagbag.py:540} INFO - Filling up the DagBag from /home/airflow/.local/lib/python3.12/site-packages/airflow/example_dags/example_branch_python_dop_operator_3.py
[2026-04-29T01:10:17.457+0000] {processor.py:840} INFO - DAG(s) 'example_branch_dop_operator_v3' retrieved from /home/airflow/.local/lib/python3.12/site-packages/airflow/example_dags/example_branch_python_dop_operator_3.py
[2026-04-29T01:10:17.516+0000] {logging_mixin.py:188} INFO - [2026-04-29T01:10:17.516+0000] {dag.py:3096} INFO - Sync 1 DAGs
[2026-04-29T01:10:17.612+0000] {logging_mixin.py:188} INFO - [2026-04-29T01:10:17.612+0000] {dag.py:3954} INFO - Setting next_dagrun for example_branch_dop_operator_v3 to 2026-04-29 01:09:00+00:00, run_after=2026-04-29 01:10:00+00:00
[2026-04-29T01:10:17.663+0000] {processor.py:183} INFO - Processing /home/airflow/.local/lib/python3.12/site-packages/airflow/example_dags/example_branch_python_dop_operator_3.py took 0.269 seconds
[2026-04-29T01:10:48.059+0000] {processor.py:161} INFO - Started process (PID=1540) to work on /home/airflow/.local/lib/python3.12/site-packages/airflow/example_dags/example_branch_python_dop_operator_3.py
[2026-04-29T01:10:48.064+0000] {processor.py:830} INFO - Processing file /home/airflow/.local/lib/python3.12/site-packages/airflow/example_dags/example_branch_python_dop_operator_3.py for tasks to queue
[2026-04-29T01:10:48.067+0000] {logging_mixin.py:188} INFO - [2026-04-29T01:10:48.066+0000] {dagbag.py:540} INFO - Filling up the DagBag from /home/airflow/.local/lib/python3.12/site-packages/airflow/example_dags/example_branch_python_dop_operator_3.py
[2026-04-29T01:10:48.084+0000] {processor.py:840} INFO - DAG(s) 'example_branch_dop_operator_v3' retrieved from /home/airflow/.local/lib/python3.12/site-packages/airflow/example_dags/example_branch_python_dop_operator_3.py
[2026-04-29T01:10:48.146+0000] {logging_mixin.py:188} INFO - [2026-04-29T01:10:48.142+0000] {dag.py:3096} INFO - Sync 1 DAGs
[2026-04-29T01:10:48.255+0000] {logging_mixin.py:188} INFO - [2026-04-29T01:10:48.255+0000] {dag.py:3954} INFO - Setting next_dagrun for example_branch_dop_operator_v3 to 2026-04-29 01:09:00+00:00, run_after=2026-04-29 01:10:00+00:00
[2026-04-29T01:10:48.320+0000] {processor.py:183} INFO - Processing /home/airflow/.local/lib/python3.12/site-packages/airflow/example_dags/example_branch_python_dop_operator_3.py took 0.269 seconds
[2026-04-29T01:11:18.641+0000] {processor.py:161} INFO - Started process (PID=1599) to work on /home/airflow/.local/lib/python3.12/site-packages/airflow/example_dags/example_branch_python_dop_operator_3.py
[2026-04-29T01:11:18.646+0000] {processor.py:830} INFO - Processing file /home/airflow/.local/lib/python3.12/site-packages/airflow/example_dags/example_branch_python_dop_operator_3.py for tasks to queue
[2026-04-29T01:11:18.648+0000] {logging_mixin.py:188} INFO - [2026-04-29T01:11:18.648+0000] {dagbag.py:540} INFO - Filling up the DagBag from /home/airflow/.local/lib/python3.12/site-packages/airflow/example_dags/example_branch_python_dop_operator_3.py
[2026-04-29T01:11:18.690+0000] {processor.py:840} INFO - DAG(s) 'example_branch_dop_operator_v3' retrieved from /home/airflow/.local/lib/python3.12/site-packages/airflow/example_dags/example_branch_python_dop_operator_3.py
[2026-04-29T01:11:18.736+0000] {logging_mixin.py:188} INFO - [2026-04-29T01:11:18.735+0000] {dag.py:3096} INFO - Sync 1 DAGs
[2026-04-29T01:11:18.774+0000] {logging_mixin.py:188} INFO - [2026-04-29T01:11:18.774+0000] {dag.py:3954} INFO - Setting next_dagrun for example_branch_dop_operator_v3 to 2026-04-29 01:10:00+00:00, run_after=2026-04-29 01:11:00+00:00
[2026-04-29T01:11:18.798+0000] {processor.py:183} INFO - Processing /home/airflow/.local/lib/python3.12/site-packages/airflow/example_dags/example_branch_python_dop_operator_3.py took 0.179 seconds
[2026-04-29T01:11:49.527+0000] {processor.py:161} INFO - Started process (PID=1659) to work on /home/airflow/.local/lib/python3.12/site-packages/airflow/example_dags/example_branch_python_dop_operator_3.py
[2026-04-29T01:11:49.591+0000] {processor.py:830} INFO - Processing file /home/airflow/.local/lib/python3.12/site-packages/airflow/example_dags/example_branch_python_dop_operator_3.py for tasks to queue
[2026-04-29T01:11:49.594+0000] {logging_mixin.py:188} INFO - [2026-04-29T01:11:49.593+0000] {dagbag.py:540} INFO - Filling up the DagBag from /home/airflow/.local/lib/python3.12/site-packages/airflow/example_dags/example_branch_python_dop_operator_3.py
[2026-04-29T01:11:49.607+0000] {processor.py:840} INFO - DAG(s) 'example_branch_dop_operator_v3' retrieved from /home/airflow/.local/lib/python3.12/site-packages/airflow/example_dags/example_branch_python_dop_operator_3.py
[2026-04-29T01:11:49.631+0000] {logging_mixin.py:188} INFO - [2026-04-29T01:11:49.631+0000] {dag.py:3096} INFO - Sync 1 DAGs
[2026-04-29T01:11:49.673+0000] {logging_mixin.py:188} INFO - [2026-04-29T01:11:49.672+0000] {dag.py:3954} INFO - Setting next_dagrun for example_branch_dop_operator_v3 to 2026-04-29 01:10:00+00:00, run_after=2026-04-29 01:11:00+00:00
[2026-04-29T01:11:49.695+0000] {processor.py:183} INFO - Processing /home/airflow/.local/lib/python3.12/site-packages/airflow/example_dags/example_branch_python_dop_operator_3.py took 0.175 seconds
[2026-04-29T01:12:20.236+0000] {processor.py:161} INFO - Started process (PID=1719) to work on /home/airflow/.local/lib/python3.12/site-packages/airflow/example_dags/example_branch_python_dop_operator_3.py
[2026-04-29T01:12:20.239+0000] {processor.py:830} INFO - Processing file /home/airflow/.local/lib/python3.12/site-packages/airflow/example_dags/example_branch_python_dop_operator_3.py for tasks to queue
[2026-04-29T01:12:20.244+0000] {logging_mixin.py:188} INFO - [2026-04-29T01:12:20.244+0000] {dagbag.py:540} INFO - Filling up the DagBag from /home/airflow/.local/lib/python3.12/site-packages/airflow/example_dags/example_branch_python_dop_operator_3.py
[2026-04-29T01:12:20.262+0000] {processor.py:840} INFO - DAG(s) 'example_branch_dop_operator_v3' retrieved from /home/airflow/.local/lib/python3.12/site-packages/airflow/example_dags/example_branch_python_dop_operator_3.py
[2026-04-29T01:12:20.304+0000] {logging_mixin.py:188} INFO - [2026-04-29T01:12:20.304+0000] {dag.py:3096} INFO - Sync 1 DAGs
[2026-04-29T01:12:20.364+0000] {logging_mixin.py:188} INFO - [2026-04-29T01:12:20.363+0000] {dag.py:3954} INFO - Setting next_dagrun for example_branch_dop_operator_v3 to 2026-04-29 01:11:00+00:00, run_after=2026-04-29 01:12:00+00:00
[2026-04-29T01:12:20.385+0000] {processor.py:183} INFO - Processing /home/airflow/.local/lib/python3.12/site-packages/airflow/example_dags/example_branch_python_dop_operator_3.py took 0.162 seconds
[2026-04-29T01:12:51.013+0000] {processor.py:161} INFO - Started process (PID=1779) to work on /home/airflow/.local/lib/python3.12/site-packages/airflow/example_dags/example_branch_python_dop_operator_3.py
[2026-04-29T01:12:51.016+0000] {processor.py:830} INFO - Processing file /home/airflow/.local/lib/python3.12/site-packages/airflow/example_dags/example_branch_python_dop_operator_3.py for tasks to queue
[2026-04-29T01:12:51.019+0000] {logging_mixin.py:188} INFO - [2026-04-29T01:12:51.019+0000] {dagbag.py:540} INFO - Filling up the DagBag from /home/airflow/.local/lib/python3.12/site-packages/airflow/example_dags/example_branch_python_dop_operator_3.py
[2026-04-29T01:12:51.033+0000] {processor.py:840} INFO - DAG(s) 'example_branch_dop_operator_v3' retrieved from /home/airflow/.local/lib/python3.12/site-packages/airflow/example_dags/example_branch_python_dop_operator_3.py
[2026-04-29T01:12:51.059+0000] {logging_mixin.py:188} INFO - [2026-04-29T01:12:51.058+0000] {dag.py:3096} INFO - Sync 1 DAGs
[2026-04-29T01:12:51.095+0000] {logging_mixin.py:188} INFO - [2026-04-29T01:12:51.095+0000] {dag.py:3954} INFO - Setting next_dagrun for example_branch_dop_operator_v3 to 2026-04-29 01:11:00+00:00, run_after=2026-04-29 01:12:00+00:00
[2026-04-29T01:12:51.115+0000] {processor.py:183} INFO - Processing /home/airflow/.local/lib/python3.12/site-packages/airflow/example_dags/example_branch_python_dop_operator_3.py took 0.109 seconds
[2026-04-29T01:13:21.664+0000] {processor.py:161} INFO - Started process (PID=1839) to work on /home/airflow/.local/lib/python3.12/site-packages/airflow/example_dags/example_branch_python_dop_operator_3.py
[2026-04-29T01:13:21.665+0000] {processor.py:830} INFO - Processing file /home/airflow/.local/lib/python3.12/site-packages/airflow/example_dags/example_branch_python_dop_operator_3.py for tasks to queue
[2026-04-29T01:13:21.668+0000] {logging_mixin.py:188} INFO - [2026-04-29T01:13:21.667+0000] {dagbag.py:540} INFO - Filling up the DagBag from /home/airflow/.local/lib/python3.12/site-packages/airflow/example_dags/example_branch_python_dop_operator_3.py
[2026-04-29T01:13:21.686+0000] {processor.py:840} INFO - DAG(s) 'example_branch_dop_operator_v3' retrieved from /home/airflow/.local/lib/python3.12/site-packages/airflow/example_dags/example_branch_python_dop_operator_3.py
[2026-04-29T01:13:21.746+0000] {logging_mixin.py:188} INFO - [2026-04-29T01:13:21.746+0000] {dag.py:3096} INFO - Sync 1 DAGs
[2026-04-29T01:13:21.824+0000] {logging_mixin.py:188} INFO - [2026-04-29T01:13:21.823+0000] {dag.py:3954} INFO - Setting next_dagrun for example_branch_dop_operator_v3 to 2026-04-29 01:12:00+00:00, run_after=2026-04-29 01:13:00+00:00
[2026-04-29T01:13:21.854+0000] {processor.py:183} INFO - Processing /home/airflow/.local/lib/python3.12/site-packages/airflow/example_dags/example_branch_python_dop_operator_3.py took 0.199 seconds
[2026-04-29T01:14:04.915+0000] {processor.py:161} INFO - Started process (PID=1897) to work on /home/airflow/.local/lib/python3.12/site-packages/airflow/example_dags/example_branch_python_dop_operator_3.py
[2026-04-29T01:14:04.919+0000] {processor.py:830} INFO - Processing file /home/airflow/.local/lib/python3.12/site-packages/airflow/example_dags/example_branch_python_dop_operator_3.py for tasks to queue
[2026-04-29T01:14:04.925+0000] {logging_mixin.py:188} INFO - [2026-04-29T01:14:04.925+0000] {dagbag.py:540} INFO - Filling up the DagBag from /home/airflow/.local/lib/python3.12/site-packages/airflow/example_dags/example_branch_python_dop_operator_3.py
[2026-04-29T01:14:05.014+0000] {processor.py:840} INFO - DAG(s) 'example_branch_dop_operator_v3' retrieved from /home/airflow/.local/lib/python3.12/site-packages/airflow/example_dags/example_branch_python_dop_operator_3.py
[2026-04-29T01:14:05.091+0000] {logging_mixin.py:188} INFO - [2026-04-29T01:14:05.089+0000] {dag.py:3096} INFO - Sync 1 DAGs
[2026-04-29T01:14:05.149+0000] {logging_mixin.py:188} INFO - [2026-04-29T01:14:05.148+0000] {dag.py:3954} INFO - Setting next_dagrun for example_branch_dop_operator_v3 to 2026-04-29 01:13:00+00:00, run_after=2026-04-29 01:14:00+00:00
[2026-04-29T01:14:05.225+0000] {processor.py:183} INFO - Processing /home/airflow/.local/lib/python3.12/site-packages/airflow/example_dags/example_branch_python_dop_operator_3.py took 0.359 seconds
[2026-04-29T01:14:36.030+0000] {processor.py:161} INFO - Started process (PID=1956) to work on /home/airflow/.local/lib/python3.12/site-packages/airflow/example_dags/example_branch_python_dop_operator_3.py
[2026-04-29T01:14:36.037+0000] {processor.py:830} INFO - Processing file /home/airflow/.local/lib/python3.12/site-packages/airflow/example_dags/example_branch_python_dop_operator_3.py for tasks to queue
[2026-04-29T01:14:36.039+0000] {logging_mixin.py:188} INFO - [2026-04-29T01:14:36.038+0000] {dagbag.py:540} INFO - Filling up the DagBag from /home/airflow/.local/lib/python3.12/site-packages/airflow/example_dags/example_branch_python_dop_operator_3.py
[2026-04-29T01:14:36.064+0000] {processor.py:840} INFO - DAG(s) 'example_branch_dop_operator_v3' retrieved from /home/airflow/.local/lib/python3.12/site-packages/airflow/example_dags/example_branch_python_dop_operator_3.py
[2026-04-29T01:14:36.161+0000] {logging_mixin.py:188} INFO - [2026-04-29T01:14:36.160+0000] {dag.py:3096} INFO - Sync 1 DAGs
[2026-04-29T01:14:36.259+0000] {logging_mixin.py:188} INFO - [2026-04-29T01:14:36.259+0000] {dag.py:3954} INFO - Setting next_dagrun for example_branch_dop_operator_v3 to 2026-04-29 01:13:00+00:00, run_after=2026-04-29 01:14:00+00:00
[2026-04-29T01:14:36.320+0000] {processor.py:183} INFO - Processing /home/airflow/.local/lib/python3.12/site-packages/airflow/example_dags/example_branch_python_dop_operator_3.py took 0.304 seconds
[2026-04-29T01:15:06.543+0000] {processor.py:161} INFO - Started process (PID=2015) to work on /home/airflow/.local/lib/python3.12/site-packages/airflow/example_dags/example_branch_python_dop_operator_3.py
[2026-04-29T01:15:06.544+0000] {processor.py:830} INFO - Processing file /home/airflow/.local/lib/python3.12/site-packages/airflow/example_dags/example_branch_python_dop_operator_3.py for tasks to queue
[2026-04-29T01:15:06.548+0000] {logging_mixin.py:188} INFO - [2026-04-29T01:15:06.548+0000] {dagbag.py:540} INFO - Filling up the DagBag from /home/airflow/.local/lib/python3.12/site-packages/airflow/example_dags/example_branch_python_dop_operator_3.py
[2026-04-29T01:15:06.560+0000] {processor.py:840} INFO - DAG(s) 'example_branch_dop_operator_v3' retrieved from /home/airflow/.local/lib/python3.12/site-packages/airflow/example_dags/example_branch_python_dop_operator_3.py
[2026-04-29T01:15:06.688+0000] {logging_mixin.py:188} INFO - [2026-04-29T01:15:06.688+0000] {dag.py:3096} INFO - Sync 1 DAGs
[2026-04-29T01:15:06.898+0000] {logging_mixin.py:188} INFO - [2026-04-29T01:15:06.895+0000] {dag.py:3954} INFO - Setting next_dagrun for example_branch_dop_operator_v3 to 2026-04-29 01:14:00+00:00, run_after=2026-04-29 01:15:00+00:00
[2026-04-29T01:15:07.002+0000] {processor.py:183} INFO - Processing /home/airflow/.local/lib/python3.12/site-packages/airflow/example_dags/example_branch_python_dop_operator_3.py took 0.474 seconds
[2026-04-29T01:15:37.170+0000] {processor.py:161} INFO - Started process (PID=2074) to work on /home/airflow/.local/lib/python3.12/site-packages/airflow/example_dags/example_branch_python_dop_operator_3.py
[2026-04-29T01:15:37.172+0000] {processor.py:830} INFO - Processing file /home/airflow/.local/lib/python3.12/site-packages/airflow/example_dags/example_branch_python_dop_operator_3.py for tasks to queue
[2026-04-29T01:15:37.173+0000] {logging_mixin.py:188} INFO - [2026-04-29T01:15:37.173+0000] {dagbag.py:540} INFO - Filling up the DagBag from /home/airflow/.local/lib/python3.12/site-packages/airflow/example_dags/example_branch_python_dop_operator_3.py
[2026-04-29T01:15:37.181+0000] {processor.py:840} INFO - DAG(s) 'example_branch_dop_operator_v3' retrieved from /home/airflow/.local/lib/python3.12/site-packages/airflow/example_dags/example_branch_python_dop_operator_3.py
[2026-04-29T01:15:37.201+0000] {logging_mixin.py:188} INFO - [2026-04-29T01:15:37.201+0000] {dag.py:3096} INFO - Sync 1 DAGs
[2026-04-29T01:15:37.225+0000] {logging_mixin.py:188} INFO - [2026-04-29T01:15:37.225+0000] {dag.py:3954} INFO - Setting next_dagrun for example_branch_dop_operator_v3 to 2026-04-29 01:14:00+00:00, run_after=2026-04-29 01:15:00+00:00
[2026-04-29T01:15:37.242+0000] {processor.py:183} INFO - Processing /home/airflow/.local/lib/python3.12/site-packages/airflow/example_dags/example_branch_python_dop_operator_3.py took 0.078 seconds
[2026-04-29T01:16:07.783+0000] {processor.py:161} INFO - Started process (PID=2134) to work on /home/airflow/.local/lib/python3.12/site-packages/airflow/example_dags/example_branch_python_dop_operator_3.py
[2026-04-29T01:16:07.783+0000] {processor.py:830} INFO - Processing file /home/airflow/.local/lib/python3.12/site-packages/airflow/example_dags/example_branch_python_dop_operator_3.py for tasks to queue
[2026-04-29T01:16:07.785+0000] {logging_mixin.py:188} INFO - [2026-04-29T01:16:07.785+0000] {dagbag.py:540} INFO - Filling up the DagBag from /home/airflow/.local/lib/python3.12/site-packages/airflow/example_dags/example_branch_python_dop_operator_3.py
[2026-04-29T01:16:07.793+0000] {processor.py:840} INFO - DAG(s) 'example_branch_dop_operator_v3' retrieved from /home/airflow/.local/lib/python3.12/site-packages/airflow/example_dags/example_branch_python_dop_operator_3.py
[2026-04-29T01:16:07.814+0000] {logging_mixin.py:188} INFO - [2026-04-29T01:16:07.814+0000] {dag.py:3096} INFO - Sync 1 DAGs
[2026-04-29T01:16:07.851+0000] {logging_mixin.py:188} INFO - [2026-04-29T01:16:07.851+0000] {dag.py:3954} INFO - Setting next_dagrun for example_branch_dop_operator_v3 to 2026-04-29 01:15:00+00:00, run_after=2026-04-29 01:16:00+00:00
[2026-04-29T01:16:07.884+0000] {processor.py:183} INFO - Processing /home/airflow/.local/lib/python3.12/site-packages/airflow/example_dags/example_branch_python_dop_operator_3.py took 0.107 seconds
[2026-04-29T01:16:38.148+0000] {processor.py:161} INFO - Started process (PID=2194) to work on /home/airflow/.local/lib/python3.12/site-packages/airflow/example_dags/example_branch_python_dop_operator_3.py
[2026-04-29T01:16:38.149+0000] {processor.py:830} INFO - Processing file /home/airflow/.local/lib/python3.12/site-packages/airflow/example_dags/example_branch_python_dop_operator_3.py for tasks to queue
[2026-04-29T01:16:38.150+0000] {logging_mixin.py:188} INFO - [2026-04-29T01:16:38.150+0000] {dagbag.py:540} INFO - Filling up the DagBag from /home/airflow/.local/lib/python3.12/site-packages/airflow/example_dags/example_branch_python_dop_operator_3.py
[2026-04-29T01:16:38.158+0000] {processor.py:840} INFO - DAG(s) 'example_branch_dop_operator_v3' retrieved from /home/airflow/.local/lib/python3.12/site-packages/airflow/example_dags/example_branch_python_dop_operator_3.py
[2026-04-29T01:16:38.178+0000] {logging_mixin.py:188} INFO - [2026-04-29T01:16:38.178+0000] {dag.py:3096} INFO - Sync 1 DAGs
[2026-04-29T01:16:38.209+0000] {logging_mixin.py:188} INFO - [2026-04-29T01:16:38.208+0000] {dag.py:3954} INFO - Setting next_dagrun for example_branch_dop_operator_v3 to 2026-04-29 01:15:00+00:00, run_after=2026-04-29 01:16:00+00:00
[2026-04-29T01:16:38.226+0000] {processor.py:183} INFO - Processing /home/airflow/.local/lib/python3.12/site-packages/airflow/example_dags/example_branch_python_dop_operator_3.py took 0.084 seconds
[2026-04-29T01:17:08.361+0000] {processor.py:161} INFO - Started process (PID=2253) to work on /home/airflow/.local/lib/python3.12/site-packages/airflow/example_dags/example_branch_python_dop_operator_3.py
[2026-04-29T01:17:08.362+0000] {processor.py:830} INFO - Processing file /home/airflow/.local/lib/python3.12/site-packages/airflow/example_dags/example_branch_python_dop_operator_3.py for tasks to queue
[2026-04-29T01:17:08.364+0000] {logging_mixin.py:188} INFO - [2026-04-29T01:17:08.364+0000] {dagbag.py:540} INFO - Filling up the DagBag from /home/airflow/.local/lib/python3.12/site-packages/airflow/example_dags/example_branch_python_dop_operator_3.py
[2026-04-29T01:17:08.372+0000] {processor.py:840} INFO - DAG(s) 'example_branch_dop_operator_v3' retrieved from /home/airflow/.local/lib/python3.12/site-packages/airflow/example_dags/example_branch_python_dop_operator_3.py
[2026-04-29T01:17:08.392+0000] {logging_mixin.py:188} INFO - [2026-04-29T01:17:08.392+0000] {dag.py:3096} INFO - Sync 1 DAGs
[2026-04-29T01:17:08.416+0000] {logging_mixin.py:188} INFO - [2026-04-29T01:17:08.416+0000] {dag.py:3954} INFO - Setting next_dagrun for example_branch_dop_operator_v3 to 2026-04-29 01:16:00+00:00, run_after=2026-04-29 01:17:00+00:00
[2026-04-29T01:17:08.434+0000] {processor.py:183} INFO - Processing /home/airflow/.local/lib/python3.12/site-packages/airflow/example_dags/example_branch_python_dop_operator_3.py took 0.078 seconds
[2026-04-29T01:17:38.979+0000] {processor.py:161} INFO - Started process (PID=2313) to work on /home/airflow/.local/lib/python3.12/site-packages/airflow/example_dags/example_branch_python_dop_operator_3.py
[2026-04-29T01:17:38.980+0000] {processor.py:830} INFO - Processing file /home/airflow/.local/lib/python3.12/site-packages/airflow/example_dags/example_branch_python_dop_operator_3.py for tasks to queue
[2026-04-29T01:17:38.982+0000] {logging_mixin.py:188} INFO - [2026-04-29T01:17:38.982+0000] {dagbag.py:540} INFO - Filling up the DagBag from /home/airflow/.local/lib/python3.12/site-packages/airflow/example_dags/example_branch_python_dop_operator_3.py
[2026-04-29T01:17:39.000+0000] {processor.py:840} INFO - DAG(s) 'example_branch_dop_operator_v3' retrieved from /home/airflow/.local/lib/python3.12/site-packages/airflow/example_dags/example_branch_python_dop_operator_3.py
[2026-04-29T01:17:39.060+0000] {logging_mixin.py:188} INFO - [2026-04-29T01:17:39.060+0000] {dag.py:3096} INFO - Sync 1 DAGs
[2026-04-29T01:17:39.107+0000] {logging_mixin.py:188} INFO - [2026-04-29T01:17:39.107+0000] {dag.py:3954} INFO - Setting next_dagrun for example_branch_dop_operator_v3 to 2026-04-29 01:16:00+00:00, run_after=2026-04-29 01:17:00+00:00
[2026-04-29T01:17:39.129+0000] {processor.py:183} INFO - Processing /home/airflow/.local/lib/python3.12/site-packages/airflow/example_dags/example_branch_python_dop_operator_3.py took 0.158 seconds
[2026-04-29T01:18:09.874+0000] {processor.py:161} INFO - Started process (PID=2373) to work on /home/airflow/.local/lib/python3.12/site-packages/airflow/example_dags/example_branch_python_dop_operator_3.py
[2026-04-29T01:18:09.875+0000] {processor.py:830} INFO - Processing file /home/airflow/.local/lib/python3.12/site-packages/airflow/example_dags/example_branch_python_dop_operator_3.py for tasks to queue
[2026-04-29T01:18:09.877+0000] {logging_mixin.py:188} INFO - [2026-04-29T01:18:09.877+0000] {dagbag.py:540} INFO - Filling up the DagBag from /home/airflow/.local/lib/python3.12/site-packages/airflow/example_dags/example_branch_python_dop_operator_3.py
[2026-04-29T01:18:09.888+0000] {processor.py:840} INFO - DAG(s) 'example_branch_dop_operator_v3' retrieved from /home/airflow/.local/lib/python3.12/site-packages/airflow/example_dags/example_branch_python_dop_operator_3.py
[2026-04-29T01:18:09.916+0000] {logging_mixin.py:188} INFO - [2026-04-29T01:18:09.916+0000] {dag.py:3096} INFO - Sync 1 DAGs
[2026-04-29T01:18:09.952+0000] {logging_mixin.py:188} INFO - [2026-04-29T01:18:09.951+0000] {dag.py:3954} INFO - Setting next_dagrun for example_branch_dop_operator_v3 to 2026-04-29 01:17:00+00:00, run_after=2026-04-29 01:18:00+00:00
[2026-04-29T01:18:09.976+0000] {processor.py:183} INFO - Processing /home/airflow/.local/lib/python3.12/site-packages/airflow/example_dags/example_branch_python_dop_operator_3.py took 0.110 seconds
[2026-04-29T01:18:41.095+0000] {processor.py:161} INFO - Started process (PID=2433) to work on /home/airflow/.local/lib/python3.12/site-packages/airflow/example_dags/example_branch_python_dop_operator_3.py
[2026-04-29T01:18:41.102+0000] {processor.py:830} INFO - Processing file /home/airflow/.local/lib/python3.12/site-packages/airflow/example_dags/example_branch_python_dop_operator_3.py for tasks to queue
[2026-04-29T01:18:41.108+0000] {logging_mixin.py:188} INFO - [2026-04-29T01:18:41.108+0000] {dagbag.py:540} INFO - Filling up the DagBag from /home/airflow/.local/lib/python3.12/site-packages/airflow/example_dags/example_branch_python_dop_operator_3.py
[2026-04-29T01:18:41.119+0000] {processor.py:840} INFO - DAG(s) 'example_branch_dop_operator_v3' retrieved from /home/airflow/.local/lib/python3.12/site-packages/airflow/example_dags/example_branch_python_dop_operator_3.py
[2026-04-29T01:18:41.171+0000] {logging_mixin.py:188} INFO - [2026-04-29T01:18:41.170+0000] {dag.py:3096} INFO - Sync 1 DAGs
[2026-04-29T01:18:41.269+0000] {logging_mixin.py:188} INFO - [2026-04-29T01:18:41.269+0000] {dag.py:3954} INFO - Setting next_dagrun for example_branch_dop_operator_v3 to 2026-04-29 01:17:00+00:00, run_after=2026-04-29 01:18:00+00:00
[2026-04-29T01:18:41.322+0000] {processor.py:183} INFO - Processing /home/airflow/.local/lib/python3.12/site-packages/airflow/example_dags/example_branch_python_dop_operator_3.py took 0.235 seconds
[2026-04-29T01:19:11.942+0000] {processor.py:161} INFO - Started process (PID=2498) to work on /home/airflow/.local/lib/python3.12/site-packages/airflow/example_dags/example_branch_python_dop_operator_3.py
[2026-04-29T01:19:11.943+0000] {processor.py:830} INFO - Processing file /home/airflow/.local/lib/python3.12/site-packages/airflow/example_dags/example_branch_python_dop_operator_3.py for tasks to queue
[2026-04-29T01:19:11.946+0000] {logging_mixin.py:188} INFO - [2026-04-29T01:19:11.944+0000] {dagbag.py:540} INFO - Filling up the DagBag from /home/airflow/.local/lib/python3.12/site-packages/airflow/example_dags/example_branch_python_dop_operator_3.py
[2026-04-29T01:19:11.957+0000] {processor.py:840} INFO - DAG(s) 'example_branch_dop_operator_v3' retrieved from /home/airflow/.local/lib/python3.12/site-packages/airflow/example_dags/example_branch_python_dop_operator_3.py
[2026-04-29T01:19:11.987+0000] {logging_mixin.py:188} INFO - [2026-04-29T01:19:11.986+0000] {dag.py:3096} INFO - Sync 1 DAGs
[2026-04-29T01:19:12.039+0000] {logging_mixin.py:188} INFO - [2026-04-29T01:19:12.038+0000] {dag.py:3954} INFO - Setting next_dagrun for example_branch_dop_operator_v3 to 2026-04-29 01:18:00+00:00, run_after=2026-04-29 01:19:00+00:00
[2026-04-29T01:19:12.061+0000] {processor.py:183} INFO - Processing /home/airflow/.local/lib/python3.12/site-packages/airflow/example_dags/example_branch_python_dop_operator_3.py took 0.127 seconds
[2026-04-29T01:19:42.956+0000] {processor.py:161} INFO - Started process (PID=2558) to work on /home/airflow/.local/lib/python3.12/site-packages/airflow/example_dags/example_branch_python_dop_operator_3.py
[2026-04-29T01:19:42.962+0000] {processor.py:830} INFO - Processing file /home/airflow/.local/lib/python3.12/site-packages/airflow/example_dags/example_branch_python_dop_operator_3.py for tasks to queue
[2026-04-29T01:19:42.968+0000] {logging_mixin.py:188} INFO - [2026-04-29T01:19:42.967+0000] {dagbag.py:540} INFO - Filling up the DagBag from /home/airflow/.local/lib/python3.12/site-packages/airflow/example_dags/example_branch_python_dop_operator_3.py
[2026-04-29T01:19:42.996+0000] {processor.py:840} INFO - DAG(s) 'example_branch_dop_operator_v3' retrieved from /home/airflow/.local/lib/python3.12/site-packages/airflow/example_dags/example_branch_python_dop_operator_3.py
[2026-04-29T01:19:43.025+0000] {logging_mixin.py:188} INFO - [2026-04-29T01:19:43.025+0000] {dag.py:3096} INFO - Sync 1 DAGs
[2026-04-29T01:19:43.067+0000] {logging_mixin.py:188} INFO - [2026-04-29T01:19:43.066+0000] {dag.py:3954} INFO - Setting next_dagrun for example_branch_dop_operator_v3 to 2026-04-29 01:18:00+00:00, run_after=2026-04-29 01:19:00+00:00
[2026-04-29T01:19:43.108+0000] {processor.py:183} INFO - Processing /home/airflow/.local/lib/python3.12/site-packages/airflow/example_dags/example_branch_python_dop_operator_3.py took 0.170 seconds
[2026-04-29T01:20:13.218+0000] {processor.py:161} INFO - Started process (PID=2617) to work on /home/airflow/.local/lib/python3.12/site-packages/airflow/example_dags/example_branch_python_dop_operator_3.py
[2026-04-29T01:20:13.221+0000] {processor.py:830} INFO - Processing file /home/airflow/.local/lib/python3.12/site-packages/airflow/example_dags/example_branch_python_dop_operator_3.py for tasks to queue
[2026-04-29T01:20:13.224+0000] {logging_mixin.py:188} INFO - [2026-04-29T01:20:13.223+0000] {dagbag.py:540} INFO - Filling up the DagBag from /home/airflow/.local/lib/python3.12/site-packages/airflow/example_dags/example_branch_python_dop_operator_3.py
[2026-04-29T01:20:13.236+0000] {processor.py:840} INFO - DAG(s) 'example_branch_dop_operator_v3' retrieved from /home/airflow/.local/lib/python3.12/site-packages/airflow/example_dags/example_branch_python_dop_operator_3.py
[2026-04-29T01:20:13.306+0000] {logging_mixin.py:188} INFO - [2026-04-29T01:20:13.306+0000] {dag.py:3096} INFO - Sync 1 DAGs
[2026-04-29T01:20:13.373+0000] {logging_mixin.py:188} INFO - [2026-04-29T01:20:13.373+0000] {dag.py:3954} INFO - Setting next_dagrun for example_branch_dop_operator_v3 to 2026-04-29 01:19:00+00:00, run_after=2026-04-29 01:20:00+00:00
[2026-04-29T01:20:13.413+0000] {processor.py:183} INFO - Processing /home/airflow/.local/lib/python3.12/site-packages/airflow/example_dags/example_branch_python_dop_operator_3.py took 0.211 seconds
[2026-04-29T01:20:43.760+0000] {processor.py:161} INFO - Started process (PID=2677) to work on /home/airflow/.local/lib/python3.12/site-packages/airflow/example_dags/example_branch_python_dop_operator_3.py
[2026-04-29T01:20:43.761+0000] {processor.py:830} INFO - Processing file /home/airflow/.local/lib/python3.12/site-packages/airflow/example_dags/example_branch_python_dop_operator_3.py for tasks to queue
[2026-04-29T01:20:43.765+0000] {logging_mixin.py:188} INFO - [2026-04-29T01:20:43.765+0000] {dagbag.py:540} INFO - Filling up the DagBag from /home/airflow/.local/lib/python3.12/site-packages/airflow/example_dags/example_branch_python_dop_operator_3.py
[2026-04-29T01:20:43.787+0000] {processor.py:840} INFO - DAG(s) 'example_branch_dop_operator_v3' retrieved from /home/airflow/.local/lib/python3.12/site-packages/airflow/example_dags/example_branch_python_dop_operator_3.py
[2026-04-29T01:20:43.812+0000] {logging_mixin.py:188} INFO - [2026-04-29T01:20:43.812+0000] {dag.py:3096} INFO - Sync 1 DAGs
[2026-04-29T01:20:43.845+0000] {logging_mixin.py:188} INFO - [2026-04-29T01:20:43.845+0000] {dag.py:3954} INFO - Setting next_dagrun for example_branch_dop_operator_v3 to 2026-04-29 01:19:00+00:00, run_after=2026-04-29 01:20:00+00:00
[2026-04-29T01:20:43.888+0000] {processor.py:183} INFO - Processing /home/airflow/.local/lib/python3.12/site-packages/airflow/example_dags/example_branch_python_dop_operator_3.py took 0.136 seconds
[2026-04-29T01:21:14.036+0000] {processor.py:161} INFO - Started process (PID=2737) to work on /home/airflow/.local/lib/python3.12/site-packages/airflow/example_dags/example_branch_python_dop_operator_3.py
[2026-04-29T01:21:14.038+0000] {processor.py:830} INFO - Processing file /home/airflow/.local/lib/python3.12/site-packages/airflow/example_dags/example_branch_python_dop_operator_3.py for tasks to queue
[2026-04-29T01:21:14.045+0000] {logging_mixin.py:188} INFO - [2026-04-29T01:21:14.044+0000] {dagbag.py:540} INFO - Filling up the DagBag from /home/airflow/.local/lib/python3.12/site-packages/airflow/example_dags/example_branch_python_dop_operator_3.py
[2026-04-29T01:21:14.057+0000] {processor.py:840} INFO - DAG(s) 'example_branch_dop_operator_v3' retrieved from /home/airflow/.local/lib/python3.12/site-packages/airflow/example_dags/example_branch_python_dop_operator_3.py
[2026-04-29T01:21:14.087+0000] {logging_mixin.py:188} INFO - [2026-04-29T01:21:14.086+0000] {dag.py:3096} INFO - Sync 1 DAGs
[2026-04-29T01:21:14.121+0000] {logging_mixin.py:188} INFO - [2026-04-29T01:21:14.121+0000] {dag.py:3954} INFO - Setting next_dagrun for example_branch_dop_operator_v3 to 2026-04-29 01:20:00+00:00, run_after=2026-04-29 01:21:00+00:00
[2026-04-29T01:21:14.142+0000] {processor.py:183} INFO - Processing /home/airflow/.local/lib/python3.12/site-packages/airflow/example_dags/example_branch_python_dop_operator_3.py took 0.121 seconds
[2026-04-29T01:21:44.255+0000] {processor.py:161} INFO - Started process (PID=2797) to work on /home/airflow/.local/lib/python3.12/site-packages/airflow/example_dags/example_branch_python_dop_operator_3.py
[2026-04-29T01:21:44.263+0000] {processor.py:830} INFO - Processing file /home/airflow/.local/lib/python3.12/site-packages/airflow/example_dags/example_branch_python_dop_operator_3.py for tasks to queue
[2026-04-29T01:21:44.266+0000] {logging_mixin.py:188} INFO - [2026-04-29T01:21:44.265+0000] {dagbag.py:540} INFO - Filling up the DagBag from /home/airflow/.local/lib/python3.12/site-packages/airflow/example_dags/example_branch_python_dop_operator_3.py
[2026-04-29T01:21:44.277+0000] {processor.py:840} INFO - DAG(s) 'example_branch_dop_operator_v3' retrieved from /home/airflow/.local/lib/python3.12/site-packages/airflow/example_dags/example_branch_python_dop_operator_3.py
[2026-04-29T01:21:44.301+0000] {logging_mixin.py:188} INFO - [2026-04-29T01:21:44.301+0000] {dag.py:3096} INFO - Sync 1 DAGs
[2026-04-29T01:21:44.341+0000] {logging_mixin.py:188} INFO - [2026-04-29T01:21:44.341+0000] {dag.py:3954} INFO - Setting next_dagrun for example_branch_dop_operator_v3 to 2026-04-29 01:20:00+00:00, run_after=2026-04-29 01:21:00+00:00
[2026-04-29T01:21:44.368+0000] {processor.py:183} INFO - Processing /home/airflow/.local/lib/python3.12/site-packages/airflow/example_dags/example_branch_python_dop_operator_3.py took 0.120 seconds
[2026-04-29T01:22:14.592+0000] {processor.py:161} INFO - Started process (PID=2857) to work on /home/airflow/.local/lib/python3.12/site-packages/airflow/example_dags/example_branch_python_dop_operator_3.py
[2026-04-29T01:22:14.593+0000] {processor.py:830} INFO - Processing file /home/airflow/.local/lib/python3.12/site-packages/airflow/example_dags/example_branch_python_dop_operator_3.py for tasks to queue
[2026-04-29T01:22:14.595+0000] {logging_mixin.py:188} INFO - [2026-04-29T01:22:14.595+0000] {dagbag.py:540} INFO - Filling up the DagBag from /home/airflow/.local/lib/python3.12/site-packages/airflow/example_dags/example_branch_python_dop_operator_3.py
[2026-04-29T01:22:14.616+0000] {processor.py:840} INFO - DAG(s) 'example_branch_dop_operator_v3' retrieved from /home/airflow/.local/lib/python3.12/site-packages/airflow/example_dags/example_branch_python_dop_operator_3.py
[2026-04-29T01:22:14.640+0000] {logging_mixin.py:188} INFO - [2026-04-29T01:22:14.640+0000] {dag.py:3096} INFO - Sync 1 DAGs
[2026-04-29T01:22:14.677+0000] {logging_mixin.py:188} INFO - [2026-04-29T01:22:14.677+0000] {dag.py:3954} INFO - Setting next_dagrun for example_branch_dop_operator_v3 to 2026-04-29 01:21:00+00:00, run_after=2026-04-29 01:22:00+00:00
[2026-04-29T01:22:14.698+0000] {processor.py:183} INFO - Processing /home/airflow/.local/lib/python3.12/site-packages/airflow/example_dags/example_branch_python_dop_operator_3.py took 0.113 seconds
[2026-04-29T01:22:44.772+0000] {processor.py:161} INFO - Started process (PID=2917) to work on /home/airflow/.local/lib/python3.12/site-packages/airflow/example_dags/example_branch_python_dop_operator_3.py
[2026-04-29T01:22:44.777+0000] {processor.py:830} INFO - Processing file /home/airflow/.local/lib/python3.12/site-packages/airflow/example_dags/example_branch_python_dop_operator_3.py for tasks to queue
[2026-04-29T01:22:44.779+0000] {logging_mixin.py:188} INFO - [2026-04-29T01:22:44.779+0000] {dagbag.py:540} INFO - Filling up the DagBag from /home/airflow/.local/lib/python3.12/site-packages/airflow/example_dags/example_branch_python_dop_operator_3.py
[2026-04-29T01:22:44.789+0000] {processor.py:840} INFO - DAG(s) 'example_branch_dop_operator_v3' retrieved from /home/airflow/.local/lib/python3.12/site-packages/airflow/example_dags/example_branch_python_dop_operator_3.py
[2026-04-29T01:22:44.813+0000] {logging_mixin.py:188} INFO - [2026-04-29T01:22:44.812+0000] {dag.py:3096} INFO - Sync 1 DAGs
[2026-04-29T01:22:44.846+0000] {logging_mixin.py:188} INFO - [2026-04-29T01:22:44.846+0000] {dag.py:3954} INFO - Setting next_dagrun for example_branch_dop_operator_v3 to 2026-04-29 01:21:00+00:00, run_after=2026-04-29 01:22:00+00:00
[2026-04-29T01:22:44.910+0000] {processor.py:183} INFO - Processing /home/airflow/.local/lib/python3.12/site-packages/airflow/example_dags/example_branch_python_dop_operator_3.py took 0.145 seconds
[2026-04-29T01:23:15.586+0000] {processor.py:161} INFO - Started process (PID=2977) to work on /home/airflow/.local/lib/python3.12/site-packages/airflow/example_dags/example_branch_python_dop_operator_3.py
[2026-04-29T01:23:15.587+0000] {processor.py:830} INFO - Processing file /home/airflow/.local/lib/python3.12/site-packages/airflow/example_dags/example_branch_python_dop_operator_3.py for tasks to queue
[2026-04-29T01:23:15.589+0000] {logging_mixin.py:188} INFO - [2026-04-29T01:23:15.589+0000] {dagbag.py:540} INFO - Filling up the DagBag from /home/airflow/.local/lib/python3.12/site-packages/airflow/example_dags/example_branch_python_dop_operator_3.py
[2026-04-29T01:23:15.606+0000] {processor.py:840} INFO - DAG(s) 'example_branch_dop_operator_v3' retrieved from /home/airflow/.local/lib/python3.12/site-packages/airflow/example_dags/example_branch_python_dop_operator_3.py
[2026-04-29T01:23:15.671+0000] {logging_mixin.py:188} INFO - [2026-04-29T01:23:15.670+0000] {dag.py:3096} INFO - Sync 1 DAGs
[2026-04-29T01:23:15.757+0000] {logging_mixin.py:188} INFO - [2026-04-29T01:23:15.757+0000] {dag.py:3954} INFO - Setting next_dagrun for example_branch_dop_operator_v3 to 2026-04-29 01:22:00+00:00, run_after=2026-04-29 01:23:00+00:00
[2026-04-29T01:23:15.782+0000] {processor.py:183} INFO - Processing /home/airflow/.local/lib/python3.12/site-packages/airflow/example_dags/example_branch_python_dop_operator_3.py took 0.210 seconds
[2026-04-29T01:23:45.935+0000] {processor.py:161} INFO - Started process (PID=3037) to work on /home/airflow/.local/lib/python3.12/site-packages/airflow/example_dags/example_branch_python_dop_operator_3.py
[2026-04-29T01:23:45.936+0000] {processor.py:830} INFO - Processing file /home/airflow/.local/lib/python3.12/site-packages/airflow/example_dags/example_branch_python_dop_operator_3.py for tasks to queue
[2026-04-29T01:23:45.939+0000] {logging_mixin.py:188} INFO - [2026-04-29T01:23:45.939+0000] {dagbag.py:540} INFO - Filling up the DagBag from /home/airflow/.local/lib/python3.12/site-packages/airflow/example_dags/example_branch_python_dop_operator_3.py
[2026-04-29T01:23:45.959+0000] {processor.py:840} INFO - DAG(s) 'example_branch_dop_operator_v3' retrieved from /home/airflow/.local/lib/python3.12/site-packages/airflow/example_dags/example_branch_python_dop_operator_3.py
[2026-04-29T01:23:45.989+0000] {logging_mixin.py:188} INFO - [2026-04-29T01:23:45.988+0000] {dag.py:3096} INFO - Sync 1 DAGs
[2026-04-29T01:23:46.034+0000] {logging_mixin.py:188} INFO - [2026-04-29T01:23:46.034+0000] {dag.py:3954} INFO - Setting next_dagrun for example_branch_dop_operator_v3 to 2026-04-29 01:22:00+00:00, run_after=2026-04-29 01:23:00+00:00
[2026-04-29T01:23:46.055+0000] {processor.py:183} INFO - Processing /home/airflow/.local/lib/python3.12/site-packages/airflow/example_dags/example_branch_python_dop_operator_3.py took 0.132 seconds
[2026-04-29T01:24:16.330+0000] {processor.py:161} INFO - Started process (PID=3097) to work on /home/airflow/.local/lib/python3.12/site-packages/airflow/example_dags/example_branch_python_dop_operator_3.py
[2026-04-29T01:24:16.334+0000] {processor.py:830} INFO - Processing file /home/airflow/.local/lib/python3.12/site-packages/airflow/example_dags/example_branch_python_dop_operator_3.py for tasks to queue
[2026-04-29T01:24:16.347+0000] {logging_mixin.py:188} INFO - [2026-04-29T01:24:16.346+0000] {dagbag.py:540} INFO - Filling up the DagBag from /home/airflow/.local/lib/python3.12/site-packages/airflow/example_dags/example_branch_python_dop_operator_3.py
[2026-04-29T01:24:16.367+0000] {processor.py:840} INFO - DAG(s) 'example_branch_dop_operator_v3' retrieved from /home/airflow/.local/lib/python3.12/site-packages/airflow/example_dags/example_branch_python_dop_operator_3.py
[2026-04-29T01:24:16.428+0000] {logging_mixin.py:188} INFO - [2026-04-29T01:24:16.428+0000] {dag.py:3096} INFO - Sync 1 DAGs
[2026-04-29T01:24:16.495+0000] {logging_mixin.py:188} INFO - [2026-04-29T01:24:16.495+0000] {dag.py:3954} INFO - Setting next_dagrun for example_branch_dop_operator_v3 to 2026-04-29 01:23:00+00:00, run_after=2026-04-29 01:24:00+00:00
[2026-04-29T01:24:16.568+0000] {processor.py:183} INFO - Processing /home/airflow/.local/lib/python3.12/site-packages/airflow/example_dags/example_branch_python_dop_operator_3.py took 0.288 seconds
