[2026-04-29T00:55:00.161+0000] {processor.py:161} INFO - Started process (PID=88) to work on /home/airflow/.local/lib/python3.12/site-packages/airflow/example_dags/example_nested_branch_dag.py
[2026-04-29T00:55:00.162+0000] {processor.py:830} INFO - Processing file /home/airflow/.local/lib/python3.12/site-packages/airflow/example_dags/example_nested_branch_dag.py for tasks to queue
[2026-04-29T00:55:00.164+0000] {logging_mixin.py:188} INFO - [2026-04-29T00:55:00.164+0000] {dagbag.py:540} INFO - Filling up the DagBag from /home/airflow/.local/lib/python3.12/site-packages/airflow/example_dags/example_nested_branch_dag.py
[2026-04-29T00:55:00.179+0000] {processor.py:840} INFO - DAG(s) 'example_nested_branch_dag' retrieved from /home/airflow/.local/lib/python3.12/site-packages/airflow/example_dags/example_nested_branch_dag.py
[2026-04-29T00:55:00.259+0000] {logging_mixin.py:188} INFO - [2026-04-29T00:55:00.259+0000] {dag.py:3096} INFO - Sync 1 DAGs
[2026-04-29T00:55:00.300+0000] {logging_mixin.py:188} INFO - [2026-04-29T00:55:00.299+0000] {dag.py:3954} INFO - Setting next_dagrun for example_nested_branch_dag to 2026-04-28 00:00:00+00:00, run_after=2026-04-29 00:00:00+00:00
[2026-04-29T00:55:00.399+0000] {processor.py:183} INFO - Processing /home/airflow/.local/lib/python3.12/site-packages/airflow/example_dags/example_nested_branch_dag.py took 0.262 seconds
[2026-04-29T00:58:24.035+0000] {processor.py:161} INFO - Started process (PID=96) to work on /home/airflow/.local/lib/python3.12/site-packages/airflow/example_dags/example_nested_branch_dag.py
[2026-04-29T00:58:24.036+0000] {processor.py:830} INFO - Processing file /home/airflow/.local/lib/python3.12/site-packages/airflow/example_dags/example_nested_branch_dag.py for tasks to queue
[2026-04-29T00:58:24.039+0000] {logging_mixin.py:188} INFO - [2026-04-29T00:58:24.038+0000] {dagbag.py:540} INFO - Filling up the DagBag from /home/airflow/.local/lib/python3.12/site-packages/airflow/example_dags/example_nested_branch_dag.py
[2026-04-29T00:58:24.059+0000] {processor.py:840} INFO - DAG(s) 'example_nested_branch_dag' retrieved from /home/airflow/.local/lib/python3.12/site-packages/airflow/example_dags/example_nested_branch_dag.py
[2026-04-29T00:58:24.635+0000] {logging_mixin.py:188} INFO - [2026-04-29T00:58:24.634+0000] {override.py:1829} INFO - Created Permission View: can edit on DAG:example_nested_branch_dag
[2026-04-29T00:58:24.715+0000] {logging_mixin.py:188} INFO - [2026-04-29T00:58:24.714+0000] {override.py:1829} INFO - Created Permission View: can delete on DAG:example_nested_branch_dag
[2026-04-29T00:58:24.753+0000] {logging_mixin.py:188} INFO - [2026-04-29T00:58:24.752+0000] {override.py:1829} INFO - Created Permission View: can read on DAG:example_nested_branch_dag
[2026-04-29T00:58:24.754+0000] {logging_mixin.py:188} INFO - [2026-04-29T00:58:24.754+0000] {dag.py:3096} INFO - Sync 1 DAGs
[2026-04-29T00:58:24.790+0000] {logging_mixin.py:188} INFO - [2026-04-29T00:58:24.790+0000] {dag.py:3118} INFO - Creating ORM DAG for example_nested_branch_dag
[2026-04-29T00:58:24.830+0000] {logging_mixin.py:188} INFO - [2026-04-29T00:58:24.830+0000] {dag.py:3954} INFO - Setting next_dagrun for example_nested_branch_dag to 2026-04-28 00:00:00+00:00, run_after=2026-04-29 00:00:00+00:00
[2026-04-29T00:58:24.867+0000] {processor.py:183} INFO - Processing /home/airflow/.local/lib/python3.12/site-packages/airflow/example_dags/example_nested_branch_dag.py took 0.840 seconds
[2026-04-29T00:58:55.410+0000] {processor.py:161} INFO - Started process (PID=156) to work on /home/airflow/.local/lib/python3.12/site-packages/airflow/example_dags/example_nested_branch_dag.py
[2026-04-29T00:58:55.412+0000] {processor.py:830} INFO - Processing file /home/airflow/.local/lib/python3.12/site-packages/airflow/example_dags/example_nested_branch_dag.py for tasks to queue
[2026-04-29T00:58:55.414+0000] {logging_mixin.py:188} INFO - [2026-04-29T00:58:55.414+0000] {dagbag.py:540} INFO - Filling up the DagBag from /home/airflow/.local/lib/python3.12/site-packages/airflow/example_dags/example_nested_branch_dag.py
[2026-04-29T00:58:55.432+0000] {processor.py:840} INFO - DAG(s) 'example_nested_branch_dag' retrieved from /home/airflow/.local/lib/python3.12/site-packages/airflow/example_dags/example_nested_branch_dag.py
[2026-04-29T00:58:55.462+0000] {logging_mixin.py:188} INFO - [2026-04-29T00:58:55.461+0000] {dag.py:3096} INFO - Sync 1 DAGs
[2026-04-29T00:58:55.497+0000] {logging_mixin.py:188} INFO - [2026-04-29T00:58:55.496+0000] {dag.py:3954} INFO - Setting next_dagrun for example_nested_branch_dag to 2026-04-28 00:00:00+00:00, run_after=2026-04-29 00:00:00+00:00
[2026-04-29T00:58:55.521+0000] {processor.py:183} INFO - Processing /home/airflow/.local/lib/python3.12/site-packages/airflow/example_dags/example_nested_branch_dag.py took 0.126 seconds
[2026-04-29T00:59:26.373+0000] {processor.py:161} INFO - Started process (PID=216) to work on /home/airflow/.local/lib/python3.12/site-packages/airflow/example_dags/example_nested_branch_dag.py
[2026-04-29T00:59:26.375+0000] {processor.py:830} INFO - Processing file /home/airflow/.local/lib/python3.12/site-packages/airflow/example_dags/example_nested_branch_dag.py for tasks to queue
[2026-04-29T00:59:26.379+0000] {logging_mixin.py:188} INFO - [2026-04-29T00:59:26.379+0000] {dagbag.py:540} INFO - Filling up the DagBag from /home/airflow/.local/lib/python3.12/site-packages/airflow/example_dags/example_nested_branch_dag.py
[2026-04-29T00:59:26.402+0000] {processor.py:840} INFO - DAG(s) 'example_nested_branch_dag' retrieved from /home/airflow/.local/lib/python3.12/site-packages/airflow/example_dags/example_nested_branch_dag.py
[2026-04-29T00:59:26.496+0000] {logging_mixin.py:188} INFO - [2026-04-29T00:59:26.496+0000] {dag.py:3096} INFO - Sync 1 DAGs
[2026-04-29T00:59:26.574+0000] {logging_mixin.py:188} INFO - [2026-04-29T00:59:26.574+0000] {dag.py:3954} INFO - Setting next_dagrun for example_nested_branch_dag to 2026-04-28 00:00:00+00:00, run_after=2026-04-29 00:00:00+00:00
[2026-04-29T00:59:26.628+0000] {processor.py:183} INFO - Processing /home/airflow/.local/lib/python3.12/site-packages/airflow/example_dags/example_nested_branch_dag.py took 0.267 seconds
[2026-04-29T00:59:57.568+0000] {processor.py:161} INFO - Started process (PID=275) to work on /home/airflow/.local/lib/python3.12/site-packages/airflow/example_dags/example_nested_branch_dag.py
[2026-04-29T00:59:57.573+0000] {processor.py:830} INFO - Processing file /home/airflow/.local/lib/python3.12/site-packages/airflow/example_dags/example_nested_branch_dag.py for tasks to queue
[2026-04-29T00:59:57.577+0000] {logging_mixin.py:188} INFO - [2026-04-29T00:59:57.577+0000] {dagbag.py:540} INFO - Filling up the DagBag from /home/airflow/.local/lib/python3.12/site-packages/airflow/example_dags/example_nested_branch_dag.py
[2026-04-29T00:59:57.626+0000] {processor.py:840} INFO - DAG(s) 'example_nested_branch_dag' retrieved from /home/airflow/.local/lib/python3.12/site-packages/airflow/example_dags/example_nested_branch_dag.py
[2026-04-29T00:59:57.706+0000] {logging_mixin.py:188} INFO - [2026-04-29T00:59:57.705+0000] {dag.py:3096} INFO - Sync 1 DAGs
[2026-04-29T00:59:57.821+0000] {logging_mixin.py:188} INFO - [2026-04-29T00:59:57.821+0000] {dag.py:3954} INFO - Setting next_dagrun for example_nested_branch_dag to 2026-04-28 00:00:00+00:00, run_after=2026-04-29 00:00:00+00:00
[2026-04-29T00:59:57.851+0000] {processor.py:183} INFO - Processing /home/airflow/.local/lib/python3.12/site-packages/airflow/example_dags/example_nested_branch_dag.py took 0.317 seconds
[2026-04-29T01:00:28.385+0000] {processor.py:161} INFO - Started process (PID=334) to work on /home/airflow/.local/lib/python3.12/site-packages/airflow/example_dags/example_nested_branch_dag.py
[2026-04-29T01:00:28.386+0000] {processor.py:830} INFO - Processing file /home/airflow/.local/lib/python3.12/site-packages/airflow/example_dags/example_nested_branch_dag.py for tasks to queue
[2026-04-29T01:00:28.388+0000] {logging_mixin.py:188} INFO - [2026-04-29T01:00:28.388+0000] {dagbag.py:540} INFO - Filling up the DagBag from /home/airflow/.local/lib/python3.12/site-packages/airflow/example_dags/example_nested_branch_dag.py
[2026-04-29T01:00:28.400+0000] {processor.py:840} INFO - DAG(s) 'example_nested_branch_dag' retrieved from /home/airflow/.local/lib/python3.12/site-packages/airflow/example_dags/example_nested_branch_dag.py
[2026-04-29T01:00:28.455+0000] {logging_mixin.py:188} INFO - [2026-04-29T01:00:28.455+0000] {dag.py:3096} INFO - Sync 1 DAGs
[2026-04-29T01:00:28.570+0000] {logging_mixin.py:188} INFO - [2026-04-29T01:00:28.569+0000] {dag.py:3954} INFO - Setting next_dagrun for example_nested_branch_dag to 2026-04-28 00:00:00+00:00, run_after=2026-04-29 00:00:00+00:00
[2026-04-29T01:00:28.705+0000] {processor.py:183} INFO - Processing /home/airflow/.local/lib/python3.12/site-packages/airflow/example_dags/example_nested_branch_dag.py took 0.339 seconds
[2026-04-29T01:00:58.833+0000] {processor.py:161} INFO - Started process (PID=394) to work on /home/airflow/.local/lib/python3.12/site-packages/airflow/example_dags/example_nested_branch_dag.py
[2026-04-29T01:00:58.834+0000] {processor.py:830} INFO - Processing file /home/airflow/.local/lib/python3.12/site-packages/airflow/example_dags/example_nested_branch_dag.py for tasks to queue
[2026-04-29T01:00:58.836+0000] {logging_mixin.py:188} INFO - [2026-04-29T01:00:58.836+0000] {dagbag.py:540} INFO - Filling up the DagBag from /home/airflow/.local/lib/python3.12/site-packages/airflow/example_dags/example_nested_branch_dag.py
[2026-04-29T01:00:58.854+0000] {processor.py:840} INFO - DAG(s) 'example_nested_branch_dag' retrieved from /home/airflow/.local/lib/python3.12/site-packages/airflow/example_dags/example_nested_branch_dag.py
[2026-04-29T01:00:58.886+0000] {logging_mixin.py:188} INFO - [2026-04-29T01:00:58.886+0000] {dag.py:3096} INFO - Sync 1 DAGs
[2026-04-29T01:00:58.916+0000] {logging_mixin.py:188} INFO - [2026-04-29T01:00:58.916+0000] {dag.py:3954} INFO - Setting next_dagrun for example_nested_branch_dag to 2026-04-28 00:00:00+00:00, run_after=2026-04-29 00:00:00+00:00
[2026-04-29T01:00:58.941+0000] {processor.py:183} INFO - Processing /home/airflow/.local/lib/python3.12/site-packages/airflow/example_dags/example_nested_branch_dag.py took 0.124 seconds
[2026-04-29T01:01:31.210+0000] {processor.py:161} INFO - Started process (PID=460) to work on /home/airflow/.local/lib/python3.12/site-packages/airflow/example_dags/example_nested_branch_dag.py
[2026-04-29T01:01:31.213+0000] {processor.py:830} INFO - Processing file /home/airflow/.local/lib/python3.12/site-packages/airflow/example_dags/example_nested_branch_dag.py for tasks to queue
[2026-04-29T01:01:31.218+0000] {logging_mixin.py:188} INFO - [2026-04-29T01:01:31.217+0000] {dagbag.py:540} INFO - Filling up the DagBag from /home/airflow/.local/lib/python3.12/site-packages/airflow/example_dags/example_nested_branch_dag.py
[2026-04-29T01:01:31.236+0000] {processor.py:840} INFO - DAG(s) 'example_nested_branch_dag' retrieved from /home/airflow/.local/lib/python3.12/site-packages/airflow/example_dags/example_nested_branch_dag.py
[2026-04-29T01:01:31.293+0000] {logging_mixin.py:188} INFO - [2026-04-29T01:01:31.293+0000] {dag.py:3096} INFO - Sync 1 DAGs
[2026-04-29T01:01:31.368+0000] {logging_mixin.py:188} INFO - [2026-04-29T01:01:31.367+0000] {dag.py:3954} INFO - Setting next_dagrun for example_nested_branch_dag to 2026-04-28 00:00:00+00:00, run_after=2026-04-29 00:00:00+00:00
[2026-04-29T01:01:31.441+0000] {processor.py:183} INFO - Processing /home/airflow/.local/lib/python3.12/site-packages/airflow/example_dags/example_nested_branch_dag.py took 0.251 seconds
[2026-04-29T01:02:02.105+0000] {processor.py:161} INFO - Started process (PID=519) to work on /home/airflow/.local/lib/python3.12/site-packages/airflow/example_dags/example_nested_branch_dag.py
[2026-04-29T01:02:02.107+0000] {processor.py:830} INFO - Processing file /home/airflow/.local/lib/python3.12/site-packages/airflow/example_dags/example_nested_branch_dag.py for tasks to queue
[2026-04-29T01:02:02.113+0000] {logging_mixin.py:188} INFO - [2026-04-29T01:02:02.112+0000] {dagbag.py:540} INFO - Filling up the DagBag from /home/airflow/.local/lib/python3.12/site-packages/airflow/example_dags/example_nested_branch_dag.py
[2026-04-29T01:02:02.143+0000] {processor.py:840} INFO - DAG(s) 'example_nested_branch_dag' retrieved from /home/airflow/.local/lib/python3.12/site-packages/airflow/example_dags/example_nested_branch_dag.py
[2026-04-29T01:02:02.198+0000] {logging_mixin.py:188} INFO - [2026-04-29T01:02:02.196+0000] {dag.py:3096} INFO - Sync 1 DAGs
[2026-04-29T01:02:02.283+0000] {logging_mixin.py:188} INFO - [2026-04-29T01:02:02.281+0000] {dag.py:3954} INFO - Setting next_dagrun for example_nested_branch_dag to 2026-04-28 00:00:00+00:00, run_after=2026-04-29 00:00:00+00:00
[2026-04-29T01:02:02.336+0000] {processor.py:183} INFO - Processing /home/airflow/.local/lib/python3.12/site-packages/airflow/example_dags/example_nested_branch_dag.py took 0.262 seconds
[2026-04-29T01:02:33.275+0000] {processor.py:161} INFO - Started process (PID=578) to work on /home/airflow/.local/lib/python3.12/site-packages/airflow/example_dags/example_nested_branch_dag.py
[2026-04-29T01:02:33.276+0000] {processor.py:830} INFO - Processing file /home/airflow/.local/lib/python3.12/site-packages/airflow/example_dags/example_nested_branch_dag.py for tasks to queue
[2026-04-29T01:02:33.277+0000] {logging_mixin.py:188} INFO - [2026-04-29T01:02:33.277+0000] {dagbag.py:540} INFO - Filling up the DagBag from /home/airflow/.local/lib/python3.12/site-packages/airflow/example_dags/example_nested_branch_dag.py
[2026-04-29T01:02:33.290+0000] {processor.py:840} INFO - DAG(s) 'example_nested_branch_dag' retrieved from /home/airflow/.local/lib/python3.12/site-packages/airflow/example_dags/example_nested_branch_dag.py
[2026-04-29T01:02:33.320+0000] {logging_mixin.py:188} INFO - [2026-04-29T01:02:33.319+0000] {dag.py:3096} INFO - Sync 1 DAGs
[2026-04-29T01:02:33.348+0000] {logging_mixin.py:188} INFO - [2026-04-29T01:02:33.348+0000] {dag.py:3954} INFO - Setting next_dagrun for example_nested_branch_dag to 2026-04-28 00:00:00+00:00, run_after=2026-04-29 00:00:00+00:00
[2026-04-29T01:02:33.384+0000] {processor.py:183} INFO - Processing /home/airflow/.local/lib/python3.12/site-packages/airflow/example_dags/example_nested_branch_dag.py took 0.116 seconds
[2026-04-29T01:03:04.144+0000] {processor.py:161} INFO - Started process (PID=639) to work on /home/airflow/.local/lib/python3.12/site-packages/airflow/example_dags/example_nested_branch_dag.py
[2026-04-29T01:03:04.146+0000] {processor.py:830} INFO - Processing file /home/airflow/.local/lib/python3.12/site-packages/airflow/example_dags/example_nested_branch_dag.py for tasks to queue
[2026-04-29T01:03:04.150+0000] {logging_mixin.py:188} INFO - [2026-04-29T01:03:04.150+0000] {dagbag.py:540} INFO - Filling up the DagBag from /home/airflow/.local/lib/python3.12/site-packages/airflow/example_dags/example_nested_branch_dag.py
[2026-04-29T01:03:04.167+0000] {processor.py:840} INFO - DAG(s) 'example_nested_branch_dag' retrieved from /home/airflow/.local/lib/python3.12/site-packages/airflow/example_dags/example_nested_branch_dag.py
[2026-04-29T01:03:04.195+0000] {logging_mixin.py:188} INFO - [2026-04-29T01:03:04.194+0000] {dag.py:3096} INFO - Sync 1 DAGs
[2026-04-29T01:03:04.231+0000] {logging_mixin.py:188} INFO - [2026-04-29T01:03:04.230+0000] {dag.py:3954} INFO - Setting next_dagrun for example_nested_branch_dag to 2026-04-28 00:00:00+00:00, run_after=2026-04-29 00:00:00+00:00
[2026-04-29T01:03:04.252+0000] {processor.py:183} INFO - Processing /home/airflow/.local/lib/python3.12/site-packages/airflow/example_dags/example_nested_branch_dag.py took 0.115 seconds
[2026-04-29T01:03:35.021+0000] {processor.py:161} INFO - Started process (PID=699) to work on /home/airflow/.local/lib/python3.12/site-packages/airflow/example_dags/example_nested_branch_dag.py
[2026-04-29T01:03:35.022+0000] {processor.py:830} INFO - Processing file /home/airflow/.local/lib/python3.12/site-packages/airflow/example_dags/example_nested_branch_dag.py for tasks to queue
[2026-04-29T01:03:35.025+0000] {logging_mixin.py:188} INFO - [2026-04-29T01:03:35.024+0000] {dagbag.py:540} INFO - Filling up the DagBag from /home/airflow/.local/lib/python3.12/site-packages/airflow/example_dags/example_nested_branch_dag.py
[2026-04-29T01:03:35.042+0000] {processor.py:840} INFO - DAG(s) 'example_nested_branch_dag' retrieved from /home/airflow/.local/lib/python3.12/site-packages/airflow/example_dags/example_nested_branch_dag.py
[2026-04-29T01:03:35.110+0000] {logging_mixin.py:188} INFO - [2026-04-29T01:03:35.109+0000] {dag.py:3096} INFO - Sync 1 DAGs
[2026-04-29T01:03:35.180+0000] {logging_mixin.py:188} INFO - [2026-04-29T01:03:35.180+0000] {dag.py:3954} INFO - Setting next_dagrun for example_nested_branch_dag to 2026-04-28 00:00:00+00:00, run_after=2026-04-29 00:00:00+00:00
[2026-04-29T01:03:35.232+0000] {processor.py:183} INFO - Processing /home/airflow/.local/lib/python3.12/site-packages/airflow/example_dags/example_nested_branch_dag.py took 0.221 seconds
[2026-04-29T01:04:05.911+0000] {processor.py:161} INFO - Started process (PID=759) to work on /home/airflow/.local/lib/python3.12/site-packages/airflow/example_dags/example_nested_branch_dag.py
[2026-04-29T01:04:05.914+0000] {processor.py:830} INFO - Processing file /home/airflow/.local/lib/python3.12/site-packages/airflow/example_dags/example_nested_branch_dag.py for tasks to queue
[2026-04-29T01:04:05.919+0000] {logging_mixin.py:188} INFO - [2026-04-29T01:04:05.918+0000] {dagbag.py:540} INFO - Filling up the DagBag from /home/airflow/.local/lib/python3.12/site-packages/airflow/example_dags/example_nested_branch_dag.py
[2026-04-29T01:04:05.954+0000] {processor.py:840} INFO - DAG(s) 'example_nested_branch_dag' retrieved from /home/airflow/.local/lib/python3.12/site-packages/airflow/example_dags/example_nested_branch_dag.py
[2026-04-29T01:04:06.078+0000] {logging_mixin.py:188} INFO - [2026-04-29T01:04:06.075+0000] {dag.py:3096} INFO - Sync 1 DAGs
[2026-04-29T01:04:06.183+0000] {logging_mixin.py:188} INFO - [2026-04-29T01:04:06.183+0000] {dag.py:3954} INFO - Setting next_dagrun for example_nested_branch_dag to 2026-04-28 00:00:00+00:00, run_after=2026-04-29 00:00:00+00:00
[2026-04-29T01:04:06.248+0000] {processor.py:183} INFO - Processing /home/airflow/.local/lib/python3.12/site-packages/airflow/example_dags/example_nested_branch_dag.py took 0.355 seconds
[2026-04-29T01:04:36.819+0000] {processor.py:161} INFO - Started process (PID=819) to work on /home/airflow/.local/lib/python3.12/site-packages/airflow/example_dags/example_nested_branch_dag.py
[2026-04-29T01:04:36.823+0000] {processor.py:830} INFO - Processing file /home/airflow/.local/lib/python3.12/site-packages/airflow/example_dags/example_nested_branch_dag.py for tasks to queue
[2026-04-29T01:04:36.835+0000] {logging_mixin.py:188} INFO - [2026-04-29T01:04:36.830+0000] {dagbag.py:540} INFO - Filling up the DagBag from /home/airflow/.local/lib/python3.12/site-packages/airflow/example_dags/example_nested_branch_dag.py
[2026-04-29T01:04:36.892+0000] {processor.py:840} INFO - DAG(s) 'example_nested_branch_dag' retrieved from /home/airflow/.local/lib/python3.12/site-packages/airflow/example_dags/example_nested_branch_dag.py
[2026-04-29T01:04:36.989+0000] {logging_mixin.py:188} INFO - [2026-04-29T01:04:36.988+0000] {dag.py:3096} INFO - Sync 1 DAGs
[2026-04-29T01:04:37.020+0000] {logging_mixin.py:188} INFO - [2026-04-29T01:04:37.020+0000] {dag.py:3954} INFO - Setting next_dagrun for example_nested_branch_dag to 2026-04-28 00:00:00+00:00, run_after=2026-04-29 00:00:00+00:00
[2026-04-29T01:04:37.078+0000] {processor.py:183} INFO - Processing /home/airflow/.local/lib/python3.12/site-packages/airflow/example_dags/example_nested_branch_dag.py took 0.279 seconds
[2026-04-29T01:05:07.537+0000] {processor.py:161} INFO - Started process (PID=882) to work on /home/airflow/.local/lib/python3.12/site-packages/airflow/example_dags/example_nested_branch_dag.py
[2026-04-29T01:05:07.540+0000] {processor.py:830} INFO - Processing file /home/airflow/.local/lib/python3.12/site-packages/airflow/example_dags/example_nested_branch_dag.py for tasks to queue
[2026-04-29T01:05:07.543+0000] {logging_mixin.py:188} INFO - [2026-04-29T01:05:07.543+0000] {dagbag.py:540} INFO - Filling up the DagBag from /home/airflow/.local/lib/python3.12/site-packages/airflow/example_dags/example_nested_branch_dag.py
[2026-04-29T01:05:07.592+0000] {processor.py:840} INFO - DAG(s) 'example_nested_branch_dag' retrieved from /home/airflow/.local/lib/python3.12/site-packages/airflow/example_dags/example_nested_branch_dag.py
[2026-04-29T01:05:07.665+0000] {logging_mixin.py:188} INFO - [2026-04-29T01:05:07.662+0000] {dag.py:3096} INFO - Sync 1 DAGs
[2026-04-29T01:05:07.739+0000] {logging_mixin.py:188} INFO - [2026-04-29T01:05:07.739+0000] {dag.py:3954} INFO - Setting next_dagrun for example_nested_branch_dag to 2026-04-28 00:00:00+00:00, run_after=2026-04-29 00:00:00+00:00
[2026-04-29T01:05:07.781+0000] {processor.py:183} INFO - Processing /home/airflow/.local/lib/python3.12/site-packages/airflow/example_dags/example_nested_branch_dag.py took 0.262 seconds
[2026-04-29T01:05:38.278+0000] {processor.py:161} INFO - Started process (PID=942) to work on /home/airflow/.local/lib/python3.12/site-packages/airflow/example_dags/example_nested_branch_dag.py
[2026-04-29T01:05:38.279+0000] {processor.py:830} INFO - Processing file /home/airflow/.local/lib/python3.12/site-packages/airflow/example_dags/example_nested_branch_dag.py for tasks to queue
[2026-04-29T01:05:38.283+0000] {logging_mixin.py:188} INFO - [2026-04-29T01:05:38.283+0000] {dagbag.py:540} INFO - Filling up the DagBag from /home/airflow/.local/lib/python3.12/site-packages/airflow/example_dags/example_nested_branch_dag.py
[2026-04-29T01:05:38.328+0000] {processor.py:840} INFO - DAG(s) 'example_nested_branch_dag' retrieved from /home/airflow/.local/lib/python3.12/site-packages/airflow/example_dags/example_nested_branch_dag.py
[2026-04-29T01:05:38.406+0000] {logging_mixin.py:188} INFO - [2026-04-29T01:05:38.406+0000] {dag.py:3096} INFO - Sync 1 DAGs
[2026-04-29T01:05:38.438+0000] {logging_mixin.py:188} INFO - [2026-04-29T01:05:38.438+0000] {dag.py:3954} INFO - Setting next_dagrun for example_nested_branch_dag to 2026-04-28 00:00:00+00:00, run_after=2026-04-29 00:00:00+00:00
[2026-04-29T01:05:38.721+0000] {processor.py:183} INFO - Processing /home/airflow/.local/lib/python3.12/site-packages/airflow/example_dags/example_nested_branch_dag.py took 0.450 seconds
[2026-04-29T01:06:09.624+0000] {processor.py:161} INFO - Started process (PID=1004) to work on /home/airflow/.local/lib/python3.12/site-packages/airflow/example_dags/example_nested_branch_dag.py
[2026-04-29T01:06:09.707+0000] {processor.py:830} INFO - Processing file /home/airflow/.local/lib/python3.12/site-packages/airflow/example_dags/example_nested_branch_dag.py for tasks to queue
[2026-04-29T01:06:09.710+0000] {logging_mixin.py:188} INFO - [2026-04-29T01:06:09.709+0000] {dagbag.py:540} INFO - Filling up the DagBag from /home/airflow/.local/lib/python3.12/site-packages/airflow/example_dags/example_nested_branch_dag.py
[2026-04-29T01:06:09.742+0000] {processor.py:840} INFO - DAG(s) 'example_nested_branch_dag' retrieved from /home/airflow/.local/lib/python3.12/site-packages/airflow/example_dags/example_nested_branch_dag.py
[2026-04-29T01:06:09.826+0000] {logging_mixin.py:188} INFO - [2026-04-29T01:06:09.822+0000] {dag.py:3096} INFO - Sync 1 DAGs
[2026-04-29T01:06:09.934+0000] {logging_mixin.py:188} INFO - [2026-04-29T01:06:09.934+0000] {dag.py:3954} INFO - Setting next_dagrun for example_nested_branch_dag to 2026-04-28 00:00:00+00:00, run_after=2026-04-29 00:00:00+00:00
[2026-04-29T01:06:10.012+0000] {processor.py:183} INFO - Processing /home/airflow/.local/lib/python3.12/site-packages/airflow/example_dags/example_nested_branch_dag.py took 0.393 seconds
[2026-04-29T01:06:41.228+0000] {processor.py:161} INFO - Started process (PID=1063) to work on /home/airflow/.local/lib/python3.12/site-packages/airflow/example_dags/example_nested_branch_dag.py
[2026-04-29T01:06:41.243+0000] {processor.py:830} INFO - Processing file /home/airflow/.local/lib/python3.12/site-packages/airflow/example_dags/example_nested_branch_dag.py for tasks to queue
[2026-04-29T01:06:41.245+0000] {logging_mixin.py:188} INFO - [2026-04-29T01:06:41.245+0000] {dagbag.py:540} INFO - Filling up the DagBag from /home/airflow/.local/lib/python3.12/site-packages/airflow/example_dags/example_nested_branch_dag.py
[2026-04-29T01:06:41.260+0000] {processor.py:840} INFO - DAG(s) 'example_nested_branch_dag' retrieved from /home/airflow/.local/lib/python3.12/site-packages/airflow/example_dags/example_nested_branch_dag.py
[2026-04-29T01:06:41.297+0000] {logging_mixin.py:188} INFO - [2026-04-29T01:06:41.296+0000] {dag.py:3096} INFO - Sync 1 DAGs
[2026-04-29T01:06:41.368+0000] {logging_mixin.py:188} INFO - [2026-04-29T01:06:41.368+0000] {dag.py:3954} INFO - Setting next_dagrun for example_nested_branch_dag to 2026-04-28 00:00:00+00:00, run_after=2026-04-29 00:00:00+00:00
[2026-04-29T01:06:41.430+0000] {processor.py:183} INFO - Processing /home/airflow/.local/lib/python3.12/site-packages/airflow/example_dags/example_nested_branch_dag.py took 0.235 seconds
[2026-04-29T01:07:12.141+0000] {processor.py:161} INFO - Started process (PID=1122) to work on /home/airflow/.local/lib/python3.12/site-packages/airflow/example_dags/example_nested_branch_dag.py
[2026-04-29T01:07:12.142+0000] {processor.py:830} INFO - Processing file /home/airflow/.local/lib/python3.12/site-packages/airflow/example_dags/example_nested_branch_dag.py for tasks to queue
[2026-04-29T01:07:12.144+0000] {logging_mixin.py:188} INFO - [2026-04-29T01:07:12.144+0000] {dagbag.py:540} INFO - Filling up the DagBag from /home/airflow/.local/lib/python3.12/site-packages/airflow/example_dags/example_nested_branch_dag.py
[2026-04-29T01:07:12.155+0000] {processor.py:840} INFO - DAG(s) 'example_nested_branch_dag' retrieved from /home/airflow/.local/lib/python3.12/site-packages/airflow/example_dags/example_nested_branch_dag.py
[2026-04-29T01:07:12.181+0000] {logging_mixin.py:188} INFO - [2026-04-29T01:07:12.181+0000] {dag.py:3096} INFO - Sync 1 DAGs
[2026-04-29T01:07:12.481+0000] {logging_mixin.py:188} INFO - [2026-04-29T01:07:12.480+0000] {dag.py:3954} INFO - Setting next_dagrun for example_nested_branch_dag to 2026-04-28 00:00:00+00:00, run_after=2026-04-29 00:00:00+00:00
[2026-04-29T01:07:12.534+0000] {processor.py:183} INFO - Processing /home/airflow/.local/lib/python3.12/site-packages/airflow/example_dags/example_nested_branch_dag.py took 0.398 seconds
[2026-04-29T01:07:43.258+0000] {processor.py:161} INFO - Started process (PID=1181) to work on /home/airflow/.local/lib/python3.12/site-packages/airflow/example_dags/example_nested_branch_dag.py
[2026-04-29T01:07:43.263+0000] {processor.py:830} INFO - Processing file /home/airflow/.local/lib/python3.12/site-packages/airflow/example_dags/example_nested_branch_dag.py for tasks to queue
[2026-04-29T01:07:43.268+0000] {logging_mixin.py:188} INFO - [2026-04-29T01:07:43.267+0000] {dagbag.py:540} INFO - Filling up the DagBag from /home/airflow/.local/lib/python3.12/site-packages/airflow/example_dags/example_nested_branch_dag.py
[2026-04-29T01:07:43.293+0000] {processor.py:840} INFO - DAG(s) 'example_nested_branch_dag' retrieved from /home/airflow/.local/lib/python3.12/site-packages/airflow/example_dags/example_nested_branch_dag.py
[2026-04-29T01:07:43.325+0000] {logging_mixin.py:188} INFO - [2026-04-29T01:07:43.325+0000] {dag.py:3096} INFO - Sync 1 DAGs
[2026-04-29T01:07:43.354+0000] {logging_mixin.py:188} INFO - [2026-04-29T01:07:43.354+0000] {dag.py:3954} INFO - Setting next_dagrun for example_nested_branch_dag to 2026-04-28 00:00:00+00:00, run_after=2026-04-29 00:00:00+00:00
[2026-04-29T01:07:43.783+0000] {processor.py:183} INFO - Processing /home/airflow/.local/lib/python3.12/site-packages/airflow/example_dags/example_nested_branch_dag.py took 0.545 seconds
[2026-04-29T01:08:14.707+0000] {processor.py:161} INFO - Started process (PID=1241) to work on /home/airflow/.local/lib/python3.12/site-packages/airflow/example_dags/example_nested_branch_dag.py
[2026-04-29T01:08:14.708+0000] {processor.py:830} INFO - Processing file /home/airflow/.local/lib/python3.12/site-packages/airflow/example_dags/example_nested_branch_dag.py for tasks to queue
[2026-04-29T01:08:14.710+0000] {logging_mixin.py:188} INFO - [2026-04-29T01:08:14.710+0000] {dagbag.py:540} INFO - Filling up the DagBag from /home/airflow/.local/lib/python3.12/site-packages/airflow/example_dags/example_nested_branch_dag.py
[2026-04-29T01:08:14.726+0000] {processor.py:840} INFO - DAG(s) 'example_nested_branch_dag' retrieved from /home/airflow/.local/lib/python3.12/site-packages/airflow/example_dags/example_nested_branch_dag.py
[2026-04-29T01:08:14.755+0000] {logging_mixin.py:188} INFO - [2026-04-29T01:08:14.754+0000] {dag.py:3096} INFO - Sync 1 DAGs
[2026-04-29T01:08:14.782+0000] {logging_mixin.py:188} INFO - [2026-04-29T01:08:14.782+0000] {dag.py:3954} INFO - Setting next_dagrun for example_nested_branch_dag to 2026-04-28 00:00:00+00:00, run_after=2026-04-29 00:00:00+00:00
[2026-04-29T01:08:14.803+0000] {processor.py:183} INFO - Processing /home/airflow/.local/lib/python3.12/site-packages/airflow/example_dags/example_nested_branch_dag.py took 0.110 seconds
[2026-04-29T01:08:46.049+0000] {processor.py:161} INFO - Started process (PID=1301) to work on /home/airflow/.local/lib/python3.12/site-packages/airflow/example_dags/example_nested_branch_dag.py
[2026-04-29T01:08:46.112+0000] {processor.py:830} INFO - Processing file /home/airflow/.local/lib/python3.12/site-packages/airflow/example_dags/example_nested_branch_dag.py for tasks to queue
[2026-04-29T01:08:46.117+0000] {logging_mixin.py:188} INFO - [2026-04-29T01:08:46.116+0000] {dagbag.py:540} INFO - Filling up the DagBag from /home/airflow/.local/lib/python3.12/site-packages/airflow/example_dags/example_nested_branch_dag.py
[2026-04-29T01:08:46.211+0000] {processor.py:840} INFO - DAG(s) 'example_nested_branch_dag' retrieved from /home/airflow/.local/lib/python3.12/site-packages/airflow/example_dags/example_nested_branch_dag.py
[2026-04-29T01:08:46.475+0000] {logging_mixin.py:188} INFO - [2026-04-29T01:08:46.475+0000] {dag.py:3096} INFO - Sync 1 DAGs
[2026-04-29T01:08:46.654+0000] {logging_mixin.py:188} INFO - [2026-04-29T01:08:46.649+0000] {dag.py:3954} INFO - Setting next_dagrun for example_nested_branch_dag to 2026-04-28 00:00:00+00:00, run_after=2026-04-29 00:00:00+00:00
[2026-04-29T01:08:46.733+0000] {processor.py:183} INFO - Processing /home/airflow/.local/lib/python3.12/site-packages/airflow/example_dags/example_nested_branch_dag.py took 0.735 seconds
[2026-04-29T01:09:17.503+0000] {processor.py:161} INFO - Started process (PID=1361) to work on /home/airflow/.local/lib/python3.12/site-packages/airflow/example_dags/example_nested_branch_dag.py
[2026-04-29T01:09:17.505+0000] {processor.py:830} INFO - Processing file /home/airflow/.local/lib/python3.12/site-packages/airflow/example_dags/example_nested_branch_dag.py for tasks to queue
[2026-04-29T01:09:17.507+0000] {logging_mixin.py:188} INFO - [2026-04-29T01:09:17.507+0000] {dagbag.py:540} INFO - Filling up the DagBag from /home/airflow/.local/lib/python3.12/site-packages/airflow/example_dags/example_nested_branch_dag.py
[2026-04-29T01:09:17.568+0000] {processor.py:840} INFO - DAG(s) 'example_nested_branch_dag' retrieved from /home/airflow/.local/lib/python3.12/site-packages/airflow/example_dags/example_nested_branch_dag.py
[2026-04-29T01:09:17.661+0000] {logging_mixin.py:188} INFO - [2026-04-29T01:09:17.660+0000] {dag.py:3096} INFO - Sync 1 DAGs
[2026-04-29T01:09:17.806+0000] {logging_mixin.py:188} INFO - [2026-04-29T01:09:17.805+0000] {dag.py:3954} INFO - Setting next_dagrun for example_nested_branch_dag to 2026-04-28 00:00:00+00:00, run_after=2026-04-29 00:00:00+00:00
[2026-04-29T01:09:17.944+0000] {processor.py:183} INFO - Processing /home/airflow/.local/lib/python3.12/site-packages/airflow/example_dags/example_nested_branch_dag.py took 0.468 seconds
[2026-04-29T01:09:48.097+0000] {processor.py:161} INFO - Started process (PID=1421) to work on /home/airflow/.local/lib/python3.12/site-packages/airflow/example_dags/example_nested_branch_dag.py
[2026-04-29T01:09:48.099+0000] {processor.py:830} INFO - Processing file /home/airflow/.local/lib/python3.12/site-packages/airflow/example_dags/example_nested_branch_dag.py for tasks to queue
[2026-04-29T01:09:48.101+0000] {logging_mixin.py:188} INFO - [2026-04-29T01:09:48.100+0000] {dagbag.py:540} INFO - Filling up the DagBag from /home/airflow/.local/lib/python3.12/site-packages/airflow/example_dags/example_nested_branch_dag.py
[2026-04-29T01:09:48.110+0000] {processor.py:840} INFO - DAG(s) 'example_nested_branch_dag' retrieved from /home/airflow/.local/lib/python3.12/site-packages/airflow/example_dags/example_nested_branch_dag.py
[2026-04-29T01:09:48.130+0000] {logging_mixin.py:188} INFO - [2026-04-29T01:09:48.130+0000] {dag.py:3096} INFO - Sync 1 DAGs
[2026-04-29T01:09:48.149+0000] {logging_mixin.py:188} INFO - [2026-04-29T01:09:48.149+0000] {dag.py:3954} INFO - Setting next_dagrun for example_nested_branch_dag to 2026-04-28 00:00:00+00:00, run_after=2026-04-29 00:00:00+00:00
[2026-04-29T01:09:48.164+0000] {processor.py:183} INFO - Processing /home/airflow/.local/lib/python3.12/site-packages/airflow/example_dags/example_nested_branch_dag.py took 0.072 seconds
[2026-04-29T01:10:18.674+0000] {processor.py:161} INFO - Started process (PID=1481) to work on /home/airflow/.local/lib/python3.12/site-packages/airflow/example_dags/example_nested_branch_dag.py
[2026-04-29T01:10:18.684+0000] {processor.py:830} INFO - Processing file /home/airflow/.local/lib/python3.12/site-packages/airflow/example_dags/example_nested_branch_dag.py for tasks to queue
[2026-04-29T01:10:18.688+0000] {logging_mixin.py:188} INFO - [2026-04-29T01:10:18.687+0000] {dagbag.py:540} INFO - Filling up the DagBag from /home/airflow/.local/lib/python3.12/site-packages/airflow/example_dags/example_nested_branch_dag.py
[2026-04-29T01:10:18.708+0000] {processor.py:840} INFO - DAG(s) 'example_nested_branch_dag' retrieved from /home/airflow/.local/lib/python3.12/site-packages/airflow/example_dags/example_nested_branch_dag.py
[2026-04-29T01:10:18.746+0000] {logging_mixin.py:188} INFO - [2026-04-29T01:10:18.746+0000] {dag.py:3096} INFO - Sync 1 DAGs
[2026-04-29T01:10:18.815+0000] {logging_mixin.py:188} INFO - [2026-04-29T01:10:18.815+0000] {dag.py:3954} INFO - Setting next_dagrun for example_nested_branch_dag to 2026-04-28 00:00:00+00:00, run_after=2026-04-29 00:00:00+00:00
[2026-04-29T01:10:18.857+0000] {processor.py:183} INFO - Processing /home/airflow/.local/lib/python3.12/site-packages/airflow/example_dags/example_nested_branch_dag.py took 0.199 seconds
[2026-04-29T01:10:49.276+0000] {processor.py:161} INFO - Started process (PID=1541) to work on /home/airflow/.local/lib/python3.12/site-packages/airflow/example_dags/example_nested_branch_dag.py
[2026-04-29T01:10:49.278+0000] {processor.py:830} INFO - Processing file /home/airflow/.local/lib/python3.12/site-packages/airflow/example_dags/example_nested_branch_dag.py for tasks to queue
[2026-04-29T01:10:49.282+0000] {logging_mixin.py:188} INFO - [2026-04-29T01:10:49.282+0000] {dagbag.py:540} INFO - Filling up the DagBag from /home/airflow/.local/lib/python3.12/site-packages/airflow/example_dags/example_nested_branch_dag.py
[2026-04-29T01:10:49.305+0000] {processor.py:840} INFO - DAG(s) 'example_nested_branch_dag' retrieved from /home/airflow/.local/lib/python3.12/site-packages/airflow/example_dags/example_nested_branch_dag.py
[2026-04-29T01:10:49.350+0000] {logging_mixin.py:188} INFO - [2026-04-29T01:10:49.350+0000] {dag.py:3096} INFO - Sync 1 DAGs
[2026-04-29T01:10:49.438+0000] {logging_mixin.py:188} INFO - [2026-04-29T01:10:49.438+0000] {dag.py:3954} INFO - Setting next_dagrun for example_nested_branch_dag to 2026-04-28 00:00:00+00:00, run_after=2026-04-29 00:00:00+00:00
[2026-04-29T01:10:49.467+0000] {processor.py:183} INFO - Processing /home/airflow/.local/lib/python3.12/site-packages/airflow/example_dags/example_nested_branch_dag.py took 0.215 seconds
[2026-04-29T01:11:19.876+0000] {processor.py:161} INFO - Started process (PID=1600) to work on /home/airflow/.local/lib/python3.12/site-packages/airflow/example_dags/example_nested_branch_dag.py
[2026-04-29T01:11:19.880+0000] {processor.py:830} INFO - Processing file /home/airflow/.local/lib/python3.12/site-packages/airflow/example_dags/example_nested_branch_dag.py for tasks to queue
[2026-04-29T01:11:19.891+0000] {logging_mixin.py:188} INFO - [2026-04-29T01:11:19.891+0000] {dagbag.py:540} INFO - Filling up the DagBag from /home/airflow/.local/lib/python3.12/site-packages/airflow/example_dags/example_nested_branch_dag.py
[2026-04-29T01:11:19.904+0000] {processor.py:840} INFO - DAG(s) 'example_nested_branch_dag' retrieved from /home/airflow/.local/lib/python3.12/site-packages/airflow/example_dags/example_nested_branch_dag.py
[2026-04-29T01:11:19.955+0000] {logging_mixin.py:188} INFO - [2026-04-29T01:11:19.955+0000] {dag.py:3096} INFO - Sync 1 DAGs
[2026-04-29T01:11:20.016+0000] {logging_mixin.py:188} INFO - [2026-04-29T01:11:20.015+0000] {dag.py:3954} INFO - Setting next_dagrun for example_nested_branch_dag to 2026-04-28 00:00:00+00:00, run_after=2026-04-29 00:00:00+00:00
[2026-04-29T01:11:20.067+0000] {processor.py:183} INFO - Processing /home/airflow/.local/lib/python3.12/site-packages/airflow/example_dags/example_nested_branch_dag.py took 0.206 seconds
[2026-04-29T01:11:50.750+0000] {processor.py:161} INFO - Started process (PID=1660) to work on /home/airflow/.local/lib/python3.12/site-packages/airflow/example_dags/example_nested_branch_dag.py
[2026-04-29T01:11:50.751+0000] {processor.py:830} INFO - Processing file /home/airflow/.local/lib/python3.12/site-packages/airflow/example_dags/example_nested_branch_dag.py for tasks to queue
[2026-04-29T01:11:50.753+0000] {logging_mixin.py:188} INFO - [2026-04-29T01:11:50.753+0000] {dagbag.py:540} INFO - Filling up the DagBag from /home/airflow/.local/lib/python3.12/site-packages/airflow/example_dags/example_nested_branch_dag.py
[2026-04-29T01:11:50.771+0000] {processor.py:840} INFO - DAG(s) 'example_nested_branch_dag' retrieved from /home/airflow/.local/lib/python3.12/site-packages/airflow/example_dags/example_nested_branch_dag.py
[2026-04-29T01:11:50.898+0000] {logging_mixin.py:188} INFO - [2026-04-29T01:11:50.897+0000] {dag.py:3096} INFO - Sync 1 DAGs
[2026-04-29T01:11:50.952+0000] {logging_mixin.py:188} INFO - [2026-04-29T01:11:50.952+0000] {dag.py:3954} INFO - Setting next_dagrun for example_nested_branch_dag to 2026-04-28 00:00:00+00:00, run_after=2026-04-29 00:00:00+00:00
[2026-04-29T01:11:50.988+0000] {processor.py:183} INFO - Processing /home/airflow/.local/lib/python3.12/site-packages/airflow/example_dags/example_nested_branch_dag.py took 0.252 seconds
[2026-04-29T01:12:21.430+0000] {processor.py:161} INFO - Started process (PID=1720) to work on /home/airflow/.local/lib/python3.12/site-packages/airflow/example_dags/example_nested_branch_dag.py
[2026-04-29T01:12:21.434+0000] {processor.py:830} INFO - Processing file /home/airflow/.local/lib/python3.12/site-packages/airflow/example_dags/example_nested_branch_dag.py for tasks to queue
[2026-04-29T01:12:21.436+0000] {logging_mixin.py:188} INFO - [2026-04-29T01:12:21.435+0000] {dagbag.py:540} INFO - Filling up the DagBag from /home/airflow/.local/lib/python3.12/site-packages/airflow/example_dags/example_nested_branch_dag.py
[2026-04-29T01:12:21.448+0000] {processor.py:840} INFO - DAG(s) 'example_nested_branch_dag' retrieved from /home/airflow/.local/lib/python3.12/site-packages/airflow/example_dags/example_nested_branch_dag.py
[2026-04-29T01:12:21.479+0000] {logging_mixin.py:188} INFO - [2026-04-29T01:12:21.478+0000] {dag.py:3096} INFO - Sync 1 DAGs
[2026-04-29T01:12:21.510+0000] {logging_mixin.py:188} INFO - [2026-04-29T01:12:21.510+0000] {dag.py:3954} INFO - Setting next_dagrun for example_nested_branch_dag to 2026-04-28 00:00:00+00:00, run_after=2026-04-29 00:00:00+00:00
[2026-04-29T01:12:21.533+0000] {processor.py:183} INFO - Processing /home/airflow/.local/lib/python3.12/site-packages/airflow/example_dags/example_nested_branch_dag.py took 0.109 seconds
[2026-04-29T01:12:52.160+0000] {processor.py:161} INFO - Started process (PID=1780) to work on /home/airflow/.local/lib/python3.12/site-packages/airflow/example_dags/example_nested_branch_dag.py
[2026-04-29T01:12:52.161+0000] {processor.py:830} INFO - Processing file /home/airflow/.local/lib/python3.12/site-packages/airflow/example_dags/example_nested_branch_dag.py for tasks to queue
[2026-04-29T01:12:52.163+0000] {logging_mixin.py:188} INFO - [2026-04-29T01:12:52.163+0000] {dagbag.py:540} INFO - Filling up the DagBag from /home/airflow/.local/lib/python3.12/site-packages/airflow/example_dags/example_nested_branch_dag.py
[2026-04-29T01:12:52.175+0000] {processor.py:840} INFO - DAG(s) 'example_nested_branch_dag' retrieved from /home/airflow/.local/lib/python3.12/site-packages/airflow/example_dags/example_nested_branch_dag.py
[2026-04-29T01:12:52.203+0000] {logging_mixin.py:188} INFO - [2026-04-29T01:12:52.203+0000] {dag.py:3096} INFO - Sync 1 DAGs
[2026-04-29T01:12:52.233+0000] {logging_mixin.py:188} INFO - [2026-04-29T01:12:52.233+0000] {dag.py:3954} INFO - Setting next_dagrun for example_nested_branch_dag to 2026-04-28 00:00:00+00:00, run_after=2026-04-29 00:00:00+00:00
[2026-04-29T01:12:52.265+0000] {processor.py:183} INFO - Processing /home/airflow/.local/lib/python3.12/site-packages/airflow/example_dags/example_nested_branch_dag.py took 0.113 seconds
[2026-04-29T01:13:22.957+0000] {processor.py:161} INFO - Started process (PID=1840) to work on /home/airflow/.local/lib/python3.12/site-packages/airflow/example_dags/example_nested_branch_dag.py
[2026-04-29T01:13:22.963+0000] {processor.py:830} INFO - Processing file /home/airflow/.local/lib/python3.12/site-packages/airflow/example_dags/example_nested_branch_dag.py for tasks to queue
[2026-04-29T01:13:22.974+0000] {logging_mixin.py:188} INFO - [2026-04-29T01:13:22.973+0000] {dagbag.py:540} INFO - Filling up the DagBag from /home/airflow/.local/lib/python3.12/site-packages/airflow/example_dags/example_nested_branch_dag.py
[2026-04-29T01:13:23.023+0000] {processor.py:840} INFO - DAG(s) 'example_nested_branch_dag' retrieved from /home/airflow/.local/lib/python3.12/site-packages/airflow/example_dags/example_nested_branch_dag.py
[2026-04-29T01:13:23.256+0000] {logging_mixin.py:188} INFO - [2026-04-29T01:13:23.249+0000] {dag.py:3096} INFO - Sync 1 DAGs
[2026-04-29T01:13:23.407+0000] {logging_mixin.py:188} INFO - [2026-04-29T01:13:23.406+0000] {dag.py:3954} INFO - Setting next_dagrun for example_nested_branch_dag to 2026-04-28 00:00:00+00:00, run_after=2026-04-29 00:00:00+00:00
[2026-04-29T01:13:23.482+0000] {processor.py:183} INFO - Processing /home/airflow/.local/lib/python3.12/site-packages/airflow/example_dags/example_nested_branch_dag.py took 0.555 seconds
[2026-04-29T01:14:05.269+0000] {processor.py:161} INFO - Started process (PID=1898) to work on /home/airflow/.local/lib/python3.12/site-packages/airflow/example_dags/example_nested_branch_dag.py
[2026-04-29T01:14:05.274+0000] {processor.py:830} INFO - Processing file /home/airflow/.local/lib/python3.12/site-packages/airflow/example_dags/example_nested_branch_dag.py for tasks to queue
[2026-04-29T01:14:05.280+0000] {logging_mixin.py:188} INFO - [2026-04-29T01:14:05.278+0000] {dagbag.py:540} INFO - Filling up the DagBag from /home/airflow/.local/lib/python3.12/site-packages/airflow/example_dags/example_nested_branch_dag.py
[2026-04-29T01:14:05.320+0000] {processor.py:840} INFO - DAG(s) 'example_nested_branch_dag' retrieved from /home/airflow/.local/lib/python3.12/site-packages/airflow/example_dags/example_nested_branch_dag.py
[2026-04-29T01:14:05.372+0000] {logging_mixin.py:188} INFO - [2026-04-29T01:14:05.371+0000] {dag.py:3096} INFO - Sync 1 DAGs
[2026-04-29T01:14:05.461+0000] {logging_mixin.py:188} INFO - [2026-04-29T01:14:05.461+0000] {dag.py:3954} INFO - Setting next_dagrun for example_nested_branch_dag to 2026-04-28 00:00:00+00:00, run_after=2026-04-29 00:00:00+00:00
[2026-04-29T01:14:05.531+0000] {processor.py:183} INFO - Processing /home/airflow/.local/lib/python3.12/site-packages/airflow/example_dags/example_nested_branch_dag.py took 0.282 seconds
[2026-04-29T01:14:36.377+0000] {processor.py:161} INFO - Started process (PID=1957) to work on /home/airflow/.local/lib/python3.12/site-packages/airflow/example_dags/example_nested_branch_dag.py
[2026-04-29T01:14:36.379+0000] {processor.py:830} INFO - Processing file /home/airflow/.local/lib/python3.12/site-packages/airflow/example_dags/example_nested_branch_dag.py for tasks to queue
[2026-04-29T01:14:36.383+0000] {logging_mixin.py:188} INFO - [2026-04-29T01:14:36.383+0000] {dagbag.py:540} INFO - Filling up the DagBag from /home/airflow/.local/lib/python3.12/site-packages/airflow/example_dags/example_nested_branch_dag.py
[2026-04-29T01:14:36.408+0000] {processor.py:840} INFO - DAG(s) 'example_nested_branch_dag' retrieved from /home/airflow/.local/lib/python3.12/site-packages/airflow/example_dags/example_nested_branch_dag.py
[2026-04-29T01:14:36.449+0000] {logging_mixin.py:188} INFO - [2026-04-29T01:14:36.449+0000] {dag.py:3096} INFO - Sync 1 DAGs
[2026-04-29T01:14:36.481+0000] {logging_mixin.py:188} INFO - [2026-04-29T01:14:36.481+0000] {dag.py:3954} INFO - Setting next_dagrun for example_nested_branch_dag to 2026-04-28 00:00:00+00:00, run_after=2026-04-29 00:00:00+00:00
[2026-04-29T01:14:36.519+0000] {processor.py:183} INFO - Processing /home/airflow/.local/lib/python3.12/site-packages/airflow/example_dags/example_nested_branch_dag.py took 0.154 seconds
[2026-04-29T01:15:07.173+0000] {processor.py:161} INFO - Started process (PID=2016) to work on /home/airflow/.local/lib/python3.12/site-packages/airflow/example_dags/example_nested_branch_dag.py
[2026-04-29T01:15:07.179+0000] {processor.py:830} INFO - Processing file /home/airflow/.local/lib/python3.12/site-packages/airflow/example_dags/example_nested_branch_dag.py for tasks to queue
[2026-04-29T01:15:07.197+0000] {logging_mixin.py:188} INFO - [2026-04-29T01:15:07.193+0000] {dagbag.py:540} INFO - Filling up the DagBag from /home/airflow/.local/lib/python3.12/site-packages/airflow/example_dags/example_nested_branch_dag.py
[2026-04-29T01:15:07.295+0000] {processor.py:840} INFO - DAG(s) 'example_nested_branch_dag' retrieved from /home/airflow/.local/lib/python3.12/site-packages/airflow/example_dags/example_nested_branch_dag.py
[2026-04-29T01:15:07.402+0000] {logging_mixin.py:188} INFO - [2026-04-29T01:15:07.400+0000] {dag.py:3096} INFO - Sync 1 DAGs
[2026-04-29T01:15:07.445+0000] {logging_mixin.py:188} INFO - [2026-04-29T01:15:07.445+0000] {dag.py:3954} INFO - Setting next_dagrun for example_nested_branch_dag to 2026-04-28 00:00:00+00:00, run_after=2026-04-29 00:00:00+00:00
[2026-04-29T01:15:07.493+0000] {processor.py:183} INFO - Processing /home/airflow/.local/lib/python3.12/site-packages/airflow/example_dags/example_nested_branch_dag.py took 0.386 seconds
[2026-04-29T01:15:38.193+0000] {processor.py:161} INFO - Started process (PID=2076) to work on /home/airflow/.local/lib/python3.12/site-packages/airflow/example_dags/example_nested_branch_dag.py
[2026-04-29T01:15:38.197+0000] {processor.py:830} INFO - Processing file /home/airflow/.local/lib/python3.12/site-packages/airflow/example_dags/example_nested_branch_dag.py for tasks to queue
[2026-04-29T01:15:38.199+0000] {logging_mixin.py:188} INFO - [2026-04-29T01:15:38.199+0000] {dagbag.py:540} INFO - Filling up the DagBag from /home/airflow/.local/lib/python3.12/site-packages/airflow/example_dags/example_nested_branch_dag.py
[2026-04-29T01:15:38.214+0000] {processor.py:840} INFO - DAG(s) 'example_nested_branch_dag' retrieved from /home/airflow/.local/lib/python3.12/site-packages/airflow/example_dags/example_nested_branch_dag.py
[2026-04-29T01:15:38.241+0000] {logging_mixin.py:188} INFO - [2026-04-29T01:15:38.241+0000] {dag.py:3096} INFO - Sync 1 DAGs
[2026-04-29T01:15:38.272+0000] {logging_mixin.py:188} INFO - [2026-04-29T01:15:38.272+0000] {dag.py:3954} INFO - Setting next_dagrun for example_nested_branch_dag to 2026-04-28 00:00:00+00:00, run_after=2026-04-29 00:00:00+00:00
[2026-04-29T01:15:38.292+0000] {processor.py:183} INFO - Processing /home/airflow/.local/lib/python3.12/site-packages/airflow/example_dags/example_nested_branch_dag.py took 0.107 seconds
[2026-04-29T01:16:08.807+0000] {processor.py:161} INFO - Started process (PID=2136) to work on /home/airflow/.local/lib/python3.12/site-packages/airflow/example_dags/example_nested_branch_dag.py
[2026-04-29T01:16:08.808+0000] {processor.py:830} INFO - Processing file /home/airflow/.local/lib/python3.12/site-packages/airflow/example_dags/example_nested_branch_dag.py for tasks to queue
[2026-04-29T01:16:08.810+0000] {logging_mixin.py:188} INFO - [2026-04-29T01:16:08.809+0000] {dagbag.py:540} INFO - Filling up the DagBag from /home/airflow/.local/lib/python3.12/site-packages/airflow/example_dags/example_nested_branch_dag.py
[2026-04-29T01:16:08.822+0000] {processor.py:840} INFO - DAG(s) 'example_nested_branch_dag' retrieved from /home/airflow/.local/lib/python3.12/site-packages/airflow/example_dags/example_nested_branch_dag.py
[2026-04-29T01:16:08.855+0000] {logging_mixin.py:188} INFO - [2026-04-29T01:16:08.855+0000] {dag.py:3096} INFO - Sync 1 DAGs
[2026-04-29T01:16:08.887+0000] {logging_mixin.py:188} INFO - [2026-04-29T01:16:08.887+0000] {dag.py:3954} INFO - Setting next_dagrun for example_nested_branch_dag to 2026-04-28 00:00:00+00:00, run_after=2026-04-29 00:00:00+00:00
[2026-04-29T01:16:08.913+0000] {processor.py:183} INFO - Processing /home/airflow/.local/lib/python3.12/site-packages/airflow/example_dags/example_nested_branch_dag.py took 0.113 seconds
[2026-04-29T01:16:39.173+0000] {processor.py:161} INFO - Started process (PID=2196) to work on /home/airflow/.local/lib/python3.12/site-packages/airflow/example_dags/example_nested_branch_dag.py
[2026-04-29T01:16:39.174+0000] {processor.py:830} INFO - Processing file /home/airflow/.local/lib/python3.12/site-packages/airflow/example_dags/example_nested_branch_dag.py for tasks to queue
[2026-04-29T01:16:39.176+0000] {logging_mixin.py:188} INFO - [2026-04-29T01:16:39.175+0000] {dagbag.py:540} INFO - Filling up the DagBag from /home/airflow/.local/lib/python3.12/site-packages/airflow/example_dags/example_nested_branch_dag.py
[2026-04-29T01:16:39.188+0000] {processor.py:840} INFO - DAG(s) 'example_nested_branch_dag' retrieved from /home/airflow/.local/lib/python3.12/site-packages/airflow/example_dags/example_nested_branch_dag.py
[2026-04-29T01:16:39.216+0000] {logging_mixin.py:188} INFO - [2026-04-29T01:16:39.215+0000] {dag.py:3096} INFO - Sync 1 DAGs
[2026-04-29T01:16:39.246+0000] {logging_mixin.py:188} INFO - [2026-04-29T01:16:39.246+0000] {dag.py:3954} INFO - Setting next_dagrun for example_nested_branch_dag to 2026-04-28 00:00:00+00:00, run_after=2026-04-29 00:00:00+00:00
[2026-04-29T01:16:39.268+0000] {processor.py:183} INFO - Processing /home/airflow/.local/lib/python3.12/site-packages/airflow/example_dags/example_nested_branch_dag.py took 0.103 seconds
[2026-04-29T01:17:09.371+0000] {processor.py:161} INFO - Started process (PID=2254) to work on /home/airflow/.local/lib/python3.12/site-packages/airflow/example_dags/example_nested_branch_dag.py
[2026-04-29T01:17:09.372+0000] {processor.py:830} INFO - Processing file /home/airflow/.local/lib/python3.12/site-packages/airflow/example_dags/example_nested_branch_dag.py for tasks to queue
[2026-04-29T01:17:09.373+0000] {logging_mixin.py:188} INFO - [2026-04-29T01:17:09.373+0000] {dagbag.py:540} INFO - Filling up the DagBag from /home/airflow/.local/lib/python3.12/site-packages/airflow/example_dags/example_nested_branch_dag.py
[2026-04-29T01:17:09.382+0000] {processor.py:840} INFO - DAG(s) 'example_nested_branch_dag' retrieved from /home/airflow/.local/lib/python3.12/site-packages/airflow/example_dags/example_nested_branch_dag.py
[2026-04-29T01:17:09.404+0000] {logging_mixin.py:188} INFO - [2026-04-29T01:17:09.404+0000] {dag.py:3096} INFO - Sync 1 DAGs
[2026-04-29T01:17:09.429+0000] {logging_mixin.py:188} INFO - [2026-04-29T01:17:09.428+0000] {dag.py:3954} INFO - Setting next_dagrun for example_nested_branch_dag to 2026-04-28 00:00:00+00:00, run_after=2026-04-29 00:00:00+00:00
[2026-04-29T01:17:09.447+0000] {processor.py:183} INFO - Processing /home/airflow/.local/lib/python3.12/site-packages/airflow/example_dags/example_nested_branch_dag.py took 0.082 seconds
[2026-04-29T01:17:40.184+0000] {processor.py:161} INFO - Started process (PID=2315) to work on /home/airflow/.local/lib/python3.12/site-packages/airflow/example_dags/example_nested_branch_dag.py
[2026-04-29T01:17:40.185+0000] {processor.py:830} INFO - Processing file /home/airflow/.local/lib/python3.12/site-packages/airflow/example_dags/example_nested_branch_dag.py for tasks to queue
[2026-04-29T01:17:40.187+0000] {logging_mixin.py:188} INFO - [2026-04-29T01:17:40.187+0000] {dagbag.py:540} INFO - Filling up the DagBag from /home/airflow/.local/lib/python3.12/site-packages/airflow/example_dags/example_nested_branch_dag.py
[2026-04-29T01:17:40.201+0000] {processor.py:840} INFO - DAG(s) 'example_nested_branch_dag' retrieved from /home/airflow/.local/lib/python3.12/site-packages/airflow/example_dags/example_nested_branch_dag.py
[2026-04-29T01:17:40.230+0000] {logging_mixin.py:188} INFO - [2026-04-29T01:17:40.230+0000] {dag.py:3096} INFO - Sync 1 DAGs
[2026-04-29T01:17:40.266+0000] {logging_mixin.py:188} INFO - [2026-04-29T01:17:40.266+0000] {dag.py:3954} INFO - Setting next_dagrun for example_nested_branch_dag to 2026-04-28 00:00:00+00:00, run_after=2026-04-29 00:00:00+00:00
[2026-04-29T01:17:40.295+0000] {processor.py:183} INFO - Processing /home/airflow/.local/lib/python3.12/site-packages/airflow/example_dags/example_nested_branch_dag.py took 0.119 seconds
[2026-04-29T01:18:11.076+0000] {processor.py:161} INFO - Started process (PID=2375) to work on /home/airflow/.local/lib/python3.12/site-packages/airflow/example_dags/example_nested_branch_dag.py
[2026-04-29T01:18:11.080+0000] {processor.py:830} INFO - Processing file /home/airflow/.local/lib/python3.12/site-packages/airflow/example_dags/example_nested_branch_dag.py for tasks to queue
[2026-04-29T01:18:11.084+0000] {logging_mixin.py:188} INFO - [2026-04-29T01:18:11.084+0000] {dagbag.py:540} INFO - Filling up the DagBag from /home/airflow/.local/lib/python3.12/site-packages/airflow/example_dags/example_nested_branch_dag.py
[2026-04-29T01:18:11.112+0000] {processor.py:840} INFO - DAG(s) 'example_nested_branch_dag' retrieved from /home/airflow/.local/lib/python3.12/site-packages/airflow/example_dags/example_nested_branch_dag.py
[2026-04-29T01:18:11.185+0000] {logging_mixin.py:188} INFO - [2026-04-29T01:18:11.184+0000] {dag.py:3096} INFO - Sync 1 DAGs
[2026-04-29T01:18:11.238+0000] {logging_mixin.py:188} INFO - [2026-04-29T01:18:11.237+0000] {dag.py:3954} INFO - Setting next_dagrun for example_nested_branch_dag to 2026-04-28 00:00:00+00:00, run_after=2026-04-29 00:00:00+00:00
[2026-04-29T01:18:11.260+0000] {processor.py:183} INFO - Processing /home/airflow/.local/lib/python3.12/site-packages/airflow/example_dags/example_nested_branch_dag.py took 0.215 seconds
[2026-04-29T01:18:41.433+0000] {processor.py:161} INFO - Started process (PID=2439) to work on /home/airflow/.local/lib/python3.12/site-packages/airflow/example_dags/example_nested_branch_dag.py
[2026-04-29T01:18:41.436+0000] {processor.py:830} INFO - Processing file /home/airflow/.local/lib/python3.12/site-packages/airflow/example_dags/example_nested_branch_dag.py for tasks to queue
[2026-04-29T01:18:41.440+0000] {logging_mixin.py:188} INFO - [2026-04-29T01:18:41.439+0000] {dagbag.py:540} INFO - Filling up the DagBag from /home/airflow/.local/lib/python3.12/site-packages/airflow/example_dags/example_nested_branch_dag.py
[2026-04-29T01:18:41.478+0000] {processor.py:840} INFO - DAG(s) 'example_nested_branch_dag' retrieved from /home/airflow/.local/lib/python3.12/site-packages/airflow/example_dags/example_nested_branch_dag.py
[2026-04-29T01:18:41.515+0000] {logging_mixin.py:188} INFO - [2026-04-29T01:18:41.514+0000] {dag.py:3096} INFO - Sync 1 DAGs
[2026-04-29T01:18:41.566+0000] {logging_mixin.py:188} INFO - [2026-04-29T01:18:41.565+0000] {dag.py:3954} INFO - Setting next_dagrun for example_nested_branch_dag to 2026-04-28 00:00:00+00:00, run_after=2026-04-29 00:00:00+00:00
[2026-04-29T01:18:41.592+0000] {processor.py:183} INFO - Processing /home/airflow/.local/lib/python3.12/site-packages/airflow/example_dags/example_nested_branch_dag.py took 0.177 seconds
[2026-04-29T01:19:12.100+0000] {processor.py:161} INFO - Started process (PID=2499) to work on /home/airflow/.local/lib/python3.12/site-packages/airflow/example_dags/example_nested_branch_dag.py
[2026-04-29T01:19:12.102+0000] {processor.py:830} INFO - Processing file /home/airflow/.local/lib/python3.12/site-packages/airflow/example_dags/example_nested_branch_dag.py for tasks to queue
[2026-04-29T01:19:12.105+0000] {logging_mixin.py:188} INFO - [2026-04-29T01:19:12.104+0000] {dagbag.py:540} INFO - Filling up the DagBag from /home/airflow/.local/lib/python3.12/site-packages/airflow/example_dags/example_nested_branch_dag.py
[2026-04-29T01:19:12.118+0000] {processor.py:840} INFO - DAG(s) 'example_nested_branch_dag' retrieved from /home/airflow/.local/lib/python3.12/site-packages/airflow/example_dags/example_nested_branch_dag.py
[2026-04-29T01:19:12.148+0000] {logging_mixin.py:188} INFO - [2026-04-29T01:19:12.147+0000] {dag.py:3096} INFO - Sync 1 DAGs
[2026-04-29T01:19:12.220+0000] {logging_mixin.py:188} INFO - [2026-04-29T01:19:12.217+0000] {dag.py:3954} INFO - Setting next_dagrun for example_nested_branch_dag to 2026-04-28 00:00:00+00:00, run_after=2026-04-29 00:00:00+00:00
[2026-04-29T01:19:12.320+0000] {processor.py:183} INFO - Processing /home/airflow/.local/lib/python3.12/site-packages/airflow/example_dags/example_nested_branch_dag.py took 0.227 seconds
[2026-04-29T01:19:43.152+0000] {processor.py:161} INFO - Started process (PID=2559) to work on /home/airflow/.local/lib/python3.12/site-packages/airflow/example_dags/example_nested_branch_dag.py
[2026-04-29T01:19:43.153+0000] {processor.py:830} INFO - Processing file /home/airflow/.local/lib/python3.12/site-packages/airflow/example_dags/example_nested_branch_dag.py for tasks to queue
[2026-04-29T01:19:43.155+0000] {logging_mixin.py:188} INFO - [2026-04-29T01:19:43.155+0000] {dagbag.py:540} INFO - Filling up the DagBag from /home/airflow/.local/lib/python3.12/site-packages/airflow/example_dags/example_nested_branch_dag.py
[2026-04-29T01:19:43.169+0000] {processor.py:840} INFO - DAG(s) 'example_nested_branch_dag' retrieved from /home/airflow/.local/lib/python3.12/site-packages/airflow/example_dags/example_nested_branch_dag.py
[2026-04-29T01:19:43.202+0000] {logging_mixin.py:188} INFO - [2026-04-29T01:19:43.202+0000] {dag.py:3096} INFO - Sync 1 DAGs
[2026-04-29T01:19:43.249+0000] {logging_mixin.py:188} INFO - [2026-04-29T01:19:43.249+0000] {dag.py:3954} INFO - Setting next_dagrun for example_nested_branch_dag to 2026-04-28 00:00:00+00:00, run_after=2026-04-29 00:00:00+00:00
[2026-04-29T01:19:43.299+0000] {processor.py:183} INFO - Processing /home/airflow/.local/lib/python3.12/site-packages/airflow/example_dags/example_nested_branch_dag.py took 0.155 seconds
[2026-04-29T01:20:13.459+0000] {processor.py:161} INFO - Started process (PID=2619) to work on /home/airflow/.local/lib/python3.12/site-packages/airflow/example_dags/example_nested_branch_dag.py
[2026-04-29T01:20:13.461+0000] {processor.py:830} INFO - Processing file /home/airflow/.local/lib/python3.12/site-packages/airflow/example_dags/example_nested_branch_dag.py for tasks to queue
[2026-04-29T01:20:13.464+0000] {logging_mixin.py:188} INFO - [2026-04-29T01:20:13.463+0000] {dagbag.py:540} INFO - Filling up the DagBag from /home/airflow/.local/lib/python3.12/site-packages/airflow/example_dags/example_nested_branch_dag.py
[2026-04-29T01:20:13.478+0000] {processor.py:840} INFO - DAG(s) 'example_nested_branch_dag' retrieved from /home/airflow/.local/lib/python3.12/site-packages/airflow/example_dags/example_nested_branch_dag.py
[2026-04-29T01:20:13.509+0000] {logging_mixin.py:188} INFO - [2026-04-29T01:20:13.509+0000] {dag.py:3096} INFO - Sync 1 DAGs
[2026-04-29T01:20:13.543+0000] {logging_mixin.py:188} INFO - [2026-04-29T01:20:13.542+0000] {dag.py:3954} INFO - Setting next_dagrun for example_nested_branch_dag to 2026-04-28 00:00:00+00:00, run_after=2026-04-29 00:00:00+00:00
[2026-04-29T01:20:13.599+0000] {processor.py:183} INFO - Processing /home/airflow/.local/lib/python3.12/site-packages/airflow/example_dags/example_nested_branch_dag.py took 0.148 seconds
[2026-04-29T01:20:43.942+0000] {processor.py:161} INFO - Started process (PID=2678) to work on /home/airflow/.local/lib/python3.12/site-packages/airflow/example_dags/example_nested_branch_dag.py
[2026-04-29T01:20:43.943+0000] {processor.py:830} INFO - Processing file /home/airflow/.local/lib/python3.12/site-packages/airflow/example_dags/example_nested_branch_dag.py for tasks to queue
[2026-04-29T01:20:43.944+0000] {logging_mixin.py:188} INFO - [2026-04-29T01:20:43.944+0000] {dagbag.py:540} INFO - Filling up the DagBag from /home/airflow/.local/lib/python3.12/site-packages/airflow/example_dags/example_nested_branch_dag.py
[2026-04-29T01:20:43.954+0000] {processor.py:840} INFO - DAG(s) 'example_nested_branch_dag' retrieved from /home/airflow/.local/lib/python3.12/site-packages/airflow/example_dags/example_nested_branch_dag.py
[2026-04-29T01:20:43.974+0000] {logging_mixin.py:188} INFO - [2026-04-29T01:20:43.974+0000] {dag.py:3096} INFO - Sync 1 DAGs
[2026-04-29T01:20:43.995+0000] {logging_mixin.py:188} INFO - [2026-04-29T01:20:43.994+0000] {dag.py:3954} INFO - Setting next_dagrun for example_nested_branch_dag to 2026-04-28 00:00:00+00:00, run_after=2026-04-29 00:00:00+00:00
[2026-04-29T01:20:44.020+0000] {processor.py:183} INFO - Processing /home/airflow/.local/lib/python3.12/site-packages/airflow/example_dags/example_nested_branch_dag.py took 0.084 seconds
[2026-04-29T01:21:14.181+0000] {processor.py:161} INFO - Started process (PID=2738) to work on /home/airflow/.local/lib/python3.12/site-packages/airflow/example_dags/example_nested_branch_dag.py
[2026-04-29T01:21:14.183+0000] {processor.py:830} INFO - Processing file /home/airflow/.local/lib/python3.12/site-packages/airflow/example_dags/example_nested_branch_dag.py for tasks to queue
[2026-04-29T01:21:14.186+0000] {logging_mixin.py:188} INFO - [2026-04-29T01:21:14.185+0000] {dagbag.py:540} INFO - Filling up the DagBag from /home/airflow/.local/lib/python3.12/site-packages/airflow/example_dags/example_nested_branch_dag.py
[2026-04-29T01:21:14.203+0000] {processor.py:840} INFO - DAG(s) 'example_nested_branch_dag' retrieved from /home/airflow/.local/lib/python3.12/site-packages/airflow/example_dags/example_nested_branch_dag.py
[2026-04-29T01:21:14.245+0000] {logging_mixin.py:188} INFO - [2026-04-29T01:21:14.245+0000] {dag.py:3096} INFO - Sync 1 DAGs
[2026-04-29T01:21:14.276+0000] {logging_mixin.py:188} INFO - [2026-04-29T01:21:14.275+0000] {dag.py:3954} INFO - Setting next_dagrun for example_nested_branch_dag to 2026-04-28 00:00:00+00:00, run_after=2026-04-29 00:00:00+00:00
[2026-04-29T01:21:14.296+0000] {processor.py:183} INFO - Processing /home/airflow/.local/lib/python3.12/site-packages/airflow/example_dags/example_nested_branch_dag.py took 0.124 seconds
[2026-04-29T01:21:44.404+0000] {processor.py:161} INFO - Started process (PID=2798) to work on /home/airflow/.local/lib/python3.12/site-packages/airflow/example_dags/example_nested_branch_dag.py
[2026-04-29T01:21:44.407+0000] {processor.py:830} INFO - Processing file /home/airflow/.local/lib/python3.12/site-packages/airflow/example_dags/example_nested_branch_dag.py for tasks to queue
[2026-04-29T01:21:44.411+0000] {logging_mixin.py:188} INFO - [2026-04-29T01:21:44.411+0000] {dagbag.py:540} INFO - Filling up the DagBag from /home/airflow/.local/lib/python3.12/site-packages/airflow/example_dags/example_nested_branch_dag.py
[2026-04-29T01:21:44.424+0000] {processor.py:840} INFO - DAG(s) 'example_nested_branch_dag' retrieved from /home/airflow/.local/lib/python3.12/site-packages/airflow/example_dags/example_nested_branch_dag.py
[2026-04-29T01:21:44.452+0000] {logging_mixin.py:188} INFO - [2026-04-29T01:21:44.451+0000] {dag.py:3096} INFO - Sync 1 DAGs
[2026-04-29T01:21:44.479+0000] {logging_mixin.py:188} INFO - [2026-04-29T01:21:44.479+0000] {dag.py:3954} INFO - Setting next_dagrun for example_nested_branch_dag to 2026-04-28 00:00:00+00:00, run_after=2026-04-29 00:00:00+00:00
[2026-04-29T01:21:44.535+0000] {processor.py:183} INFO - Processing /home/airflow/.local/lib/python3.12/site-packages/airflow/example_dags/example_nested_branch_dag.py took 0.140 seconds
[2026-04-29T01:22:14.733+0000] {processor.py:161} INFO - Started process (PID=2858) to work on /home/airflow/.local/lib/python3.12/site-packages/airflow/example_dags/example_nested_branch_dag.py
[2026-04-29T01:22:14.736+0000] {processor.py:830} INFO - Processing file /home/airflow/.local/lib/python3.12/site-packages/airflow/example_dags/example_nested_branch_dag.py for tasks to queue
[2026-04-29T01:22:14.740+0000] {logging_mixin.py:188} INFO - [2026-04-29T01:22:14.739+0000] {dagbag.py:540} INFO - Filling up the DagBag from /home/airflow/.local/lib/python3.12/site-packages/airflow/example_dags/example_nested_branch_dag.py
[2026-04-29T01:22:14.752+0000] {processor.py:840} INFO - DAG(s) 'example_nested_branch_dag' retrieved from /home/airflow/.local/lib/python3.12/site-packages/airflow/example_dags/example_nested_branch_dag.py
[2026-04-29T01:22:14.788+0000] {logging_mixin.py:188} INFO - [2026-04-29T01:22:14.788+0000] {dag.py:3096} INFO - Sync 1 DAGs
[2026-04-29T01:22:14.869+0000] {logging_mixin.py:188} INFO - [2026-04-29T01:22:14.868+0000] {dag.py:3954} INFO - Setting next_dagrun for example_nested_branch_dag to 2026-04-28 00:00:00+00:00, run_after=2026-04-29 00:00:00+00:00
[2026-04-29T01:22:14.925+0000] {processor.py:183} INFO - Processing /home/airflow/.local/lib/python3.12/site-packages/airflow/example_dags/example_nested_branch_dag.py took 0.199 seconds
[2026-04-29T01:22:45.782+0000] {processor.py:161} INFO - Started process (PID=2918) to work on /home/airflow/.local/lib/python3.12/site-packages/airflow/example_dags/example_nested_branch_dag.py
[2026-04-29T01:22:45.785+0000] {processor.py:830} INFO - Processing file /home/airflow/.local/lib/python3.12/site-packages/airflow/example_dags/example_nested_branch_dag.py for tasks to queue
[2026-04-29T01:22:45.788+0000] {logging_mixin.py:188} INFO - [2026-04-29T01:22:45.787+0000] {dagbag.py:540} INFO - Filling up the DagBag from /home/airflow/.local/lib/python3.12/site-packages/airflow/example_dags/example_nested_branch_dag.py
[2026-04-29T01:22:45.805+0000] {processor.py:840} INFO - DAG(s) 'example_nested_branch_dag' retrieved from /home/airflow/.local/lib/python3.12/site-packages/airflow/example_dags/example_nested_branch_dag.py
[2026-04-29T01:22:45.845+0000] {logging_mixin.py:188} INFO - [2026-04-29T01:22:45.844+0000] {dag.py:3096} INFO - Sync 1 DAGs
[2026-04-29T01:22:45.893+0000] {logging_mixin.py:188} INFO - [2026-04-29T01:22:45.893+0000] {dag.py:3954} INFO - Setting next_dagrun for example_nested_branch_dag to 2026-04-28 00:00:00+00:00, run_after=2026-04-29 00:00:00+00:00
[2026-04-29T01:22:45.914+0000] {processor.py:183} INFO - Processing /home/airflow/.local/lib/python3.12/site-packages/airflow/example_dags/example_nested_branch_dag.py took 0.139 seconds
[2026-04-29T01:23:16.812+0000] {processor.py:161} INFO - Started process (PID=2978) to work on /home/airflow/.local/lib/python3.12/site-packages/airflow/example_dags/example_nested_branch_dag.py
[2026-04-29T01:23:16.813+0000] {processor.py:830} INFO - Processing file /home/airflow/.local/lib/python3.12/site-packages/airflow/example_dags/example_nested_branch_dag.py for tasks to queue
[2026-04-29T01:23:16.828+0000] {logging_mixin.py:188} INFO - [2026-04-29T01:23:16.825+0000] {dagbag.py:540} INFO - Filling up the DagBag from /home/airflow/.local/lib/python3.12/site-packages/airflow/example_dags/example_nested_branch_dag.py
[2026-04-29T01:23:16.847+0000] {processor.py:840} INFO - DAG(s) 'example_nested_branch_dag' retrieved from /home/airflow/.local/lib/python3.12/site-packages/airflow/example_dags/example_nested_branch_dag.py
[2026-04-29T01:23:16.935+0000] {logging_mixin.py:188} INFO - [2026-04-29T01:23:16.934+0000] {dag.py:3096} INFO - Sync 1 DAGs
[2026-04-29T01:23:17.003+0000] {logging_mixin.py:188} INFO - [2026-04-29T01:23:17.002+0000] {dag.py:3954} INFO - Setting next_dagrun for example_nested_branch_dag to 2026-04-28 00:00:00+00:00, run_after=2026-04-29 00:00:00+00:00
[2026-04-29T01:23:17.046+0000] {processor.py:183} INFO - Processing /home/airflow/.local/lib/python3.12/site-packages/airflow/example_dags/example_nested_branch_dag.py took 0.256 seconds
[2026-04-29T01:23:47.108+0000] {processor.py:161} INFO - Started process (PID=3038) to work on /home/airflow/.local/lib/python3.12/site-packages/airflow/example_dags/example_nested_branch_dag.py
[2026-04-29T01:23:47.109+0000] {processor.py:830} INFO - Processing file /home/airflow/.local/lib/python3.12/site-packages/airflow/example_dags/example_nested_branch_dag.py for tasks to queue
[2026-04-29T01:23:47.111+0000] {logging_mixin.py:188} INFO - [2026-04-29T01:23:47.111+0000] {dagbag.py:540} INFO - Filling up the DagBag from /home/airflow/.local/lib/python3.12/site-packages/airflow/example_dags/example_nested_branch_dag.py
[2026-04-29T01:23:47.123+0000] {processor.py:840} INFO - DAG(s) 'example_nested_branch_dag' retrieved from /home/airflow/.local/lib/python3.12/site-packages/airflow/example_dags/example_nested_branch_dag.py
[2026-04-29T01:23:47.151+0000] {logging_mixin.py:188} INFO - [2026-04-29T01:23:47.151+0000] {dag.py:3096} INFO - Sync 1 DAGs
[2026-04-29T01:23:47.183+0000] {logging_mixin.py:188} INFO - [2026-04-29T01:23:47.183+0000] {dag.py:3954} INFO - Setting next_dagrun for example_nested_branch_dag to 2026-04-28 00:00:00+00:00, run_after=2026-04-29 00:00:00+00:00
[2026-04-29T01:23:47.209+0000] {processor.py:183} INFO - Processing /home/airflow/.local/lib/python3.12/site-packages/airflow/example_dags/example_nested_branch_dag.py took 0.110 seconds
[2026-04-29T01:24:17.587+0000] {processor.py:161} INFO - Started process (PID=3098) to work on /home/airflow/.local/lib/python3.12/site-packages/airflow/example_dags/example_nested_branch_dag.py
[2026-04-29T01:24:17.591+0000] {processor.py:830} INFO - Processing file /home/airflow/.local/lib/python3.12/site-packages/airflow/example_dags/example_nested_branch_dag.py for tasks to queue
[2026-04-29T01:24:17.596+0000] {logging_mixin.py:188} INFO - [2026-04-29T01:24:17.594+0000] {dagbag.py:540} INFO - Filling up the DagBag from /home/airflow/.local/lib/python3.12/site-packages/airflow/example_dags/example_nested_branch_dag.py
[2026-04-29T01:24:17.625+0000] {processor.py:840} INFO - DAG(s) 'example_nested_branch_dag' retrieved from /home/airflow/.local/lib/python3.12/site-packages/airflow/example_dags/example_nested_branch_dag.py
[2026-04-29T01:24:17.673+0000] {logging_mixin.py:188} INFO - [2026-04-29T01:24:17.673+0000] {dag.py:3096} INFO - Sync 1 DAGs
[2026-04-29T01:24:17.715+0000] {logging_mixin.py:188} INFO - [2026-04-29T01:24:17.715+0000] {dag.py:3954} INFO - Setting next_dagrun for example_nested_branch_dag to 2026-04-28 00:00:00+00:00, run_after=2026-04-29 00:00:00+00:00
[2026-04-29T01:24:17.755+0000] {processor.py:183} INFO - Processing /home/airflow/.local/lib/python3.12/site-packages/airflow/example_dags/example_nested_branch_dag.py took 0.180 seconds
[2026-04-29T01:24:48.128+0000] {processor.py:161} INFO - Started process (PID=3158) to work on /home/airflow/.local/lib/python3.12/site-packages/airflow/example_dags/example_nested_branch_dag.py
[2026-04-29T01:24:48.151+0000] {processor.py:830} INFO - Processing file /home/airflow/.local/lib/python3.12/site-packages/airflow/example_dags/example_nested_branch_dag.py for tasks to queue
[2026-04-29T01:24:48.164+0000] {logging_mixin.py:188} INFO - [2026-04-29T01:24:48.164+0000] {dagbag.py:540} INFO - Filling up the DagBag from /home/airflow/.local/lib/python3.12/site-packages/airflow/example_dags/example_nested_branch_dag.py
[2026-04-29T01:24:48.226+0000] {processor.py:840} INFO - DAG(s) 'example_nested_branch_dag' retrieved from /home/airflow/.local/lib/python3.12/site-packages/airflow/example_dags/example_nested_branch_dag.py
[2026-04-29T01:24:48.442+0000] {logging_mixin.py:188} INFO - [2026-04-29T01:24:48.441+0000] {dag.py:3096} INFO - Sync 1 DAGs
[2026-04-29T01:24:48.649+0000] {logging_mixin.py:188} INFO - [2026-04-29T01:24:48.649+0000] {dag.py:3954} INFO - Setting next_dagrun for example_nested_branch_dag to 2026-04-28 00:00:00+00:00, run_after=2026-04-29 00:00:00+00:00
[2026-04-29T01:24:48.732+0000] {processor.py:183} INFO - Processing /home/airflow/.local/lib/python3.12/site-packages/airflow/example_dags/example_nested_branch_dag.py took 0.632 seconds
[2026-04-29T01:25:19.846+0000] {processor.py:161} INFO - Started process (PID=3218) to work on /home/airflow/.local/lib/python3.12/site-packages/airflow/example_dags/example_nested_branch_dag.py
[2026-04-29T01:25:19.901+0000] {processor.py:830} INFO - Processing file /home/airflow/.local/lib/python3.12/site-packages/airflow/example_dags/example_nested_branch_dag.py for tasks to queue
[2026-04-29T01:25:19.922+0000] {logging_mixin.py:188} INFO - [2026-04-29T01:25:19.921+0000] {dagbag.py:540} INFO - Filling up the DagBag from /home/airflow/.local/lib/python3.12/site-packages/airflow/example_dags/example_nested_branch_dag.py
[2026-04-29T01:25:20.031+0000] {processor.py:840} INFO - DAG(s) 'example_nested_branch_dag' retrieved from /home/airflow/.local/lib/python3.12/site-packages/airflow/example_dags/example_nested_branch_dag.py
[2026-04-29T01:25:20.233+0000] {logging_mixin.py:188} INFO - [2026-04-29T01:25:20.232+0000] {dag.py:3096} INFO - Sync 1 DAGs
[2026-04-29T01:25:20.362+0000] {logging_mixin.py:188} INFO - [2026-04-29T01:25:20.362+0000] {dag.py:3954} INFO - Setting next_dagrun for example_nested_branch_dag to 2026-04-28 00:00:00+00:00, run_after=2026-04-29 00:00:00+00:00
[2026-04-29T01:25:20.449+0000] {processor.py:183} INFO - Processing /home/airflow/.local/lib/python3.12/site-packages/airflow/example_dags/example_nested_branch_dag.py took 0.641 seconds
[2026-04-29T01:25:51.302+0000] {processor.py:161} INFO - Started process (PID=3278) to work on /home/airflow/.local/lib/python3.12/site-packages/airflow/example_dags/example_nested_branch_dag.py
[2026-04-29T01:25:51.303+0000] {processor.py:830} INFO - Processing file /home/airflow/.local/lib/python3.12/site-packages/airflow/example_dags/example_nested_branch_dag.py for tasks to queue
[2026-04-29T01:25:51.305+0000] {logging_mixin.py:188} INFO - [2026-04-29T01:25:51.305+0000] {dagbag.py:540} INFO - Filling up the DagBag from /home/airflow/.local/lib/python3.12/site-packages/airflow/example_dags/example_nested_branch_dag.py
[2026-04-29T01:25:51.320+0000] {processor.py:840} INFO - DAG(s) 'example_nested_branch_dag' retrieved from /home/airflow/.local/lib/python3.12/site-packages/airflow/example_dags/example_nested_branch_dag.py
[2026-04-29T01:25:51.355+0000] {logging_mixin.py:188} INFO - [2026-04-29T01:25:51.354+0000] {dag.py:3096} INFO - Sync 1 DAGs
[2026-04-29T01:25:51.388+0000] {logging_mixin.py:188} INFO - [2026-04-29T01:25:51.388+0000] {dag.py:3954} INFO - Setting next_dagrun for example_nested_branch_dag to 2026-04-28 00:00:00+00:00, run_after=2026-04-29 00:00:00+00:00
[2026-04-29T01:25:51.409+0000] {processor.py:183} INFO - Processing /home/airflow/.local/lib/python3.12/site-packages/airflow/example_dags/example_nested_branch_dag.py took 0.113 seconds
[2026-04-29T01:26:21.633+0000] {processor.py:161} INFO - Started process (PID=3338) to work on /home/airflow/.local/lib/python3.12/site-packages/airflow/example_dags/example_nested_branch_dag.py
[2026-04-29T01:26:21.645+0000] {processor.py:830} INFO - Processing file /home/airflow/.local/lib/python3.12/site-packages/airflow/example_dags/example_nested_branch_dag.py for tasks to queue
[2026-04-29T01:26:21.676+0000] {logging_mixin.py:188} INFO - [2026-04-29T01:26:21.675+0000] {dagbag.py:540} INFO - Filling up the DagBag from /home/airflow/.local/lib/python3.12/site-packages/airflow/example_dags/example_nested_branch_dag.py
[2026-04-29T01:26:21.751+0000] {processor.py:840} INFO - DAG(s) 'example_nested_branch_dag' retrieved from /home/airflow/.local/lib/python3.12/site-packages/airflow/example_dags/example_nested_branch_dag.py
[2026-04-29T01:26:21.855+0000] {logging_mixin.py:188} INFO - [2026-04-29T01:26:21.853+0000] {dag.py:3096} INFO - Sync 1 DAGs
[2026-04-29T01:26:21.914+0000] {logging_mixin.py:188} INFO - [2026-04-29T01:26:21.914+0000] {dag.py:3954} INFO - Setting next_dagrun for example_nested_branch_dag to 2026-04-28 00:00:00+00:00, run_after=2026-04-29 00:00:00+00:00
[2026-04-29T01:26:21.929+0000] {processor.py:183} INFO - Processing /home/airflow/.local/lib/python3.12/site-packages/airflow/example_dags/example_nested_branch_dag.py took 0.337 seconds
[2026-04-29T01:26:52.382+0000] {processor.py:161} INFO - Started process (PID=3398) to work on /home/airflow/.local/lib/python3.12/site-packages/airflow/example_dags/example_nested_branch_dag.py
[2026-04-29T01:26:52.386+0000] {processor.py:830} INFO - Processing file /home/airflow/.local/lib/python3.12/site-packages/airflow/example_dags/example_nested_branch_dag.py for tasks to queue
[2026-04-29T01:26:52.388+0000] {logging_mixin.py:188} INFO - [2026-04-29T01:26:52.388+0000] {dagbag.py:540} INFO - Filling up the DagBag from /home/airflow/.local/lib/python3.12/site-packages/airflow/example_dags/example_nested_branch_dag.py
[2026-04-29T01:26:52.400+0000] {processor.py:840} INFO - DAG(s) 'example_nested_branch_dag' retrieved from /home/airflow/.local/lib/python3.12/site-packages/airflow/example_dags/example_nested_branch_dag.py
[2026-04-29T01:26:52.435+0000] {logging_mixin.py:188} INFO - [2026-04-29T01:26:52.435+0000] {dag.py:3096} INFO - Sync 1 DAGs
[2026-04-29T01:26:52.482+0000] {logging_mixin.py:188} INFO - [2026-04-29T01:26:52.482+0000] {dag.py:3954} INFO - Setting next_dagrun for example_nested_branch_dag to 2026-04-28 00:00:00+00:00, run_after=2026-04-29 00:00:00+00:00
[2026-04-29T01:26:52.501+0000] {processor.py:183} INFO - Processing /home/airflow/.local/lib/python3.12/site-packages/airflow/example_dags/example_nested_branch_dag.py took 0.125 seconds
