[2026-04-29T00:54:51.566+0000] {processor.py:161} INFO - Started process (PID=62) to work on /home/airflow/.local/lib/python3.12/site-packages/airflow/example_dags/example_setup_teardown.py
[2026-04-29T00:54:51.567+0000] {processor.py:830} INFO - Processing file /home/airflow/.local/lib/python3.12/site-packages/airflow/example_dags/example_setup_teardown.py for tasks to queue
[2026-04-29T00:54:51.569+0000] {logging_mixin.py:188} INFO - [2026-04-29T00:54:51.569+0000] {dagbag.py:540} INFO - Filling up the DagBag from /home/airflow/.local/lib/python3.12/site-packages/airflow/example_dags/example_setup_teardown.py
[2026-04-29T00:54:51.585+0000] {processor.py:840} INFO - DAG(s) 'example_setup_teardown' retrieved from /home/airflow/.local/lib/python3.12/site-packages/airflow/example_dags/example_setup_teardown.py
[2026-04-29T00:54:51.717+0000] {logging_mixin.py:188} INFO - [2026-04-29T00:54:51.716+0000] {dag.py:3096} INFO - Sync 1 DAGs
[2026-04-29T00:54:51.911+0000] {logging_mixin.py:188} INFO - [2026-04-29T00:54:51.911+0000] {dag.py:3954} INFO - Setting next_dagrun for example_setup_teardown to 2026-04-28 00:00:00+00:00, run_after=2026-04-29 00:00:00+00:00
[2026-04-29T00:54:52.144+0000] {processor.py:183} INFO - Processing /home/airflow/.local/lib/python3.12/site-packages/airflow/example_dags/example_setup_teardown.py took 0.596 seconds
[2026-04-29T00:58:11.069+0000] {processor.py:161} INFO - Started process (PID=70) to work on /home/airflow/.local/lib/python3.12/site-packages/airflow/example_dags/example_setup_teardown.py
[2026-04-29T00:58:11.072+0000] {processor.py:830} INFO - Processing file /home/airflow/.local/lib/python3.12/site-packages/airflow/example_dags/example_setup_teardown.py for tasks to queue
[2026-04-29T00:58:11.079+0000] {logging_mixin.py:188} INFO - [2026-04-29T00:58:11.078+0000] {dagbag.py:540} INFO - Filling up the DagBag from /home/airflow/.local/lib/python3.12/site-packages/airflow/example_dags/example_setup_teardown.py
[2026-04-29T00:58:11.168+0000] {processor.py:840} INFO - DAG(s) 'example_setup_teardown' retrieved from /home/airflow/.local/lib/python3.12/site-packages/airflow/example_dags/example_setup_teardown.py
[2026-04-29T00:58:12.045+0000] {logging_mixin.py:188} INFO - [2026-04-29T00:58:12.042+0000] {override.py:1829} INFO - Created Permission View: can edit on DAG:example_setup_teardown
[2026-04-29T00:58:12.161+0000] {logging_mixin.py:188} INFO - [2026-04-29T00:58:12.161+0000] {override.py:1829} INFO - Created Permission View: can delete on DAG:example_setup_teardown
[2026-04-29T00:58:12.234+0000] {logging_mixin.py:188} INFO - [2026-04-29T00:58:12.232+0000] {override.py:1829} INFO - Created Permission View: can read on DAG:example_setup_teardown
[2026-04-29T00:58:12.237+0000] {logging_mixin.py:188} INFO - [2026-04-29T00:58:12.237+0000] {dag.py:3096} INFO - Sync 1 DAGs
[2026-04-29T00:58:12.287+0000] {logging_mixin.py:188} INFO - [2026-04-29T00:58:12.287+0000] {dag.py:3118} INFO - Creating ORM DAG for example_setup_teardown
[2026-04-29T00:58:12.308+0000] {logging_mixin.py:188} INFO - [2026-04-29T00:58:12.308+0000] {dag.py:3954} INFO - Setting next_dagrun for example_setup_teardown to 2026-04-28 00:00:00+00:00, run_after=2026-04-29 00:00:00+00:00
[2026-04-29T00:58:12.374+0000] {processor.py:183} INFO - Processing /home/airflow/.local/lib/python3.12/site-packages/airflow/example_dags/example_setup_teardown.py took 1.318 seconds
[2026-04-29T00:58:43.121+0000] {processor.py:161} INFO - Started process (PID=130) to work on /home/airflow/.local/lib/python3.12/site-packages/airflow/example_dags/example_setup_teardown.py
[2026-04-29T00:58:43.122+0000] {processor.py:830} INFO - Processing file /home/airflow/.local/lib/python3.12/site-packages/airflow/example_dags/example_setup_teardown.py for tasks to queue
[2026-04-29T00:58:43.131+0000] {logging_mixin.py:188} INFO - [2026-04-29T00:58:43.131+0000] {dagbag.py:540} INFO - Filling up the DagBag from /home/airflow/.local/lib/python3.12/site-packages/airflow/example_dags/example_setup_teardown.py
[2026-04-29T00:58:43.164+0000] {processor.py:840} INFO - DAG(s) 'example_setup_teardown' retrieved from /home/airflow/.local/lib/python3.12/site-packages/airflow/example_dags/example_setup_teardown.py
[2026-04-29T00:58:43.292+0000] {logging_mixin.py:188} INFO - [2026-04-29T00:58:43.292+0000] {dag.py:3096} INFO - Sync 1 DAGs
[2026-04-29T00:58:43.394+0000] {logging_mixin.py:188} INFO - [2026-04-29T00:58:43.394+0000] {dag.py:3954} INFO - Setting next_dagrun for example_setup_teardown to 2026-04-28 00:00:00+00:00, run_after=2026-04-29 00:00:00+00:00
[2026-04-29T00:58:43.624+0000] {processor.py:183} INFO - Processing /home/airflow/.local/lib/python3.12/site-packages/airflow/example_dags/example_setup_teardown.py took 0.524 seconds
[2026-04-29T00:59:13.686+0000] {processor.py:161} INFO - Started process (PID=190) to work on /home/airflow/.local/lib/python3.12/site-packages/airflow/example_dags/example_setup_teardown.py
[2026-04-29T00:59:13.688+0000] {processor.py:830} INFO - Processing file /home/airflow/.local/lib/python3.12/site-packages/airflow/example_dags/example_setup_teardown.py for tasks to queue
[2026-04-29T00:59:13.691+0000] {logging_mixin.py:188} INFO - [2026-04-29T00:59:13.691+0000] {dagbag.py:540} INFO - Filling up the DagBag from /home/airflow/.local/lib/python3.12/site-packages/airflow/example_dags/example_setup_teardown.py
[2026-04-29T00:59:13.702+0000] {processor.py:840} INFO - DAG(s) 'example_setup_teardown' retrieved from /home/airflow/.local/lib/python3.12/site-packages/airflow/example_dags/example_setup_teardown.py
[2026-04-29T00:59:13.739+0000] {logging_mixin.py:188} INFO - [2026-04-29T00:59:13.738+0000] {dag.py:3096} INFO - Sync 1 DAGs
[2026-04-29T00:59:13.768+0000] {logging_mixin.py:188} INFO - [2026-04-29T00:59:13.767+0000] {dag.py:3954} INFO - Setting next_dagrun for example_setup_teardown to 2026-04-28 00:00:00+00:00, run_after=2026-04-29 00:00:00+00:00
[2026-04-29T00:59:13.791+0000] {processor.py:183} INFO - Processing /home/airflow/.local/lib/python3.12/site-packages/airflow/example_dags/example_setup_teardown.py took 0.113 seconds
[2026-04-29T00:59:43.965+0000] {processor.py:161} INFO - Started process (PID=248) to work on /home/airflow/.local/lib/python3.12/site-packages/airflow/example_dags/example_setup_teardown.py
[2026-04-29T00:59:43.966+0000] {processor.py:830} INFO - Processing file /home/airflow/.local/lib/python3.12/site-packages/airflow/example_dags/example_setup_teardown.py for tasks to queue
[2026-04-29T00:59:43.968+0000] {logging_mixin.py:188} INFO - [2026-04-29T00:59:43.968+0000] {dagbag.py:540} INFO - Filling up the DagBag from /home/airflow/.local/lib/python3.12/site-packages/airflow/example_dags/example_setup_teardown.py
[2026-04-29T00:59:43.974+0000] {processor.py:840} INFO - DAG(s) 'example_setup_teardown' retrieved from /home/airflow/.local/lib/python3.12/site-packages/airflow/example_dags/example_setup_teardown.py
[2026-04-29T00:59:43.994+0000] {logging_mixin.py:188} INFO - [2026-04-29T00:59:43.994+0000] {dag.py:3096} INFO - Sync 1 DAGs
[2026-04-29T00:59:44.014+0000] {logging_mixin.py:188} INFO - [2026-04-29T00:59:44.014+0000] {dag.py:3954} INFO - Setting next_dagrun for example_setup_teardown to 2026-04-28 00:00:00+00:00, run_after=2026-04-29 00:00:00+00:00
[2026-04-29T00:59:44.031+0000] {processor.py:183} INFO - Processing /home/airflow/.local/lib/python3.12/site-packages/airflow/example_dags/example_setup_teardown.py took 0.070 seconds
[2026-04-29T01:00:14.309+0000] {processor.py:161} INFO - Started process (PID=307) to work on /home/airflow/.local/lib/python3.12/site-packages/airflow/example_dags/example_setup_teardown.py
[2026-04-29T01:00:14.310+0000] {processor.py:830} INFO - Processing file /home/airflow/.local/lib/python3.12/site-packages/airflow/example_dags/example_setup_teardown.py for tasks to queue
[2026-04-29T01:00:14.311+0000] {logging_mixin.py:188} INFO - [2026-04-29T01:00:14.311+0000] {dagbag.py:540} INFO - Filling up the DagBag from /home/airflow/.local/lib/python3.12/site-packages/airflow/example_dags/example_setup_teardown.py
[2026-04-29T01:00:14.318+0000] {processor.py:840} INFO - DAG(s) 'example_setup_teardown' retrieved from /home/airflow/.local/lib/python3.12/site-packages/airflow/example_dags/example_setup_teardown.py
[2026-04-29T01:00:14.339+0000] {logging_mixin.py:188} INFO - [2026-04-29T01:00:14.339+0000] {dag.py:3096} INFO - Sync 1 DAGs
[2026-04-29T01:00:14.360+0000] {logging_mixin.py:188} INFO - [2026-04-29T01:00:14.359+0000] {dag.py:3954} INFO - Setting next_dagrun for example_setup_teardown to 2026-04-28 00:00:00+00:00, run_after=2026-04-29 00:00:00+00:00
[2026-04-29T01:00:14.376+0000] {processor.py:183} INFO - Processing /home/airflow/.local/lib/python3.12/site-packages/airflow/example_dags/example_setup_teardown.py took 0.073 seconds
[2026-04-29T01:00:44.766+0000] {processor.py:161} INFO - Started process (PID=368) to work on /home/airflow/.local/lib/python3.12/site-packages/airflow/example_dags/example_setup_teardown.py
[2026-04-29T01:00:44.817+0000] {processor.py:830} INFO - Processing file /home/airflow/.local/lib/python3.12/site-packages/airflow/example_dags/example_setup_teardown.py for tasks to queue
[2026-04-29T01:00:44.824+0000] {logging_mixin.py:188} INFO - [2026-04-29T01:00:44.822+0000] {dagbag.py:540} INFO - Filling up the DagBag from /home/airflow/.local/lib/python3.12/site-packages/airflow/example_dags/example_setup_teardown.py
[2026-04-29T01:00:44.844+0000] {processor.py:840} INFO - DAG(s) 'example_setup_teardown' retrieved from /home/airflow/.local/lib/python3.12/site-packages/airflow/example_dags/example_setup_teardown.py
[2026-04-29T01:00:44.875+0000] {logging_mixin.py:188} INFO - [2026-04-29T01:00:44.875+0000] {dag.py:3096} INFO - Sync 1 DAGs
[2026-04-29T01:00:44.912+0000] {logging_mixin.py:188} INFO - [2026-04-29T01:00:44.912+0000] {dag.py:3954} INFO - Setting next_dagrun for example_setup_teardown to 2026-04-28 00:00:00+00:00, run_after=2026-04-29 00:00:00+00:00
[2026-04-29T01:00:44.956+0000] {processor.py:183} INFO - Processing /home/airflow/.local/lib/python3.12/site-packages/airflow/example_dags/example_setup_teardown.py took 0.198 seconds
[2026-04-29T01:01:15.168+0000] {processor.py:161} INFO - Started process (PID=428) to work on /home/airflow/.local/lib/python3.12/site-packages/airflow/example_dags/example_setup_teardown.py
[2026-04-29T01:01:15.171+0000] {processor.py:830} INFO - Processing file /home/airflow/.local/lib/python3.12/site-packages/airflow/example_dags/example_setup_teardown.py for tasks to queue
[2026-04-29T01:01:15.175+0000] {logging_mixin.py:188} INFO - [2026-04-29T01:01:15.172+0000] {dagbag.py:540} INFO - Filling up the DagBag from /home/airflow/.local/lib/python3.12/site-packages/airflow/example_dags/example_setup_teardown.py
[2026-04-29T01:01:15.198+0000] {processor.py:840} INFO - DAG(s) 'example_setup_teardown' retrieved from /home/airflow/.local/lib/python3.12/site-packages/airflow/example_dags/example_setup_teardown.py
[2026-04-29T01:01:15.288+0000] {logging_mixin.py:188} INFO - [2026-04-29T01:01:15.288+0000] {dag.py:3096} INFO - Sync 1 DAGs
[2026-04-29T01:01:15.342+0000] {logging_mixin.py:188} INFO - [2026-04-29T01:01:15.340+0000] {dag.py:3954} INFO - Setting next_dagrun for example_setup_teardown to 2026-04-28 00:00:00+00:00, run_after=2026-04-29 00:00:00+00:00
[2026-04-29T01:01:15.385+0000] {processor.py:183} INFO - Processing /home/airflow/.local/lib/python3.12/site-packages/airflow/example_dags/example_setup_teardown.py took 0.234 seconds
[2026-04-29T01:01:45.982+0000] {processor.py:161} INFO - Started process (PID=487) to work on /home/airflow/.local/lib/python3.12/site-packages/airflow/example_dags/example_setup_teardown.py
[2026-04-29T01:01:45.983+0000] {processor.py:830} INFO - Processing file /home/airflow/.local/lib/python3.12/site-packages/airflow/example_dags/example_setup_teardown.py for tasks to queue
[2026-04-29T01:01:45.988+0000] {logging_mixin.py:188} INFO - [2026-04-29T01:01:45.986+0000] {dagbag.py:540} INFO - Filling up the DagBag from /home/airflow/.local/lib/python3.12/site-packages/airflow/example_dags/example_setup_teardown.py
[2026-04-29T01:01:46.001+0000] {processor.py:840} INFO - DAG(s) 'example_setup_teardown' retrieved from /home/airflow/.local/lib/python3.12/site-packages/airflow/example_dags/example_setup_teardown.py
[2026-04-29T01:01:46.036+0000] {logging_mixin.py:188} INFO - [2026-04-29T01:01:46.036+0000] {dag.py:3096} INFO - Sync 1 DAGs
[2026-04-29T01:01:46.066+0000] {logging_mixin.py:188} INFO - [2026-04-29T01:01:46.065+0000] {dag.py:3954} INFO - Setting next_dagrun for example_setup_teardown to 2026-04-28 00:00:00+00:00, run_after=2026-04-29 00:00:00+00:00
[2026-04-29T01:01:46.087+0000] {processor.py:183} INFO - Processing /home/airflow/.local/lib/python3.12/site-packages/airflow/example_dags/example_setup_teardown.py took 0.113 seconds
[2026-04-29T01:02:16.345+0000] {processor.py:161} INFO - Started process (PID=546) to work on /home/airflow/.local/lib/python3.12/site-packages/airflow/example_dags/example_setup_teardown.py
[2026-04-29T01:02:16.346+0000] {processor.py:830} INFO - Processing file /home/airflow/.local/lib/python3.12/site-packages/airflow/example_dags/example_setup_teardown.py for tasks to queue
[2026-04-29T01:02:16.347+0000] {logging_mixin.py:188} INFO - [2026-04-29T01:02:16.347+0000] {dagbag.py:540} INFO - Filling up the DagBag from /home/airflow/.local/lib/python3.12/site-packages/airflow/example_dags/example_setup_teardown.py
[2026-04-29T01:02:16.353+0000] {processor.py:840} INFO - DAG(s) 'example_setup_teardown' retrieved from /home/airflow/.local/lib/python3.12/site-packages/airflow/example_dags/example_setup_teardown.py
[2026-04-29T01:02:16.373+0000] {logging_mixin.py:188} INFO - [2026-04-29T01:02:16.372+0000] {dag.py:3096} INFO - Sync 1 DAGs
[2026-04-29T01:02:16.392+0000] {logging_mixin.py:188} INFO - [2026-04-29T01:02:16.391+0000] {dag.py:3954} INFO - Setting next_dagrun for example_setup_teardown to 2026-04-28 00:00:00+00:00, run_after=2026-04-29 00:00:00+00:00
[2026-04-29T01:02:16.407+0000] {processor.py:183} INFO - Processing /home/airflow/.local/lib/python3.12/site-packages/airflow/example_dags/example_setup_teardown.py took 0.067 seconds
[2026-04-29T01:02:46.497+0000] {processor.py:161} INFO - Started process (PID=605) to work on /home/airflow/.local/lib/python3.12/site-packages/airflow/example_dags/example_setup_teardown.py
[2026-04-29T01:02:46.499+0000] {processor.py:830} INFO - Processing file /home/airflow/.local/lib/python3.12/site-packages/airflow/example_dags/example_setup_teardown.py for tasks to queue
[2026-04-29T01:02:46.501+0000] {logging_mixin.py:188} INFO - [2026-04-29T01:02:46.500+0000] {dagbag.py:540} INFO - Filling up the DagBag from /home/airflow/.local/lib/python3.12/site-packages/airflow/example_dags/example_setup_teardown.py
[2026-04-29T01:02:46.509+0000] {processor.py:840} INFO - DAG(s) 'example_setup_teardown' retrieved from /home/airflow/.local/lib/python3.12/site-packages/airflow/example_dags/example_setup_teardown.py
[2026-04-29T01:02:46.542+0000] {logging_mixin.py:188} INFO - [2026-04-29T01:02:46.541+0000] {dag.py:3096} INFO - Sync 1 DAGs
[2026-04-29T01:02:46.566+0000] {logging_mixin.py:188} INFO - [2026-04-29T01:02:46.566+0000] {dag.py:3954} INFO - Setting next_dagrun for example_setup_teardown to 2026-04-28 00:00:00+00:00, run_after=2026-04-29 00:00:00+00:00
[2026-04-29T01:02:46.583+0000] {processor.py:183} INFO - Processing /home/airflow/.local/lib/python3.12/site-packages/airflow/example_dags/example_setup_teardown.py took 0.094 seconds
[2026-04-29T01:03:16.747+0000] {processor.py:161} INFO - Started process (PID=663) to work on /home/airflow/.local/lib/python3.12/site-packages/airflow/example_dags/example_setup_teardown.py
[2026-04-29T01:03:16.748+0000] {processor.py:830} INFO - Processing file /home/airflow/.local/lib/python3.12/site-packages/airflow/example_dags/example_setup_teardown.py for tasks to queue
[2026-04-29T01:03:16.750+0000] {logging_mixin.py:188} INFO - [2026-04-29T01:03:16.750+0000] {dagbag.py:540} INFO - Filling up the DagBag from /home/airflow/.local/lib/python3.12/site-packages/airflow/example_dags/example_setup_teardown.py
[2026-04-29T01:03:16.759+0000] {processor.py:840} INFO - DAG(s) 'example_setup_teardown' retrieved from /home/airflow/.local/lib/python3.12/site-packages/airflow/example_dags/example_setup_teardown.py
[2026-04-29T01:03:16.784+0000] {logging_mixin.py:188} INFO - [2026-04-29T01:03:16.784+0000] {dag.py:3096} INFO - Sync 1 DAGs
[2026-04-29T01:03:16.812+0000] {logging_mixin.py:188} INFO - [2026-04-29T01:03:16.812+0000] {dag.py:3954} INFO - Setting next_dagrun for example_setup_teardown to 2026-04-28 00:00:00+00:00, run_after=2026-04-29 00:00:00+00:00
[2026-04-29T01:03:16.836+0000] {processor.py:183} INFO - Processing /home/airflow/.local/lib/python3.12/site-packages/airflow/example_dags/example_setup_teardown.py took 0.096 seconds
[2026-04-29T01:03:47.698+0000] {processor.py:161} INFO - Started process (PID=723) to work on /home/airflow/.local/lib/python3.12/site-packages/airflow/example_dags/example_setup_teardown.py
[2026-04-29T01:03:47.699+0000] {processor.py:830} INFO - Processing file /home/airflow/.local/lib/python3.12/site-packages/airflow/example_dags/example_setup_teardown.py for tasks to queue
[2026-04-29T01:03:47.702+0000] {logging_mixin.py:188} INFO - [2026-04-29T01:03:47.701+0000] {dagbag.py:540} INFO - Filling up the DagBag from /home/airflow/.local/lib/python3.12/site-packages/airflow/example_dags/example_setup_teardown.py
[2026-04-29T01:03:47.711+0000] {processor.py:840} INFO - DAG(s) 'example_setup_teardown' retrieved from /home/airflow/.local/lib/python3.12/site-packages/airflow/example_dags/example_setup_teardown.py
[2026-04-29T01:03:47.735+0000] {logging_mixin.py:188} INFO - [2026-04-29T01:03:47.734+0000] {dag.py:3096} INFO - Sync 1 DAGs
[2026-04-29T01:03:47.762+0000] {logging_mixin.py:188} INFO - [2026-04-29T01:03:47.762+0000] {dag.py:3954} INFO - Setting next_dagrun for example_setup_teardown to 2026-04-28 00:00:00+00:00, run_after=2026-04-29 00:00:00+00:00
[2026-04-29T01:03:47.784+0000] {processor.py:183} INFO - Processing /home/airflow/.local/lib/python3.12/site-packages/airflow/example_dags/example_setup_teardown.py took 0.093 seconds
[2026-04-29T01:04:17.893+0000] {processor.py:161} INFO - Started process (PID=783) to work on /home/airflow/.local/lib/python3.12/site-packages/airflow/example_dags/example_setup_teardown.py
[2026-04-29T01:04:17.896+0000] {processor.py:830} INFO - Processing file /home/airflow/.local/lib/python3.12/site-packages/airflow/example_dags/example_setup_teardown.py for tasks to queue
[2026-04-29T01:04:17.900+0000] {logging_mixin.py:188} INFO - [2026-04-29T01:04:17.900+0000] {dagbag.py:540} INFO - Filling up the DagBag from /home/airflow/.local/lib/python3.12/site-packages/airflow/example_dags/example_setup_teardown.py
[2026-04-29T01:04:17.930+0000] {processor.py:840} INFO - DAG(s) 'example_setup_teardown' retrieved from /home/airflow/.local/lib/python3.12/site-packages/airflow/example_dags/example_setup_teardown.py
[2026-04-29T01:04:18.137+0000] {logging_mixin.py:188} INFO - [2026-04-29T01:04:18.123+0000] {dag.py:3096} INFO - Sync 1 DAGs
[2026-04-29T01:04:18.308+0000] {logging_mixin.py:188} INFO - [2026-04-29T01:04:18.308+0000] {dag.py:3954} INFO - Setting next_dagrun for example_setup_teardown to 2026-04-28 00:00:00+00:00, run_after=2026-04-29 00:00:00+00:00
[2026-04-29T01:04:18.386+0000] {processor.py:183} INFO - Processing /home/airflow/.local/lib/python3.12/site-packages/airflow/example_dags/example_setup_teardown.py took 0.527 seconds
[2026-04-29T01:04:49.156+0000] {processor.py:161} INFO - Started process (PID=845) to work on /home/airflow/.local/lib/python3.12/site-packages/airflow/example_dags/example_setup_teardown.py
[2026-04-29T01:04:49.157+0000] {processor.py:830} INFO - Processing file /home/airflow/.local/lib/python3.12/site-packages/airflow/example_dags/example_setup_teardown.py for tasks to queue
[2026-04-29T01:04:49.158+0000] {logging_mixin.py:188} INFO - [2026-04-29T01:04:49.158+0000] {dagbag.py:540} INFO - Filling up the DagBag from /home/airflow/.local/lib/python3.12/site-packages/airflow/example_dags/example_setup_teardown.py
[2026-04-29T01:04:49.166+0000] {processor.py:840} INFO - DAG(s) 'example_setup_teardown' retrieved from /home/airflow/.local/lib/python3.12/site-packages/airflow/example_dags/example_setup_teardown.py
[2026-04-29T01:04:49.189+0000] {logging_mixin.py:188} INFO - [2026-04-29T01:04:49.189+0000] {dag.py:3096} INFO - Sync 1 DAGs
[2026-04-29T01:04:49.224+0000] {logging_mixin.py:188} INFO - [2026-04-29T01:04:49.223+0000] {dag.py:3954} INFO - Setting next_dagrun for example_setup_teardown to 2026-04-28 00:00:00+00:00, run_after=2026-04-29 00:00:00+00:00
[2026-04-29T01:04:49.292+0000] {processor.py:183} INFO - Processing /home/airflow/.local/lib/python3.12/site-packages/airflow/example_dags/example_setup_teardown.py took 0.144 seconds
[2026-04-29T01:05:19.748+0000] {processor.py:161} INFO - Started process (PID=906) to work on /home/airflow/.local/lib/python3.12/site-packages/airflow/example_dags/example_setup_teardown.py
[2026-04-29T01:05:19.748+0000] {processor.py:830} INFO - Processing file /home/airflow/.local/lib/python3.12/site-packages/airflow/example_dags/example_setup_teardown.py for tasks to queue
[2026-04-29T01:05:19.750+0000] {logging_mixin.py:188} INFO - [2026-04-29T01:05:19.750+0000] {dagbag.py:540} INFO - Filling up the DagBag from /home/airflow/.local/lib/python3.12/site-packages/airflow/example_dags/example_setup_teardown.py
[2026-04-29T01:05:19.756+0000] {processor.py:840} INFO - DAG(s) 'example_setup_teardown' retrieved from /home/airflow/.local/lib/python3.12/site-packages/airflow/example_dags/example_setup_teardown.py
[2026-04-29T01:05:19.774+0000] {logging_mixin.py:188} INFO - [2026-04-29T01:05:19.774+0000] {dag.py:3096} INFO - Sync 1 DAGs
[2026-04-29T01:05:19.793+0000] {logging_mixin.py:188} INFO - [2026-04-29T01:05:19.793+0000] {dag.py:3954} INFO - Setting next_dagrun for example_setup_teardown to 2026-04-28 00:00:00+00:00, run_after=2026-04-29 00:00:00+00:00
[2026-04-29T01:05:19.808+0000] {processor.py:183} INFO - Processing /home/airflow/.local/lib/python3.12/site-packages/airflow/example_dags/example_setup_teardown.py took 0.066 seconds
[2026-04-29T01:05:50.196+0000] {processor.py:161} INFO - Started process (PID=966) to work on /home/airflow/.local/lib/python3.12/site-packages/airflow/example_dags/example_setup_teardown.py
[2026-04-29T01:05:50.197+0000] {processor.py:830} INFO - Processing file /home/airflow/.local/lib/python3.12/site-packages/airflow/example_dags/example_setup_teardown.py for tasks to queue
[2026-04-29T01:05:50.206+0000] {logging_mixin.py:188} INFO - [2026-04-29T01:05:50.205+0000] {dagbag.py:540} INFO - Filling up the DagBag from /home/airflow/.local/lib/python3.12/site-packages/airflow/example_dags/example_setup_teardown.py
[2026-04-29T01:05:50.239+0000] {processor.py:840} INFO - DAG(s) 'example_setup_teardown' retrieved from /home/airflow/.local/lib/python3.12/site-packages/airflow/example_dags/example_setup_teardown.py
[2026-04-29T01:05:50.305+0000] {logging_mixin.py:188} INFO - [2026-04-29T01:05:50.305+0000] {dag.py:3096} INFO - Sync 1 DAGs
[2026-04-29T01:05:50.380+0000] {logging_mixin.py:188} INFO - [2026-04-29T01:05:50.380+0000] {dag.py:3954} INFO - Setting next_dagrun for example_setup_teardown to 2026-04-28 00:00:00+00:00, run_after=2026-04-29 00:00:00+00:00
[2026-04-29T01:05:50.433+0000] {processor.py:183} INFO - Processing /home/airflow/.local/lib/python3.12/site-packages/airflow/example_dags/example_setup_teardown.py took 0.254 seconds
[2026-04-29T01:06:20.819+0000] {processor.py:161} INFO - Started process (PID=1026) to work on /home/airflow/.local/lib/python3.12/site-packages/airflow/example_dags/example_setup_teardown.py
[2026-04-29T01:06:20.834+0000] {processor.py:830} INFO - Processing file /home/airflow/.local/lib/python3.12/site-packages/airflow/example_dags/example_setup_teardown.py for tasks to queue
[2026-04-29T01:06:20.838+0000] {logging_mixin.py:188} INFO - [2026-04-29T01:06:20.837+0000] {dagbag.py:540} INFO - Filling up the DagBag from /home/airflow/.local/lib/python3.12/site-packages/airflow/example_dags/example_setup_teardown.py
[2026-04-29T01:06:20.852+0000] {processor.py:840} INFO - DAG(s) 'example_setup_teardown' retrieved from /home/airflow/.local/lib/python3.12/site-packages/airflow/example_dags/example_setup_teardown.py
[2026-04-29T01:06:20.898+0000] {logging_mixin.py:188} INFO - [2026-04-29T01:06:20.898+0000] {dag.py:3096} INFO - Sync 1 DAGs
[2026-04-29T01:06:20.937+0000] {logging_mixin.py:188} INFO - [2026-04-29T01:06:20.937+0000] {dag.py:3954} INFO - Setting next_dagrun for example_setup_teardown to 2026-04-28 00:00:00+00:00, run_after=2026-04-29 00:00:00+00:00
[2026-04-29T01:06:21.040+0000] {processor.py:183} INFO - Processing /home/airflow/.local/lib/python3.12/site-packages/airflow/example_dags/example_setup_teardown.py took 0.242 seconds
[2026-04-29T01:06:51.757+0000] {processor.py:161} INFO - Started process (PID=1086) to work on /home/airflow/.local/lib/python3.12/site-packages/airflow/example_dags/example_setup_teardown.py
[2026-04-29T01:06:51.771+0000] {processor.py:830} INFO - Processing file /home/airflow/.local/lib/python3.12/site-packages/airflow/example_dags/example_setup_teardown.py for tasks to queue
[2026-04-29T01:06:51.774+0000] {logging_mixin.py:188} INFO - [2026-04-29T01:06:51.773+0000] {dagbag.py:540} INFO - Filling up the DagBag from /home/airflow/.local/lib/python3.12/site-packages/airflow/example_dags/example_setup_teardown.py
[2026-04-29T01:06:51.795+0000] {processor.py:840} INFO - DAG(s) 'example_setup_teardown' retrieved from /home/airflow/.local/lib/python3.12/site-packages/airflow/example_dags/example_setup_teardown.py
[2026-04-29T01:06:51.852+0000] {logging_mixin.py:188} INFO - [2026-04-29T01:06:51.852+0000] {dag.py:3096} INFO - Sync 1 DAGs
[2026-04-29T01:06:51.925+0000] {logging_mixin.py:188} INFO - [2026-04-29T01:06:51.920+0000] {dag.py:3954} INFO - Setting next_dagrun for example_setup_teardown to 2026-04-28 00:00:00+00:00, run_after=2026-04-29 00:00:00+00:00
[2026-04-29T01:06:51.998+0000] {processor.py:183} INFO - Processing /home/airflow/.local/lib/python3.12/site-packages/airflow/example_dags/example_setup_teardown.py took 0.248 seconds
[2026-04-29T01:07:22.552+0000] {processor.py:161} INFO - Started process (PID=1146) to work on /home/airflow/.local/lib/python3.12/site-packages/airflow/example_dags/example_setup_teardown.py
[2026-04-29T01:07:22.552+0000] {processor.py:830} INFO - Processing file /home/airflow/.local/lib/python3.12/site-packages/airflow/example_dags/example_setup_teardown.py for tasks to queue
[2026-04-29T01:07:22.554+0000] {logging_mixin.py:188} INFO - [2026-04-29T01:07:22.554+0000] {dagbag.py:540} INFO - Filling up the DagBag from /home/airflow/.local/lib/python3.12/site-packages/airflow/example_dags/example_setup_teardown.py
[2026-04-29T01:07:22.560+0000] {processor.py:840} INFO - DAG(s) 'example_setup_teardown' retrieved from /home/airflow/.local/lib/python3.12/site-packages/airflow/example_dags/example_setup_teardown.py
[2026-04-29T01:07:22.577+0000] {logging_mixin.py:188} INFO - [2026-04-29T01:07:22.577+0000] {dag.py:3096} INFO - Sync 1 DAGs
[2026-04-29T01:07:22.600+0000] {logging_mixin.py:188} INFO - [2026-04-29T01:07:22.599+0000] {dag.py:3954} INFO - Setting next_dagrun for example_setup_teardown to 2026-04-28 00:00:00+00:00, run_after=2026-04-29 00:00:00+00:00
[2026-04-29T01:07:22.623+0000] {processor.py:183} INFO - Processing /home/airflow/.local/lib/python3.12/site-packages/airflow/example_dags/example_setup_teardown.py took 0.078 seconds
[2026-04-29T01:07:53.137+0000] {processor.py:161} INFO - Started process (PID=1205) to work on /home/airflow/.local/lib/python3.12/site-packages/airflow/example_dags/example_setup_teardown.py
[2026-04-29T01:07:53.138+0000] {processor.py:830} INFO - Processing file /home/airflow/.local/lib/python3.12/site-packages/airflow/example_dags/example_setup_teardown.py for tasks to queue
[2026-04-29T01:07:53.140+0000] {logging_mixin.py:188} INFO - [2026-04-29T01:07:53.140+0000] {dagbag.py:540} INFO - Filling up the DagBag from /home/airflow/.local/lib/python3.12/site-packages/airflow/example_dags/example_setup_teardown.py
[2026-04-29T01:07:53.146+0000] {processor.py:840} INFO - DAG(s) 'example_setup_teardown' retrieved from /home/airflow/.local/lib/python3.12/site-packages/airflow/example_dags/example_setup_teardown.py
[2026-04-29T01:07:53.164+0000] {logging_mixin.py:188} INFO - [2026-04-29T01:07:53.164+0000] {dag.py:3096} INFO - Sync 1 DAGs
[2026-04-29T01:07:53.339+0000] {logging_mixin.py:188} INFO - [2026-04-29T01:07:53.339+0000] {dag.py:3954} INFO - Setting next_dagrun for example_setup_teardown to 2026-04-28 00:00:00+00:00, run_after=2026-04-29 00:00:00+00:00
[2026-04-29T01:07:53.366+0000] {processor.py:183} INFO - Processing /home/airflow/.local/lib/python3.12/site-packages/airflow/example_dags/example_setup_teardown.py took 0.233 seconds
[2026-04-29T01:08:23.761+0000] {processor.py:161} INFO - Started process (PID=1265) to work on /home/airflow/.local/lib/python3.12/site-packages/airflow/example_dags/example_setup_teardown.py
[2026-04-29T01:08:23.762+0000] {processor.py:830} INFO - Processing file /home/airflow/.local/lib/python3.12/site-packages/airflow/example_dags/example_setup_teardown.py for tasks to queue
[2026-04-29T01:08:23.764+0000] {logging_mixin.py:188} INFO - [2026-04-29T01:08:23.764+0000] {dagbag.py:540} INFO - Filling up the DagBag from /home/airflow/.local/lib/python3.12/site-packages/airflow/example_dags/example_setup_teardown.py
[2026-04-29T01:08:23.773+0000] {processor.py:840} INFO - DAG(s) 'example_setup_teardown' retrieved from /home/airflow/.local/lib/python3.12/site-packages/airflow/example_dags/example_setup_teardown.py
[2026-04-29T01:08:23.860+0000] {logging_mixin.py:188} INFO - [2026-04-29T01:08:23.859+0000] {dag.py:3096} INFO - Sync 1 DAGs
[2026-04-29T01:08:23.887+0000] {logging_mixin.py:188} INFO - [2026-04-29T01:08:23.887+0000] {dag.py:3954} INFO - Setting next_dagrun for example_setup_teardown to 2026-04-28 00:00:00+00:00, run_after=2026-04-29 00:00:00+00:00
[2026-04-29T01:08:23.907+0000] {processor.py:183} INFO - Processing /home/airflow/.local/lib/python3.12/site-packages/airflow/example_dags/example_setup_teardown.py took 0.154 seconds
[2026-04-29T01:08:54.370+0000] {processor.py:161} INFO - Started process (PID=1325) to work on /home/airflow/.local/lib/python3.12/site-packages/airflow/example_dags/example_setup_teardown.py
[2026-04-29T01:08:54.372+0000] {processor.py:830} INFO - Processing file /home/airflow/.local/lib/python3.12/site-packages/airflow/example_dags/example_setup_teardown.py for tasks to queue
[2026-04-29T01:08:54.375+0000] {logging_mixin.py:188} INFO - [2026-04-29T01:08:54.375+0000] {dagbag.py:540} INFO - Filling up the DagBag from /home/airflow/.local/lib/python3.12/site-packages/airflow/example_dags/example_setup_teardown.py
[2026-04-29T01:08:54.385+0000] {processor.py:840} INFO - DAG(s) 'example_setup_teardown' retrieved from /home/airflow/.local/lib/python3.12/site-packages/airflow/example_dags/example_setup_teardown.py
[2026-04-29T01:08:54.420+0000] {logging_mixin.py:188} INFO - [2026-04-29T01:08:54.420+0000] {dag.py:3096} INFO - Sync 1 DAGs
[2026-04-29T01:08:54.455+0000] {logging_mixin.py:188} INFO - [2026-04-29T01:08:54.455+0000] {dag.py:3954} INFO - Setting next_dagrun for example_setup_teardown to 2026-04-28 00:00:00+00:00, run_after=2026-04-29 00:00:00+00:00
[2026-04-29T01:08:54.488+0000] {processor.py:183} INFO - Processing /home/airflow/.local/lib/python3.12/site-packages/airflow/example_dags/example_setup_teardown.py took 0.137 seconds
[2026-04-29T01:09:24.755+0000] {processor.py:161} INFO - Started process (PID=1385) to work on /home/airflow/.local/lib/python3.12/site-packages/airflow/example_dags/example_setup_teardown.py
[2026-04-29T01:09:24.830+0000] {processor.py:830} INFO - Processing file /home/airflow/.local/lib/python3.12/site-packages/airflow/example_dags/example_setup_teardown.py for tasks to queue
[2026-04-29T01:09:24.837+0000] {logging_mixin.py:188} INFO - [2026-04-29T01:09:24.836+0000] {dagbag.py:540} INFO - Filling up the DagBag from /home/airflow/.local/lib/python3.12/site-packages/airflow/example_dags/example_setup_teardown.py
[2026-04-29T01:09:24.850+0000] {processor.py:840} INFO - DAG(s) 'example_setup_teardown' retrieved from /home/airflow/.local/lib/python3.12/site-packages/airflow/example_dags/example_setup_teardown.py
[2026-04-29T01:09:24.997+0000] {logging_mixin.py:188} INFO - [2026-04-29T01:09:24.996+0000] {dag.py:3096} INFO - Sync 1 DAGs
[2026-04-29T01:09:25.104+0000] {logging_mixin.py:188} INFO - [2026-04-29T01:09:25.104+0000] {dag.py:3954} INFO - Setting next_dagrun for example_setup_teardown to 2026-04-28 00:00:00+00:00, run_after=2026-04-29 00:00:00+00:00
[2026-04-29T01:09:25.169+0000] {processor.py:183} INFO - Processing /home/airflow/.local/lib/python3.12/site-packages/airflow/example_dags/example_setup_teardown.py took 0.427 seconds
[2026-04-29T01:09:55.654+0000] {processor.py:161} INFO - Started process (PID=1445) to work on /home/airflow/.local/lib/python3.12/site-packages/airflow/example_dags/example_setup_teardown.py
[2026-04-29T01:09:55.655+0000] {processor.py:830} INFO - Processing file /home/airflow/.local/lib/python3.12/site-packages/airflow/example_dags/example_setup_teardown.py for tasks to queue
[2026-04-29T01:09:55.658+0000] {logging_mixin.py:188} INFO - [2026-04-29T01:09:55.657+0000] {dagbag.py:540} INFO - Filling up the DagBag from /home/airflow/.local/lib/python3.12/site-packages/airflow/example_dags/example_setup_teardown.py
[2026-04-29T01:09:55.667+0000] {processor.py:840} INFO - DAG(s) 'example_setup_teardown' retrieved from /home/airflow/.local/lib/python3.12/site-packages/airflow/example_dags/example_setup_teardown.py
[2026-04-29T01:09:55.695+0000] {logging_mixin.py:188} INFO - [2026-04-29T01:09:55.694+0000] {dag.py:3096} INFO - Sync 1 DAGs
[2026-04-29T01:09:55.727+0000] {logging_mixin.py:188} INFO - [2026-04-29T01:09:55.727+0000] {dag.py:3954} INFO - Setting next_dagrun for example_setup_teardown to 2026-04-28 00:00:00+00:00, run_after=2026-04-29 00:00:00+00:00
[2026-04-29T01:09:55.753+0000] {processor.py:183} INFO - Processing /home/airflow/.local/lib/python3.12/site-packages/airflow/example_dags/example_setup_teardown.py took 0.107 seconds
[2026-04-29T01:10:25.960+0000] {processor.py:161} INFO - Started process (PID=1505) to work on /home/airflow/.local/lib/python3.12/site-packages/airflow/example_dags/example_setup_teardown.py
[2026-04-29T01:10:25.961+0000] {processor.py:830} INFO - Processing file /home/airflow/.local/lib/python3.12/site-packages/airflow/example_dags/example_setup_teardown.py for tasks to queue
[2026-04-29T01:10:25.963+0000] {logging_mixin.py:188} INFO - [2026-04-29T01:10:25.963+0000] {dagbag.py:540} INFO - Filling up the DagBag from /home/airflow/.local/lib/python3.12/site-packages/airflow/example_dags/example_setup_teardown.py
[2026-04-29T01:10:25.970+0000] {processor.py:840} INFO - DAG(s) 'example_setup_teardown' retrieved from /home/airflow/.local/lib/python3.12/site-packages/airflow/example_dags/example_setup_teardown.py
[2026-04-29T01:10:25.990+0000] {logging_mixin.py:188} INFO - [2026-04-29T01:10:25.990+0000] {dag.py:3096} INFO - Sync 1 DAGs
[2026-04-29T01:10:26.012+0000] {logging_mixin.py:188} INFO - [2026-04-29T01:10:26.012+0000] {dag.py:3954} INFO - Setting next_dagrun for example_setup_teardown to 2026-04-28 00:00:00+00:00, run_after=2026-04-29 00:00:00+00:00
[2026-04-29T01:10:26.033+0000] {processor.py:183} INFO - Processing /home/airflow/.local/lib/python3.12/site-packages/airflow/example_dags/example_setup_teardown.py took 0.078 seconds
[2026-04-29T01:10:56.409+0000] {processor.py:161} INFO - Started process (PID=1565) to work on /home/airflow/.local/lib/python3.12/site-packages/airflow/example_dags/example_setup_teardown.py
[2026-04-29T01:10:56.414+0000] {processor.py:830} INFO - Processing file /home/airflow/.local/lib/python3.12/site-packages/airflow/example_dags/example_setup_teardown.py for tasks to queue
[2026-04-29T01:10:56.417+0000] {logging_mixin.py:188} INFO - [2026-04-29T01:10:56.417+0000] {dagbag.py:540} INFO - Filling up the DagBag from /home/airflow/.local/lib/python3.12/site-packages/airflow/example_dags/example_setup_teardown.py
[2026-04-29T01:10:56.424+0000] {processor.py:840} INFO - DAG(s) 'example_setup_teardown' retrieved from /home/airflow/.local/lib/python3.12/site-packages/airflow/example_dags/example_setup_teardown.py
[2026-04-29T01:10:56.444+0000] {logging_mixin.py:188} INFO - [2026-04-29T01:10:56.444+0000] {dag.py:3096} INFO - Sync 1 DAGs
[2026-04-29T01:10:56.463+0000] {logging_mixin.py:188} INFO - [2026-04-29T01:10:56.463+0000] {dag.py:3954} INFO - Setting next_dagrun for example_setup_teardown to 2026-04-28 00:00:00+00:00, run_after=2026-04-29 00:00:00+00:00
[2026-04-29T01:10:56.478+0000] {processor.py:183} INFO - Processing /home/airflow/.local/lib/python3.12/site-packages/airflow/example_dags/example_setup_teardown.py took 0.078 seconds
[2026-04-29T01:11:27.336+0000] {processor.py:161} INFO - Started process (PID=1624) to work on /home/airflow/.local/lib/python3.12/site-packages/airflow/example_dags/example_setup_teardown.py
[2026-04-29T01:11:27.336+0000] {processor.py:830} INFO - Processing file /home/airflow/.local/lib/python3.12/site-packages/airflow/example_dags/example_setup_teardown.py for tasks to queue
[2026-04-29T01:11:27.338+0000] {logging_mixin.py:188} INFO - [2026-04-29T01:11:27.338+0000] {dagbag.py:540} INFO - Filling up the DagBag from /home/airflow/.local/lib/python3.12/site-packages/airflow/example_dags/example_setup_teardown.py
[2026-04-29T01:11:27.344+0000] {processor.py:840} INFO - DAG(s) 'example_setup_teardown' retrieved from /home/airflow/.local/lib/python3.12/site-packages/airflow/example_dags/example_setup_teardown.py
[2026-04-29T01:11:27.378+0000] {logging_mixin.py:188} INFO - [2026-04-29T01:11:27.376+0000] {dag.py:3096} INFO - Sync 1 DAGs
[2026-04-29T01:11:27.411+0000] {logging_mixin.py:188} INFO - [2026-04-29T01:11:27.411+0000] {dag.py:3954} INFO - Setting next_dagrun for example_setup_teardown to 2026-04-28 00:00:00+00:00, run_after=2026-04-29 00:00:00+00:00
[2026-04-29T01:11:27.435+0000] {processor.py:183} INFO - Processing /home/airflow/.local/lib/python3.12/site-packages/airflow/example_dags/example_setup_teardown.py took 0.104 seconds
[2026-04-29T01:12:00.186+0000] {processor.py:161} INFO - Started process (PID=1684) to work on /home/airflow/.local/lib/python3.12/site-packages/airflow/example_dags/example_setup_teardown.py
[2026-04-29T01:12:00.191+0000] {processor.py:830} INFO - Processing file /home/airflow/.local/lib/python3.12/site-packages/airflow/example_dags/example_setup_teardown.py for tasks to queue
[2026-04-29T01:12:00.209+0000] {logging_mixin.py:188} INFO - [2026-04-29T01:12:00.208+0000] {dagbag.py:540} INFO - Filling up the DagBag from /home/airflow/.local/lib/python3.12/site-packages/airflow/example_dags/example_setup_teardown.py
[2026-04-29T01:12:00.246+0000] {processor.py:840} INFO - DAG(s) 'example_setup_teardown' retrieved from /home/airflow/.local/lib/python3.12/site-packages/airflow/example_dags/example_setup_teardown.py
[2026-04-29T01:12:00.372+0000] {logging_mixin.py:188} INFO - [2026-04-29T01:12:00.370+0000] {dag.py:3096} INFO - Sync 1 DAGs
[2026-04-29T01:12:00.552+0000] {logging_mixin.py:188} INFO - [2026-04-29T01:12:00.552+0000] {dag.py:3954} INFO - Setting next_dagrun for example_setup_teardown to 2026-04-28 00:00:00+00:00, run_after=2026-04-29 00:00:00+00:00
[2026-04-29T01:12:00.743+0000] {processor.py:183} INFO - Processing /home/airflow/.local/lib/python3.12/site-packages/airflow/example_dags/example_setup_teardown.py took 0.583 seconds
[2026-04-29T01:12:30.907+0000] {processor.py:161} INFO - Started process (PID=1744) to work on /home/airflow/.local/lib/python3.12/site-packages/airflow/example_dags/example_setup_teardown.py
[2026-04-29T01:12:30.913+0000] {processor.py:830} INFO - Processing file /home/airflow/.local/lib/python3.12/site-packages/airflow/example_dags/example_setup_teardown.py for tasks to queue
[2026-04-29T01:12:30.918+0000] {logging_mixin.py:188} INFO - [2026-04-29T01:12:30.918+0000] {dagbag.py:540} INFO - Filling up the DagBag from /home/airflow/.local/lib/python3.12/site-packages/airflow/example_dags/example_setup_teardown.py
[2026-04-29T01:12:30.949+0000] {processor.py:840} INFO - DAG(s) 'example_setup_teardown' retrieved from /home/airflow/.local/lib/python3.12/site-packages/airflow/example_dags/example_setup_teardown.py
[2026-04-29T01:12:31.063+0000] {logging_mixin.py:188} INFO - [2026-04-29T01:12:31.062+0000] {dag.py:3096} INFO - Sync 1 DAGs
[2026-04-29T01:12:31.139+0000] {logging_mixin.py:188} INFO - [2026-04-29T01:12:31.138+0000] {dag.py:3954} INFO - Setting next_dagrun for example_setup_teardown to 2026-04-28 00:00:00+00:00, run_after=2026-04-29 00:00:00+00:00
[2026-04-29T01:12:31.180+0000] {processor.py:183} INFO - Processing /home/airflow/.local/lib/python3.12/site-packages/airflow/example_dags/example_setup_teardown.py took 0.296 seconds
[2026-04-29T01:13:01.440+0000] {processor.py:161} INFO - Started process (PID=1804) to work on /home/airflow/.local/lib/python3.12/site-packages/airflow/example_dags/example_setup_teardown.py
[2026-04-29T01:13:01.441+0000] {processor.py:830} INFO - Processing file /home/airflow/.local/lib/python3.12/site-packages/airflow/example_dags/example_setup_teardown.py for tasks to queue
[2026-04-29T01:13:01.444+0000] {logging_mixin.py:188} INFO - [2026-04-29T01:13:01.443+0000] {dagbag.py:540} INFO - Filling up the DagBag from /home/airflow/.local/lib/python3.12/site-packages/airflow/example_dags/example_setup_teardown.py
[2026-04-29T01:13:01.453+0000] {processor.py:840} INFO - DAG(s) 'example_setup_teardown' retrieved from /home/airflow/.local/lib/python3.12/site-packages/airflow/example_dags/example_setup_teardown.py
[2026-04-29T01:13:01.477+0000] {logging_mixin.py:188} INFO - [2026-04-29T01:13:01.477+0000] {dag.py:3096} INFO - Sync 1 DAGs
[2026-04-29T01:13:01.503+0000] {logging_mixin.py:188} INFO - [2026-04-29T01:13:01.503+0000] {dag.py:3954} INFO - Setting next_dagrun for example_setup_teardown to 2026-04-28 00:00:00+00:00, run_after=2026-04-29 00:00:00+00:00
[2026-04-29T01:13:01.524+0000] {processor.py:183} INFO - Processing /home/airflow/.local/lib/python3.12/site-packages/airflow/example_dags/example_setup_teardown.py took 0.091 seconds
[2026-04-29T01:13:32.276+0000] {processor.py:161} INFO - Started process (PID=1865) to work on /home/airflow/.local/lib/python3.12/site-packages/airflow/example_dags/example_setup_teardown.py
[2026-04-29T01:13:32.278+0000] {processor.py:830} INFO - Processing file /home/airflow/.local/lib/python3.12/site-packages/airflow/example_dags/example_setup_teardown.py for tasks to queue
[2026-04-29T01:13:32.280+0000] {logging_mixin.py:188} INFO - [2026-04-29T01:13:32.279+0000] {dagbag.py:540} INFO - Filling up the DagBag from /home/airflow/.local/lib/python3.12/site-packages/airflow/example_dags/example_setup_teardown.py
[2026-04-29T01:13:32.313+0000] {processor.py:840} INFO - DAG(s) 'example_setup_teardown' retrieved from /home/airflow/.local/lib/python3.12/site-packages/airflow/example_dags/example_setup_teardown.py
[2026-04-29T01:13:32.378+0000] {logging_mixin.py:188} INFO - [2026-04-29T01:13:32.378+0000] {dag.py:3096} INFO - Sync 1 DAGs
[2026-04-29T01:13:32.424+0000] {logging_mixin.py:188} INFO - [2026-04-29T01:13:32.424+0000] {dag.py:3954} INFO - Setting next_dagrun for example_setup_teardown to 2026-04-28 00:00:00+00:00, run_after=2026-04-29 00:00:00+00:00
[2026-04-29T01:13:32.466+0000] {processor.py:183} INFO - Processing /home/airflow/.local/lib/python3.12/site-packages/airflow/example_dags/example_setup_teardown.py took 0.227 seconds
[2026-04-29T01:14:10.324+0000] {processor.py:161} INFO - Started process (PID=1921) to work on /home/airflow/.local/lib/python3.12/site-packages/airflow/example_dags/example_setup_teardown.py
[2026-04-29T01:14:10.394+0000] {processor.py:830} INFO - Processing file /home/airflow/.local/lib/python3.12/site-packages/airflow/example_dags/example_setup_teardown.py for tasks to queue
[2026-04-29T01:14:10.417+0000] {logging_mixin.py:188} INFO - [2026-04-29T01:14:10.417+0000] {dagbag.py:540} INFO - Filling up the DagBag from /home/airflow/.local/lib/python3.12/site-packages/airflow/example_dags/example_setup_teardown.py
[2026-04-29T01:14:10.459+0000] {processor.py:840} INFO - DAG(s) 'example_setup_teardown' retrieved from /home/airflow/.local/lib/python3.12/site-packages/airflow/example_dags/example_setup_teardown.py
[2026-04-29T01:14:10.608+0000] {logging_mixin.py:188} INFO - [2026-04-29T01:14:10.607+0000] {dag.py:3096} INFO - Sync 1 DAGs
[2026-04-29T01:14:10.743+0000] {logging_mixin.py:188} INFO - [2026-04-29T01:14:10.741+0000] {dag.py:3954} INFO - Setting next_dagrun for example_setup_teardown to 2026-04-28 00:00:00+00:00, run_after=2026-04-29 00:00:00+00:00
[2026-04-29T01:14:10.826+0000] {processor.py:183} INFO - Processing /home/airflow/.local/lib/python3.12/site-packages/airflow/example_dags/example_setup_teardown.py took 0.570 seconds
[2026-04-29T01:14:41.301+0000] {processor.py:161} INFO - Started process (PID=1978) to work on /home/airflow/.local/lib/python3.12/site-packages/airflow/example_dags/example_setup_teardown.py
[2026-04-29T01:14:41.309+0000] {processor.py:830} INFO - Processing file /home/airflow/.local/lib/python3.12/site-packages/airflow/example_dags/example_setup_teardown.py for tasks to queue
[2026-04-29T01:14:41.312+0000] {logging_mixin.py:188} INFO - [2026-04-29T01:14:41.311+0000] {dagbag.py:540} INFO - Filling up the DagBag from /home/airflow/.local/lib/python3.12/site-packages/airflow/example_dags/example_setup_teardown.py
[2026-04-29T01:14:41.326+0000] {processor.py:840} INFO - DAG(s) 'example_setup_teardown' retrieved from /home/airflow/.local/lib/python3.12/site-packages/airflow/example_dags/example_setup_teardown.py
[2026-04-29T01:14:41.367+0000] {logging_mixin.py:188} INFO - [2026-04-29T01:14:41.366+0000] {dag.py:3096} INFO - Sync 1 DAGs
[2026-04-29T01:14:41.405+0000] {logging_mixin.py:188} INFO - [2026-04-29T01:14:41.405+0000] {dag.py:3954} INFO - Setting next_dagrun for example_setup_teardown to 2026-04-28 00:00:00+00:00, run_after=2026-04-29 00:00:00+00:00
[2026-04-29T01:14:41.447+0000] {processor.py:183} INFO - Processing /home/airflow/.local/lib/python3.12/site-packages/airflow/example_dags/example_setup_teardown.py took 0.161 seconds
[2026-04-29T01:15:12.356+0000] {processor.py:161} INFO - Started process (PID=2038) to work on /home/airflow/.local/lib/python3.12/site-packages/airflow/example_dags/example_setup_teardown.py
[2026-04-29T01:15:12.358+0000] {processor.py:830} INFO - Processing file /home/airflow/.local/lib/python3.12/site-packages/airflow/example_dags/example_setup_teardown.py for tasks to queue
[2026-04-29T01:15:12.363+0000] {logging_mixin.py:188} INFO - [2026-04-29T01:15:12.363+0000] {dagbag.py:540} INFO - Filling up the DagBag from /home/airflow/.local/lib/python3.12/site-packages/airflow/example_dags/example_setup_teardown.py
[2026-04-29T01:15:12.406+0000] {processor.py:840} INFO - DAG(s) 'example_setup_teardown' retrieved from /home/airflow/.local/lib/python3.12/site-packages/airflow/example_dags/example_setup_teardown.py
[2026-04-29T01:15:12.521+0000] {logging_mixin.py:188} INFO - [2026-04-29T01:15:12.521+0000] {dag.py:3096} INFO - Sync 1 DAGs
[2026-04-29T01:15:12.620+0000] {logging_mixin.py:188} INFO - [2026-04-29T01:15:12.619+0000] {dag.py:3954} INFO - Setting next_dagrun for example_setup_teardown to 2026-04-28 00:00:00+00:00, run_after=2026-04-29 00:00:00+00:00
[2026-04-29T01:15:12.672+0000] {processor.py:183} INFO - Processing /home/airflow/.local/lib/python3.12/site-packages/airflow/example_dags/example_setup_teardown.py took 0.331 seconds
[2026-04-29T01:15:42.788+0000] {processor.py:161} INFO - Started process (PID=2098) to work on /home/airflow/.local/lib/python3.12/site-packages/airflow/example_dags/example_setup_teardown.py
[2026-04-29T01:15:42.791+0000] {processor.py:830} INFO - Processing file /home/airflow/.local/lib/python3.12/site-packages/airflow/example_dags/example_setup_teardown.py for tasks to queue
[2026-04-29T01:15:42.793+0000] {logging_mixin.py:188} INFO - [2026-04-29T01:15:42.792+0000] {dagbag.py:540} INFO - Filling up the DagBag from /home/airflow/.local/lib/python3.12/site-packages/airflow/example_dags/example_setup_teardown.py
[2026-04-29T01:15:42.830+0000] {processor.py:840} INFO - DAG(s) 'example_setup_teardown' retrieved from /home/airflow/.local/lib/python3.12/site-packages/airflow/example_dags/example_setup_teardown.py
[2026-04-29T01:15:42.883+0000] {logging_mixin.py:188} INFO - [2026-04-29T01:15:42.883+0000] {dag.py:3096} INFO - Sync 1 DAGs
[2026-04-29T01:15:42.942+0000] {logging_mixin.py:188} INFO - [2026-04-29T01:15:42.942+0000] {dag.py:3954} INFO - Setting next_dagrun for example_setup_teardown to 2026-04-28 00:00:00+00:00, run_after=2026-04-29 00:00:00+00:00
[2026-04-29T01:15:42.962+0000] {processor.py:183} INFO - Processing /home/airflow/.local/lib/python3.12/site-packages/airflow/example_dags/example_setup_teardown.py took 0.186 seconds
[2026-04-29T01:16:13.368+0000] {processor.py:161} INFO - Started process (PID=2158) to work on /home/airflow/.local/lib/python3.12/site-packages/airflow/example_dags/example_setup_teardown.py
[2026-04-29T01:16:13.369+0000] {processor.py:830} INFO - Processing file /home/airflow/.local/lib/python3.12/site-packages/airflow/example_dags/example_setup_teardown.py for tasks to queue
[2026-04-29T01:16:13.371+0000] {logging_mixin.py:188} INFO - [2026-04-29T01:16:13.371+0000] {dagbag.py:540} INFO - Filling up the DagBag from /home/airflow/.local/lib/python3.12/site-packages/airflow/example_dags/example_setup_teardown.py
[2026-04-29T01:16:13.380+0000] {processor.py:840} INFO - DAG(s) 'example_setup_teardown' retrieved from /home/airflow/.local/lib/python3.12/site-packages/airflow/example_dags/example_setup_teardown.py
[2026-04-29T01:16:13.408+0000] {logging_mixin.py:188} INFO - [2026-04-29T01:16:13.408+0000] {dag.py:3096} INFO - Sync 1 DAGs
[2026-04-29T01:16:13.436+0000] {logging_mixin.py:188} INFO - [2026-04-29T01:16:13.436+0000] {dag.py:3954} INFO - Setting next_dagrun for example_setup_teardown to 2026-04-28 00:00:00+00:00, run_after=2026-04-29 00:00:00+00:00
[2026-04-29T01:16:13.460+0000] {processor.py:183} INFO - Processing /home/airflow/.local/lib/python3.12/site-packages/airflow/example_dags/example_setup_teardown.py took 0.099 seconds
[2026-04-29T01:16:44.246+0000] {processor.py:161} INFO - Started process (PID=2217) to work on /home/airflow/.local/lib/python3.12/site-packages/airflow/example_dags/example_setup_teardown.py
[2026-04-29T01:16:44.248+0000] {processor.py:830} INFO - Processing file /home/airflow/.local/lib/python3.12/site-packages/airflow/example_dags/example_setup_teardown.py for tasks to queue
[2026-04-29T01:16:44.250+0000] {logging_mixin.py:188} INFO - [2026-04-29T01:16:44.250+0000] {dagbag.py:540} INFO - Filling up the DagBag from /home/airflow/.local/lib/python3.12/site-packages/airflow/example_dags/example_setup_teardown.py
[2026-04-29T01:16:44.259+0000] {processor.py:840} INFO - DAG(s) 'example_setup_teardown' retrieved from /home/airflow/.local/lib/python3.12/site-packages/airflow/example_dags/example_setup_teardown.py
[2026-04-29T01:16:44.285+0000] {logging_mixin.py:188} INFO - [2026-04-29T01:16:44.285+0000] {dag.py:3096} INFO - Sync 1 DAGs
[2026-04-29T01:16:44.315+0000] {logging_mixin.py:188} INFO - [2026-04-29T01:16:44.315+0000] {dag.py:3954} INFO - Setting next_dagrun for example_setup_teardown to 2026-04-28 00:00:00+00:00, run_after=2026-04-29 00:00:00+00:00
[2026-04-29T01:16:44.337+0000] {processor.py:183} INFO - Processing /home/airflow/.local/lib/python3.12/site-packages/airflow/example_dags/example_setup_teardown.py took 0.097 seconds
[2026-04-29T01:17:15.096+0000] {processor.py:161} INFO - Started process (PID=2277) to work on /home/airflow/.local/lib/python3.12/site-packages/airflow/example_dags/example_setup_teardown.py
[2026-04-29T01:17:15.097+0000] {processor.py:830} INFO - Processing file /home/airflow/.local/lib/python3.12/site-packages/airflow/example_dags/example_setup_teardown.py for tasks to queue
[2026-04-29T01:17:15.099+0000] {logging_mixin.py:188} INFO - [2026-04-29T01:17:15.099+0000] {dagbag.py:540} INFO - Filling up the DagBag from /home/airflow/.local/lib/python3.12/site-packages/airflow/example_dags/example_setup_teardown.py
[2026-04-29T01:17:15.108+0000] {processor.py:840} INFO - DAG(s) 'example_setup_teardown' retrieved from /home/airflow/.local/lib/python3.12/site-packages/airflow/example_dags/example_setup_teardown.py
[2026-04-29T01:17:15.136+0000] {logging_mixin.py:188} INFO - [2026-04-29T01:17:15.135+0000] {dag.py:3096} INFO - Sync 1 DAGs
[2026-04-29T01:17:15.172+0000] {logging_mixin.py:188} INFO - [2026-04-29T01:17:15.172+0000] {dag.py:3954} INFO - Setting next_dagrun for example_setup_teardown to 2026-04-28 00:00:00+00:00, run_after=2026-04-29 00:00:00+00:00
[2026-04-29T01:17:15.217+0000] {processor.py:183} INFO - Processing /home/airflow/.local/lib/python3.12/site-packages/airflow/example_dags/example_setup_teardown.py took 0.127 seconds
[2026-04-29T01:17:45.348+0000] {processor.py:161} INFO - Started process (PID=2337) to work on /home/airflow/.local/lib/python3.12/site-packages/airflow/example_dags/example_setup_teardown.py
[2026-04-29T01:17:45.349+0000] {processor.py:830} INFO - Processing file /home/airflow/.local/lib/python3.12/site-packages/airflow/example_dags/example_setup_teardown.py for tasks to queue
[2026-04-29T01:17:45.351+0000] {logging_mixin.py:188} INFO - [2026-04-29T01:17:45.351+0000] {dagbag.py:540} INFO - Filling up the DagBag from /home/airflow/.local/lib/python3.12/site-packages/airflow/example_dags/example_setup_teardown.py
[2026-04-29T01:17:45.359+0000] {processor.py:840} INFO - DAG(s) 'example_setup_teardown' retrieved from /home/airflow/.local/lib/python3.12/site-packages/airflow/example_dags/example_setup_teardown.py
[2026-04-29T01:17:45.385+0000] {logging_mixin.py:188} INFO - [2026-04-29T01:17:45.384+0000] {dag.py:3096} INFO - Sync 1 DAGs
[2026-04-29T01:17:45.412+0000] {logging_mixin.py:188} INFO - [2026-04-29T01:17:45.412+0000] {dag.py:3954} INFO - Setting next_dagrun for example_setup_teardown to 2026-04-28 00:00:00+00:00, run_after=2026-04-29 00:00:00+00:00
[2026-04-29T01:17:45.439+0000] {processor.py:183} INFO - Processing /home/airflow/.local/lib/python3.12/site-packages/airflow/example_dags/example_setup_teardown.py took 0.098 seconds
[2026-04-29T01:18:16.343+0000] {processor.py:161} INFO - Started process (PID=2397) to work on /home/airflow/.local/lib/python3.12/site-packages/airflow/example_dags/example_setup_teardown.py
[2026-04-29T01:18:16.344+0000] {processor.py:830} INFO - Processing file /home/airflow/.local/lib/python3.12/site-packages/airflow/example_dags/example_setup_teardown.py for tasks to queue
[2026-04-29T01:18:16.346+0000] {logging_mixin.py:188} INFO - [2026-04-29T01:18:16.346+0000] {dagbag.py:540} INFO - Filling up the DagBag from /home/airflow/.local/lib/python3.12/site-packages/airflow/example_dags/example_setup_teardown.py
[2026-04-29T01:18:16.355+0000] {processor.py:840} INFO - DAG(s) 'example_setup_teardown' retrieved from /home/airflow/.local/lib/python3.12/site-packages/airflow/example_dags/example_setup_teardown.py
[2026-04-29T01:18:16.386+0000] {logging_mixin.py:188} INFO - [2026-04-29T01:18:16.385+0000] {dag.py:3096} INFO - Sync 1 DAGs
[2026-04-29T01:18:16.416+0000] {logging_mixin.py:188} INFO - [2026-04-29T01:18:16.416+0000] {dag.py:3954} INFO - Setting next_dagrun for example_setup_teardown to 2026-04-28 00:00:00+00:00, run_after=2026-04-29 00:00:00+00:00
[2026-04-29T01:18:16.440+0000] {processor.py:183} INFO - Processing /home/airflow/.local/lib/python3.12/site-packages/airflow/example_dags/example_setup_teardown.py took 0.103 seconds
[2026-04-29T01:18:46.674+0000] {processor.py:161} INFO - Started process (PID=2456) to work on /home/airflow/.local/lib/python3.12/site-packages/airflow/example_dags/example_setup_teardown.py
[2026-04-29T01:18:46.675+0000] {processor.py:830} INFO - Processing file /home/airflow/.local/lib/python3.12/site-packages/airflow/example_dags/example_setup_teardown.py for tasks to queue
[2026-04-29T01:18:46.677+0000] {logging_mixin.py:188} INFO - [2026-04-29T01:18:46.677+0000] {dagbag.py:540} INFO - Filling up the DagBag from /home/airflow/.local/lib/python3.12/site-packages/airflow/example_dags/example_setup_teardown.py
[2026-04-29T01:18:46.686+0000] {processor.py:840} INFO - DAG(s) 'example_setup_teardown' retrieved from /home/airflow/.local/lib/python3.12/site-packages/airflow/example_dags/example_setup_teardown.py
[2026-04-29T01:18:46.713+0000] {logging_mixin.py:188} INFO - [2026-04-29T01:18:46.713+0000] {dag.py:3096} INFO - Sync 1 DAGs
[2026-04-29T01:18:46.742+0000] {logging_mixin.py:188} INFO - [2026-04-29T01:18:46.742+0000] {dag.py:3954} INFO - Setting next_dagrun for example_setup_teardown to 2026-04-28 00:00:00+00:00, run_after=2026-04-29 00:00:00+00:00
[2026-04-29T01:18:46.766+0000] {processor.py:183} INFO - Processing /home/airflow/.local/lib/python3.12/site-packages/airflow/example_dags/example_setup_teardown.py took 0.098 seconds
[2026-04-29T01:19:17.455+0000] {processor.py:161} INFO - Started process (PID=2516) to work on /home/airflow/.local/lib/python3.12/site-packages/airflow/example_dags/example_setup_teardown.py
[2026-04-29T01:19:17.457+0000] {processor.py:830} INFO - Processing file /home/airflow/.local/lib/python3.12/site-packages/airflow/example_dags/example_setup_teardown.py for tasks to queue
[2026-04-29T01:19:17.459+0000] {logging_mixin.py:188} INFO - [2026-04-29T01:19:17.459+0000] {dagbag.py:540} INFO - Filling up the DagBag from /home/airflow/.local/lib/python3.12/site-packages/airflow/example_dags/example_setup_teardown.py
[2026-04-29T01:19:17.469+0000] {processor.py:840} INFO - DAG(s) 'example_setup_teardown' retrieved from /home/airflow/.local/lib/python3.12/site-packages/airflow/example_dags/example_setup_teardown.py
[2026-04-29T01:19:17.524+0000] {logging_mixin.py:188} INFO - [2026-04-29T01:19:17.524+0000] {dag.py:3096} INFO - Sync 1 DAGs
[2026-04-29T01:19:17.572+0000] {logging_mixin.py:188} INFO - [2026-04-29T01:19:17.572+0000] {dag.py:3954} INFO - Setting next_dagrun for example_setup_teardown to 2026-04-28 00:00:00+00:00, run_after=2026-04-29 00:00:00+00:00
[2026-04-29T01:19:17.635+0000] {processor.py:183} INFO - Processing /home/airflow/.local/lib/python3.12/site-packages/airflow/example_dags/example_setup_teardown.py took 0.199 seconds
[2026-04-29T01:19:47.730+0000] {processor.py:161} INFO - Started process (PID=2576) to work on /home/airflow/.local/lib/python3.12/site-packages/airflow/example_dags/example_setup_teardown.py
[2026-04-29T01:19:47.731+0000] {processor.py:830} INFO - Processing file /home/airflow/.local/lib/python3.12/site-packages/airflow/example_dags/example_setup_teardown.py for tasks to queue
[2026-04-29T01:19:47.733+0000] {logging_mixin.py:188} INFO - [2026-04-29T01:19:47.732+0000] {dagbag.py:540} INFO - Filling up the DagBag from /home/airflow/.local/lib/python3.12/site-packages/airflow/example_dags/example_setup_teardown.py
[2026-04-29T01:19:47.741+0000] {processor.py:840} INFO - DAG(s) 'example_setup_teardown' retrieved from /home/airflow/.local/lib/python3.12/site-packages/airflow/example_dags/example_setup_teardown.py
[2026-04-29T01:19:47.772+0000] {logging_mixin.py:188} INFO - [2026-04-29T01:19:47.771+0000] {dag.py:3096} INFO - Sync 1 DAGs
[2026-04-29T01:19:47.804+0000] {logging_mixin.py:188} INFO - [2026-04-29T01:19:47.804+0000] {dag.py:3954} INFO - Setting next_dagrun for example_setup_teardown to 2026-04-28 00:00:00+00:00, run_after=2026-04-29 00:00:00+00:00
[2026-04-29T01:19:47.827+0000] {processor.py:183} INFO - Processing /home/airflow/.local/lib/python3.12/site-packages/airflow/example_dags/example_setup_teardown.py took 0.103 seconds
[2026-04-29T01:20:17.991+0000] {processor.py:161} INFO - Started process (PID=2636) to work on /home/airflow/.local/lib/python3.12/site-packages/airflow/example_dags/example_setup_teardown.py
[2026-04-29T01:20:17.992+0000] {processor.py:830} INFO - Processing file /home/airflow/.local/lib/python3.12/site-packages/airflow/example_dags/example_setup_teardown.py for tasks to queue
[2026-04-29T01:20:17.994+0000] {logging_mixin.py:188} INFO - [2026-04-29T01:20:17.994+0000] {dagbag.py:540} INFO - Filling up the DagBag from /home/airflow/.local/lib/python3.12/site-packages/airflow/example_dags/example_setup_teardown.py
[2026-04-29T01:20:18.002+0000] {processor.py:840} INFO - DAG(s) 'example_setup_teardown' retrieved from /home/airflow/.local/lib/python3.12/site-packages/airflow/example_dags/example_setup_teardown.py
[2026-04-29T01:20:18.028+0000] {logging_mixin.py:188} INFO - [2026-04-29T01:20:18.028+0000] {dag.py:3096} INFO - Sync 1 DAGs
[2026-04-29T01:20:18.056+0000] {logging_mixin.py:188} INFO - [2026-04-29T01:20:18.056+0000] {dag.py:3954} INFO - Setting next_dagrun for example_setup_teardown to 2026-04-28 00:00:00+00:00, run_after=2026-04-29 00:00:00+00:00
[2026-04-29T01:20:18.077+0000] {processor.py:183} INFO - Processing /home/airflow/.local/lib/python3.12/site-packages/airflow/example_dags/example_setup_teardown.py took 0.092 seconds
[2026-04-29T01:20:48.436+0000] {processor.py:161} INFO - Started process (PID=2696) to work on /home/airflow/.local/lib/python3.12/site-packages/airflow/example_dags/example_setup_teardown.py
[2026-04-29T01:20:48.439+0000] {processor.py:830} INFO - Processing file /home/airflow/.local/lib/python3.12/site-packages/airflow/example_dags/example_setup_teardown.py for tasks to queue
[2026-04-29T01:20:48.446+0000] {logging_mixin.py:188} INFO - [2026-04-29T01:20:48.445+0000] {dagbag.py:540} INFO - Filling up the DagBag from /home/airflow/.local/lib/python3.12/site-packages/airflow/example_dags/example_setup_teardown.py
[2026-04-29T01:20:48.456+0000] {processor.py:840} INFO - DAG(s) 'example_setup_teardown' retrieved from /home/airflow/.local/lib/python3.12/site-packages/airflow/example_dags/example_setup_teardown.py
[2026-04-29T01:20:48.510+0000] {logging_mixin.py:188} INFO - [2026-04-29T01:20:48.510+0000] {dag.py:3096} INFO - Sync 1 DAGs
[2026-04-29T01:20:48.560+0000] {logging_mixin.py:188} INFO - [2026-04-29T01:20:48.559+0000] {dag.py:3954} INFO - Setting next_dagrun for example_setup_teardown to 2026-04-28 00:00:00+00:00, run_after=2026-04-29 00:00:00+00:00
[2026-04-29T01:20:48.651+0000] {processor.py:183} INFO - Processing /home/airflow/.local/lib/python3.12/site-packages/airflow/example_dags/example_setup_teardown.py took 0.243 seconds
[2026-04-29T01:21:18.819+0000] {processor.py:161} INFO - Started process (PID=2756) to work on /home/airflow/.local/lib/python3.12/site-packages/airflow/example_dags/example_setup_teardown.py
[2026-04-29T01:21:18.820+0000] {processor.py:830} INFO - Processing file /home/airflow/.local/lib/python3.12/site-packages/airflow/example_dags/example_setup_teardown.py for tasks to queue
[2026-04-29T01:21:18.823+0000] {logging_mixin.py:188} INFO - [2026-04-29T01:21:18.822+0000] {dagbag.py:540} INFO - Filling up the DagBag from /home/airflow/.local/lib/python3.12/site-packages/airflow/example_dags/example_setup_teardown.py
[2026-04-29T01:21:18.831+0000] {processor.py:840} INFO - DAG(s) 'example_setup_teardown' retrieved from /home/airflow/.local/lib/python3.12/site-packages/airflow/example_dags/example_setup_teardown.py
[2026-04-29T01:21:18.860+0000] {logging_mixin.py:188} INFO - [2026-04-29T01:21:18.860+0000] {dag.py:3096} INFO - Sync 1 DAGs
[2026-04-29T01:21:18.913+0000] {logging_mixin.py:188} INFO - [2026-04-29T01:21:18.912+0000] {dag.py:3954} INFO - Setting next_dagrun for example_setup_teardown to 2026-04-28 00:00:00+00:00, run_after=2026-04-29 00:00:00+00:00
[2026-04-29T01:21:18.935+0000] {processor.py:183} INFO - Processing /home/airflow/.local/lib/python3.12/site-packages/airflow/example_dags/example_setup_teardown.py took 0.123 seconds
[2026-04-29T01:21:49.043+0000] {processor.py:161} INFO - Started process (PID=2816) to work on /home/airflow/.local/lib/python3.12/site-packages/airflow/example_dags/example_setup_teardown.py
[2026-04-29T01:21:49.048+0000] {processor.py:830} INFO - Processing file /home/airflow/.local/lib/python3.12/site-packages/airflow/example_dags/example_setup_teardown.py for tasks to queue
[2026-04-29T01:21:49.050+0000] {logging_mixin.py:188} INFO - [2026-04-29T01:21:49.050+0000] {dagbag.py:540} INFO - Filling up the DagBag from /home/airflow/.local/lib/python3.12/site-packages/airflow/example_dags/example_setup_teardown.py
[2026-04-29T01:21:49.058+0000] {processor.py:840} INFO - DAG(s) 'example_setup_teardown' retrieved from /home/airflow/.local/lib/python3.12/site-packages/airflow/example_dags/example_setup_teardown.py
[2026-04-29T01:21:49.085+0000] {logging_mixin.py:188} INFO - [2026-04-29T01:21:49.085+0000] {dag.py:3096} INFO - Sync 1 DAGs
[2026-04-29T01:21:49.112+0000] {logging_mixin.py:188} INFO - [2026-04-29T01:21:49.112+0000] {dag.py:3954} INFO - Setting next_dagrun for example_setup_teardown to 2026-04-28 00:00:00+00:00, run_after=2026-04-29 00:00:00+00:00
[2026-04-29T01:21:49.134+0000] {processor.py:183} INFO - Processing /home/airflow/.local/lib/python3.12/site-packages/airflow/example_dags/example_setup_teardown.py took 0.098 seconds
[2026-04-29T01:22:19.475+0000] {processor.py:161} INFO - Started process (PID=2876) to work on /home/airflow/.local/lib/python3.12/site-packages/airflow/example_dags/example_setup_teardown.py
[2026-04-29T01:22:19.477+0000] {processor.py:830} INFO - Processing file /home/airflow/.local/lib/python3.12/site-packages/airflow/example_dags/example_setup_teardown.py for tasks to queue
[2026-04-29T01:22:19.481+0000] {logging_mixin.py:188} INFO - [2026-04-29T01:22:19.481+0000] {dagbag.py:540} INFO - Filling up the DagBag from /home/airflow/.local/lib/python3.12/site-packages/airflow/example_dags/example_setup_teardown.py
[2026-04-29T01:22:19.492+0000] {processor.py:840} INFO - DAG(s) 'example_setup_teardown' retrieved from /home/airflow/.local/lib/python3.12/site-packages/airflow/example_dags/example_setup_teardown.py
[2026-04-29T01:22:19.519+0000] {logging_mixin.py:188} INFO - [2026-04-29T01:22:19.519+0000] {dag.py:3096} INFO - Sync 1 DAGs
[2026-04-29T01:22:19.546+0000] {logging_mixin.py:188} INFO - [2026-04-29T01:22:19.546+0000] {dag.py:3954} INFO - Setting next_dagrun for example_setup_teardown to 2026-04-28 00:00:00+00:00, run_after=2026-04-29 00:00:00+00:00
[2026-04-29T01:22:19.566+0000] {processor.py:183} INFO - Processing /home/airflow/.local/lib/python3.12/site-packages/airflow/example_dags/example_setup_teardown.py took 0.098 seconds
[2026-04-29T01:22:50.142+0000] {processor.py:161} INFO - Started process (PID=2936) to work on /home/airflow/.local/lib/python3.12/site-packages/airflow/example_dags/example_setup_teardown.py
[2026-04-29T01:22:50.145+0000] {processor.py:830} INFO - Processing file /home/airflow/.local/lib/python3.12/site-packages/airflow/example_dags/example_setup_teardown.py for tasks to queue
[2026-04-29T01:22:50.148+0000] {logging_mixin.py:188} INFO - [2026-04-29T01:22:50.147+0000] {dagbag.py:540} INFO - Filling up the DagBag from /home/airflow/.local/lib/python3.12/site-packages/airflow/example_dags/example_setup_teardown.py
[2026-04-29T01:22:50.162+0000] {processor.py:840} INFO - DAG(s) 'example_setup_teardown' retrieved from /home/airflow/.local/lib/python3.12/site-packages/airflow/example_dags/example_setup_teardown.py
[2026-04-29T01:22:50.212+0000] {logging_mixin.py:188} INFO - [2026-04-29T01:22:50.212+0000] {dag.py:3096} INFO - Sync 1 DAGs
[2026-04-29T01:22:50.244+0000] {logging_mixin.py:188} INFO - [2026-04-29T01:22:50.244+0000] {dag.py:3954} INFO - Setting next_dagrun for example_setup_teardown to 2026-04-28 00:00:00+00:00, run_after=2026-04-29 00:00:00+00:00
[2026-04-29T01:22:50.275+0000] {processor.py:183} INFO - Processing /home/airflow/.local/lib/python3.12/site-packages/airflow/example_dags/example_setup_teardown.py took 0.139 seconds
[2026-04-29T01:23:20.480+0000] {processor.py:161} INFO - Started process (PID=2996) to work on /home/airflow/.local/lib/python3.12/site-packages/airflow/example_dags/example_setup_teardown.py
[2026-04-29T01:23:20.481+0000] {processor.py:830} INFO - Processing file /home/airflow/.local/lib/python3.12/site-packages/airflow/example_dags/example_setup_teardown.py for tasks to queue
[2026-04-29T01:23:20.483+0000] {logging_mixin.py:188} INFO - [2026-04-29T01:23:20.482+0000] {dagbag.py:540} INFO - Filling up the DagBag from /home/airflow/.local/lib/python3.12/site-packages/airflow/example_dags/example_setup_teardown.py
[2026-04-29T01:23:20.492+0000] {processor.py:840} INFO - DAG(s) 'example_setup_teardown' retrieved from /home/airflow/.local/lib/python3.12/site-packages/airflow/example_dags/example_setup_teardown.py
[2026-04-29T01:23:20.518+0000] {logging_mixin.py:188} INFO - [2026-04-29T01:23:20.517+0000] {dag.py:3096} INFO - Sync 1 DAGs
[2026-04-29T01:23:20.556+0000] {logging_mixin.py:188} INFO - [2026-04-29T01:23:20.555+0000] {dag.py:3954} INFO - Setting next_dagrun for example_setup_teardown to 2026-04-28 00:00:00+00:00, run_after=2026-04-29 00:00:00+00:00
[2026-04-29T01:23:20.635+0000] {processor.py:183} INFO - Processing /home/airflow/.local/lib/python3.12/site-packages/airflow/example_dags/example_setup_teardown.py took 0.162 seconds
[2026-04-29T01:23:51.149+0000] {processor.py:161} INFO - Started process (PID=3053) to work on /home/airflow/.local/lib/python3.12/site-packages/airflow/example_dags/example_setup_teardown.py
[2026-04-29T01:23:51.155+0000] {processor.py:830} INFO - Processing file /home/airflow/.local/lib/python3.12/site-packages/airflow/example_dags/example_setup_teardown.py for tasks to queue
[2026-04-29T01:23:51.160+0000] {logging_mixin.py:188} INFO - [2026-04-29T01:23:51.159+0000] {dagbag.py:540} INFO - Filling up the DagBag from /home/airflow/.local/lib/python3.12/site-packages/airflow/example_dags/example_setup_teardown.py
[2026-04-29T01:23:51.183+0000] {processor.py:840} INFO - DAG(s) 'example_setup_teardown' retrieved from /home/airflow/.local/lib/python3.12/site-packages/airflow/example_dags/example_setup_teardown.py
[2026-04-29T01:23:51.255+0000] {logging_mixin.py:188} INFO - [2026-04-29T01:23:51.254+0000] {dag.py:3096} INFO - Sync 1 DAGs
[2026-04-29T01:23:51.314+0000] {logging_mixin.py:188} INFO - [2026-04-29T01:23:51.314+0000] {dag.py:3954} INFO - Setting next_dagrun for example_setup_teardown to 2026-04-28 00:00:00+00:00, run_after=2026-04-29 00:00:00+00:00
[2026-04-29T01:23:51.402+0000] {processor.py:183} INFO - Processing /home/airflow/.local/lib/python3.12/site-packages/airflow/example_dags/example_setup_teardown.py took 0.269 seconds
[2026-04-29T01:24:21.699+0000] {processor.py:161} INFO - Started process (PID=3112) to work on /home/airflow/.local/lib/python3.12/site-packages/airflow/example_dags/example_setup_teardown.py
[2026-04-29T01:24:21.703+0000] {processor.py:830} INFO - Processing file /home/airflow/.local/lib/python3.12/site-packages/airflow/example_dags/example_setup_teardown.py for tasks to queue
[2026-04-29T01:24:21.717+0000] {logging_mixin.py:188} INFO - [2026-04-29T01:24:21.717+0000] {dagbag.py:540} INFO - Filling up the DagBag from /home/airflow/.local/lib/python3.12/site-packages/airflow/example_dags/example_setup_teardown.py
[2026-04-29T01:24:21.741+0000] {processor.py:840} INFO - DAG(s) 'example_setup_teardown' retrieved from /home/airflow/.local/lib/python3.12/site-packages/airflow/example_dags/example_setup_teardown.py
[2026-04-29T01:24:21.784+0000] {logging_mixin.py:188} INFO - [2026-04-29T01:24:21.784+0000] {dag.py:3096} INFO - Sync 1 DAGs
[2026-04-29T01:24:21.837+0000] {logging_mixin.py:188} INFO - [2026-04-29T01:24:21.836+0000] {dag.py:3954} INFO - Setting next_dagrun for example_setup_teardown to 2026-04-28 00:00:00+00:00, run_after=2026-04-29 00:00:00+00:00
[2026-04-29T01:24:21.886+0000] {processor.py:183} INFO - Processing /home/airflow/.local/lib/python3.12/site-packages/airflow/example_dags/example_setup_teardown.py took 0.213 seconds
