[2026-04-29T00:54:58.306+0000] {processor.py:161} INFO - Started process (PID=82) to work on /home/airflow/.local/lib/python3.12/site-packages/airflow/example_dags/example_sensors.py
[2026-04-29T00:54:58.314+0000] {processor.py:830} INFO - Processing file /home/airflow/.local/lib/python3.12/site-packages/airflow/example_dags/example_sensors.py for tasks to queue
[2026-04-29T00:54:58.327+0000] {logging_mixin.py:188} INFO - [2026-04-29T00:54:58.326+0000] {dagbag.py:540} INFO - Filling up the DagBag from /home/airflow/.local/lib/python3.12/site-packages/airflow/example_dags/example_sensors.py
[2026-04-29T00:54:58.386+0000] {processor.py:840} INFO - DAG(s) 'example_sensors' retrieved from /home/airflow/.local/lib/python3.12/site-packages/airflow/example_dags/example_sensors.py
[2026-04-29T00:54:58.549+0000] {logging_mixin.py:188} INFO - [2026-04-29T00:54:58.548+0000] {dag.py:3096} INFO - Sync 1 DAGs
[2026-04-29T00:54:58.566+0000] {logging_mixin.py:188} INFO - [2026-04-29T00:54:58.565+0000] {dag.py:3954} INFO - Setting next_dagrun for example_sensors to None, run_after=None
[2026-04-29T00:54:58.587+0000] {processor.py:183} INFO - Processing /home/airflow/.local/lib/python3.12/site-packages/airflow/example_dags/example_sensors.py took 0.307 seconds
[2026-04-29T00:58:22.182+0000] {processor.py:161} INFO - Started process (PID=90) to work on /home/airflow/.local/lib/python3.12/site-packages/airflow/example_dags/example_sensors.py
[2026-04-29T00:58:22.184+0000] {processor.py:830} INFO - Processing file /home/airflow/.local/lib/python3.12/site-packages/airflow/example_dags/example_sensors.py for tasks to queue
[2026-04-29T00:58:22.191+0000] {logging_mixin.py:188} INFO - [2026-04-29T00:58:22.187+0000] {dagbag.py:540} INFO - Filling up the DagBag from /home/airflow/.local/lib/python3.12/site-packages/airflow/example_dags/example_sensors.py
[2026-04-29T00:58:22.218+0000] {processor.py:840} INFO - DAG(s) 'example_sensors' retrieved from /home/airflow/.local/lib/python3.12/site-packages/airflow/example_dags/example_sensors.py
[2026-04-29T00:58:22.516+0000] {logging_mixin.py:188} INFO - [2026-04-29T00:58:22.515+0000] {override.py:1829} INFO - Created Permission View: can edit on DAG:example_sensors
[2026-04-29T00:58:22.527+0000] {logging_mixin.py:188} INFO - [2026-04-29T00:58:22.527+0000] {override.py:1829} INFO - Created Permission View: can delete on DAG:example_sensors
[2026-04-29T00:58:22.534+0000] {logging_mixin.py:188} INFO - [2026-04-29T00:58:22.534+0000] {override.py:1829} INFO - Created Permission View: can read on DAG:example_sensors
[2026-04-29T00:58:22.535+0000] {logging_mixin.py:188} INFO - [2026-04-29T00:58:22.534+0000] {dag.py:3096} INFO - Sync 1 DAGs
[2026-04-29T00:58:22.553+0000] {logging_mixin.py:188} INFO - [2026-04-29T00:58:22.552+0000] {dag.py:3118} INFO - Creating ORM DAG for example_sensors
[2026-04-29T00:58:22.554+0000] {logging_mixin.py:188} INFO - [2026-04-29T00:58:22.554+0000] {dag.py:3954} INFO - Setting next_dagrun for example_sensors to None, run_after=None
[2026-04-29T00:58:22.587+0000] {processor.py:183} INFO - Processing /home/airflow/.local/lib/python3.12/site-packages/airflow/example_dags/example_sensors.py took 0.418 seconds
[2026-04-29T00:58:52.808+0000] {processor.py:161} INFO - Started process (PID=150) to work on /home/airflow/.local/lib/python3.12/site-packages/airflow/example_dags/example_sensors.py
[2026-04-29T00:58:52.811+0000] {processor.py:830} INFO - Processing file /home/airflow/.local/lib/python3.12/site-packages/airflow/example_dags/example_sensors.py for tasks to queue
[2026-04-29T00:58:52.813+0000] {logging_mixin.py:188} INFO - [2026-04-29T00:58:52.813+0000] {dagbag.py:540} INFO - Filling up the DagBag from /home/airflow/.local/lib/python3.12/site-packages/airflow/example_dags/example_sensors.py
[2026-04-29T00:58:52.832+0000] {processor.py:840} INFO - DAG(s) 'example_sensors' retrieved from /home/airflow/.local/lib/python3.12/site-packages/airflow/example_dags/example_sensors.py
[2026-04-29T00:58:52.869+0000] {logging_mixin.py:188} INFO - [2026-04-29T00:58:52.868+0000] {dag.py:3096} INFO - Sync 1 DAGs
[2026-04-29T00:58:52.890+0000] {logging_mixin.py:188} INFO - [2026-04-29T00:58:52.889+0000] {dag.py:3954} INFO - Setting next_dagrun for example_sensors to None, run_after=None
[2026-04-29T00:58:52.953+0000] {processor.py:183} INFO - Processing /home/airflow/.local/lib/python3.12/site-packages/airflow/example_dags/example_sensors.py took 0.163 seconds
[2026-04-29T00:59:23.059+0000] {processor.py:161} INFO - Started process (PID=210) to work on /home/airflow/.local/lib/python3.12/site-packages/airflow/example_dags/example_sensors.py
[2026-04-29T00:59:23.060+0000] {processor.py:830} INFO - Processing file /home/airflow/.local/lib/python3.12/site-packages/airflow/example_dags/example_sensors.py for tasks to queue
[2026-04-29T00:59:23.062+0000] {logging_mixin.py:188} INFO - [2026-04-29T00:59:23.062+0000] {dagbag.py:540} INFO - Filling up the DagBag from /home/airflow/.local/lib/python3.12/site-packages/airflow/example_dags/example_sensors.py
[2026-04-29T00:59:23.074+0000] {processor.py:840} INFO - DAG(s) 'example_sensors' retrieved from /home/airflow/.local/lib/python3.12/site-packages/airflow/example_dags/example_sensors.py
[2026-04-29T00:59:23.097+0000] {logging_mixin.py:188} INFO - [2026-04-29T00:59:23.097+0000] {dag.py:3096} INFO - Sync 1 DAGs
[2026-04-29T00:59:23.111+0000] {logging_mixin.py:188} INFO - [2026-04-29T00:59:23.111+0000] {dag.py:3954} INFO - Setting next_dagrun for example_sensors to None, run_after=None
[2026-04-29T00:59:23.131+0000] {processor.py:183} INFO - Processing /home/airflow/.local/lib/python3.12/site-packages/airflow/example_dags/example_sensors.py took 0.079 seconds
[2026-04-29T00:59:54.047+0000] {processor.py:161} INFO - Started process (PID=269) to work on /home/airflow/.local/lib/python3.12/site-packages/airflow/example_dags/example_sensors.py
[2026-04-29T00:59:54.048+0000] {processor.py:830} INFO - Processing file /home/airflow/.local/lib/python3.12/site-packages/airflow/example_dags/example_sensors.py for tasks to queue
[2026-04-29T00:59:54.050+0000] {logging_mixin.py:188} INFO - [2026-04-29T00:59:54.050+0000] {dagbag.py:540} INFO - Filling up the DagBag from /home/airflow/.local/lib/python3.12/site-packages/airflow/example_dags/example_sensors.py
[2026-04-29T00:59:54.062+0000] {processor.py:840} INFO - DAG(s) 'example_sensors' retrieved from /home/airflow/.local/lib/python3.12/site-packages/airflow/example_dags/example_sensors.py
[2026-04-29T00:59:54.107+0000] {logging_mixin.py:188} INFO - [2026-04-29T00:59:54.106+0000] {dag.py:3096} INFO - Sync 1 DAGs
[2026-04-29T00:59:54.127+0000] {logging_mixin.py:188} INFO - [2026-04-29T00:59:54.126+0000] {dag.py:3954} INFO - Setting next_dagrun for example_sensors to None, run_after=None
[2026-04-29T00:59:54.242+0000] {processor.py:183} INFO - Processing /home/airflow/.local/lib/python3.12/site-packages/airflow/example_dags/example_sensors.py took 0.205 seconds
[2026-04-29T01:00:26.411+0000] {processor.py:161} INFO - Started process (PID=328) to work on /home/airflow/.local/lib/python3.12/site-packages/airflow/example_dags/example_sensors.py
[2026-04-29T01:00:26.412+0000] {processor.py:830} INFO - Processing file /home/airflow/.local/lib/python3.12/site-packages/airflow/example_dags/example_sensors.py for tasks to queue
[2026-04-29T01:00:26.414+0000] {logging_mixin.py:188} INFO - [2026-04-29T01:00:26.414+0000] {dagbag.py:540} INFO - Filling up the DagBag from /home/airflow/.local/lib/python3.12/site-packages/airflow/example_dags/example_sensors.py
[2026-04-29T01:00:26.427+0000] {processor.py:840} INFO - DAG(s) 'example_sensors' retrieved from /home/airflow/.local/lib/python3.12/site-packages/airflow/example_dags/example_sensors.py
[2026-04-29T01:00:26.466+0000] {logging_mixin.py:188} INFO - [2026-04-29T01:00:26.466+0000] {dag.py:3096} INFO - Sync 1 DAGs
[2026-04-29T01:00:26.481+0000] {logging_mixin.py:188} INFO - [2026-04-29T01:00:26.481+0000] {dag.py:3954} INFO - Setting next_dagrun for example_sensors to None, run_after=None
[2026-04-29T01:00:26.501+0000] {processor.py:183} INFO - Processing /home/airflow/.local/lib/python3.12/site-packages/airflow/example_dags/example_sensors.py took 0.104 seconds
[2026-04-29T01:00:57.189+0000] {processor.py:161} INFO - Started process (PID=389) to work on /home/airflow/.local/lib/python3.12/site-packages/airflow/example_dags/example_sensors.py
[2026-04-29T01:00:57.190+0000] {processor.py:830} INFO - Processing file /home/airflow/.local/lib/python3.12/site-packages/airflow/example_dags/example_sensors.py for tasks to queue
[2026-04-29T01:00:57.191+0000] {logging_mixin.py:188} INFO - [2026-04-29T01:00:57.191+0000] {dagbag.py:540} INFO - Filling up the DagBag from /home/airflow/.local/lib/python3.12/site-packages/airflow/example_dags/example_sensors.py
[2026-04-29T01:00:57.200+0000] {processor.py:840} INFO - DAG(s) 'example_sensors' retrieved from /home/airflow/.local/lib/python3.12/site-packages/airflow/example_dags/example_sensors.py
[2026-04-29T01:00:57.225+0000] {logging_mixin.py:188} INFO - [2026-04-29T01:00:57.225+0000] {dag.py:3096} INFO - Sync 1 DAGs
[2026-04-29T01:00:57.240+0000] {logging_mixin.py:188} INFO - [2026-04-29T01:00:57.240+0000] {dag.py:3954} INFO - Setting next_dagrun for example_sensors to None, run_after=None
[2026-04-29T01:00:57.257+0000] {processor.py:183} INFO - Processing /home/airflow/.local/lib/python3.12/site-packages/airflow/example_dags/example_sensors.py took 0.074 seconds
[2026-04-29T01:01:28.644+0000] {processor.py:161} INFO - Started process (PID=449) to work on /home/airflow/.local/lib/python3.12/site-packages/airflow/example_dags/example_sensors.py
[2026-04-29T01:01:28.645+0000] {processor.py:830} INFO - Processing file /home/airflow/.local/lib/python3.12/site-packages/airflow/example_dags/example_sensors.py for tasks to queue
[2026-04-29T01:01:28.648+0000] {logging_mixin.py:188} INFO - [2026-04-29T01:01:28.648+0000] {dagbag.py:540} INFO - Filling up the DagBag from /home/airflow/.local/lib/python3.12/site-packages/airflow/example_dags/example_sensors.py
[2026-04-29T01:01:28.679+0000] {processor.py:840} INFO - DAG(s) 'example_sensors' retrieved from /home/airflow/.local/lib/python3.12/site-packages/airflow/example_dags/example_sensors.py
[2026-04-29T01:01:28.852+0000] {logging_mixin.py:188} INFO - [2026-04-29T01:01:28.842+0000] {dag.py:3096} INFO - Sync 1 DAGs
[2026-04-29T01:01:28.956+0000] {logging_mixin.py:188} INFO - [2026-04-29T01:01:28.956+0000] {dag.py:3954} INFO - Setting next_dagrun for example_sensors to None, run_after=None
[2026-04-29T01:01:29.242+0000] {processor.py:183} INFO - Processing /home/airflow/.local/lib/python3.12/site-packages/airflow/example_dags/example_sensors.py took 0.624 seconds
[2026-04-29T01:01:59.391+0000] {processor.py:161} INFO - Started process (PID=508) to work on /home/airflow/.local/lib/python3.12/site-packages/airflow/example_dags/example_sensors.py
[2026-04-29T01:01:59.392+0000] {processor.py:830} INFO - Processing file /home/airflow/.local/lib/python3.12/site-packages/airflow/example_dags/example_sensors.py for tasks to queue
[2026-04-29T01:01:59.394+0000] {logging_mixin.py:188} INFO - [2026-04-29T01:01:59.394+0000] {dagbag.py:540} INFO - Filling up the DagBag from /home/airflow/.local/lib/python3.12/site-packages/airflow/example_dags/example_sensors.py
[2026-04-29T01:01:59.406+0000] {processor.py:840} INFO - DAG(s) 'example_sensors' retrieved from /home/airflow/.local/lib/python3.12/site-packages/airflow/example_dags/example_sensors.py
[2026-04-29T01:01:59.441+0000] {logging_mixin.py:188} INFO - [2026-04-29T01:01:59.441+0000] {dag.py:3096} INFO - Sync 1 DAGs
[2026-04-29T01:01:59.457+0000] {logging_mixin.py:188} INFO - [2026-04-29T01:01:59.456+0000] {dag.py:3954} INFO - Setting next_dagrun for example_sensors to None, run_after=None
[2026-04-29T01:01:59.474+0000] {processor.py:183} INFO - Processing /home/airflow/.local/lib/python3.12/site-packages/airflow/example_dags/example_sensors.py took 0.091 seconds
[2026-04-29T01:02:29.563+0000] {processor.py:161} INFO - Started process (PID=567) to work on /home/airflow/.local/lib/python3.12/site-packages/airflow/example_dags/example_sensors.py
[2026-04-29T01:02:29.564+0000] {processor.py:830} INFO - Processing file /home/airflow/.local/lib/python3.12/site-packages/airflow/example_dags/example_sensors.py for tasks to queue
[2026-04-29T01:02:29.567+0000] {logging_mixin.py:188} INFO - [2026-04-29T01:02:29.566+0000] {dagbag.py:540} INFO - Filling up the DagBag from /home/airflow/.local/lib/python3.12/site-packages/airflow/example_dags/example_sensors.py
[2026-04-29T01:02:29.578+0000] {processor.py:840} INFO - DAG(s) 'example_sensors' retrieved from /home/airflow/.local/lib/python3.12/site-packages/airflow/example_dags/example_sensors.py
[2026-04-29T01:02:29.642+0000] {logging_mixin.py:188} INFO - [2026-04-29T01:02:29.641+0000] {dag.py:3096} INFO - Sync 1 DAGs
[2026-04-29T01:02:29.657+0000] {logging_mixin.py:188} INFO - [2026-04-29T01:02:29.657+0000] {dag.py:3954} INFO - Setting next_dagrun for example_sensors to None, run_after=None
[2026-04-29T01:02:29.709+0000] {processor.py:183} INFO - Processing /home/airflow/.local/lib/python3.12/site-packages/airflow/example_dags/example_sensors.py took 0.153 seconds
[2026-04-29T01:03:00.361+0000] {processor.py:161} INFO - Started process (PID=627) to work on /home/airflow/.local/lib/python3.12/site-packages/airflow/example_dags/example_sensors.py
[2026-04-29T01:03:00.364+0000] {processor.py:830} INFO - Processing file /home/airflow/.local/lib/python3.12/site-packages/airflow/example_dags/example_sensors.py for tasks to queue
[2026-04-29T01:03:00.368+0000] {logging_mixin.py:188} INFO - [2026-04-29T01:03:00.367+0000] {dagbag.py:540} INFO - Filling up the DagBag from /home/airflow/.local/lib/python3.12/site-packages/airflow/example_dags/example_sensors.py
[2026-04-29T01:03:00.440+0000] {processor.py:840} INFO - DAG(s) 'example_sensors' retrieved from /home/airflow/.local/lib/python3.12/site-packages/airflow/example_dags/example_sensors.py
[2026-04-29T01:03:00.528+0000] {logging_mixin.py:188} INFO - [2026-04-29T01:03:00.527+0000] {dag.py:3096} INFO - Sync 1 DAGs
[2026-04-29T01:03:00.563+0000] {logging_mixin.py:188} INFO - [2026-04-29T01:03:00.563+0000] {dag.py:3954} INFO - Setting next_dagrun for example_sensors to None, run_after=None
[2026-04-29T01:03:00.614+0000] {processor.py:183} INFO - Processing /home/airflow/.local/lib/python3.12/site-packages/airflow/example_dags/example_sensors.py took 0.269 seconds
[2026-04-29T01:03:31.285+0000] {processor.py:161} INFO - Started process (PID=687) to work on /home/airflow/.local/lib/python3.12/site-packages/airflow/example_dags/example_sensors.py
[2026-04-29T01:03:31.290+0000] {processor.py:830} INFO - Processing file /home/airflow/.local/lib/python3.12/site-packages/airflow/example_dags/example_sensors.py for tasks to queue
[2026-04-29T01:03:31.301+0000] {logging_mixin.py:188} INFO - [2026-04-29T01:03:31.301+0000] {dagbag.py:540} INFO - Filling up the DagBag from /home/airflow/.local/lib/python3.12/site-packages/airflow/example_dags/example_sensors.py
[2026-04-29T01:03:31.338+0000] {processor.py:840} INFO - DAG(s) 'example_sensors' retrieved from /home/airflow/.local/lib/python3.12/site-packages/airflow/example_dags/example_sensors.py
[2026-04-29T01:03:31.388+0000] {logging_mixin.py:188} INFO - [2026-04-29T01:03:31.387+0000] {dag.py:3096} INFO - Sync 1 DAGs
[2026-04-29T01:03:31.406+0000] {logging_mixin.py:188} INFO - [2026-04-29T01:03:31.405+0000] {dag.py:3954} INFO - Setting next_dagrun for example_sensors to None, run_after=None
[2026-04-29T01:03:31.431+0000] {processor.py:183} INFO - Processing /home/airflow/.local/lib/python3.12/site-packages/airflow/example_dags/example_sensors.py took 0.159 seconds
[2026-04-29T01:04:02.460+0000] {processor.py:161} INFO - Started process (PID=753) to work on /home/airflow/.local/lib/python3.12/site-packages/airflow/example_dags/example_sensors.py
[2026-04-29T01:04:02.461+0000] {processor.py:830} INFO - Processing file /home/airflow/.local/lib/python3.12/site-packages/airflow/example_dags/example_sensors.py for tasks to queue
[2026-04-29T01:04:02.463+0000] {logging_mixin.py:188} INFO - [2026-04-29T01:04:02.462+0000] {dagbag.py:540} INFO - Filling up the DagBag from /home/airflow/.local/lib/python3.12/site-packages/airflow/example_dags/example_sensors.py
[2026-04-29T01:04:02.471+0000] {processor.py:840} INFO - DAG(s) 'example_sensors' retrieved from /home/airflow/.local/lib/python3.12/site-packages/airflow/example_dags/example_sensors.py
[2026-04-29T01:04:02.507+0000] {logging_mixin.py:188} INFO - [2026-04-29T01:04:02.507+0000] {dag.py:3096} INFO - Sync 1 DAGs
[2026-04-29T01:04:02.521+0000] {logging_mixin.py:188} INFO - [2026-04-29T01:04:02.521+0000] {dag.py:3954} INFO - Setting next_dagrun for example_sensors to None, run_after=None
[2026-04-29T01:04:02.541+0000] {processor.py:183} INFO - Processing /home/airflow/.local/lib/python3.12/site-packages/airflow/example_dags/example_sensors.py took 0.095 seconds
[2026-04-29T01:04:32.808+0000] {processor.py:161} INFO - Started process (PID=813) to work on /home/airflow/.local/lib/python3.12/site-packages/airflow/example_dags/example_sensors.py
[2026-04-29T01:04:32.812+0000] {processor.py:830} INFO - Processing file /home/airflow/.local/lib/python3.12/site-packages/airflow/example_dags/example_sensors.py for tasks to queue
[2026-04-29T01:04:32.819+0000] {logging_mixin.py:188} INFO - [2026-04-29T01:04:32.819+0000] {dagbag.py:540} INFO - Filling up the DagBag from /home/airflow/.local/lib/python3.12/site-packages/airflow/example_dags/example_sensors.py
[2026-04-29T01:04:32.858+0000] {processor.py:840} INFO - DAG(s) 'example_sensors' retrieved from /home/airflow/.local/lib/python3.12/site-packages/airflow/example_dags/example_sensors.py
[2026-04-29T01:04:33.001+0000] {logging_mixin.py:188} INFO - [2026-04-29T01:04:33.001+0000] {dag.py:3096} INFO - Sync 1 DAGs
[2026-04-29T01:04:33.064+0000] {logging_mixin.py:188} INFO - [2026-04-29T01:04:33.057+0000] {dag.py:3954} INFO - Setting next_dagrun for example_sensors to None, run_after=None
[2026-04-29T01:04:33.179+0000] {processor.py:183} INFO - Processing /home/airflow/.local/lib/python3.12/site-packages/airflow/example_dags/example_sensors.py took 0.389 seconds
[2026-04-29T01:05:03.983+0000] {processor.py:161} INFO - Started process (PID=876) to work on /home/airflow/.local/lib/python3.12/site-packages/airflow/example_dags/example_sensors.py
[2026-04-29T01:05:03.987+0000] {processor.py:830} INFO - Processing file /home/airflow/.local/lib/python3.12/site-packages/airflow/example_dags/example_sensors.py for tasks to queue
[2026-04-29T01:05:03.990+0000] {logging_mixin.py:188} INFO - [2026-04-29T01:05:03.990+0000] {dagbag.py:540} INFO - Filling up the DagBag from /home/airflow/.local/lib/python3.12/site-packages/airflow/example_dags/example_sensors.py
[2026-04-29T01:05:04.005+0000] {processor.py:840} INFO - DAG(s) 'example_sensors' retrieved from /home/airflow/.local/lib/python3.12/site-packages/airflow/example_dags/example_sensors.py
[2026-04-29T01:05:04.049+0000] {logging_mixin.py:188} INFO - [2026-04-29T01:05:04.049+0000] {dag.py:3096} INFO - Sync 1 DAGs
[2026-04-29T01:05:04.072+0000] {logging_mixin.py:188} INFO - [2026-04-29T01:05:04.071+0000] {dag.py:3954} INFO - Setting next_dagrun for example_sensors to None, run_after=None
[2026-04-29T01:05:04.108+0000] {processor.py:183} INFO - Processing /home/airflow/.local/lib/python3.12/site-packages/airflow/example_dags/example_sensors.py took 0.138 seconds
[2026-04-29T01:05:34.675+0000] {processor.py:161} INFO - Started process (PID=936) to work on /home/airflow/.local/lib/python3.12/site-packages/airflow/example_dags/example_sensors.py
[2026-04-29T01:05:34.676+0000] {processor.py:830} INFO - Processing file /home/airflow/.local/lib/python3.12/site-packages/airflow/example_dags/example_sensors.py for tasks to queue
[2026-04-29T01:05:34.680+0000] {logging_mixin.py:188} INFO - [2026-04-29T01:05:34.680+0000] {dagbag.py:540} INFO - Filling up the DagBag from /home/airflow/.local/lib/python3.12/site-packages/airflow/example_dags/example_sensors.py
[2026-04-29T01:05:34.696+0000] {processor.py:840} INFO - DAG(s) 'example_sensors' retrieved from /home/airflow/.local/lib/python3.12/site-packages/airflow/example_dags/example_sensors.py
[2026-04-29T01:05:34.778+0000] {logging_mixin.py:188} INFO - [2026-04-29T01:05:34.777+0000] {dag.py:3096} INFO - Sync 1 DAGs
[2026-04-29T01:05:34.807+0000] {logging_mixin.py:188} INFO - [2026-04-29T01:05:34.807+0000] {dag.py:3954} INFO - Setting next_dagrun for example_sensors to None, run_after=None
[2026-04-29T01:05:34.841+0000] {processor.py:183} INFO - Processing /home/airflow/.local/lib/python3.12/site-packages/airflow/example_dags/example_sensors.py took 0.176 seconds
[2026-04-29T01:06:05.614+0000] {processor.py:161} INFO - Started process (PID=996) to work on /home/airflow/.local/lib/python3.12/site-packages/airflow/example_dags/example_sensors.py
[2026-04-29T01:06:05.636+0000] {processor.py:830} INFO - Processing file /home/airflow/.local/lib/python3.12/site-packages/airflow/example_dags/example_sensors.py for tasks to queue
[2026-04-29T01:06:05.646+0000] {logging_mixin.py:188} INFO - [2026-04-29T01:06:05.645+0000] {dagbag.py:540} INFO - Filling up the DagBag from /home/airflow/.local/lib/python3.12/site-packages/airflow/example_dags/example_sensors.py
[2026-04-29T01:06:05.677+0000] {processor.py:840} INFO - DAG(s) 'example_sensors' retrieved from /home/airflow/.local/lib/python3.12/site-packages/airflow/example_dags/example_sensors.py
[2026-04-29T01:06:05.819+0000] {logging_mixin.py:188} INFO - [2026-04-29T01:06:05.818+0000] {dag.py:3096} INFO - Sync 1 DAGs
[2026-04-29T01:06:05.925+0000] {logging_mixin.py:188} INFO - [2026-04-29T01:06:05.924+0000] {dag.py:3954} INFO - Setting next_dagrun for example_sensors to None, run_after=None
[2026-04-29T01:06:05.966+0000] {processor.py:183} INFO - Processing /home/airflow/.local/lib/python3.12/site-packages/airflow/example_dags/example_sensors.py took 0.419 seconds
[2026-04-29T01:06:38.432+0000] {processor.py:161} INFO - Started process (PID=1056) to work on /home/airflow/.local/lib/python3.12/site-packages/airflow/example_dags/example_sensors.py
[2026-04-29T01:06:38.438+0000] {processor.py:830} INFO - Processing file /home/airflow/.local/lib/python3.12/site-packages/airflow/example_dags/example_sensors.py for tasks to queue
[2026-04-29T01:06:38.446+0000] {logging_mixin.py:188} INFO - [2026-04-29T01:06:38.446+0000] {dagbag.py:540} INFO - Filling up the DagBag from /home/airflow/.local/lib/python3.12/site-packages/airflow/example_dags/example_sensors.py
[2026-04-29T01:06:38.486+0000] {processor.py:840} INFO - DAG(s) 'example_sensors' retrieved from /home/airflow/.local/lib/python3.12/site-packages/airflow/example_dags/example_sensors.py
[2026-04-29T01:06:38.585+0000] {logging_mixin.py:188} INFO - [2026-04-29T01:06:38.585+0000] {dag.py:3096} INFO - Sync 1 DAGs
[2026-04-29T01:06:39.250+0000] {logging_mixin.py:188} INFO - [2026-04-29T01:06:39.250+0000] {dag.py:3954} INFO - Setting next_dagrun for example_sensors to None, run_after=None
[2026-04-29T01:06:39.313+0000] {processor.py:183} INFO - Processing /home/airflow/.local/lib/python3.12/site-packages/airflow/example_dags/example_sensors.py took 0.912 seconds
[2026-04-29T01:07:10.240+0000] {processor.py:161} INFO - Started process (PID=1116) to work on /home/airflow/.local/lib/python3.12/site-packages/airflow/example_dags/example_sensors.py
[2026-04-29T01:07:10.243+0000] {processor.py:830} INFO - Processing file /home/airflow/.local/lib/python3.12/site-packages/airflow/example_dags/example_sensors.py for tasks to queue
[2026-04-29T01:07:10.246+0000] {logging_mixin.py:188} INFO - [2026-04-29T01:07:10.245+0000] {dagbag.py:540} INFO - Filling up the DagBag from /home/airflow/.local/lib/python3.12/site-packages/airflow/example_dags/example_sensors.py
[2026-04-29T01:07:10.271+0000] {processor.py:840} INFO - DAG(s) 'example_sensors' retrieved from /home/airflow/.local/lib/python3.12/site-packages/airflow/example_dags/example_sensors.py
[2026-04-29T01:07:10.358+0000] {logging_mixin.py:188} INFO - [2026-04-29T01:07:10.358+0000] {dag.py:3096} INFO - Sync 1 DAGs
[2026-04-29T01:07:10.401+0000] {logging_mixin.py:188} INFO - [2026-04-29T01:07:10.400+0000] {dag.py:3954} INFO - Setting next_dagrun for example_sensors to None, run_after=None
[2026-04-29T01:07:10.792+0000] {processor.py:183} INFO - Processing /home/airflow/.local/lib/python3.12/site-packages/airflow/example_dags/example_sensors.py took 0.570 seconds
[2026-04-29T01:07:41.020+0000] {processor.py:161} INFO - Started process (PID=1175) to work on /home/airflow/.local/lib/python3.12/site-packages/airflow/example_dags/example_sensors.py
[2026-04-29T01:07:41.021+0000] {processor.py:830} INFO - Processing file /home/airflow/.local/lib/python3.12/site-packages/airflow/example_dags/example_sensors.py for tasks to queue
[2026-04-29T01:07:41.023+0000] {logging_mixin.py:188} INFO - [2026-04-29T01:07:41.023+0000] {dagbag.py:540} INFO - Filling up the DagBag from /home/airflow/.local/lib/python3.12/site-packages/airflow/example_dags/example_sensors.py
[2026-04-29T01:07:41.036+0000] {processor.py:840} INFO - DAG(s) 'example_sensors' retrieved from /home/airflow/.local/lib/python3.12/site-packages/airflow/example_dags/example_sensors.py
[2026-04-29T01:07:41.076+0000] {logging_mixin.py:188} INFO - [2026-04-29T01:07:41.076+0000] {dag.py:3096} INFO - Sync 1 DAGs
[2026-04-29T01:07:41.090+0000] {logging_mixin.py:188} INFO - [2026-04-29T01:07:41.090+0000] {dag.py:3954} INFO - Setting next_dagrun for example_sensors to None, run_after=None
[2026-04-29T01:07:41.125+0000] {processor.py:183} INFO - Processing /home/airflow/.local/lib/python3.12/site-packages/airflow/example_dags/example_sensors.py took 0.112 seconds
[2026-04-29T01:08:11.333+0000] {processor.py:161} INFO - Started process (PID=1235) to work on /home/airflow/.local/lib/python3.12/site-packages/airflow/example_dags/example_sensors.py
[2026-04-29T01:08:11.334+0000] {processor.py:830} INFO - Processing file /home/airflow/.local/lib/python3.12/site-packages/airflow/example_dags/example_sensors.py for tasks to queue
[2026-04-29T01:08:11.336+0000] {logging_mixin.py:188} INFO - [2026-04-29T01:08:11.336+0000] {dagbag.py:540} INFO - Filling up the DagBag from /home/airflow/.local/lib/python3.12/site-packages/airflow/example_dags/example_sensors.py
[2026-04-29T01:08:11.347+0000] {processor.py:840} INFO - DAG(s) 'example_sensors' retrieved from /home/airflow/.local/lib/python3.12/site-packages/airflow/example_dags/example_sensors.py
[2026-04-29T01:08:11.379+0000] {logging_mixin.py:188} INFO - [2026-04-29T01:08:11.379+0000] {dag.py:3096} INFO - Sync 1 DAGs
[2026-04-29T01:08:11.394+0000] {logging_mixin.py:188} INFO - [2026-04-29T01:08:11.393+0000] {dag.py:3954} INFO - Setting next_dagrun for example_sensors to None, run_after=None
[2026-04-29T01:08:11.417+0000] {processor.py:183} INFO - Processing /home/airflow/.local/lib/python3.12/site-packages/airflow/example_dags/example_sensors.py took 0.091 seconds
[2026-04-29T01:08:42.052+0000] {processor.py:161} INFO - Started process (PID=1295) to work on /home/airflow/.local/lib/python3.12/site-packages/airflow/example_dags/example_sensors.py
[2026-04-29T01:08:42.057+0000] {processor.py:830} INFO - Processing file /home/airflow/.local/lib/python3.12/site-packages/airflow/example_dags/example_sensors.py for tasks to queue
[2026-04-29T01:08:42.064+0000] {logging_mixin.py:188} INFO - [2026-04-29T01:08:42.064+0000] {dagbag.py:540} INFO - Filling up the DagBag from /home/airflow/.local/lib/python3.12/site-packages/airflow/example_dags/example_sensors.py
[2026-04-29T01:08:42.100+0000] {processor.py:840} INFO - DAG(s) 'example_sensors' retrieved from /home/airflow/.local/lib/python3.12/site-packages/airflow/example_dags/example_sensors.py
[2026-04-29T01:08:42.183+0000] {logging_mixin.py:188} INFO - [2026-04-29T01:08:42.183+0000] {dag.py:3096} INFO - Sync 1 DAGs
[2026-04-29T01:08:42.202+0000] {logging_mixin.py:188} INFO - [2026-04-29T01:08:42.202+0000] {dag.py:3954} INFO - Setting next_dagrun for example_sensors to None, run_after=None
[2026-04-29T01:08:42.259+0000] {processor.py:183} INFO - Processing /home/airflow/.local/lib/python3.12/site-packages/airflow/example_dags/example_sensors.py took 0.216 seconds
[2026-04-29T01:09:12.832+0000] {processor.py:161} INFO - Started process (PID=1355) to work on /home/airflow/.local/lib/python3.12/site-packages/airflow/example_dags/example_sensors.py
[2026-04-29T01:09:12.928+0000] {processor.py:830} INFO - Processing file /home/airflow/.local/lib/python3.12/site-packages/airflow/example_dags/example_sensors.py for tasks to queue
[2026-04-29T01:09:12.930+0000] {logging_mixin.py:188} INFO - [2026-04-29T01:09:12.930+0000] {dagbag.py:540} INFO - Filling up the DagBag from /home/airflow/.local/lib/python3.12/site-packages/airflow/example_dags/example_sensors.py
[2026-04-29T01:09:12.942+0000] {processor.py:840} INFO - DAG(s) 'example_sensors' retrieved from /home/airflow/.local/lib/python3.12/site-packages/airflow/example_dags/example_sensors.py
[2026-04-29T01:09:12.986+0000] {logging_mixin.py:188} INFO - [2026-04-29T01:09:12.986+0000] {dag.py:3096} INFO - Sync 1 DAGs
[2026-04-29T01:09:13.003+0000] {logging_mixin.py:188} INFO - [2026-04-29T01:09:13.003+0000] {dag.py:3954} INFO - Setting next_dagrun for example_sensors to None, run_after=None
[2026-04-29T01:09:13.035+0000] {processor.py:183} INFO - Processing /home/airflow/.local/lib/python3.12/site-packages/airflow/example_dags/example_sensors.py took 0.212 seconds
[2026-04-29T01:09:43.597+0000] {processor.py:161} INFO - Started process (PID=1415) to work on /home/airflow/.local/lib/python3.12/site-packages/airflow/example_dags/example_sensors.py
[2026-04-29T01:09:43.603+0000] {processor.py:830} INFO - Processing file /home/airflow/.local/lib/python3.12/site-packages/airflow/example_dags/example_sensors.py for tasks to queue
[2026-04-29T01:09:43.608+0000] {logging_mixin.py:188} INFO - [2026-04-29T01:09:43.607+0000] {dagbag.py:540} INFO - Filling up the DagBag from /home/airflow/.local/lib/python3.12/site-packages/airflow/example_dags/example_sensors.py
[2026-04-29T01:09:43.620+0000] {processor.py:840} INFO - DAG(s) 'example_sensors' retrieved from /home/airflow/.local/lib/python3.12/site-packages/airflow/example_dags/example_sensors.py
[2026-04-29T01:09:43.654+0000] {logging_mixin.py:188} INFO - [2026-04-29T01:09:43.653+0000] {dag.py:3096} INFO - Sync 1 DAGs
[2026-04-29T01:09:43.669+0000] {logging_mixin.py:188} INFO - [2026-04-29T01:09:43.669+0000] {dag.py:3954} INFO - Setting next_dagrun for example_sensors to None, run_after=None
[2026-04-29T01:09:43.689+0000] {processor.py:183} INFO - Processing /home/airflow/.local/lib/python3.12/site-packages/airflow/example_dags/example_sensors.py took 0.114 seconds
[2026-04-29T01:10:14.188+0000] {processor.py:161} INFO - Started process (PID=1475) to work on /home/airflow/.local/lib/python3.12/site-packages/airflow/example_dags/example_sensors.py
[2026-04-29T01:10:14.191+0000] {processor.py:830} INFO - Processing file /home/airflow/.local/lib/python3.12/site-packages/airflow/example_dags/example_sensors.py for tasks to queue
[2026-04-29T01:10:14.194+0000] {logging_mixin.py:188} INFO - [2026-04-29T01:10:14.193+0000] {dagbag.py:540} INFO - Filling up the DagBag from /home/airflow/.local/lib/python3.12/site-packages/airflow/example_dags/example_sensors.py
[2026-04-29T01:10:14.233+0000] {processor.py:840} INFO - DAG(s) 'example_sensors' retrieved from /home/airflow/.local/lib/python3.12/site-packages/airflow/example_dags/example_sensors.py
[2026-04-29T01:10:14.292+0000] {logging_mixin.py:188} INFO - [2026-04-29T01:10:14.291+0000] {dag.py:3096} INFO - Sync 1 DAGs
[2026-04-29T01:10:14.316+0000] {logging_mixin.py:188} INFO - [2026-04-29T01:10:14.314+0000] {dag.py:3954} INFO - Setting next_dagrun for example_sensors to None, run_after=None
[2026-04-29T01:10:14.347+0000] {processor.py:183} INFO - Processing /home/airflow/.local/lib/python3.12/site-packages/airflow/example_dags/example_sensors.py took 0.180 seconds
[2026-04-29T01:10:44.575+0000] {processor.py:161} INFO - Started process (PID=1535) to work on /home/airflow/.local/lib/python3.12/site-packages/airflow/example_dags/example_sensors.py
[2026-04-29T01:10:44.576+0000] {processor.py:830} INFO - Processing file /home/airflow/.local/lib/python3.12/site-packages/airflow/example_dags/example_sensors.py for tasks to queue
[2026-04-29T01:10:44.580+0000] {logging_mixin.py:188} INFO - [2026-04-29T01:10:44.579+0000] {dagbag.py:540} INFO - Filling up the DagBag from /home/airflow/.local/lib/python3.12/site-packages/airflow/example_dags/example_sensors.py
[2026-04-29T01:10:44.606+0000] {processor.py:840} INFO - DAG(s) 'example_sensors' retrieved from /home/airflow/.local/lib/python3.12/site-packages/airflow/example_dags/example_sensors.py
[2026-04-29T01:10:44.692+0000] {logging_mixin.py:188} INFO - [2026-04-29T01:10:44.692+0000] {dag.py:3096} INFO - Sync 1 DAGs
[2026-04-29T01:10:44.730+0000] {logging_mixin.py:188} INFO - [2026-04-29T01:10:44.729+0000] {dag.py:3954} INFO - Setting next_dagrun for example_sensors to None, run_after=None
[2026-04-29T01:10:44.808+0000] {processor.py:183} INFO - Processing /home/airflow/.local/lib/python3.12/site-packages/airflow/example_dags/example_sensors.py took 0.241 seconds
[2026-04-29T01:11:15.050+0000] {processor.py:161} INFO - Started process (PID=1594) to work on /home/airflow/.local/lib/python3.12/site-packages/airflow/example_dags/example_sensors.py
[2026-04-29T01:11:15.051+0000] {processor.py:830} INFO - Processing file /home/airflow/.local/lib/python3.12/site-packages/airflow/example_dags/example_sensors.py for tasks to queue
[2026-04-29T01:11:15.053+0000] {logging_mixin.py:188} INFO - [2026-04-29T01:11:15.053+0000] {dagbag.py:540} INFO - Filling up the DagBag from /home/airflow/.local/lib/python3.12/site-packages/airflow/example_dags/example_sensors.py
[2026-04-29T01:11:15.064+0000] {processor.py:840} INFO - DAG(s) 'example_sensors' retrieved from /home/airflow/.local/lib/python3.12/site-packages/airflow/example_dags/example_sensors.py
[2026-04-29T01:11:15.097+0000] {logging_mixin.py:188} INFO - [2026-04-29T01:11:15.096+0000] {dag.py:3096} INFO - Sync 1 DAGs
[2026-04-29T01:11:15.112+0000] {logging_mixin.py:188} INFO - [2026-04-29T01:11:15.112+0000] {dag.py:3954} INFO - Setting next_dagrun for example_sensors to None, run_after=None
[2026-04-29T01:11:15.133+0000] {processor.py:183} INFO - Processing /home/airflow/.local/lib/python3.12/site-packages/airflow/example_dags/example_sensors.py took 0.092 seconds
[2026-04-29T01:11:45.790+0000] {processor.py:161} INFO - Started process (PID=1654) to work on /home/airflow/.local/lib/python3.12/site-packages/airflow/example_dags/example_sensors.py
[2026-04-29T01:11:45.791+0000] {processor.py:830} INFO - Processing file /home/airflow/.local/lib/python3.12/site-packages/airflow/example_dags/example_sensors.py for tasks to queue
[2026-04-29T01:11:45.794+0000] {logging_mixin.py:188} INFO - [2026-04-29T01:11:45.793+0000] {dagbag.py:540} INFO - Filling up the DagBag from /home/airflow/.local/lib/python3.12/site-packages/airflow/example_dags/example_sensors.py
[2026-04-29T01:11:45.810+0000] {processor.py:840} INFO - DAG(s) 'example_sensors' retrieved from /home/airflow/.local/lib/python3.12/site-packages/airflow/example_dags/example_sensors.py
[2026-04-29T01:11:45.871+0000] {logging_mixin.py:188} INFO - [2026-04-29T01:11:45.870+0000] {dag.py:3096} INFO - Sync 1 DAGs
[2026-04-29T01:11:45.912+0000] {logging_mixin.py:188} INFO - [2026-04-29T01:11:45.912+0000] {dag.py:3954} INFO - Setting next_dagrun for example_sensors to None, run_after=None
[2026-04-29T01:11:45.983+0000] {processor.py:183} INFO - Processing /home/airflow/.local/lib/python3.12/site-packages/airflow/example_dags/example_sensors.py took 0.206 seconds
[2026-04-29T01:12:16.847+0000] {processor.py:161} INFO - Started process (PID=1714) to work on /home/airflow/.local/lib/python3.12/site-packages/airflow/example_dags/example_sensors.py
[2026-04-29T01:12:16.849+0000] {processor.py:830} INFO - Processing file /home/airflow/.local/lib/python3.12/site-packages/airflow/example_dags/example_sensors.py for tasks to queue
[2026-04-29T01:12:16.852+0000] {logging_mixin.py:188} INFO - [2026-04-29T01:12:16.852+0000] {dagbag.py:540} INFO - Filling up the DagBag from /home/airflow/.local/lib/python3.12/site-packages/airflow/example_dags/example_sensors.py
[2026-04-29T01:12:16.867+0000] {processor.py:840} INFO - DAG(s) 'example_sensors' retrieved from /home/airflow/.local/lib/python3.12/site-packages/airflow/example_dags/example_sensors.py
[2026-04-29T01:12:16.904+0000] {logging_mixin.py:188} INFO - [2026-04-29T01:12:16.904+0000] {dag.py:3096} INFO - Sync 1 DAGs
[2026-04-29T01:12:16.921+0000] {logging_mixin.py:188} INFO - [2026-04-29T01:12:16.921+0000] {dag.py:3954} INFO - Setting next_dagrun for example_sensors to None, run_after=None
[2026-04-29T01:12:16.943+0000] {processor.py:183} INFO - Processing /home/airflow/.local/lib/python3.12/site-packages/airflow/example_dags/example_sensors.py took 0.104 seconds
[2026-04-29T01:12:47.413+0000] {processor.py:161} INFO - Started process (PID=1772) to work on /home/airflow/.local/lib/python3.12/site-packages/airflow/example_dags/example_sensors.py
[2026-04-29T01:12:47.415+0000] {processor.py:830} INFO - Processing file /home/airflow/.local/lib/python3.12/site-packages/airflow/example_dags/example_sensors.py for tasks to queue
[2026-04-29T01:12:47.419+0000] {logging_mixin.py:188} INFO - [2026-04-29T01:12:47.418+0000] {dagbag.py:540} INFO - Filling up the DagBag from /home/airflow/.local/lib/python3.12/site-packages/airflow/example_dags/example_sensors.py
[2026-04-29T01:12:47.438+0000] {processor.py:840} INFO - DAG(s) 'example_sensors' retrieved from /home/airflow/.local/lib/python3.12/site-packages/airflow/example_dags/example_sensors.py
[2026-04-29T01:12:47.471+0000] {logging_mixin.py:188} INFO - [2026-04-29T01:12:47.471+0000] {dag.py:3096} INFO - Sync 1 DAGs
[2026-04-29T01:12:47.489+0000] {logging_mixin.py:188} INFO - [2026-04-29T01:12:47.489+0000] {dag.py:3954} INFO - Setting next_dagrun for example_sensors to None, run_after=None
[2026-04-29T01:12:47.509+0000] {processor.py:183} INFO - Processing /home/airflow/.local/lib/python3.12/site-packages/airflow/example_dags/example_sensors.py took 0.103 seconds
[2026-04-29T01:13:18.279+0000] {processor.py:161} INFO - Started process (PID=1832) to work on /home/airflow/.local/lib/python3.12/site-packages/airflow/example_dags/example_sensors.py
[2026-04-29T01:13:18.317+0000] {processor.py:830} INFO - Processing file /home/airflow/.local/lib/python3.12/site-packages/airflow/example_dags/example_sensors.py for tasks to queue
[2026-04-29T01:13:18.324+0000] {logging_mixin.py:188} INFO - [2026-04-29T01:13:18.323+0000] {dagbag.py:540} INFO - Filling up the DagBag from /home/airflow/.local/lib/python3.12/site-packages/airflow/example_dags/example_sensors.py
[2026-04-29T01:13:18.364+0000] {processor.py:840} INFO - DAG(s) 'example_sensors' retrieved from /home/airflow/.local/lib/python3.12/site-packages/airflow/example_dags/example_sensors.py
[2026-04-29T01:13:18.446+0000] {logging_mixin.py:188} INFO - [2026-04-29T01:13:18.446+0000] {dag.py:3096} INFO - Sync 1 DAGs
[2026-04-29T01:13:18.473+0000] {logging_mixin.py:188} INFO - [2026-04-29T01:13:18.473+0000] {dag.py:3954} INFO - Setting next_dagrun for example_sensors to None, run_after=None
[2026-04-29T01:13:18.527+0000] {processor.py:183} INFO - Processing /home/airflow/.local/lib/python3.12/site-packages/airflow/example_dags/example_sensors.py took 0.290 seconds
[2026-04-29T01:13:59.097+0000] {processor.py:161} INFO - Started process (PID=1892) to work on /home/airflow/.local/lib/python3.12/site-packages/airflow/example_dags/example_sensors.py
[2026-04-29T01:13:59.129+0000] {processor.py:830} INFO - Processing file /home/airflow/.local/lib/python3.12/site-packages/airflow/example_dags/example_sensors.py for tasks to queue
[2026-04-29T01:13:59.171+0000] {logging_mixin.py:188} INFO - [2026-04-29T01:13:59.159+0000] {dagbag.py:540} INFO - Filling up the DagBag from /home/airflow/.local/lib/python3.12/site-packages/airflow/example_dags/example_sensors.py
[2026-04-29T01:13:59.406+0000] {processor.py:840} INFO - DAG(s) 'example_sensors' retrieved from /home/airflow/.local/lib/python3.12/site-packages/airflow/example_dags/example_sensors.py
[2026-04-29T01:13:59.914+0000] {logging_mixin.py:188} INFO - [2026-04-29T01:13:59.913+0000] {dag.py:3096} INFO - Sync 1 DAGs
[2026-04-29T01:14:00.200+0000] {logging_mixin.py:188} INFO - [2026-04-29T01:14:00.193+0000] {dag.py:3954} INFO - Setting next_dagrun for example_sensors to None, run_after=None
[2026-04-29T01:14:00.654+0000] {processor.py:183} INFO - Processing /home/airflow/.local/lib/python3.12/site-packages/airflow/example_dags/example_sensors.py took 1.793 seconds
[2026-04-29T01:14:31.684+0000] {processor.py:161} INFO - Started process (PID=1950) to work on /home/airflow/.local/lib/python3.12/site-packages/airflow/example_dags/example_sensors.py
[2026-04-29T01:14:31.687+0000] {processor.py:830} INFO - Processing file /home/airflow/.local/lib/python3.12/site-packages/airflow/example_dags/example_sensors.py for tasks to queue
[2026-04-29T01:14:31.692+0000] {logging_mixin.py:188} INFO - [2026-04-29T01:14:31.691+0000] {dagbag.py:540} INFO - Filling up the DagBag from /home/airflow/.local/lib/python3.12/site-packages/airflow/example_dags/example_sensors.py
[2026-04-29T01:14:31.707+0000] {processor.py:840} INFO - DAG(s) 'example_sensors' retrieved from /home/airflow/.local/lib/python3.12/site-packages/airflow/example_dags/example_sensors.py
[2026-04-29T01:14:31.762+0000] {logging_mixin.py:188} INFO - [2026-04-29T01:14:31.760+0000] {dag.py:3096} INFO - Sync 1 DAGs
[2026-04-29T01:14:31.780+0000] {logging_mixin.py:188} INFO - [2026-04-29T01:14:31.780+0000] {dag.py:3954} INFO - Setting next_dagrun for example_sensors to None, run_after=None
[2026-04-29T01:14:31.811+0000] {processor.py:183} INFO - Processing /home/airflow/.local/lib/python3.12/site-packages/airflow/example_dags/example_sensors.py took 0.142 seconds
[2026-04-29T01:15:01.877+0000] {processor.py:161} INFO - Started process (PID=2009) to work on /home/airflow/.local/lib/python3.12/site-packages/airflow/example_dags/example_sensors.py
[2026-04-29T01:15:01.877+0000] {processor.py:830} INFO - Processing file /home/airflow/.local/lib/python3.12/site-packages/airflow/example_dags/example_sensors.py for tasks to queue
[2026-04-29T01:15:01.879+0000] {logging_mixin.py:188} INFO - [2026-04-29T01:15:01.879+0000] {dagbag.py:540} INFO - Filling up the DagBag from /home/airflow/.local/lib/python3.12/site-packages/airflow/example_dags/example_sensors.py
[2026-04-29T01:15:01.892+0000] {processor.py:840} INFO - DAG(s) 'example_sensors' retrieved from /home/airflow/.local/lib/python3.12/site-packages/airflow/example_dags/example_sensors.py
[2026-04-29T01:15:01.918+0000] {logging_mixin.py:188} INFO - [2026-04-29T01:15:01.918+0000] {dag.py:3096} INFO - Sync 1 DAGs
[2026-04-29T01:15:01.937+0000] {logging_mixin.py:188} INFO - [2026-04-29T01:15:01.937+0000] {dag.py:3954} INFO - Setting next_dagrun for example_sensors to None, run_after=None
[2026-04-29T01:15:01.967+0000] {processor.py:183} INFO - Processing /home/airflow/.local/lib/python3.12/site-packages/airflow/example_dags/example_sensors.py took 0.098 seconds
[2026-04-29T01:15:32.897+0000] {processor.py:161} INFO - Started process (PID=2069) to work on /home/airflow/.local/lib/python3.12/site-packages/airflow/example_dags/example_sensors.py
[2026-04-29T01:15:32.901+0000] {processor.py:830} INFO - Processing file /home/airflow/.local/lib/python3.12/site-packages/airflow/example_dags/example_sensors.py for tasks to queue
[2026-04-29T01:15:32.902+0000] {logging_mixin.py:188} INFO - [2026-04-29T01:15:32.902+0000] {dagbag.py:540} INFO - Filling up the DagBag from /home/airflow/.local/lib/python3.12/site-packages/airflow/example_dags/example_sensors.py
[2026-04-29T01:15:32.911+0000] {processor.py:840} INFO - DAG(s) 'example_sensors' retrieved from /home/airflow/.local/lib/python3.12/site-packages/airflow/example_dags/example_sensors.py
[2026-04-29T01:15:32.934+0000] {logging_mixin.py:188} INFO - [2026-04-29T01:15:32.934+0000] {dag.py:3096} INFO - Sync 1 DAGs
[2026-04-29T01:15:32.945+0000] {logging_mixin.py:188} INFO - [2026-04-29T01:15:32.945+0000] {dag.py:3954} INFO - Setting next_dagrun for example_sensors to None, run_after=None
[2026-04-29T01:15:32.961+0000] {processor.py:183} INFO - Processing /home/airflow/.local/lib/python3.12/site-packages/airflow/example_dags/example_sensors.py took 0.071 seconds
[2026-04-29T01:16:03.598+0000] {processor.py:161} INFO - Started process (PID=2129) to work on /home/airflow/.local/lib/python3.12/site-packages/airflow/example_dags/example_sensors.py
[2026-04-29T01:16:03.601+0000] {processor.py:830} INFO - Processing file /home/airflow/.local/lib/python3.12/site-packages/airflow/example_dags/example_sensors.py for tasks to queue
[2026-04-29T01:16:03.602+0000] {logging_mixin.py:188} INFO - [2026-04-29T01:16:03.602+0000] {dagbag.py:540} INFO - Filling up the DagBag from /home/airflow/.local/lib/python3.12/site-packages/airflow/example_dags/example_sensors.py
[2026-04-29T01:16:03.610+0000] {processor.py:840} INFO - DAG(s) 'example_sensors' retrieved from /home/airflow/.local/lib/python3.12/site-packages/airflow/example_dags/example_sensors.py
[2026-04-29T01:16:03.635+0000] {logging_mixin.py:188} INFO - [2026-04-29T01:16:03.634+0000] {dag.py:3096} INFO - Sync 1 DAGs
[2026-04-29T01:16:03.651+0000] {logging_mixin.py:188} INFO - [2026-04-29T01:16:03.650+0000] {dag.py:3954} INFO - Setting next_dagrun for example_sensors to None, run_after=None
[2026-04-29T01:16:03.667+0000] {processor.py:183} INFO - Processing /home/airflow/.local/lib/python3.12/site-packages/airflow/example_dags/example_sensors.py took 0.074 seconds
[2026-04-29T01:16:33.736+0000] {processor.py:161} INFO - Started process (PID=2189) to work on /home/airflow/.local/lib/python3.12/site-packages/airflow/example_dags/example_sensors.py
[2026-04-29T01:16:33.737+0000] {processor.py:830} INFO - Processing file /home/airflow/.local/lib/python3.12/site-packages/airflow/example_dags/example_sensors.py for tasks to queue
[2026-04-29T01:16:33.738+0000] {logging_mixin.py:188} INFO - [2026-04-29T01:16:33.738+0000] {dagbag.py:540} INFO - Filling up the DagBag from /home/airflow/.local/lib/python3.12/site-packages/airflow/example_dags/example_sensors.py
[2026-04-29T01:16:33.747+0000] {processor.py:840} INFO - DAG(s) 'example_sensors' retrieved from /home/airflow/.local/lib/python3.12/site-packages/airflow/example_dags/example_sensors.py
[2026-04-29T01:16:33.771+0000] {logging_mixin.py:188} INFO - [2026-04-29T01:16:33.770+0000] {dag.py:3096} INFO - Sync 1 DAGs
[2026-04-29T01:16:33.782+0000] {logging_mixin.py:188} INFO - [2026-04-29T01:16:33.782+0000] {dag.py:3954} INFO - Setting next_dagrun for example_sensors to None, run_after=None
[2026-04-29T01:16:33.797+0000] {processor.py:183} INFO - Processing /home/airflow/.local/lib/python3.12/site-packages/airflow/example_dags/example_sensors.py took 0.067 seconds
[2026-04-29T01:17:04.675+0000] {processor.py:161} INFO - Started process (PID=2248) to work on /home/airflow/.local/lib/python3.12/site-packages/airflow/example_dags/example_sensors.py
[2026-04-29T01:17:04.676+0000] {processor.py:830} INFO - Processing file /home/airflow/.local/lib/python3.12/site-packages/airflow/example_dags/example_sensors.py for tasks to queue
[2026-04-29T01:17:04.678+0000] {logging_mixin.py:188} INFO - [2026-04-29T01:17:04.678+0000] {dagbag.py:540} INFO - Filling up the DagBag from /home/airflow/.local/lib/python3.12/site-packages/airflow/example_dags/example_sensors.py
[2026-04-29T01:17:04.690+0000] {processor.py:840} INFO - DAG(s) 'example_sensors' retrieved from /home/airflow/.local/lib/python3.12/site-packages/airflow/example_dags/example_sensors.py
[2026-04-29T01:17:04.729+0000] {logging_mixin.py:188} INFO - [2026-04-29T01:17:04.729+0000] {dag.py:3096} INFO - Sync 1 DAGs
[2026-04-29T01:17:04.784+0000] {logging_mixin.py:188} INFO - [2026-04-29T01:17:04.784+0000] {dag.py:3954} INFO - Setting next_dagrun for example_sensors to None, run_after=None
[2026-04-29T01:17:04.841+0000] {processor.py:183} INFO - Processing /home/airflow/.local/lib/python3.12/site-packages/airflow/example_dags/example_sensors.py took 0.173 seconds
[2026-04-29T01:17:35.611+0000] {processor.py:161} INFO - Started process (PID=2308) to work on /home/airflow/.local/lib/python3.12/site-packages/airflow/example_dags/example_sensors.py
[2026-04-29T01:17:35.614+0000] {processor.py:830} INFO - Processing file /home/airflow/.local/lib/python3.12/site-packages/airflow/example_dags/example_sensors.py for tasks to queue
[2026-04-29T01:17:35.618+0000] {logging_mixin.py:188} INFO - [2026-04-29T01:17:35.618+0000] {dagbag.py:540} INFO - Filling up the DagBag from /home/airflow/.local/lib/python3.12/site-packages/airflow/example_dags/example_sensors.py
[2026-04-29T01:17:35.633+0000] {processor.py:840} INFO - DAG(s) 'example_sensors' retrieved from /home/airflow/.local/lib/python3.12/site-packages/airflow/example_dags/example_sensors.py
[2026-04-29T01:17:35.694+0000] {logging_mixin.py:188} INFO - [2026-04-29T01:17:35.694+0000] {dag.py:3096} INFO - Sync 1 DAGs
[2026-04-29T01:17:35.721+0000] {logging_mixin.py:188} INFO - [2026-04-29T01:17:35.721+0000] {dag.py:3954} INFO - Setting next_dagrun for example_sensors to None, run_after=None
[2026-04-29T01:17:35.741+0000] {processor.py:183} INFO - Processing /home/airflow/.local/lib/python3.12/site-packages/airflow/example_dags/example_sensors.py took 0.137 seconds
[2026-04-29T01:18:06.621+0000] {processor.py:161} INFO - Started process (PID=2368) to work on /home/airflow/.local/lib/python3.12/site-packages/airflow/example_dags/example_sensors.py
[2026-04-29T01:18:06.624+0000] {processor.py:830} INFO - Processing file /home/airflow/.local/lib/python3.12/site-packages/airflow/example_dags/example_sensors.py for tasks to queue
[2026-04-29T01:18:06.626+0000] {logging_mixin.py:188} INFO - [2026-04-29T01:18:06.626+0000] {dagbag.py:540} INFO - Filling up the DagBag from /home/airflow/.local/lib/python3.12/site-packages/airflow/example_dags/example_sensors.py
[2026-04-29T01:18:06.656+0000] {processor.py:840} INFO - DAG(s) 'example_sensors' retrieved from /home/airflow/.local/lib/python3.12/site-packages/airflow/example_dags/example_sensors.py
[2026-04-29T01:18:06.751+0000] {logging_mixin.py:188} INFO - [2026-04-29T01:18:06.751+0000] {dag.py:3096} INFO - Sync 1 DAGs
[2026-04-29T01:18:06.779+0000] {logging_mixin.py:188} INFO - [2026-04-29T01:18:06.779+0000] {dag.py:3954} INFO - Setting next_dagrun for example_sensors to None, run_after=None
[2026-04-29T01:18:06.819+0000] {processor.py:183} INFO - Processing /home/airflow/.local/lib/python3.12/site-packages/airflow/example_dags/example_sensors.py took 0.216 seconds
[2026-04-29T01:18:37.103+0000] {processor.py:161} INFO - Started process (PID=2428) to work on /home/airflow/.local/lib/python3.12/site-packages/airflow/example_dags/example_sensors.py
[2026-04-29T01:18:37.104+0000] {processor.py:830} INFO - Processing file /home/airflow/.local/lib/python3.12/site-packages/airflow/example_dags/example_sensors.py for tasks to queue
[2026-04-29T01:18:37.106+0000] {logging_mixin.py:188} INFO - [2026-04-29T01:18:37.105+0000] {dagbag.py:540} INFO - Filling up the DagBag from /home/airflow/.local/lib/python3.12/site-packages/airflow/example_dags/example_sensors.py
[2026-04-29T01:18:37.117+0000] {processor.py:840} INFO - DAG(s) 'example_sensors' retrieved from /home/airflow/.local/lib/python3.12/site-packages/airflow/example_dags/example_sensors.py
[2026-04-29T01:18:37.157+0000] {logging_mixin.py:188} INFO - [2026-04-29T01:18:37.156+0000] {dag.py:3096} INFO - Sync 1 DAGs
[2026-04-29T01:18:37.174+0000] {logging_mixin.py:188} INFO - [2026-04-29T01:18:37.174+0000] {dag.py:3954} INFO - Setting next_dagrun for example_sensors to None, run_after=None
[2026-04-29T01:18:37.196+0000] {processor.py:183} INFO - Processing /home/airflow/.local/lib/python3.12/site-packages/airflow/example_dags/example_sensors.py took 0.100 seconds
[2026-04-29T01:19:07.343+0000] {processor.py:161} INFO - Started process (PID=2487) to work on /home/airflow/.local/lib/python3.12/site-packages/airflow/example_dags/example_sensors.py
[2026-04-29T01:19:07.345+0000] {processor.py:830} INFO - Processing file /home/airflow/.local/lib/python3.12/site-packages/airflow/example_dags/example_sensors.py for tasks to queue
[2026-04-29T01:19:07.348+0000] {logging_mixin.py:188} INFO - [2026-04-29T01:19:07.347+0000] {dagbag.py:540} INFO - Filling up the DagBag from /home/airflow/.local/lib/python3.12/site-packages/airflow/example_dags/example_sensors.py
[2026-04-29T01:19:07.365+0000] {processor.py:840} INFO - DAG(s) 'example_sensors' retrieved from /home/airflow/.local/lib/python3.12/site-packages/airflow/example_dags/example_sensors.py
[2026-04-29T01:19:07.425+0000] {logging_mixin.py:188} INFO - [2026-04-29T01:19:07.424+0000] {dag.py:3096} INFO - Sync 1 DAGs
[2026-04-29T01:19:07.475+0000] {logging_mixin.py:188} INFO - [2026-04-29T01:19:07.474+0000] {dag.py:3954} INFO - Setting next_dagrun for example_sensors to None, run_after=None
[2026-04-29T01:19:07.536+0000] {processor.py:183} INFO - Processing /home/airflow/.local/lib/python3.12/site-packages/airflow/example_dags/example_sensors.py took 0.239 seconds
[2026-04-29T01:19:38.490+0000] {processor.py:161} INFO - Started process (PID=2547) to work on /home/airflow/.local/lib/python3.12/site-packages/airflow/example_dags/example_sensors.py
[2026-04-29T01:19:38.491+0000] {processor.py:830} INFO - Processing file /home/airflow/.local/lib/python3.12/site-packages/airflow/example_dags/example_sensors.py for tasks to queue
[2026-04-29T01:19:38.493+0000] {logging_mixin.py:188} INFO - [2026-04-29T01:19:38.492+0000] {dagbag.py:540} INFO - Filling up the DagBag from /home/airflow/.local/lib/python3.12/site-packages/airflow/example_dags/example_sensors.py
[2026-04-29T01:19:38.511+0000] {processor.py:840} INFO - DAG(s) 'example_sensors' retrieved from /home/airflow/.local/lib/python3.12/site-packages/airflow/example_dags/example_sensors.py
[2026-04-29T01:19:38.554+0000] {logging_mixin.py:188} INFO - [2026-04-29T01:19:38.553+0000] {dag.py:3096} INFO - Sync 1 DAGs
[2026-04-29T01:19:38.572+0000] {logging_mixin.py:188} INFO - [2026-04-29T01:19:38.572+0000] {dag.py:3954} INFO - Setting next_dagrun for example_sensors to None, run_after=None
[2026-04-29T01:19:38.622+0000] {processor.py:183} INFO - Processing /home/airflow/.local/lib/python3.12/site-packages/airflow/example_dags/example_sensors.py took 0.139 seconds
[2026-04-29T01:20:08.957+0000] {processor.py:161} INFO - Started process (PID=2607) to work on /home/airflow/.local/lib/python3.12/site-packages/airflow/example_dags/example_sensors.py
[2026-04-29T01:20:08.957+0000] {processor.py:830} INFO - Processing file /home/airflow/.local/lib/python3.12/site-packages/airflow/example_dags/example_sensors.py for tasks to queue
[2026-04-29T01:20:08.959+0000] {logging_mixin.py:188} INFO - [2026-04-29T01:20:08.959+0000] {dagbag.py:540} INFO - Filling up the DagBag from /home/airflow/.local/lib/python3.12/site-packages/airflow/example_dags/example_sensors.py
[2026-04-29T01:20:08.971+0000] {processor.py:840} INFO - DAG(s) 'example_sensors' retrieved from /home/airflow/.local/lib/python3.12/site-packages/airflow/example_dags/example_sensors.py
[2026-04-29T01:20:09.004+0000] {logging_mixin.py:188} INFO - [2026-04-29T01:20:09.004+0000] {dag.py:3096} INFO - Sync 1 DAGs
[2026-04-29T01:20:09.020+0000] {logging_mixin.py:188} INFO - [2026-04-29T01:20:09.019+0000] {dag.py:3954} INFO - Setting next_dagrun for example_sensors to None, run_after=None
[2026-04-29T01:20:09.043+0000] {processor.py:183} INFO - Processing /home/airflow/.local/lib/python3.12/site-packages/airflow/example_dags/example_sensors.py took 0.093 seconds
[2026-04-29T01:20:39.685+0000] {processor.py:161} INFO - Started process (PID=2667) to work on /home/airflow/.local/lib/python3.12/site-packages/airflow/example_dags/example_sensors.py
[2026-04-29T01:20:39.690+0000] {processor.py:830} INFO - Processing file /home/airflow/.local/lib/python3.12/site-packages/airflow/example_dags/example_sensors.py for tasks to queue
[2026-04-29T01:20:39.692+0000] {logging_mixin.py:188} INFO - [2026-04-29T01:20:39.692+0000] {dagbag.py:540} INFO - Filling up the DagBag from /home/airflow/.local/lib/python3.12/site-packages/airflow/example_dags/example_sensors.py
[2026-04-29T01:20:39.704+0000] {processor.py:840} INFO - DAG(s) 'example_sensors' retrieved from /home/airflow/.local/lib/python3.12/site-packages/airflow/example_dags/example_sensors.py
[2026-04-29T01:20:39.739+0000] {logging_mixin.py:188} INFO - [2026-04-29T01:20:39.739+0000] {dag.py:3096} INFO - Sync 1 DAGs
[2026-04-29T01:20:39.756+0000] {logging_mixin.py:188} INFO - [2026-04-29T01:20:39.755+0000] {dag.py:3954} INFO - Setting next_dagrun for example_sensors to None, run_after=None
[2026-04-29T01:20:39.778+0000] {processor.py:183} INFO - Processing /home/airflow/.local/lib/python3.12/site-packages/airflow/example_dags/example_sensors.py took 0.100 seconds
[2026-04-29T01:21:10.727+0000] {processor.py:161} INFO - Started process (PID=2727) to work on /home/airflow/.local/lib/python3.12/site-packages/airflow/example_dags/example_sensors.py
[2026-04-29T01:21:10.734+0000] {processor.py:830} INFO - Processing file /home/airflow/.local/lib/python3.12/site-packages/airflow/example_dags/example_sensors.py for tasks to queue
[2026-04-29T01:21:10.736+0000] {logging_mixin.py:188} INFO - [2026-04-29T01:21:10.736+0000] {dagbag.py:540} INFO - Filling up the DagBag from /home/airflow/.local/lib/python3.12/site-packages/airflow/example_dags/example_sensors.py
[2026-04-29T01:21:10.748+0000] {processor.py:840} INFO - DAG(s) 'example_sensors' retrieved from /home/airflow/.local/lib/python3.12/site-packages/airflow/example_dags/example_sensors.py
[2026-04-29T01:21:10.783+0000] {logging_mixin.py:188} INFO - [2026-04-29T01:21:10.783+0000] {dag.py:3096} INFO - Sync 1 DAGs
[2026-04-29T01:21:10.800+0000] {logging_mixin.py:188} INFO - [2026-04-29T01:21:10.800+0000] {dag.py:3954} INFO - Setting next_dagrun for example_sensors to None, run_after=None
[2026-04-29T01:21:10.823+0000] {processor.py:183} INFO - Processing /home/airflow/.local/lib/python3.12/site-packages/airflow/example_dags/example_sensors.py took 0.115 seconds
[2026-04-29T01:21:41.021+0000] {processor.py:161} INFO - Started process (PID=2787) to work on /home/airflow/.local/lib/python3.12/site-packages/airflow/example_dags/example_sensors.py
[2026-04-29T01:21:41.024+0000] {processor.py:830} INFO - Processing file /home/airflow/.local/lib/python3.12/site-packages/airflow/example_dags/example_sensors.py for tasks to queue
[2026-04-29T01:21:41.026+0000] {logging_mixin.py:188} INFO - [2026-04-29T01:21:41.026+0000] {dagbag.py:540} INFO - Filling up the DagBag from /home/airflow/.local/lib/python3.12/site-packages/airflow/example_dags/example_sensors.py
[2026-04-29T01:21:41.038+0000] {processor.py:840} INFO - DAG(s) 'example_sensors' retrieved from /home/airflow/.local/lib/python3.12/site-packages/airflow/example_dags/example_sensors.py
[2026-04-29T01:21:41.115+0000] {logging_mixin.py:188} INFO - [2026-04-29T01:21:41.114+0000] {dag.py:3096} INFO - Sync 1 DAGs
[2026-04-29T01:21:41.167+0000] {logging_mixin.py:188} INFO - [2026-04-29T01:21:41.167+0000] {dag.py:3954} INFO - Setting next_dagrun for example_sensors to None, run_after=None
[2026-04-29T01:21:41.192+0000] {processor.py:183} INFO - Processing /home/airflow/.local/lib/python3.12/site-packages/airflow/example_dags/example_sensors.py took 0.178 seconds
[2026-04-29T01:22:11.432+0000] {processor.py:161} INFO - Started process (PID=2847) to work on /home/airflow/.local/lib/python3.12/site-packages/airflow/example_dags/example_sensors.py
[2026-04-29T01:22:11.433+0000] {processor.py:830} INFO - Processing file /home/airflow/.local/lib/python3.12/site-packages/airflow/example_dags/example_sensors.py for tasks to queue
[2026-04-29T01:22:11.436+0000] {logging_mixin.py:188} INFO - [2026-04-29T01:22:11.435+0000] {dagbag.py:540} INFO - Filling up the DagBag from /home/airflow/.local/lib/python3.12/site-packages/airflow/example_dags/example_sensors.py
[2026-04-29T01:22:11.448+0000] {processor.py:840} INFO - DAG(s) 'example_sensors' retrieved from /home/airflow/.local/lib/python3.12/site-packages/airflow/example_dags/example_sensors.py
[2026-04-29T01:22:11.482+0000] {logging_mixin.py:188} INFO - [2026-04-29T01:22:11.482+0000] {dag.py:3096} INFO - Sync 1 DAGs
[2026-04-29T01:22:11.498+0000] {logging_mixin.py:188} INFO - [2026-04-29T01:22:11.498+0000] {dag.py:3954} INFO - Setting next_dagrun for example_sensors to None, run_after=None
[2026-04-29T01:22:11.519+0000] {processor.py:183} INFO - Processing /home/airflow/.local/lib/python3.12/site-packages/airflow/example_dags/example_sensors.py took 0.093 seconds
[2026-04-29T01:22:42.262+0000] {processor.py:161} INFO - Started process (PID=2907) to work on /home/airflow/.local/lib/python3.12/site-packages/airflow/example_dags/example_sensors.py
[2026-04-29T01:22:42.278+0000] {processor.py:830} INFO - Processing file /home/airflow/.local/lib/python3.12/site-packages/airflow/example_dags/example_sensors.py for tasks to queue
[2026-04-29T01:22:42.289+0000] {logging_mixin.py:188} INFO - [2026-04-29T01:22:42.285+0000] {dagbag.py:540} INFO - Filling up the DagBag from /home/airflow/.local/lib/python3.12/site-packages/airflow/example_dags/example_sensors.py
[2026-04-29T01:22:42.359+0000] {processor.py:840} INFO - DAG(s) 'example_sensors' retrieved from /home/airflow/.local/lib/python3.12/site-packages/airflow/example_dags/example_sensors.py
[2026-04-29T01:22:42.479+0000] {logging_mixin.py:188} INFO - [2026-04-29T01:22:42.476+0000] {dag.py:3096} INFO - Sync 1 DAGs
[2026-04-29T01:22:42.539+0000] {logging_mixin.py:188} INFO - [2026-04-29T01:22:42.539+0000] {dag.py:3954} INFO - Setting next_dagrun for example_sensors to None, run_after=None
[2026-04-29T01:22:42.594+0000] {processor.py:183} INFO - Processing /home/airflow/.local/lib/python3.12/site-packages/airflow/example_dags/example_sensors.py took 0.368 seconds
[2026-04-29T01:23:13.343+0000] {processor.py:161} INFO - Started process (PID=2973) to work on /home/airflow/.local/lib/python3.12/site-packages/airflow/example_dags/example_sensors.py
[2026-04-29T01:23:13.344+0000] {processor.py:830} INFO - Processing file /home/airflow/.local/lib/python3.12/site-packages/airflow/example_dags/example_sensors.py for tasks to queue
[2026-04-29T01:23:13.347+0000] {logging_mixin.py:188} INFO - [2026-04-29T01:23:13.346+0000] {dagbag.py:540} INFO - Filling up the DagBag from /home/airflow/.local/lib/python3.12/site-packages/airflow/example_dags/example_sensors.py
[2026-04-29T01:23:13.359+0000] {processor.py:840} INFO - DAG(s) 'example_sensors' retrieved from /home/airflow/.local/lib/python3.12/site-packages/airflow/example_dags/example_sensors.py
[2026-04-29T01:23:13.401+0000] {logging_mixin.py:188} INFO - [2026-04-29T01:23:13.400+0000] {dag.py:3096} INFO - Sync 1 DAGs
[2026-04-29T01:23:13.417+0000] {logging_mixin.py:188} INFO - [2026-04-29T01:23:13.417+0000] {dag.py:3954} INFO - Setting next_dagrun for example_sensors to None, run_after=None
[2026-04-29T01:23:13.451+0000] {processor.py:183} INFO - Processing /home/airflow/.local/lib/python3.12/site-packages/airflow/example_dags/example_sensors.py took 0.115 seconds
[2026-04-29T01:23:43.748+0000] {processor.py:161} INFO - Started process (PID=3033) to work on /home/airflow/.local/lib/python3.12/site-packages/airflow/example_dags/example_sensors.py
[2026-04-29T01:23:43.749+0000] {processor.py:830} INFO - Processing file /home/airflow/.local/lib/python3.12/site-packages/airflow/example_dags/example_sensors.py for tasks to queue
[2026-04-29T01:23:43.751+0000] {logging_mixin.py:188} INFO - [2026-04-29T01:23:43.751+0000] {dagbag.py:540} INFO - Filling up the DagBag from /home/airflow/.local/lib/python3.12/site-packages/airflow/example_dags/example_sensors.py
[2026-04-29T01:23:43.763+0000] {processor.py:840} INFO - DAG(s) 'example_sensors' retrieved from /home/airflow/.local/lib/python3.12/site-packages/airflow/example_dags/example_sensors.py
[2026-04-29T01:23:43.797+0000] {logging_mixin.py:188} INFO - [2026-04-29T01:23:43.797+0000] {dag.py:3096} INFO - Sync 1 DAGs
[2026-04-29T01:23:43.814+0000] {logging_mixin.py:188} INFO - [2026-04-29T01:23:43.814+0000] {dag.py:3954} INFO - Setting next_dagrun for example_sensors to None, run_after=None
[2026-04-29T01:23:43.838+0000] {processor.py:183} INFO - Processing /home/airflow/.local/lib/python3.12/site-packages/airflow/example_dags/example_sensors.py took 0.097 seconds
[2026-04-29T01:24:13.956+0000] {processor.py:161} INFO - Started process (PID=3093) to work on /home/airflow/.local/lib/python3.12/site-packages/airflow/example_dags/example_sensors.py
[2026-04-29T01:24:13.957+0000] {processor.py:830} INFO - Processing file /home/airflow/.local/lib/python3.12/site-packages/airflow/example_dags/example_sensors.py for tasks to queue
[2026-04-29T01:24:13.962+0000] {logging_mixin.py:188} INFO - [2026-04-29T01:24:13.962+0000] {dagbag.py:540} INFO - Filling up the DagBag from /home/airflow/.local/lib/python3.12/site-packages/airflow/example_dags/example_sensors.py
[2026-04-29T01:24:13.990+0000] {processor.py:840} INFO - DAG(s) 'example_sensors' retrieved from /home/airflow/.local/lib/python3.12/site-packages/airflow/example_dags/example_sensors.py
[2026-04-29T01:24:14.059+0000] {logging_mixin.py:188} INFO - [2026-04-29T01:24:14.059+0000] {dag.py:3096} INFO - Sync 1 DAGs
[2026-04-29T01:24:14.099+0000] {logging_mixin.py:188} INFO - [2026-04-29T01:24:14.099+0000] {dag.py:3954} INFO - Setting next_dagrun for example_sensors to None, run_after=None
[2026-04-29T01:24:14.144+0000] {processor.py:183} INFO - Processing /home/airflow/.local/lib/python3.12/site-packages/airflow/example_dags/example_sensors.py took 0.199 seconds
[2026-04-29T01:24:44.707+0000] {processor.py:161} INFO - Started process (PID=3153) to work on /home/airflow/.local/lib/python3.12/site-packages/airflow/example_dags/example_sensors.py
[2026-04-29T01:24:44.709+0000] {processor.py:830} INFO - Processing file /home/airflow/.local/lib/python3.12/site-packages/airflow/example_dags/example_sensors.py for tasks to queue
[2026-04-29T01:24:44.713+0000] {logging_mixin.py:188} INFO - [2026-04-29T01:24:44.712+0000] {dagbag.py:540} INFO - Filling up the DagBag from /home/airflow/.local/lib/python3.12/site-packages/airflow/example_dags/example_sensors.py
[2026-04-29T01:24:44.734+0000] {processor.py:840} INFO - DAG(s) 'example_sensors' retrieved from /home/airflow/.local/lib/python3.12/site-packages/airflow/example_dags/example_sensors.py
[2026-04-29T01:24:44.791+0000] {logging_mixin.py:188} INFO - [2026-04-29T01:24:44.790+0000] {dag.py:3096} INFO - Sync 1 DAGs
[2026-04-29T01:24:44.812+0000] {logging_mixin.py:188} INFO - [2026-04-29T01:24:44.811+0000] {dag.py:3954} INFO - Setting next_dagrun for example_sensors to None, run_after=None
[2026-04-29T01:24:44.846+0000] {processor.py:183} INFO - Processing /home/airflow/.local/lib/python3.12/site-packages/airflow/example_dags/example_sensors.py took 0.148 seconds
[2026-04-29T01:25:15.758+0000] {processor.py:161} INFO - Started process (PID=3213) to work on /home/airflow/.local/lib/python3.12/site-packages/airflow/example_dags/example_sensors.py
[2026-04-29T01:25:15.772+0000] {processor.py:830} INFO - Processing file /home/airflow/.local/lib/python3.12/site-packages/airflow/example_dags/example_sensors.py for tasks to queue
[2026-04-29T01:25:15.774+0000] {logging_mixin.py:188} INFO - [2026-04-29T01:25:15.774+0000] {dagbag.py:540} INFO - Filling up the DagBag from /home/airflow/.local/lib/python3.12/site-packages/airflow/example_dags/example_sensors.py
[2026-04-29T01:25:15.825+0000] {processor.py:840} INFO - DAG(s) 'example_sensors' retrieved from /home/airflow/.local/lib/python3.12/site-packages/airflow/example_dags/example_sensors.py
[2026-04-29T01:25:15.969+0000] {logging_mixin.py:188} INFO - [2026-04-29T01:25:15.968+0000] {dag.py:3096} INFO - Sync 1 DAGs
[2026-04-29T01:25:16.037+0000] {logging_mixin.py:188} INFO - [2026-04-29T01:25:16.036+0000] {dag.py:3954} INFO - Setting next_dagrun for example_sensors to None, run_after=None
[2026-04-29T01:25:16.082+0000] {processor.py:183} INFO - Processing /home/airflow/.local/lib/python3.12/site-packages/airflow/example_dags/example_sensors.py took 0.352 seconds
[2026-04-29T01:25:46.953+0000] {processor.py:161} INFO - Started process (PID=3273) to work on /home/airflow/.local/lib/python3.12/site-packages/airflow/example_dags/example_sensors.py
[2026-04-29T01:25:46.962+0000] {processor.py:830} INFO - Processing file /home/airflow/.local/lib/python3.12/site-packages/airflow/example_dags/example_sensors.py for tasks to queue
[2026-04-29T01:25:46.964+0000] {logging_mixin.py:188} INFO - [2026-04-29T01:25:46.964+0000] {dagbag.py:540} INFO - Filling up the DagBag from /home/airflow/.local/lib/python3.12/site-packages/airflow/example_dags/example_sensors.py
[2026-04-29T01:25:46.976+0000] {processor.py:840} INFO - DAG(s) 'example_sensors' retrieved from /home/airflow/.local/lib/python3.12/site-packages/airflow/example_dags/example_sensors.py
[2026-04-29T01:25:47.010+0000] {logging_mixin.py:188} INFO - [2026-04-29T01:25:47.010+0000] {dag.py:3096} INFO - Sync 1 DAGs
[2026-04-29T01:25:47.026+0000] {logging_mixin.py:188} INFO - [2026-04-29T01:25:47.026+0000] {dag.py:3954} INFO - Setting next_dagrun for example_sensors to None, run_after=None
[2026-04-29T01:25:47.055+0000] {processor.py:183} INFO - Processing /home/airflow/.local/lib/python3.12/site-packages/airflow/example_dags/example_sensors.py took 0.117 seconds
[2026-04-29T01:26:17.269+0000] {processor.py:161} INFO - Started process (PID=3333) to work on /home/airflow/.local/lib/python3.12/site-packages/airflow/example_dags/example_sensors.py
[2026-04-29T01:26:17.270+0000] {processor.py:830} INFO - Processing file /home/airflow/.local/lib/python3.12/site-packages/airflow/example_dags/example_sensors.py for tasks to queue
[2026-04-29T01:26:17.272+0000] {logging_mixin.py:188} INFO - [2026-04-29T01:26:17.271+0000] {dagbag.py:540} INFO - Filling up the DagBag from /home/airflow/.local/lib/python3.12/site-packages/airflow/example_dags/example_sensors.py
[2026-04-29T01:26:17.284+0000] {processor.py:840} INFO - DAG(s) 'example_sensors' retrieved from /home/airflow/.local/lib/python3.12/site-packages/airflow/example_dags/example_sensors.py
[2026-04-29T01:26:17.322+0000] {logging_mixin.py:188} INFO - [2026-04-29T01:26:17.322+0000] {dag.py:3096} INFO - Sync 1 DAGs
[2026-04-29T01:26:17.337+0000] {logging_mixin.py:188} INFO - [2026-04-29T01:26:17.337+0000] {dag.py:3954} INFO - Setting next_dagrun for example_sensors to None, run_after=None
[2026-04-29T01:26:17.360+0000] {processor.py:183} INFO - Processing /home/airflow/.local/lib/python3.12/site-packages/airflow/example_dags/example_sensors.py took 0.098 seconds
[2026-04-29T01:26:48.000+0000] {processor.py:161} INFO - Started process (PID=3393) to work on /home/airflow/.local/lib/python3.12/site-packages/airflow/example_dags/example_sensors.py
[2026-04-29T01:26:48.002+0000] {processor.py:830} INFO - Processing file /home/airflow/.local/lib/python3.12/site-packages/airflow/example_dags/example_sensors.py for tasks to queue
[2026-04-29T01:26:48.004+0000] {logging_mixin.py:188} INFO - [2026-04-29T01:26:48.004+0000] {dagbag.py:540} INFO - Filling up the DagBag from /home/airflow/.local/lib/python3.12/site-packages/airflow/example_dags/example_sensors.py
[2026-04-29T01:26:48.016+0000] {processor.py:840} INFO - DAG(s) 'example_sensors' retrieved from /home/airflow/.local/lib/python3.12/site-packages/airflow/example_dags/example_sensors.py
[2026-04-29T01:26:48.062+0000] {logging_mixin.py:188} INFO - [2026-04-29T01:26:48.062+0000] {dag.py:3096} INFO - Sync 1 DAGs
[2026-04-29T01:26:48.103+0000] {logging_mixin.py:188} INFO - [2026-04-29T01:26:48.103+0000] {dag.py:3954} INFO - Setting next_dagrun for example_sensors to None, run_after=None
[2026-04-29T01:26:48.153+0000] {processor.py:183} INFO - Processing /home/airflow/.local/lib/python3.12/site-packages/airflow/example_dags/example_sensors.py took 0.160 seconds
