[2026-04-29T00:54:59.078+0000] {processor.py:161} INFO - Started process (PID=85) to work on /home/airflow/.local/lib/python3.12/site-packages/airflow/example_dags/example_params_trigger_ui.py
[2026-04-29T00:54:59.080+0000] {processor.py:830} INFO - Processing file /home/airflow/.local/lib/python3.12/site-packages/airflow/example_dags/example_params_trigger_ui.py for tasks to queue
[2026-04-29T00:54:59.082+0000] {logging_mixin.py:188} INFO - [2026-04-29T00:54:59.081+0000] {dagbag.py:540} INFO - Filling up the DagBag from /home/airflow/.local/lib/python3.12/site-packages/airflow/example_dags/example_params_trigger_ui.py
[2026-04-29T00:54:59.127+0000] {processor.py:840} INFO - DAG(s) 'example_params_trigger_ui' retrieved from /home/airflow/.local/lib/python3.12/site-packages/airflow/example_dags/example_params_trigger_ui.py
[2026-04-29T00:54:59.336+0000] {logging_mixin.py:188} INFO - [2026-04-29T00:54:59.336+0000] {dag.py:3096} INFO - Sync 1 DAGs
[2026-04-29T00:54:59.422+0000] {logging_mixin.py:188} INFO - [2026-04-29T00:54:59.422+0000] {dag.py:3954} INFO - Setting next_dagrun for example_params_trigger_ui to None, run_after=None
[2026-04-29T00:54:59.605+0000] {processor.py:183} INFO - Processing /home/airflow/.local/lib/python3.12/site-packages/airflow/example_dags/example_params_trigger_ui.py took 0.538 seconds
[2026-04-29T00:58:22.984+0000] {processor.py:161} INFO - Started process (PID=93) to work on /home/airflow/.local/lib/python3.12/site-packages/airflow/example_dags/example_params_trigger_ui.py
[2026-04-29T00:58:22.985+0000] {processor.py:830} INFO - Processing file /home/airflow/.local/lib/python3.12/site-packages/airflow/example_dags/example_params_trigger_ui.py for tasks to queue
[2026-04-29T00:58:22.988+0000] {logging_mixin.py:188} INFO - [2026-04-29T00:58:22.988+0000] {dagbag.py:540} INFO - Filling up the DagBag from /home/airflow/.local/lib/python3.12/site-packages/airflow/example_dags/example_params_trigger_ui.py
[2026-04-29T00:58:23.008+0000] {processor.py:840} INFO - DAG(s) 'example_params_trigger_ui' retrieved from /home/airflow/.local/lib/python3.12/site-packages/airflow/example_dags/example_params_trigger_ui.py
[2026-04-29T00:58:23.247+0000] {logging_mixin.py:188} INFO - [2026-04-29T00:58:23.247+0000] {override.py:1829} INFO - Created Permission View: can edit on DAG:example_params_trigger_ui
[2026-04-29T00:58:23.263+0000] {logging_mixin.py:188} INFO - [2026-04-29T00:58:23.262+0000] {override.py:1829} INFO - Created Permission View: can delete on DAG:example_params_trigger_ui
[2026-04-29T00:58:23.269+0000] {logging_mixin.py:188} INFO - [2026-04-29T00:58:23.269+0000] {override.py:1829} INFO - Created Permission View: can read on DAG:example_params_trigger_ui
[2026-04-29T00:58:23.270+0000] {logging_mixin.py:188} INFO - [2026-04-29T00:58:23.270+0000] {dag.py:3096} INFO - Sync 1 DAGs
[2026-04-29T00:58:23.286+0000] {logging_mixin.py:188} INFO - [2026-04-29T00:58:23.286+0000] {dag.py:3118} INFO - Creating ORM DAG for example_params_trigger_ui
[2026-04-29T00:58:23.287+0000] {logging_mixin.py:188} INFO - [2026-04-29T00:58:23.287+0000] {dag.py:3954} INFO - Setting next_dagrun for example_params_trigger_ui to None, run_after=None
[2026-04-29T00:58:23.309+0000] {processor.py:183} INFO - Processing /home/airflow/.local/lib/python3.12/site-packages/airflow/example_dags/example_params_trigger_ui.py took 0.336 seconds
[2026-04-29T00:58:53.350+0000] {processor.py:161} INFO - Started process (PID=153) to work on /home/airflow/.local/lib/python3.12/site-packages/airflow/example_dags/example_params_trigger_ui.py
[2026-04-29T00:58:53.352+0000] {processor.py:830} INFO - Processing file /home/airflow/.local/lib/python3.12/site-packages/airflow/example_dags/example_params_trigger_ui.py for tasks to queue
[2026-04-29T00:58:53.354+0000] {logging_mixin.py:188} INFO - [2026-04-29T00:58:53.354+0000] {dagbag.py:540} INFO - Filling up the DagBag from /home/airflow/.local/lib/python3.12/site-packages/airflow/example_dags/example_params_trigger_ui.py
[2026-04-29T00:58:53.374+0000] {processor.py:840} INFO - DAG(s) 'example_params_trigger_ui' retrieved from /home/airflow/.local/lib/python3.12/site-packages/airflow/example_dags/example_params_trigger_ui.py
[2026-04-29T00:58:53.437+0000] {logging_mixin.py:188} INFO - [2026-04-29T00:58:53.437+0000] {dag.py:3096} INFO - Sync 1 DAGs
[2026-04-29T00:58:53.455+0000] {logging_mixin.py:188} INFO - [2026-04-29T00:58:53.455+0000] {dag.py:3954} INFO - Setting next_dagrun for example_params_trigger_ui to None, run_after=None
[2026-04-29T00:58:53.476+0000] {processor.py:183} INFO - Processing /home/airflow/.local/lib/python3.12/site-packages/airflow/example_dags/example_params_trigger_ui.py took 0.133 seconds
[2026-04-29T00:59:24.182+0000] {processor.py:161} INFO - Started process (PID=213) to work on /home/airflow/.local/lib/python3.12/site-packages/airflow/example_dags/example_params_trigger_ui.py
[2026-04-29T00:59:24.183+0000] {processor.py:830} INFO - Processing file /home/airflow/.local/lib/python3.12/site-packages/airflow/example_dags/example_params_trigger_ui.py for tasks to queue
[2026-04-29T00:59:24.185+0000] {logging_mixin.py:188} INFO - [2026-04-29T00:59:24.185+0000] {dagbag.py:540} INFO - Filling up the DagBag from /home/airflow/.local/lib/python3.12/site-packages/airflow/example_dags/example_params_trigger_ui.py
[2026-04-29T00:59:24.204+0000] {processor.py:840} INFO - DAG(s) 'example_params_trigger_ui' retrieved from /home/airflow/.local/lib/python3.12/site-packages/airflow/example_dags/example_params_trigger_ui.py
[2026-04-29T00:59:24.266+0000] {logging_mixin.py:188} INFO - [2026-04-29T00:59:24.266+0000] {dag.py:3096} INFO - Sync 1 DAGs
[2026-04-29T00:59:24.281+0000] {logging_mixin.py:188} INFO - [2026-04-29T00:59:24.281+0000] {dag.py:3954} INFO - Setting next_dagrun for example_params_trigger_ui to None, run_after=None
[2026-04-29T00:59:24.297+0000] {processor.py:183} INFO - Processing /home/airflow/.local/lib/python3.12/site-packages/airflow/example_dags/example_params_trigger_ui.py took 0.122 seconds
[2026-04-29T00:59:54.439+0000] {processor.py:161} INFO - Started process (PID=272) to work on /home/airflow/.local/lib/python3.12/site-packages/airflow/example_dags/example_params_trigger_ui.py
[2026-04-29T00:59:54.440+0000] {processor.py:830} INFO - Processing file /home/airflow/.local/lib/python3.12/site-packages/airflow/example_dags/example_params_trigger_ui.py for tasks to queue
[2026-04-29T00:59:54.442+0000] {logging_mixin.py:188} INFO - [2026-04-29T00:59:54.442+0000] {dagbag.py:540} INFO - Filling up the DagBag from /home/airflow/.local/lib/python3.12/site-packages/airflow/example_dags/example_params_trigger_ui.py
[2026-04-29T00:59:54.464+0000] {processor.py:840} INFO - DAG(s) 'example_params_trigger_ui' retrieved from /home/airflow/.local/lib/python3.12/site-packages/airflow/example_dags/example_params_trigger_ui.py
[2026-04-29T00:59:54.517+0000] {logging_mixin.py:188} INFO - [2026-04-29T00:59:54.517+0000] {dag.py:3096} INFO - Sync 1 DAGs
[2026-04-29T00:59:54.536+0000] {logging_mixin.py:188} INFO - [2026-04-29T00:59:54.535+0000] {dag.py:3954} INFO - Setting next_dagrun for example_params_trigger_ui to None, run_after=None
[2026-04-29T00:59:54.555+0000] {processor.py:183} INFO - Processing /home/airflow/.local/lib/python3.12/site-packages/airflow/example_dags/example_params_trigger_ui.py took 0.124 seconds
[2026-04-29T01:00:26.711+0000] {processor.py:161} INFO - Started process (PID=331) to work on /home/airflow/.local/lib/python3.12/site-packages/airflow/example_dags/example_params_trigger_ui.py
[2026-04-29T01:00:26.712+0000] {processor.py:830} INFO - Processing file /home/airflow/.local/lib/python3.12/site-packages/airflow/example_dags/example_params_trigger_ui.py for tasks to queue
[2026-04-29T01:00:26.714+0000] {logging_mixin.py:188} INFO - [2026-04-29T01:00:26.714+0000] {dagbag.py:540} INFO - Filling up the DagBag from /home/airflow/.local/lib/python3.12/site-packages/airflow/example_dags/example_params_trigger_ui.py
[2026-04-29T01:00:26.761+0000] {processor.py:840} INFO - DAG(s) 'example_params_trigger_ui' retrieved from /home/airflow/.local/lib/python3.12/site-packages/airflow/example_dags/example_params_trigger_ui.py
[2026-04-29T01:00:26.854+0000] {logging_mixin.py:188} INFO - [2026-04-29T01:00:26.853+0000] {dag.py:3096} INFO - Sync 1 DAGs
[2026-04-29T01:00:26.948+0000] {logging_mixin.py:188} INFO - [2026-04-29T01:00:26.947+0000] {dag.py:3954} INFO - Setting next_dagrun for example_params_trigger_ui to None, run_after=None
[2026-04-29T01:00:27.170+0000] {processor.py:183} INFO - Processing /home/airflow/.local/lib/python3.12/site-packages/airflow/example_dags/example_params_trigger_ui.py took 0.476 seconds
[2026-04-29T01:00:57.618+0000] {processor.py:161} INFO - Started process (PID=392) to work on /home/airflow/.local/lib/python3.12/site-packages/airflow/example_dags/example_params_trigger_ui.py
[2026-04-29T01:00:57.619+0000] {processor.py:830} INFO - Processing file /home/airflow/.local/lib/python3.12/site-packages/airflow/example_dags/example_params_trigger_ui.py for tasks to queue
[2026-04-29T01:00:57.622+0000] {logging_mixin.py:188} INFO - [2026-04-29T01:00:57.621+0000] {dagbag.py:540} INFO - Filling up the DagBag from /home/airflow/.local/lib/python3.12/site-packages/airflow/example_dags/example_params_trigger_ui.py
[2026-04-29T01:00:57.642+0000] {processor.py:840} INFO - DAG(s) 'example_params_trigger_ui' retrieved from /home/airflow/.local/lib/python3.12/site-packages/airflow/example_dags/example_params_trigger_ui.py
[2026-04-29T01:00:57.702+0000] {logging_mixin.py:188} INFO - [2026-04-29T01:00:57.701+0000] {dag.py:3096} INFO - Sync 1 DAGs
[2026-04-29T01:00:57.750+0000] {logging_mixin.py:188} INFO - [2026-04-29T01:00:57.749+0000] {dag.py:3954} INFO - Setting next_dagrun for example_params_trigger_ui to None, run_after=None
[2026-04-29T01:00:57.803+0000] {processor.py:183} INFO - Processing /home/airflow/.local/lib/python3.12/site-packages/airflow/example_dags/example_params_trigger_ui.py took 0.194 seconds
[2026-04-29T01:01:29.678+0000] {processor.py:161} INFO - Started process (PID=452) to work on /home/airflow/.local/lib/python3.12/site-packages/airflow/example_dags/example_params_trigger_ui.py
[2026-04-29T01:01:29.686+0000] {processor.py:830} INFO - Processing file /home/airflow/.local/lib/python3.12/site-packages/airflow/example_dags/example_params_trigger_ui.py for tasks to queue
[2026-04-29T01:01:29.695+0000] {logging_mixin.py:188} INFO - [2026-04-29T01:01:29.694+0000] {dagbag.py:540} INFO - Filling up the DagBag from /home/airflow/.local/lib/python3.12/site-packages/airflow/example_dags/example_params_trigger_ui.py
[2026-04-29T01:01:29.850+0000] {processor.py:840} INFO - DAG(s) 'example_params_trigger_ui' retrieved from /home/airflow/.local/lib/python3.12/site-packages/airflow/example_dags/example_params_trigger_ui.py
[2026-04-29T01:01:30.823+0000] {logging_mixin.py:188} INFO - [2026-04-29T01:01:30.822+0000] {dag.py:3096} INFO - Sync 1 DAGs
[2026-04-29T01:01:30.879+0000] {logging_mixin.py:188} INFO - [2026-04-29T01:01:30.875+0000] {dag.py:3954} INFO - Setting next_dagrun for example_params_trigger_ui to None, run_after=None
[2026-04-29T01:01:30.984+0000] {processor.py:183} INFO - Processing /home/airflow/.local/lib/python3.12/site-packages/airflow/example_dags/example_params_trigger_ui.py took 1.330 seconds
[2026-04-29T01:02:01.664+0000] {processor.py:161} INFO - Started process (PID=516) to work on /home/airflow/.local/lib/python3.12/site-packages/airflow/example_dags/example_params_trigger_ui.py
[2026-04-29T01:02:01.667+0000] {processor.py:830} INFO - Processing file /home/airflow/.local/lib/python3.12/site-packages/airflow/example_dags/example_params_trigger_ui.py for tasks to queue
[2026-04-29T01:02:01.670+0000] {logging_mixin.py:188} INFO - [2026-04-29T01:02:01.668+0000] {dagbag.py:540} INFO - Filling up the DagBag from /home/airflow/.local/lib/python3.12/site-packages/airflow/example_dags/example_params_trigger_ui.py
[2026-04-29T01:02:01.692+0000] {processor.py:840} INFO - DAG(s) 'example_params_trigger_ui' retrieved from /home/airflow/.local/lib/python3.12/site-packages/airflow/example_dags/example_params_trigger_ui.py
[2026-04-29T01:02:01.809+0000] {logging_mixin.py:188} INFO - [2026-04-29T01:02:01.809+0000] {dag.py:3096} INFO - Sync 1 DAGs
[2026-04-29T01:02:01.835+0000] {logging_mixin.py:188} INFO - [2026-04-29T01:02:01.834+0000] {dag.py:3954} INFO - Setting next_dagrun for example_params_trigger_ui to None, run_after=None
[2026-04-29T01:02:01.895+0000] {processor.py:183} INFO - Processing /home/airflow/.local/lib/python3.12/site-packages/airflow/example_dags/example_params_trigger_ui.py took 0.256 seconds
[2026-04-29T01:02:32.059+0000] {processor.py:161} INFO - Started process (PID=575) to work on /home/airflow/.local/lib/python3.12/site-packages/airflow/example_dags/example_params_trigger_ui.py
[2026-04-29T01:02:32.060+0000] {processor.py:830} INFO - Processing file /home/airflow/.local/lib/python3.12/site-packages/airflow/example_dags/example_params_trigger_ui.py for tasks to queue
[2026-04-29T01:02:32.063+0000] {logging_mixin.py:188} INFO - [2026-04-29T01:02:32.063+0000] {dagbag.py:540} INFO - Filling up the DagBag from /home/airflow/.local/lib/python3.12/site-packages/airflow/example_dags/example_params_trigger_ui.py
[2026-04-29T01:02:32.080+0000] {processor.py:840} INFO - DAG(s) 'example_params_trigger_ui' retrieved from /home/airflow/.local/lib/python3.12/site-packages/airflow/example_dags/example_params_trigger_ui.py
[2026-04-29T01:02:32.150+0000] {logging_mixin.py:188} INFO - [2026-04-29T01:02:32.150+0000] {dag.py:3096} INFO - Sync 1 DAGs
[2026-04-29T01:02:32.166+0000] {logging_mixin.py:188} INFO - [2026-04-29T01:02:32.166+0000] {dag.py:3954} INFO - Setting next_dagrun for example_params_trigger_ui to None, run_after=None
[2026-04-29T01:02:32.189+0000] {processor.py:183} INFO - Processing /home/airflow/.local/lib/python3.12/site-packages/airflow/example_dags/example_params_trigger_ui.py took 0.136 seconds
[2026-04-29T01:03:02.866+0000] {processor.py:161} INFO - Started process (PID=636) to work on /home/airflow/.local/lib/python3.12/site-packages/airflow/example_dags/example_params_trigger_ui.py
[2026-04-29T01:03:02.867+0000] {processor.py:830} INFO - Processing file /home/airflow/.local/lib/python3.12/site-packages/airflow/example_dags/example_params_trigger_ui.py for tasks to queue
[2026-04-29T01:03:02.869+0000] {logging_mixin.py:188} INFO - [2026-04-29T01:03:02.869+0000] {dagbag.py:540} INFO - Filling up the DagBag from /home/airflow/.local/lib/python3.12/site-packages/airflow/example_dags/example_params_trigger_ui.py
[2026-04-29T01:03:02.891+0000] {processor.py:840} INFO - DAG(s) 'example_params_trigger_ui' retrieved from /home/airflow/.local/lib/python3.12/site-packages/airflow/example_dags/example_params_trigger_ui.py
[2026-04-29T01:03:02.957+0000] {logging_mixin.py:188} INFO - [2026-04-29T01:03:02.956+0000] {dag.py:3096} INFO - Sync 1 DAGs
[2026-04-29T01:03:02.972+0000] {logging_mixin.py:188} INFO - [2026-04-29T01:03:02.971+0000] {dag.py:3954} INFO - Setting next_dagrun for example_params_trigger_ui to None, run_after=None
[2026-04-29T01:03:02.992+0000] {processor.py:183} INFO - Processing /home/airflow/.local/lib/python3.12/site-packages/airflow/example_dags/example_params_trigger_ui.py took 0.133 seconds
[2026-04-29T01:03:33.584+0000] {processor.py:161} INFO - Started process (PID=696) to work on /home/airflow/.local/lib/python3.12/site-packages/airflow/example_dags/example_params_trigger_ui.py
[2026-04-29T01:03:33.585+0000] {processor.py:830} INFO - Processing file /home/airflow/.local/lib/python3.12/site-packages/airflow/example_dags/example_params_trigger_ui.py for tasks to queue
[2026-04-29T01:03:33.590+0000] {logging_mixin.py:188} INFO - [2026-04-29T01:03:33.590+0000] {dagbag.py:540} INFO - Filling up the DagBag from /home/airflow/.local/lib/python3.12/site-packages/airflow/example_dags/example_params_trigger_ui.py
[2026-04-29T01:03:33.646+0000] {processor.py:840} INFO - DAG(s) 'example_params_trigger_ui' retrieved from /home/airflow/.local/lib/python3.12/site-packages/airflow/example_dags/example_params_trigger_ui.py
[2026-04-29T01:03:33.764+0000] {logging_mixin.py:188} INFO - [2026-04-29T01:03:33.763+0000] {dag.py:3096} INFO - Sync 1 DAGs
[2026-04-29T01:03:33.799+0000] {logging_mixin.py:188} INFO - [2026-04-29T01:03:33.799+0000] {dag.py:3954} INFO - Setting next_dagrun for example_params_trigger_ui to None, run_after=None
[2026-04-29T01:03:33.846+0000] {processor.py:183} INFO - Processing /home/airflow/.local/lib/python3.12/site-packages/airflow/example_dags/example_params_trigger_ui.py took 0.275 seconds
[2026-04-29T01:04:04.676+0000] {processor.py:161} INFO - Started process (PID=756) to work on /home/airflow/.local/lib/python3.12/site-packages/airflow/example_dags/example_params_trigger_ui.py
[2026-04-29T01:04:04.677+0000] {processor.py:830} INFO - Processing file /home/airflow/.local/lib/python3.12/site-packages/airflow/example_dags/example_params_trigger_ui.py for tasks to queue
[2026-04-29T01:04:04.679+0000] {logging_mixin.py:188} INFO - [2026-04-29T01:04:04.679+0000] {dagbag.py:540} INFO - Filling up the DagBag from /home/airflow/.local/lib/python3.12/site-packages/airflow/example_dags/example_params_trigger_ui.py
[2026-04-29T01:04:04.695+0000] {processor.py:840} INFO - DAG(s) 'example_params_trigger_ui' retrieved from /home/airflow/.local/lib/python3.12/site-packages/airflow/example_dags/example_params_trigger_ui.py
[2026-04-29T01:04:04.754+0000] {logging_mixin.py:188} INFO - [2026-04-29T01:04:04.754+0000] {dag.py:3096} INFO - Sync 1 DAGs
[2026-04-29T01:04:04.771+0000] {logging_mixin.py:188} INFO - [2026-04-29T01:04:04.771+0000] {dag.py:3954} INFO - Setting next_dagrun for example_params_trigger_ui to None, run_after=None
[2026-04-29T01:04:04.793+0000] {processor.py:183} INFO - Processing /home/airflow/.local/lib/python3.12/site-packages/airflow/example_dags/example_params_trigger_ui.py took 0.123 seconds
[2026-04-29T01:04:35.356+0000] {processor.py:161} INFO - Started process (PID=816) to work on /home/airflow/.local/lib/python3.12/site-packages/airflow/example_dags/example_params_trigger_ui.py
[2026-04-29T01:04:35.357+0000] {processor.py:830} INFO - Processing file /home/airflow/.local/lib/python3.12/site-packages/airflow/example_dags/example_params_trigger_ui.py for tasks to queue
[2026-04-29T01:04:35.360+0000] {logging_mixin.py:188} INFO - [2026-04-29T01:04:35.359+0000] {dagbag.py:540} INFO - Filling up the DagBag from /home/airflow/.local/lib/python3.12/site-packages/airflow/example_dags/example_params_trigger_ui.py
[2026-04-29T01:04:35.376+0000] {processor.py:840} INFO - DAG(s) 'example_params_trigger_ui' retrieved from /home/airflow/.local/lib/python3.12/site-packages/airflow/example_dags/example_params_trigger_ui.py
[2026-04-29T01:04:35.471+0000] {logging_mixin.py:188} INFO - [2026-04-29T01:04:35.470+0000] {dag.py:3096} INFO - Sync 1 DAGs
[2026-04-29T01:04:35.500+0000] {logging_mixin.py:188} INFO - [2026-04-29T01:04:35.500+0000] {dag.py:3954} INFO - Setting next_dagrun for example_params_trigger_ui to None, run_after=None
[2026-04-29T01:04:35.527+0000] {processor.py:183} INFO - Processing /home/airflow/.local/lib/python3.12/site-packages/airflow/example_dags/example_params_trigger_ui.py took 0.177 seconds
[2026-04-29T01:05:06.272+0000] {processor.py:161} INFO - Started process (PID=879) to work on /home/airflow/.local/lib/python3.12/site-packages/airflow/example_dags/example_params_trigger_ui.py
[2026-04-29T01:05:06.273+0000] {processor.py:830} INFO - Processing file /home/airflow/.local/lib/python3.12/site-packages/airflow/example_dags/example_params_trigger_ui.py for tasks to queue
[2026-04-29T01:05:06.275+0000] {logging_mixin.py:188} INFO - [2026-04-29T01:05:06.275+0000] {dagbag.py:540} INFO - Filling up the DagBag from /home/airflow/.local/lib/python3.12/site-packages/airflow/example_dags/example_params_trigger_ui.py
[2026-04-29T01:05:06.291+0000] {processor.py:840} INFO - DAG(s) 'example_params_trigger_ui' retrieved from /home/airflow/.local/lib/python3.12/site-packages/airflow/example_dags/example_params_trigger_ui.py
[2026-04-29T01:05:06.356+0000] {logging_mixin.py:188} INFO - [2026-04-29T01:05:06.356+0000] {dag.py:3096} INFO - Sync 1 DAGs
[2026-04-29T01:05:06.374+0000] {logging_mixin.py:188} INFO - [2026-04-29T01:05:06.374+0000] {dag.py:3954} INFO - Setting next_dagrun for example_params_trigger_ui to None, run_after=None
[2026-04-29T01:05:06.411+0000] {processor.py:183} INFO - Processing /home/airflow/.local/lib/python3.12/site-packages/airflow/example_dags/example_params_trigger_ui.py took 0.145 seconds
[2026-04-29T01:05:36.990+0000] {processor.py:161} INFO - Started process (PID=939) to work on /home/airflow/.local/lib/python3.12/site-packages/airflow/example_dags/example_params_trigger_ui.py
[2026-04-29T01:05:36.991+0000] {processor.py:830} INFO - Processing file /home/airflow/.local/lib/python3.12/site-packages/airflow/example_dags/example_params_trigger_ui.py for tasks to queue
[2026-04-29T01:05:36.993+0000] {logging_mixin.py:188} INFO - [2026-04-29T01:05:36.993+0000] {dagbag.py:540} INFO - Filling up the DagBag from /home/airflow/.local/lib/python3.12/site-packages/airflow/example_dags/example_params_trigger_ui.py
[2026-04-29T01:05:37.014+0000] {processor.py:840} INFO - DAG(s) 'example_params_trigger_ui' retrieved from /home/airflow/.local/lib/python3.12/site-packages/airflow/example_dags/example_params_trigger_ui.py
[2026-04-29T01:05:37.074+0000] {logging_mixin.py:188} INFO - [2026-04-29T01:05:37.074+0000] {dag.py:3096} INFO - Sync 1 DAGs
[2026-04-29T01:05:37.090+0000] {logging_mixin.py:188} INFO - [2026-04-29T01:05:37.090+0000] {dag.py:3954} INFO - Setting next_dagrun for example_params_trigger_ui to None, run_after=None
[2026-04-29T01:05:37.111+0000] {processor.py:183} INFO - Processing /home/airflow/.local/lib/python3.12/site-packages/airflow/example_dags/example_params_trigger_ui.py took 0.128 seconds
[2026-04-29T01:06:07.516+0000] {processor.py:161} INFO - Started process (PID=999) to work on /home/airflow/.local/lib/python3.12/site-packages/airflow/example_dags/example_params_trigger_ui.py
[2026-04-29T01:06:07.523+0000] {processor.py:830} INFO - Processing file /home/airflow/.local/lib/python3.12/site-packages/airflow/example_dags/example_params_trigger_ui.py for tasks to queue
[2026-04-29T01:06:07.528+0000] {logging_mixin.py:188} INFO - [2026-04-29T01:06:07.525+0000] {dagbag.py:540} INFO - Filling up the DagBag from /home/airflow/.local/lib/python3.12/site-packages/airflow/example_dags/example_params_trigger_ui.py
[2026-04-29T01:06:07.603+0000] {processor.py:840} INFO - DAG(s) 'example_params_trigger_ui' retrieved from /home/airflow/.local/lib/python3.12/site-packages/airflow/example_dags/example_params_trigger_ui.py
[2026-04-29T01:06:07.742+0000] {logging_mixin.py:188} INFO - [2026-04-29T01:06:07.740+0000] {dag.py:3096} INFO - Sync 1 DAGs
[2026-04-29T01:06:07.789+0000] {logging_mixin.py:188} INFO - [2026-04-29T01:06:07.786+0000] {dag.py:3954} INFO - Setting next_dagrun for example_params_trigger_ui to None, run_after=None
[2026-04-29T01:06:07.857+0000] {processor.py:183} INFO - Processing /home/airflow/.local/lib/python3.12/site-packages/airflow/example_dags/example_params_trigger_ui.py took 0.355 seconds
[2026-04-29T01:06:39.791+0000] {processor.py:161} INFO - Started process (PID=1059) to work on /home/airflow/.local/lib/python3.12/site-packages/airflow/example_dags/example_params_trigger_ui.py
[2026-04-29T01:06:39.810+0000] {processor.py:830} INFO - Processing file /home/airflow/.local/lib/python3.12/site-packages/airflow/example_dags/example_params_trigger_ui.py for tasks to queue
[2026-04-29T01:06:39.818+0000] {logging_mixin.py:188} INFO - [2026-04-29T01:06:39.817+0000] {dagbag.py:540} INFO - Filling up the DagBag from /home/airflow/.local/lib/python3.12/site-packages/airflow/example_dags/example_params_trigger_ui.py
[2026-04-29T01:06:39.932+0000] {processor.py:840} INFO - DAG(s) 'example_params_trigger_ui' retrieved from /home/airflow/.local/lib/python3.12/site-packages/airflow/example_dags/example_params_trigger_ui.py
[2026-04-29T01:06:40.295+0000] {logging_mixin.py:188} INFO - [2026-04-29T01:06:40.293+0000] {dag.py:3096} INFO - Sync 1 DAGs
[2026-04-29T01:06:40.387+0000] {logging_mixin.py:188} INFO - [2026-04-29T01:06:40.387+0000] {dag.py:3954} INFO - Setting next_dagrun for example_params_trigger_ui to None, run_after=None
[2026-04-29T01:06:40.446+0000] {processor.py:183} INFO - Processing /home/airflow/.local/lib/python3.12/site-packages/airflow/example_dags/example_params_trigger_ui.py took 0.681 seconds
[2026-04-29T01:07:10.855+0000] {processor.py:161} INFO - Started process (PID=1119) to work on /home/airflow/.local/lib/python3.12/site-packages/airflow/example_dags/example_params_trigger_ui.py
[2026-04-29T01:07:10.858+0000] {processor.py:830} INFO - Processing file /home/airflow/.local/lib/python3.12/site-packages/airflow/example_dags/example_params_trigger_ui.py for tasks to queue
[2026-04-29T01:07:10.862+0000] {logging_mixin.py:188} INFO - [2026-04-29T01:07:10.862+0000] {dagbag.py:540} INFO - Filling up the DagBag from /home/airflow/.local/lib/python3.12/site-packages/airflow/example_dags/example_params_trigger_ui.py
[2026-04-29T01:07:10.897+0000] {processor.py:840} INFO - DAG(s) 'example_params_trigger_ui' retrieved from /home/airflow/.local/lib/python3.12/site-packages/airflow/example_dags/example_params_trigger_ui.py
[2026-04-29T01:07:11.003+0000] {logging_mixin.py:188} INFO - [2026-04-29T01:07:11.003+0000] {dag.py:3096} INFO - Sync 1 DAGs
[2026-04-29T01:07:11.431+0000] {logging_mixin.py:188} INFO - [2026-04-29T01:07:11.431+0000] {dag.py:3954} INFO - Setting next_dagrun for example_params_trigger_ui to None, run_after=None
[2026-04-29T01:07:11.565+0000] {processor.py:183} INFO - Processing /home/airflow/.local/lib/python3.12/site-packages/airflow/example_dags/example_params_trigger_ui.py took 0.724 seconds
[2026-04-29T01:07:42.098+0000] {processor.py:161} INFO - Started process (PID=1178) to work on /home/airflow/.local/lib/python3.12/site-packages/airflow/example_dags/example_params_trigger_ui.py
[2026-04-29T01:07:42.101+0000] {processor.py:830} INFO - Processing file /home/airflow/.local/lib/python3.12/site-packages/airflow/example_dags/example_params_trigger_ui.py for tasks to queue
[2026-04-29T01:07:42.107+0000] {logging_mixin.py:188} INFO - [2026-04-29T01:07:42.106+0000] {dagbag.py:540} INFO - Filling up the DagBag from /home/airflow/.local/lib/python3.12/site-packages/airflow/example_dags/example_params_trigger_ui.py
[2026-04-29T01:07:42.141+0000] {processor.py:840} INFO - DAG(s) 'example_params_trigger_ui' retrieved from /home/airflow/.local/lib/python3.12/site-packages/airflow/example_dags/example_params_trigger_ui.py
[2026-04-29T01:07:42.238+0000] {logging_mixin.py:188} INFO - [2026-04-29T01:07:42.237+0000] {dag.py:3096} INFO - Sync 1 DAGs
[2026-04-29T01:07:42.264+0000] {logging_mixin.py:188} INFO - [2026-04-29T01:07:42.263+0000] {dag.py:3954} INFO - Setting next_dagrun for example_params_trigger_ui to None, run_after=None
[2026-04-29T01:07:42.651+0000] {processor.py:183} INFO - Processing /home/airflow/.local/lib/python3.12/site-packages/airflow/example_dags/example_params_trigger_ui.py took 0.567 seconds
[2026-04-29T01:08:13.466+0000] {processor.py:161} INFO - Started process (PID=1238) to work on /home/airflow/.local/lib/python3.12/site-packages/airflow/example_dags/example_params_trigger_ui.py
[2026-04-29T01:08:13.468+0000] {processor.py:830} INFO - Processing file /home/airflow/.local/lib/python3.12/site-packages/airflow/example_dags/example_params_trigger_ui.py for tasks to queue
[2026-04-29T01:08:13.470+0000] {logging_mixin.py:188} INFO - [2026-04-29T01:08:13.469+0000] {dagbag.py:540} INFO - Filling up the DagBag from /home/airflow/.local/lib/python3.12/site-packages/airflow/example_dags/example_params_trigger_ui.py
[2026-04-29T01:08:13.486+0000] {processor.py:840} INFO - DAG(s) 'example_params_trigger_ui' retrieved from /home/airflow/.local/lib/python3.12/site-packages/airflow/example_dags/example_params_trigger_ui.py
[2026-04-29T01:08:13.545+0000] {logging_mixin.py:188} INFO - [2026-04-29T01:08:13.545+0000] {dag.py:3096} INFO - Sync 1 DAGs
[2026-04-29T01:08:13.563+0000] {logging_mixin.py:188} INFO - [2026-04-29T01:08:13.563+0000] {dag.py:3954} INFO - Setting next_dagrun for example_params_trigger_ui to None, run_after=None
[2026-04-29T01:08:13.585+0000] {processor.py:183} INFO - Processing /home/airflow/.local/lib/python3.12/site-packages/airflow/example_dags/example_params_trigger_ui.py took 0.125 seconds
[2026-04-29T01:08:44.001+0000] {processor.py:161} INFO - Started process (PID=1298) to work on /home/airflow/.local/lib/python3.12/site-packages/airflow/example_dags/example_params_trigger_ui.py
[2026-04-29T01:08:44.082+0000] {processor.py:830} INFO - Processing file /home/airflow/.local/lib/python3.12/site-packages/airflow/example_dags/example_params_trigger_ui.py for tasks to queue
[2026-04-29T01:08:44.105+0000] {logging_mixin.py:188} INFO - [2026-04-29T01:08:44.104+0000] {dagbag.py:540} INFO - Filling up the DagBag from /home/airflow/.local/lib/python3.12/site-packages/airflow/example_dags/example_params_trigger_ui.py
[2026-04-29T01:08:44.151+0000] {processor.py:840} INFO - DAG(s) 'example_params_trigger_ui' retrieved from /home/airflow/.local/lib/python3.12/site-packages/airflow/example_dags/example_params_trigger_ui.py
[2026-04-29T01:08:44.632+0000] {logging_mixin.py:188} INFO - [2026-04-29T01:08:44.632+0000] {dag.py:3096} INFO - Sync 1 DAGs
[2026-04-29T01:08:44.764+0000] {logging_mixin.py:188} INFO - [2026-04-29T01:08:44.751+0000] {dag.py:3954} INFO - Setting next_dagrun for example_params_trigger_ui to None, run_after=None
[2026-04-29T01:08:44.960+0000] {processor.py:183} INFO - Processing /home/airflow/.local/lib/python3.12/site-packages/airflow/example_dags/example_params_trigger_ui.py took 1.000 seconds
[2026-04-29T01:09:15.102+0000] {processor.py:161} INFO - Started process (PID=1358) to work on /home/airflow/.local/lib/python3.12/site-packages/airflow/example_dags/example_params_trigger_ui.py
[2026-04-29T01:09:15.104+0000] {processor.py:830} INFO - Processing file /home/airflow/.local/lib/python3.12/site-packages/airflow/example_dags/example_params_trigger_ui.py for tasks to queue
[2026-04-29T01:09:15.106+0000] {logging_mixin.py:188} INFO - [2026-04-29T01:09:15.106+0000] {dagbag.py:540} INFO - Filling up the DagBag from /home/airflow/.local/lib/python3.12/site-packages/airflow/example_dags/example_params_trigger_ui.py
[2026-04-29T01:09:15.121+0000] {processor.py:840} INFO - DAG(s) 'example_params_trigger_ui' retrieved from /home/airflow/.local/lib/python3.12/site-packages/airflow/example_dags/example_params_trigger_ui.py
[2026-04-29T01:09:15.192+0000] {logging_mixin.py:188} INFO - [2026-04-29T01:09:15.192+0000] {dag.py:3096} INFO - Sync 1 DAGs
[2026-04-29T01:09:15.213+0000] {logging_mixin.py:188} INFO - [2026-04-29T01:09:15.213+0000] {dag.py:3954} INFO - Setting next_dagrun for example_params_trigger_ui to None, run_after=None
[2026-04-29T01:09:15.254+0000] {processor.py:183} INFO - Processing /home/airflow/.local/lib/python3.12/site-packages/airflow/example_dags/example_params_trigger_ui.py took 0.158 seconds
[2026-04-29T01:09:45.765+0000] {processor.py:161} INFO - Started process (PID=1418) to work on /home/airflow/.local/lib/python3.12/site-packages/airflow/example_dags/example_params_trigger_ui.py
[2026-04-29T01:09:45.767+0000] {processor.py:830} INFO - Processing file /home/airflow/.local/lib/python3.12/site-packages/airflow/example_dags/example_params_trigger_ui.py for tasks to queue
[2026-04-29T01:09:45.769+0000] {logging_mixin.py:188} INFO - [2026-04-29T01:09:45.769+0000] {dagbag.py:540} INFO - Filling up the DagBag from /home/airflow/.local/lib/python3.12/site-packages/airflow/example_dags/example_params_trigger_ui.py
[2026-04-29T01:09:45.782+0000] {processor.py:840} INFO - DAG(s) 'example_params_trigger_ui' retrieved from /home/airflow/.local/lib/python3.12/site-packages/airflow/example_dags/example_params_trigger_ui.py
[2026-04-29T01:09:45.821+0000] {logging_mixin.py:188} INFO - [2026-04-29T01:09:45.821+0000] {dag.py:3096} INFO - Sync 1 DAGs
[2026-04-29T01:09:45.831+0000] {logging_mixin.py:188} INFO - [2026-04-29T01:09:45.831+0000] {dag.py:3954} INFO - Setting next_dagrun for example_params_trigger_ui to None, run_after=None
[2026-04-29T01:09:45.847+0000] {processor.py:183} INFO - Processing /home/airflow/.local/lib/python3.12/site-packages/airflow/example_dags/example_params_trigger_ui.py took 0.086 seconds
[2026-04-29T01:10:16.253+0000] {processor.py:161} INFO - Started process (PID=1478) to work on /home/airflow/.local/lib/python3.12/site-packages/airflow/example_dags/example_params_trigger_ui.py
[2026-04-29T01:10:16.256+0000] {processor.py:830} INFO - Processing file /home/airflow/.local/lib/python3.12/site-packages/airflow/example_dags/example_params_trigger_ui.py for tasks to queue
[2026-04-29T01:10:16.259+0000] {logging_mixin.py:188} INFO - [2026-04-29T01:10:16.259+0000] {dagbag.py:540} INFO - Filling up the DagBag from /home/airflow/.local/lib/python3.12/site-packages/airflow/example_dags/example_params_trigger_ui.py
[2026-04-29T01:10:16.306+0000] {processor.py:840} INFO - DAG(s) 'example_params_trigger_ui' retrieved from /home/airflow/.local/lib/python3.12/site-packages/airflow/example_dags/example_params_trigger_ui.py
[2026-04-29T01:10:16.388+0000] {logging_mixin.py:188} INFO - [2026-04-29T01:10:16.388+0000] {dag.py:3096} INFO - Sync 1 DAGs
[2026-04-29T01:10:16.400+0000] {logging_mixin.py:188} INFO - [2026-04-29T01:10:16.400+0000] {dag.py:3954} INFO - Setting next_dagrun for example_params_trigger_ui to None, run_after=None
[2026-04-29T01:10:16.419+0000] {processor.py:183} INFO - Processing /home/airflow/.local/lib/python3.12/site-packages/airflow/example_dags/example_params_trigger_ui.py took 0.175 seconds
[2026-04-29T01:10:47.016+0000] {processor.py:161} INFO - Started process (PID=1538) to work on /home/airflow/.local/lib/python3.12/site-packages/airflow/example_dags/example_params_trigger_ui.py
[2026-04-29T01:10:47.017+0000] {processor.py:830} INFO - Processing file /home/airflow/.local/lib/python3.12/site-packages/airflow/example_dags/example_params_trigger_ui.py for tasks to queue
[2026-04-29T01:10:47.019+0000] {logging_mixin.py:188} INFO - [2026-04-29T01:10:47.018+0000] {dagbag.py:540} INFO - Filling up the DagBag from /home/airflow/.local/lib/python3.12/site-packages/airflow/example_dags/example_params_trigger_ui.py
[2026-04-29T01:10:47.037+0000] {processor.py:840} INFO - DAG(s) 'example_params_trigger_ui' retrieved from /home/airflow/.local/lib/python3.12/site-packages/airflow/example_dags/example_params_trigger_ui.py
[2026-04-29T01:10:47.124+0000] {logging_mixin.py:188} INFO - [2026-04-29T01:10:47.124+0000] {dag.py:3096} INFO - Sync 1 DAGs
[2026-04-29T01:10:47.142+0000] {logging_mixin.py:188} INFO - [2026-04-29T01:10:47.142+0000] {dag.py:3954} INFO - Setting next_dagrun for example_params_trigger_ui to None, run_after=None
[2026-04-29T01:10:47.192+0000] {processor.py:183} INFO - Processing /home/airflow/.local/lib/python3.12/site-packages/airflow/example_dags/example_params_trigger_ui.py took 0.184 seconds
[2026-04-29T01:11:17.449+0000] {processor.py:161} INFO - Started process (PID=1597) to work on /home/airflow/.local/lib/python3.12/site-packages/airflow/example_dags/example_params_trigger_ui.py
[2026-04-29T01:11:17.450+0000] {processor.py:830} INFO - Processing file /home/airflow/.local/lib/python3.12/site-packages/airflow/example_dags/example_params_trigger_ui.py for tasks to queue
[2026-04-29T01:11:17.452+0000] {logging_mixin.py:188} INFO - [2026-04-29T01:11:17.452+0000] {dagbag.py:540} INFO - Filling up the DagBag from /home/airflow/.local/lib/python3.12/site-packages/airflow/example_dags/example_params_trigger_ui.py
[2026-04-29T01:11:17.468+0000] {processor.py:840} INFO - DAG(s) 'example_params_trigger_ui' retrieved from /home/airflow/.local/lib/python3.12/site-packages/airflow/example_dags/example_params_trigger_ui.py
[2026-04-29T01:11:17.539+0000] {logging_mixin.py:188} INFO - [2026-04-29T01:11:17.539+0000] {dag.py:3096} INFO - Sync 1 DAGs
[2026-04-29T01:11:17.560+0000] {logging_mixin.py:188} INFO - [2026-04-29T01:11:17.559+0000] {dag.py:3954} INFO - Setting next_dagrun for example_params_trigger_ui to None, run_after=None
[2026-04-29T01:11:17.597+0000] {processor.py:183} INFO - Processing /home/airflow/.local/lib/python3.12/site-packages/airflow/example_dags/example_params_trigger_ui.py took 0.155 seconds
