[2026-04-29T00:55:00.474+0000] {processor.py:161} INFO - Started process (PID=89) to work on /home/airflow/.local/lib/python3.12/site-packages/airflow/example_dags/example_python_operator.py
[2026-04-29T00:55:00.475+0000] {processor.py:830} INFO - Processing file /home/airflow/.local/lib/python3.12/site-packages/airflow/example_dags/example_python_operator.py for tasks to queue
[2026-04-29T00:55:00.479+0000] {logging_mixin.py:188} INFO - [2026-04-29T00:55:00.479+0000] {dagbag.py:540} INFO - Filling up the DagBag from /home/airflow/.local/lib/python3.12/site-packages/airflow/example_dags/example_python_operator.py
[2026-04-29T00:55:00.511+0000] {processor.py:840} INFO - DAG(s) 'example_python_operator' retrieved from /home/airflow/.local/lib/python3.12/site-packages/airflow/example_dags/example_python_operator.py
[2026-04-29T00:55:00.729+0000] {logging_mixin.py:188} INFO - [2026-04-29T00:55:00.729+0000] {dag.py:3096} INFO - Sync 1 DAGs
[2026-04-29T00:55:00.755+0000] {logging_mixin.py:188} INFO - [2026-04-29T00:55:00.754+0000] {dag.py:3954} INFO - Setting next_dagrun for example_python_operator to None, run_after=None
[2026-04-29T00:55:00.787+0000] {processor.py:183} INFO - Processing /home/airflow/.local/lib/python3.12/site-packages/airflow/example_dags/example_python_operator.py took 0.329 seconds
[2026-04-29T00:58:24.938+0000] {processor.py:161} INFO - Started process (PID=97) to work on /home/airflow/.local/lib/python3.12/site-packages/airflow/example_dags/example_python_operator.py
[2026-04-29T00:58:24.940+0000] {processor.py:830} INFO - Processing file /home/airflow/.local/lib/python3.12/site-packages/airflow/example_dags/example_python_operator.py for tasks to queue
[2026-04-29T00:58:24.942+0000] {logging_mixin.py:188} INFO - [2026-04-29T00:58:24.942+0000] {dagbag.py:540} INFO - Filling up the DagBag from /home/airflow/.local/lib/python3.12/site-packages/airflow/example_dags/example_python_operator.py
[2026-04-29T00:58:24.957+0000] {processor.py:840} INFO - DAG(s) 'example_python_operator' retrieved from /home/airflow/.local/lib/python3.12/site-packages/airflow/example_dags/example_python_operator.py
[2026-04-29T00:58:25.134+0000] {logging_mixin.py:188} INFO - [2026-04-29T00:58:25.133+0000] {override.py:1829} INFO - Created Permission View: can edit on DAG:example_python_operator
[2026-04-29T00:58:25.147+0000] {logging_mixin.py:188} INFO - [2026-04-29T00:58:25.146+0000] {override.py:1829} INFO - Created Permission View: can delete on DAG:example_python_operator
[2026-04-29T00:58:25.153+0000] {logging_mixin.py:188} INFO - [2026-04-29T00:58:25.153+0000] {override.py:1829} INFO - Created Permission View: can read on DAG:example_python_operator
[2026-04-29T00:58:25.154+0000] {logging_mixin.py:188} INFO - [2026-04-29T00:58:25.154+0000] {dag.py:3096} INFO - Sync 1 DAGs
[2026-04-29T00:58:25.169+0000] {logging_mixin.py:188} INFO - [2026-04-29T00:58:25.169+0000] {dag.py:3118} INFO - Creating ORM DAG for example_python_operator
[2026-04-29T00:58:25.170+0000] {logging_mixin.py:188} INFO - [2026-04-29T00:58:25.170+0000] {dag.py:3954} INFO - Setting next_dagrun for example_python_operator to None, run_after=None
[2026-04-29T00:58:25.190+0000] {processor.py:183} INFO - Processing /home/airflow/.local/lib/python3.12/site-packages/airflow/example_dags/example_python_operator.py took 0.261 seconds
[2026-04-29T00:58:55.569+0000] {processor.py:161} INFO - Started process (PID=157) to work on /home/airflow/.local/lib/python3.12/site-packages/airflow/example_dags/example_python_operator.py
[2026-04-29T00:58:55.574+0000] {processor.py:830} INFO - Processing file /home/airflow/.local/lib/python3.12/site-packages/airflow/example_dags/example_python_operator.py for tasks to queue
[2026-04-29T00:58:55.579+0000] {logging_mixin.py:188} INFO - [2026-04-29T00:58:55.579+0000] {dagbag.py:540} INFO - Filling up the DagBag from /home/airflow/.local/lib/python3.12/site-packages/airflow/example_dags/example_python_operator.py
[2026-04-29T00:58:55.600+0000] {processor.py:840} INFO - DAG(s) 'example_python_operator' retrieved from /home/airflow/.local/lib/python3.12/site-packages/airflow/example_dags/example_python_operator.py
[2026-04-29T00:58:55.620+0000] {logging_mixin.py:188} INFO - [2026-04-29T00:58:55.620+0000] {dag.py:3096} INFO - Sync 1 DAGs
[2026-04-29T00:58:55.632+0000] {logging_mixin.py:188} INFO - [2026-04-29T00:58:55.632+0000] {dag.py:3954} INFO - Setting next_dagrun for example_python_operator to None, run_after=None
[2026-04-29T00:58:55.648+0000] {processor.py:183} INFO - Processing /home/airflow/.local/lib/python3.12/site-packages/airflow/example_dags/example_python_operator.py took 0.087 seconds
[2026-04-29T00:59:26.688+0000] {processor.py:161} INFO - Started process (PID=217) to work on /home/airflow/.local/lib/python3.12/site-packages/airflow/example_dags/example_python_operator.py
[2026-04-29T00:59:26.689+0000] {processor.py:830} INFO - Processing file /home/airflow/.local/lib/python3.12/site-packages/airflow/example_dags/example_python_operator.py for tasks to queue
[2026-04-29T00:59:26.692+0000] {logging_mixin.py:188} INFO - [2026-04-29T00:59:26.691+0000] {dagbag.py:540} INFO - Filling up the DagBag from /home/airflow/.local/lib/python3.12/site-packages/airflow/example_dags/example_python_operator.py
[2026-04-29T00:59:26.711+0000] {processor.py:840} INFO - DAG(s) 'example_python_operator' retrieved from /home/airflow/.local/lib/python3.12/site-packages/airflow/example_dags/example_python_operator.py
[2026-04-29T00:59:26.739+0000] {logging_mixin.py:188} INFO - [2026-04-29T00:59:26.738+0000] {dag.py:3096} INFO - Sync 1 DAGs
[2026-04-29T00:59:26.754+0000] {logging_mixin.py:188} INFO - [2026-04-29T00:59:26.754+0000] {dag.py:3954} INFO - Setting next_dagrun for example_python_operator to None, run_after=None
[2026-04-29T00:59:26.776+0000] {processor.py:183} INFO - Processing /home/airflow/.local/lib/python3.12/site-packages/airflow/example_dags/example_python_operator.py took 0.097 seconds
[2026-04-29T00:59:57.900+0000] {processor.py:161} INFO - Started process (PID=276) to work on /home/airflow/.local/lib/python3.12/site-packages/airflow/example_dags/example_python_operator.py
[2026-04-29T00:59:57.901+0000] {processor.py:830} INFO - Processing file /home/airflow/.local/lib/python3.12/site-packages/airflow/example_dags/example_python_operator.py for tasks to queue
[2026-04-29T00:59:57.903+0000] {logging_mixin.py:188} INFO - [2026-04-29T00:59:57.903+0000] {dagbag.py:540} INFO - Filling up the DagBag from /home/airflow/.local/lib/python3.12/site-packages/airflow/example_dags/example_python_operator.py
[2026-04-29T00:59:57.917+0000] {processor.py:840} INFO - DAG(s) 'example_python_operator' retrieved from /home/airflow/.local/lib/python3.12/site-packages/airflow/example_dags/example_python_operator.py
[2026-04-29T00:59:57.945+0000] {logging_mixin.py:188} INFO - [2026-04-29T00:59:57.944+0000] {dag.py:3096} INFO - Sync 1 DAGs
[2026-04-29T00:59:57.962+0000] {logging_mixin.py:188} INFO - [2026-04-29T00:59:57.961+0000] {dag.py:3954} INFO - Setting next_dagrun for example_python_operator to None, run_after=None
[2026-04-29T00:59:57.983+0000] {processor.py:183} INFO - Processing /home/airflow/.local/lib/python3.12/site-packages/airflow/example_dags/example_python_operator.py took 0.095 seconds
[2026-04-29T01:00:28.780+0000] {processor.py:161} INFO - Started process (PID=335) to work on /home/airflow/.local/lib/python3.12/site-packages/airflow/example_dags/example_python_operator.py
[2026-04-29T01:00:28.782+0000] {processor.py:830} INFO - Processing file /home/airflow/.local/lib/python3.12/site-packages/airflow/example_dags/example_python_operator.py for tasks to queue
[2026-04-29T01:00:28.789+0000] {logging_mixin.py:188} INFO - [2026-04-29T01:00:28.788+0000] {dagbag.py:540} INFO - Filling up the DagBag from /home/airflow/.local/lib/python3.12/site-packages/airflow/example_dags/example_python_operator.py
[2026-04-29T01:00:28.822+0000] {processor.py:840} INFO - DAG(s) 'example_python_operator' retrieved from /home/airflow/.local/lib/python3.12/site-packages/airflow/example_dags/example_python_operator.py
[2026-04-29T01:00:28.907+0000] {logging_mixin.py:188} INFO - [2026-04-29T01:00:28.892+0000] {dag.py:3096} INFO - Sync 1 DAGs
[2026-04-29T01:00:28.968+0000] {logging_mixin.py:188} INFO - [2026-04-29T01:00:28.968+0000] {dag.py:3954} INFO - Setting next_dagrun for example_python_operator to None, run_after=None
[2026-04-29T01:00:29.125+0000] {processor.py:183} INFO - Processing /home/airflow/.local/lib/python3.12/site-packages/airflow/example_dags/example_python_operator.py took 0.364 seconds
[2026-04-29T01:00:59.275+0000] {processor.py:161} INFO - Started process (PID=396) to work on /home/airflow/.local/lib/python3.12/site-packages/airflow/example_dags/example_python_operator.py
[2026-04-29T01:00:59.277+0000] {processor.py:830} INFO - Processing file /home/airflow/.local/lib/python3.12/site-packages/airflow/example_dags/example_python_operator.py for tasks to queue
[2026-04-29T01:00:59.279+0000] {logging_mixin.py:188} INFO - [2026-04-29T01:00:59.279+0000] {dagbag.py:540} INFO - Filling up the DagBag from /home/airflow/.local/lib/python3.12/site-packages/airflow/example_dags/example_python_operator.py
[2026-04-29T01:00:59.293+0000] {processor.py:840} INFO - DAG(s) 'example_python_operator' retrieved from /home/airflow/.local/lib/python3.12/site-packages/airflow/example_dags/example_python_operator.py
[2026-04-29T01:00:59.323+0000] {logging_mixin.py:188} INFO - [2026-04-29T01:00:59.323+0000] {dag.py:3096} INFO - Sync 1 DAGs
[2026-04-29T01:00:59.340+0000] {logging_mixin.py:188} INFO - [2026-04-29T01:00:59.340+0000] {dag.py:3954} INFO - Setting next_dagrun for example_python_operator to None, run_after=None
[2026-04-29T01:00:59.364+0000] {processor.py:183} INFO - Processing /home/airflow/.local/lib/python3.12/site-packages/airflow/example_dags/example_python_operator.py took 0.096 seconds
[2026-04-29T01:01:31.516+0000] {processor.py:161} INFO - Started process (PID=461) to work on /home/airflow/.local/lib/python3.12/site-packages/airflow/example_dags/example_python_operator.py
[2026-04-29T01:01:31.519+0000] {processor.py:830} INFO - Processing file /home/airflow/.local/lib/python3.12/site-packages/airflow/example_dags/example_python_operator.py for tasks to queue
[2026-04-29T01:01:31.524+0000] {logging_mixin.py:188} INFO - [2026-04-29T01:01:31.523+0000] {dagbag.py:540} INFO - Filling up the DagBag from /home/airflow/.local/lib/python3.12/site-packages/airflow/example_dags/example_python_operator.py
[2026-04-29T01:01:31.563+0000] {processor.py:840} INFO - DAG(s) 'example_python_operator' retrieved from /home/airflow/.local/lib/python3.12/site-packages/airflow/example_dags/example_python_operator.py
[2026-04-29T01:01:31.618+0000] {logging_mixin.py:188} INFO - [2026-04-29T01:01:31.618+0000] {dag.py:3096} INFO - Sync 1 DAGs
[2026-04-29T01:01:31.640+0000] {logging_mixin.py:188} INFO - [2026-04-29T01:01:31.640+0000] {dag.py:3954} INFO - Setting next_dagrun for example_python_operator to None, run_after=None
[2026-04-29T01:01:31.678+0000] {processor.py:183} INFO - Processing /home/airflow/.local/lib/python3.12/site-packages/airflow/example_dags/example_python_operator.py took 0.175 seconds
[2026-04-29T01:02:02.250+0000] {processor.py:161} INFO - Started process (PID=520) to work on /home/airflow/.local/lib/python3.12/site-packages/airflow/example_dags/example_python_operator.py
[2026-04-29T01:02:02.251+0000] {processor.py:830} INFO - Processing file /home/airflow/.local/lib/python3.12/site-packages/airflow/example_dags/example_python_operator.py for tasks to queue
[2026-04-29T01:02:02.253+0000] {logging_mixin.py:188} INFO - [2026-04-29T01:02:02.253+0000] {dagbag.py:540} INFO - Filling up the DagBag from /home/airflow/.local/lib/python3.12/site-packages/airflow/example_dags/example_python_operator.py
[2026-04-29T01:02:02.268+0000] {processor.py:840} INFO - DAG(s) 'example_python_operator' retrieved from /home/airflow/.local/lib/python3.12/site-packages/airflow/example_dags/example_python_operator.py
[2026-04-29T01:02:02.316+0000] {logging_mixin.py:188} INFO - [2026-04-29T01:02:02.316+0000] {dag.py:3096} INFO - Sync 1 DAGs
[2026-04-29T01:02:02.337+0000] {logging_mixin.py:188} INFO - [2026-04-29T01:02:02.337+0000] {dag.py:3954} INFO - Setting next_dagrun for example_python_operator to None, run_after=None
[2026-04-29T01:02:02.368+0000] {processor.py:183} INFO - Processing /home/airflow/.local/lib/python3.12/site-packages/airflow/example_dags/example_python_operator.py took 0.126 seconds
[2026-04-29T01:02:33.285+0000] {processor.py:161} INFO - Started process (PID=579) to work on /home/airflow/.local/lib/python3.12/site-packages/airflow/example_dags/example_python_operator.py
[2026-04-29T01:02:33.286+0000] {processor.py:830} INFO - Processing file /home/airflow/.local/lib/python3.12/site-packages/airflow/example_dags/example_python_operator.py for tasks to queue
[2026-04-29T01:02:33.288+0000] {logging_mixin.py:188} INFO - [2026-04-29T01:02:33.288+0000] {dagbag.py:540} INFO - Filling up the DagBag from /home/airflow/.local/lib/python3.12/site-packages/airflow/example_dags/example_python_operator.py
[2026-04-29T01:02:33.302+0000] {processor.py:840} INFO - DAG(s) 'example_python_operator' retrieved from /home/airflow/.local/lib/python3.12/site-packages/airflow/example_dags/example_python_operator.py
[2026-04-29T01:02:33.332+0000] {logging_mixin.py:188} INFO - [2026-04-29T01:02:33.332+0000] {dag.py:3096} INFO - Sync 1 DAGs
[2026-04-29T01:02:33.351+0000] {logging_mixin.py:188} INFO - [2026-04-29T01:02:33.351+0000] {dag.py:3954} INFO - Setting next_dagrun for example_python_operator to None, run_after=None
[2026-04-29T01:02:33.390+0000] {processor.py:183} INFO - Processing /home/airflow/.local/lib/python3.12/site-packages/airflow/example_dags/example_python_operator.py took 0.112 seconds
[2026-04-29T01:03:04.161+0000] {processor.py:161} INFO - Started process (PID=640) to work on /home/airflow/.local/lib/python3.12/site-packages/airflow/example_dags/example_python_operator.py
[2026-04-29T01:03:04.162+0000] {processor.py:830} INFO - Processing file /home/airflow/.local/lib/python3.12/site-packages/airflow/example_dags/example_python_operator.py for tasks to queue
[2026-04-29T01:03:04.164+0000] {logging_mixin.py:188} INFO - [2026-04-29T01:03:04.164+0000] {dagbag.py:540} INFO - Filling up the DagBag from /home/airflow/.local/lib/python3.12/site-packages/airflow/example_dags/example_python_operator.py
[2026-04-29T01:03:04.178+0000] {processor.py:840} INFO - DAG(s) 'example_python_operator' retrieved from /home/airflow/.local/lib/python3.12/site-packages/airflow/example_dags/example_python_operator.py
[2026-04-29T01:03:04.207+0000] {logging_mixin.py:188} INFO - [2026-04-29T01:03:04.206+0000] {dag.py:3096} INFO - Sync 1 DAGs
[2026-04-29T01:03:04.226+0000] {logging_mixin.py:188} INFO - [2026-04-29T01:03:04.226+0000] {dag.py:3954} INFO - Setting next_dagrun for example_python_operator to None, run_after=None
[2026-04-29T01:03:04.252+0000] {processor.py:183} INFO - Processing /home/airflow/.local/lib/python3.12/site-packages/airflow/example_dags/example_python_operator.py took 0.098 seconds
[2026-04-29T01:03:35.053+0000] {processor.py:161} INFO - Started process (PID=700) to work on /home/airflow/.local/lib/python3.12/site-packages/airflow/example_dags/example_python_operator.py
[2026-04-29T01:03:35.056+0000] {processor.py:830} INFO - Processing file /home/airflow/.local/lib/python3.12/site-packages/airflow/example_dags/example_python_operator.py for tasks to queue
[2026-04-29T01:03:35.061+0000] {logging_mixin.py:188} INFO - [2026-04-29T01:03:35.061+0000] {dagbag.py:540} INFO - Filling up the DagBag from /home/airflow/.local/lib/python3.12/site-packages/airflow/example_dags/example_python_operator.py
[2026-04-29T01:03:35.081+0000] {processor.py:840} INFO - DAG(s) 'example_python_operator' retrieved from /home/airflow/.local/lib/python3.12/site-packages/airflow/example_dags/example_python_operator.py
[2026-04-29T01:03:35.124+0000] {logging_mixin.py:188} INFO - [2026-04-29T01:03:35.124+0000] {dag.py:3096} INFO - Sync 1 DAGs
[2026-04-29T01:03:35.139+0000] {logging_mixin.py:188} INFO - [2026-04-29T01:03:35.138+0000] {dag.py:3954} INFO - Setting next_dagrun for example_python_operator to None, run_after=None
[2026-04-29T01:03:35.160+0000] {processor.py:183} INFO - Processing /home/airflow/.local/lib/python3.12/site-packages/airflow/example_dags/example_python_operator.py took 0.125 seconds
[2026-04-29T01:04:05.935+0000] {processor.py:161} INFO - Started process (PID=760) to work on /home/airflow/.local/lib/python3.12/site-packages/airflow/example_dags/example_python_operator.py
[2026-04-29T01:04:05.940+0000] {processor.py:830} INFO - Processing file /home/airflow/.local/lib/python3.12/site-packages/airflow/example_dags/example_python_operator.py for tasks to queue
[2026-04-29T01:04:05.946+0000] {logging_mixin.py:188} INFO - [2026-04-29T01:04:05.945+0000] {dagbag.py:540} INFO - Filling up the DagBag from /home/airflow/.local/lib/python3.12/site-packages/airflow/example_dags/example_python_operator.py
[2026-04-29T01:04:05.978+0000] {processor.py:840} INFO - DAG(s) 'example_python_operator' retrieved from /home/airflow/.local/lib/python3.12/site-packages/airflow/example_dags/example_python_operator.py
[2026-04-29T01:04:06.088+0000] {logging_mixin.py:188} INFO - [2026-04-29T01:04:06.087+0000] {dag.py:3096} INFO - Sync 1 DAGs
[2026-04-29T01:04:06.112+0000] {logging_mixin.py:188} INFO - [2026-04-29T01:04:06.112+0000] {dag.py:3954} INFO - Setting next_dagrun for example_python_operator to None, run_after=None
[2026-04-29T01:04:06.163+0000] {processor.py:183} INFO - Processing /home/airflow/.local/lib/python3.12/site-packages/airflow/example_dags/example_python_operator.py took 0.247 seconds
[2026-04-29T01:04:36.863+0000] {processor.py:161} INFO - Started process (PID=820) to work on /home/airflow/.local/lib/python3.12/site-packages/airflow/example_dags/example_python_operator.py
[2026-04-29T01:04:36.870+0000] {processor.py:830} INFO - Processing file /home/airflow/.local/lib/python3.12/site-packages/airflow/example_dags/example_python_operator.py for tasks to queue
[2026-04-29T01:04:36.879+0000] {logging_mixin.py:188} INFO - [2026-04-29T01:04:36.878+0000] {dagbag.py:540} INFO - Filling up the DagBag from /home/airflow/.local/lib/python3.12/site-packages/airflow/example_dags/example_python_operator.py
[2026-04-29T01:04:36.932+0000] {processor.py:840} INFO - DAG(s) 'example_python_operator' retrieved from /home/airflow/.local/lib/python3.12/site-packages/airflow/example_dags/example_python_operator.py
[2026-04-29T01:04:37.045+0000] {logging_mixin.py:188} INFO - [2026-04-29T01:04:37.044+0000] {dag.py:3096} INFO - Sync 1 DAGs
[2026-04-29T01:04:37.068+0000] {logging_mixin.py:188} INFO - [2026-04-29T01:04:37.067+0000] {dag.py:3954} INFO - Setting next_dagrun for example_python_operator to None, run_after=None
[2026-04-29T01:04:37.100+0000] {processor.py:183} INFO - Processing /home/airflow/.local/lib/python3.12/site-packages/airflow/example_dags/example_python_operator.py took 0.272 seconds
[2026-04-29T01:05:07.569+0000] {processor.py:161} INFO - Started process (PID=883) to work on /home/airflow/.local/lib/python3.12/site-packages/airflow/example_dags/example_python_operator.py
[2026-04-29T01:05:07.575+0000] {processor.py:830} INFO - Processing file /home/airflow/.local/lib/python3.12/site-packages/airflow/example_dags/example_python_operator.py for tasks to queue
[2026-04-29T01:05:07.583+0000] {logging_mixin.py:188} INFO - [2026-04-29T01:05:07.583+0000] {dagbag.py:540} INFO - Filling up the DagBag from /home/airflow/.local/lib/python3.12/site-packages/airflow/example_dags/example_python_operator.py
[2026-04-29T01:05:07.619+0000] {processor.py:840} INFO - DAG(s) 'example_python_operator' retrieved from /home/airflow/.local/lib/python3.12/site-packages/airflow/example_dags/example_python_operator.py
[2026-04-29T01:05:07.703+0000] {logging_mixin.py:188} INFO - [2026-04-29T01:05:07.702+0000] {dag.py:3096} INFO - Sync 1 DAGs
[2026-04-29T01:05:07.751+0000] {logging_mixin.py:188} INFO - [2026-04-29T01:05:07.750+0000] {dag.py:3954} INFO - Setting next_dagrun for example_python_operator to None, run_after=None
[2026-04-29T01:05:07.827+0000] {processor.py:183} INFO - Processing /home/airflow/.local/lib/python3.12/site-packages/airflow/example_dags/example_python_operator.py took 0.279 seconds
[2026-04-29T01:05:38.301+0000] {processor.py:161} INFO - Started process (PID=943) to work on /home/airflow/.local/lib/python3.12/site-packages/airflow/example_dags/example_python_operator.py
[2026-04-29T01:05:38.303+0000] {processor.py:830} INFO - Processing file /home/airflow/.local/lib/python3.12/site-packages/airflow/example_dags/example_python_operator.py for tasks to queue
[2026-04-29T01:05:38.307+0000] {logging_mixin.py:188} INFO - [2026-04-29T01:05:38.306+0000] {dagbag.py:540} INFO - Filling up the DagBag from /home/airflow/.local/lib/python3.12/site-packages/airflow/example_dags/example_python_operator.py
[2026-04-29T01:05:38.378+0000] {processor.py:840} INFO - DAG(s) 'example_python_operator' retrieved from /home/airflow/.local/lib/python3.12/site-packages/airflow/example_dags/example_python_operator.py
[2026-04-29T01:05:38.421+0000] {logging_mixin.py:188} INFO - [2026-04-29T01:05:38.421+0000] {dag.py:3096} INFO - Sync 1 DAGs
[2026-04-29T01:05:38.437+0000] {logging_mixin.py:188} INFO - [2026-04-29T01:05:38.436+0000] {dag.py:3954} INFO - Setting next_dagrun for example_python_operator to None, run_after=None
[2026-04-29T01:05:38.463+0000] {processor.py:183} INFO - Processing /home/airflow/.local/lib/python3.12/site-packages/airflow/example_dags/example_python_operator.py took 0.181 seconds
[2026-04-29T01:06:08.859+0000] {processor.py:161} INFO - Started process (PID=1002) to work on /home/airflow/.local/lib/python3.12/site-packages/airflow/example_dags/example_python_operator.py
[2026-04-29T01:06:08.875+0000] {processor.py:830} INFO - Processing file /home/airflow/.local/lib/python3.12/site-packages/airflow/example_dags/example_python_operator.py for tasks to queue
[2026-04-29T01:06:08.897+0000] {logging_mixin.py:188} INFO - [2026-04-29T01:06:08.897+0000] {dagbag.py:540} INFO - Filling up the DagBag from /home/airflow/.local/lib/python3.12/site-packages/airflow/example_dags/example_python_operator.py
[2026-04-29T01:06:09.010+0000] {processor.py:840} INFO - DAG(s) 'example_python_operator' retrieved from /home/airflow/.local/lib/python3.12/site-packages/airflow/example_dags/example_python_operator.py
[2026-04-29T01:06:09.114+0000] {logging_mixin.py:188} INFO - [2026-04-29T01:06:09.113+0000] {dag.py:3096} INFO - Sync 1 DAGs
[2026-04-29T01:06:09.157+0000] {logging_mixin.py:188} INFO - [2026-04-29T01:06:09.154+0000] {dag.py:3954} INFO - Setting next_dagrun for example_python_operator to None, run_after=None
[2026-04-29T01:06:09.232+0000] {processor.py:183} INFO - Processing /home/airflow/.local/lib/python3.12/site-packages/airflow/example_dags/example_python_operator.py took 0.412 seconds
[2026-04-29T01:06:40.922+0000] {processor.py:161} INFO - Started process (PID=1062) to work on /home/airflow/.local/lib/python3.12/site-packages/airflow/example_dags/example_python_operator.py
[2026-04-29T01:06:40.927+0000] {processor.py:830} INFO - Processing file /home/airflow/.local/lib/python3.12/site-packages/airflow/example_dags/example_python_operator.py for tasks to queue
[2026-04-29T01:06:40.931+0000] {logging_mixin.py:188} INFO - [2026-04-29T01:06:40.931+0000] {dagbag.py:540} INFO - Filling up the DagBag from /home/airflow/.local/lib/python3.12/site-packages/airflow/example_dags/example_python_operator.py
[2026-04-29T01:06:40.972+0000] {processor.py:840} INFO - DAG(s) 'example_python_operator' retrieved from /home/airflow/.local/lib/python3.12/site-packages/airflow/example_dags/example_python_operator.py
[2026-04-29T01:06:41.057+0000] {logging_mixin.py:188} INFO - [2026-04-29T01:06:41.052+0000] {dag.py:3096} INFO - Sync 1 DAGs
[2026-04-29T01:06:41.097+0000] {logging_mixin.py:188} INFO - [2026-04-29T01:06:41.096+0000] {dag.py:3954} INFO - Setting next_dagrun for example_python_operator to None, run_after=None
[2026-04-29T01:06:41.199+0000] {processor.py:183} INFO - Processing /home/airflow/.local/lib/python3.12/site-packages/airflow/example_dags/example_python_operator.py took 0.298 seconds
[2026-04-29T01:07:12.244+0000] {processor.py:161} INFO - Started process (PID=1123) to work on /home/airflow/.local/lib/python3.12/site-packages/airflow/example_dags/example_python_operator.py
[2026-04-29T01:07:12.246+0000] {processor.py:830} INFO - Processing file /home/airflow/.local/lib/python3.12/site-packages/airflow/example_dags/example_python_operator.py for tasks to queue
[2026-04-29T01:07:12.248+0000] {logging_mixin.py:188} INFO - [2026-04-29T01:07:12.247+0000] {dagbag.py:540} INFO - Filling up the DagBag from /home/airflow/.local/lib/python3.12/site-packages/airflow/example_dags/example_python_operator.py
[2026-04-29T01:07:12.261+0000] {processor.py:840} INFO - DAG(s) 'example_python_operator' retrieved from /home/airflow/.local/lib/python3.12/site-packages/airflow/example_dags/example_python_operator.py
[2026-04-29T01:07:12.289+0000] {logging_mixin.py:188} INFO - [2026-04-29T01:07:12.288+0000] {dag.py:3096} INFO - Sync 1 DAGs
[2026-04-29T01:07:12.505+0000] {logging_mixin.py:188} INFO - [2026-04-29T01:07:12.504+0000] {dag.py:3954} INFO - Setting next_dagrun for example_python_operator to None, run_after=None
[2026-04-29T01:07:12.530+0000] {processor.py:183} INFO - Processing /home/airflow/.local/lib/python3.12/site-packages/airflow/example_dags/example_python_operator.py took 0.293 seconds
[2026-04-29T01:07:43.335+0000] {processor.py:161} INFO - Started process (PID=1182) to work on /home/airflow/.local/lib/python3.12/site-packages/airflow/example_dags/example_python_operator.py
[2026-04-29T01:07:43.341+0000] {processor.py:830} INFO - Processing file /home/airflow/.local/lib/python3.12/site-packages/airflow/example_dags/example_python_operator.py for tasks to queue
[2026-04-29T01:07:43.348+0000] {logging_mixin.py:188} INFO - [2026-04-29T01:07:43.348+0000] {dagbag.py:540} INFO - Filling up the DagBag from /home/airflow/.local/lib/python3.12/site-packages/airflow/example_dags/example_python_operator.py
[2026-04-29T01:07:43.388+0000] {processor.py:840} INFO - DAG(s) 'example_python_operator' retrieved from /home/airflow/.local/lib/python3.12/site-packages/airflow/example_dags/example_python_operator.py
[2026-04-29T01:07:43.449+0000] {logging_mixin.py:188} INFO - [2026-04-29T01:07:43.448+0000] {dag.py:3096} INFO - Sync 1 DAGs
[2026-04-29T01:07:43.480+0000] {logging_mixin.py:188} INFO - [2026-04-29T01:07:43.480+0000] {dag.py:3954} INFO - Setting next_dagrun for example_python_operator to None, run_after=None
[2026-04-29T01:07:43.855+0000] {processor.py:183} INFO - Processing /home/airflow/.local/lib/python3.12/site-packages/airflow/example_dags/example_python_operator.py took 0.547 seconds
[2026-04-29T01:08:14.710+0000] {processor.py:161} INFO - Started process (PID=1242) to work on /home/airflow/.local/lib/python3.12/site-packages/airflow/example_dags/example_python_operator.py
[2026-04-29T01:08:14.711+0000] {processor.py:830} INFO - Processing file /home/airflow/.local/lib/python3.12/site-packages/airflow/example_dags/example_python_operator.py for tasks to queue
[2026-04-29T01:08:14.714+0000] {logging_mixin.py:188} INFO - [2026-04-29T01:08:14.713+0000] {dagbag.py:540} INFO - Filling up the DagBag from /home/airflow/.local/lib/python3.12/site-packages/airflow/example_dags/example_python_operator.py
[2026-04-29T01:08:14.727+0000] {processor.py:840} INFO - DAG(s) 'example_python_operator' retrieved from /home/airflow/.local/lib/python3.12/site-packages/airflow/example_dags/example_python_operator.py
[2026-04-29T01:08:14.772+0000] {logging_mixin.py:188} INFO - [2026-04-29T01:08:14.771+0000] {dag.py:3096} INFO - Sync 1 DAGs
[2026-04-29T01:08:14.790+0000] {logging_mixin.py:188} INFO - [2026-04-29T01:08:14.790+0000] {dag.py:3954} INFO - Setting next_dagrun for example_python_operator to None, run_after=None
[2026-04-29T01:08:14.810+0000] {processor.py:183} INFO - Processing /home/airflow/.local/lib/python3.12/site-packages/airflow/example_dags/example_python_operator.py took 0.108 seconds
[2026-04-29T01:08:46.112+0000] {processor.py:161} INFO - Started process (PID=1302) to work on /home/airflow/.local/lib/python3.12/site-packages/airflow/example_dags/example_python_operator.py
[2026-04-29T01:08:46.117+0000] {processor.py:830} INFO - Processing file /home/airflow/.local/lib/python3.12/site-packages/airflow/example_dags/example_python_operator.py for tasks to queue
[2026-04-29T01:08:46.133+0000] {logging_mixin.py:188} INFO - [2026-04-29T01:08:46.132+0000] {dagbag.py:540} INFO - Filling up the DagBag from /home/airflow/.local/lib/python3.12/site-packages/airflow/example_dags/example_python_operator.py
[2026-04-29T01:08:46.257+0000] {processor.py:840} INFO - DAG(s) 'example_python_operator' retrieved from /home/airflow/.local/lib/python3.12/site-packages/airflow/example_dags/example_python_operator.py
[2026-04-29T01:08:46.497+0000] {logging_mixin.py:188} INFO - [2026-04-29T01:08:46.491+0000] {dag.py:3096} INFO - Sync 1 DAGs
[2026-04-29T01:08:46.556+0000] {logging_mixin.py:188} INFO - [2026-04-29T01:08:46.556+0000] {dag.py:3954} INFO - Setting next_dagrun for example_python_operator to None, run_after=None
[2026-04-29T01:08:46.657+0000] {processor.py:183} INFO - Processing /home/airflow/.local/lib/python3.12/site-packages/airflow/example_dags/example_python_operator.py took 0.558 seconds
[2026-04-29T01:09:17.528+0000] {processor.py:161} INFO - Started process (PID=1362) to work on /home/airflow/.local/lib/python3.12/site-packages/airflow/example_dags/example_python_operator.py
[2026-04-29T01:09:17.564+0000] {processor.py:830} INFO - Processing file /home/airflow/.local/lib/python3.12/site-packages/airflow/example_dags/example_python_operator.py for tasks to queue
[2026-04-29T01:09:17.576+0000] {logging_mixin.py:188} INFO - [2026-04-29T01:09:17.568+0000] {dagbag.py:540} INFO - Filling up the DagBag from /home/airflow/.local/lib/python3.12/site-packages/airflow/example_dags/example_python_operator.py
[2026-04-29T01:09:17.656+0000] {processor.py:840} INFO - DAG(s) 'example_python_operator' retrieved from /home/airflow/.local/lib/python3.12/site-packages/airflow/example_dags/example_python_operator.py
[2026-04-29T01:09:17.863+0000] {logging_mixin.py:188} INFO - [2026-04-29T01:09:17.860+0000] {dag.py:3096} INFO - Sync 1 DAGs
[2026-04-29T01:09:17.906+0000] {logging_mixin.py:188} INFO - [2026-04-29T01:09:17.905+0000] {dag.py:3954} INFO - Setting next_dagrun for example_python_operator to None, run_after=None
[2026-04-29T01:09:18.055+0000] {processor.py:183} INFO - Processing /home/airflow/.local/lib/python3.12/site-packages/airflow/example_dags/example_python_operator.py took 0.544 seconds
[2026-04-29T01:09:48.190+0000] {processor.py:161} INFO - Started process (PID=1422) to work on /home/airflow/.local/lib/python3.12/site-packages/airflow/example_dags/example_python_operator.py
[2026-04-29T01:09:48.192+0000] {processor.py:830} INFO - Processing file /home/airflow/.local/lib/python3.12/site-packages/airflow/example_dags/example_python_operator.py for tasks to queue
[2026-04-29T01:09:48.194+0000] {logging_mixin.py:188} INFO - [2026-04-29T01:09:48.193+0000] {dagbag.py:540} INFO - Filling up the DagBag from /home/airflow/.local/lib/python3.12/site-packages/airflow/example_dags/example_python_operator.py
[2026-04-29T01:09:48.203+0000] {processor.py:840} INFO - DAG(s) 'example_python_operator' retrieved from /home/airflow/.local/lib/python3.12/site-packages/airflow/example_dags/example_python_operator.py
[2026-04-29T01:09:48.223+0000] {logging_mixin.py:188} INFO - [2026-04-29T01:09:48.223+0000] {dag.py:3096} INFO - Sync 1 DAGs
[2026-04-29T01:09:48.236+0000] {logging_mixin.py:188} INFO - [2026-04-29T01:09:48.235+0000] {dag.py:3954} INFO - Setting next_dagrun for example_python_operator to None, run_after=None
[2026-04-29T01:09:48.255+0000] {processor.py:183} INFO - Processing /home/airflow/.local/lib/python3.12/site-packages/airflow/example_dags/example_python_operator.py took 0.070 seconds
[2026-04-29T01:10:18.698+0000] {processor.py:161} INFO - Started process (PID=1482) to work on /home/airflow/.local/lib/python3.12/site-packages/airflow/example_dags/example_python_operator.py
[2026-04-29T01:10:18.703+0000] {processor.py:830} INFO - Processing file /home/airflow/.local/lib/python3.12/site-packages/airflow/example_dags/example_python_operator.py for tasks to queue
[2026-04-29T01:10:18.707+0000] {logging_mixin.py:188} INFO - [2026-04-29T01:10:18.707+0000] {dagbag.py:540} INFO - Filling up the DagBag from /home/airflow/.local/lib/python3.12/site-packages/airflow/example_dags/example_python_operator.py
[2026-04-29T01:10:18.730+0000] {processor.py:840} INFO - DAG(s) 'example_python_operator' retrieved from /home/airflow/.local/lib/python3.12/site-packages/airflow/example_dags/example_python_operator.py
[2026-04-29T01:10:18.773+0000] {logging_mixin.py:188} INFO - [2026-04-29T01:10:18.773+0000] {dag.py:3096} INFO - Sync 1 DAGs
[2026-04-29T01:10:18.795+0000] {logging_mixin.py:188} INFO - [2026-04-29T01:10:18.794+0000] {dag.py:3954} INFO - Setting next_dagrun for example_python_operator to None, run_after=None
[2026-04-29T01:10:18.834+0000] {processor.py:183} INFO - Processing /home/airflow/.local/lib/python3.12/site-packages/airflow/example_dags/example_python_operator.py took 0.152 seconds
[2026-04-29T01:10:49.308+0000] {processor.py:161} INFO - Started process (PID=1542) to work on /home/airflow/.local/lib/python3.12/site-packages/airflow/example_dags/example_python_operator.py
[2026-04-29T01:10:49.309+0000] {processor.py:830} INFO - Processing file /home/airflow/.local/lib/python3.12/site-packages/airflow/example_dags/example_python_operator.py for tasks to queue
[2026-04-29T01:10:49.313+0000] {logging_mixin.py:188} INFO - [2026-04-29T01:10:49.313+0000] {dagbag.py:540} INFO - Filling up the DagBag from /home/airflow/.local/lib/python3.12/site-packages/airflow/example_dags/example_python_operator.py
[2026-04-29T01:10:49.346+0000] {processor.py:840} INFO - DAG(s) 'example_python_operator' retrieved from /home/airflow/.local/lib/python3.12/site-packages/airflow/example_dags/example_python_operator.py
[2026-04-29T01:10:49.384+0000] {logging_mixin.py:188} INFO - [2026-04-29T01:10:49.384+0000] {dag.py:3096} INFO - Sync 1 DAGs
[2026-04-29T01:10:49.401+0000] {logging_mixin.py:188} INFO - [2026-04-29T01:10:49.401+0000] {dag.py:3954} INFO - Setting next_dagrun for example_python_operator to None, run_after=None
[2026-04-29T01:10:49.428+0000] {processor.py:183} INFO - Processing /home/airflow/.local/lib/python3.12/site-packages/airflow/example_dags/example_python_operator.py took 0.135 seconds
[2026-04-29T01:11:19.907+0000] {processor.py:161} INFO - Started process (PID=1601) to work on /home/airflow/.local/lib/python3.12/site-packages/airflow/example_dags/example_python_operator.py
[2026-04-29T01:11:19.908+0000] {processor.py:830} INFO - Processing file /home/airflow/.local/lib/python3.12/site-packages/airflow/example_dags/example_python_operator.py for tasks to queue
[2026-04-29T01:11:19.911+0000] {logging_mixin.py:188} INFO - [2026-04-29T01:11:19.911+0000] {dagbag.py:540} INFO - Filling up the DagBag from /home/airflow/.local/lib/python3.12/site-packages/airflow/example_dags/example_python_operator.py
[2026-04-29T01:11:19.932+0000] {processor.py:840} INFO - DAG(s) 'example_python_operator' retrieved from /home/airflow/.local/lib/python3.12/site-packages/airflow/example_dags/example_python_operator.py
[2026-04-29T01:11:19.992+0000] {logging_mixin.py:188} INFO - [2026-04-29T01:11:19.991+0000] {dag.py:3096} INFO - Sync 1 DAGs
[2026-04-29T01:11:20.028+0000] {logging_mixin.py:188} INFO - [2026-04-29T01:11:20.028+0000] {dag.py:3954} INFO - Setting next_dagrun for example_python_operator to None, run_after=None
[2026-04-29T01:11:20.053+0000] {processor.py:183} INFO - Processing /home/airflow/.local/lib/python3.12/site-packages/airflow/example_dags/example_python_operator.py took 0.164 seconds
[2026-04-29T01:11:50.766+0000] {processor.py:161} INFO - Started process (PID=1661) to work on /home/airflow/.local/lib/python3.12/site-packages/airflow/example_dags/example_python_operator.py
[2026-04-29T01:11:50.769+0000] {processor.py:830} INFO - Processing file /home/airflow/.local/lib/python3.12/site-packages/airflow/example_dags/example_python_operator.py for tasks to queue
[2026-04-29T01:11:50.775+0000] {logging_mixin.py:188} INFO - [2026-04-29T01:11:50.774+0000] {dagbag.py:540} INFO - Filling up the DagBag from /home/airflow/.local/lib/python3.12/site-packages/airflow/example_dags/example_python_operator.py
[2026-04-29T01:11:50.800+0000] {processor.py:840} INFO - DAG(s) 'example_python_operator' retrieved from /home/airflow/.local/lib/python3.12/site-packages/airflow/example_dags/example_python_operator.py
[2026-04-29T01:11:50.886+0000] {logging_mixin.py:188} INFO - [2026-04-29T01:11:50.886+0000] {dag.py:3096} INFO - Sync 1 DAGs
[2026-04-29T01:11:50.951+0000] {logging_mixin.py:188} INFO - [2026-04-29T01:11:50.944+0000] {dag.py:3954} INFO - Setting next_dagrun for example_python_operator to None, run_after=None
[2026-04-29T01:11:51.039+0000] {processor.py:183} INFO - Processing /home/airflow/.local/lib/python3.12/site-packages/airflow/example_dags/example_python_operator.py took 0.290 seconds
[2026-04-29T01:12:21.443+0000] {processor.py:161} INFO - Started process (PID=1721) to work on /home/airflow/.local/lib/python3.12/site-packages/airflow/example_dags/example_python_operator.py
[2026-04-29T01:12:21.445+0000] {processor.py:830} INFO - Processing file /home/airflow/.local/lib/python3.12/site-packages/airflow/example_dags/example_python_operator.py for tasks to queue
[2026-04-29T01:12:21.447+0000] {logging_mixin.py:188} INFO - [2026-04-29T01:12:21.446+0000] {dagbag.py:540} INFO - Filling up the DagBag from /home/airflow/.local/lib/python3.12/site-packages/airflow/example_dags/example_python_operator.py
[2026-04-29T01:12:21.461+0000] {processor.py:840} INFO - DAG(s) 'example_python_operator' retrieved from /home/airflow/.local/lib/python3.12/site-packages/airflow/example_dags/example_python_operator.py
[2026-04-29T01:12:21.490+0000] {logging_mixin.py:188} INFO - [2026-04-29T01:12:21.489+0000] {dag.py:3096} INFO - Sync 1 DAGs
[2026-04-29T01:12:21.505+0000] {logging_mixin.py:188} INFO - [2026-04-29T01:12:21.505+0000] {dag.py:3954} INFO - Setting next_dagrun for example_python_operator to None, run_after=None
[2026-04-29T01:12:21.527+0000] {processor.py:183} INFO - Processing /home/airflow/.local/lib/python3.12/site-packages/airflow/example_dags/example_python_operator.py took 0.090 seconds
[2026-04-29T01:12:52.170+0000] {processor.py:161} INFO - Started process (PID=1781) to work on /home/airflow/.local/lib/python3.12/site-packages/airflow/example_dags/example_python_operator.py
[2026-04-29T01:12:52.171+0000] {processor.py:830} INFO - Processing file /home/airflow/.local/lib/python3.12/site-packages/airflow/example_dags/example_python_operator.py for tasks to queue
[2026-04-29T01:12:52.173+0000] {logging_mixin.py:188} INFO - [2026-04-29T01:12:52.172+0000] {dagbag.py:540} INFO - Filling up the DagBag from /home/airflow/.local/lib/python3.12/site-packages/airflow/example_dags/example_python_operator.py
[2026-04-29T01:12:52.188+0000] {processor.py:840} INFO - DAG(s) 'example_python_operator' retrieved from /home/airflow/.local/lib/python3.12/site-packages/airflow/example_dags/example_python_operator.py
[2026-04-29T01:12:52.226+0000] {logging_mixin.py:188} INFO - [2026-04-29T01:12:52.226+0000] {dag.py:3096} INFO - Sync 1 DAGs
[2026-04-29T01:12:52.263+0000] {logging_mixin.py:188} INFO - [2026-04-29T01:12:52.263+0000] {dag.py:3954} INFO - Setting next_dagrun for example_python_operator to None, run_after=None
[2026-04-29T01:12:52.284+0000] {processor.py:183} INFO - Processing /home/airflow/.local/lib/python3.12/site-packages/airflow/example_dags/example_python_operator.py took 0.121 seconds
[2026-04-29T01:13:22.963+0000] {processor.py:161} INFO - Started process (PID=1841) to work on /home/airflow/.local/lib/python3.12/site-packages/airflow/example_dags/example_python_operator.py
[2026-04-29T01:13:22.965+0000] {processor.py:830} INFO - Processing file /home/airflow/.local/lib/python3.12/site-packages/airflow/example_dags/example_python_operator.py for tasks to queue
[2026-04-29T01:13:22.969+0000] {logging_mixin.py:188} INFO - [2026-04-29T01:13:22.968+0000] {dagbag.py:540} INFO - Filling up the DagBag from /home/airflow/.local/lib/python3.12/site-packages/airflow/example_dags/example_python_operator.py
[2026-04-29T01:13:23.031+0000] {processor.py:840} INFO - DAG(s) 'example_python_operator' retrieved from /home/airflow/.local/lib/python3.12/site-packages/airflow/example_dags/example_python_operator.py
[2026-04-29T01:13:23.248+0000] {logging_mixin.py:188} INFO - [2026-04-29T01:13:23.243+0000] {dag.py:3096} INFO - Sync 1 DAGs
[2026-04-29T01:13:23.375+0000] {logging_mixin.py:188} INFO - [2026-04-29T01:13:23.352+0000] {dag.py:3954} INFO - Setting next_dagrun for example_python_operator to None, run_after=None
[2026-04-29T01:13:23.488+0000] {processor.py:183} INFO - Processing /home/airflow/.local/lib/python3.12/site-packages/airflow/example_dags/example_python_operator.py took 0.534 seconds
[2026-04-29T01:14:05.349+0000] {processor.py:161} INFO - Started process (PID=1899) to work on /home/airflow/.local/lib/python3.12/site-packages/airflow/example_dags/example_python_operator.py
[2026-04-29T01:14:05.352+0000] {processor.py:830} INFO - Processing file /home/airflow/.local/lib/python3.12/site-packages/airflow/example_dags/example_python_operator.py for tasks to queue
[2026-04-29T01:14:05.361+0000] {logging_mixin.py:188} INFO - [2026-04-29T01:14:05.360+0000] {dagbag.py:540} INFO - Filling up the DagBag from /home/airflow/.local/lib/python3.12/site-packages/airflow/example_dags/example_python_operator.py
[2026-04-29T01:14:05.407+0000] {processor.py:840} INFO - DAG(s) 'example_python_operator' retrieved from /home/airflow/.local/lib/python3.12/site-packages/airflow/example_dags/example_python_operator.py
[2026-04-29T01:14:05.465+0000] {logging_mixin.py:188} INFO - [2026-04-29T01:14:05.465+0000] {dag.py:3096} INFO - Sync 1 DAGs
[2026-04-29T01:14:05.492+0000] {logging_mixin.py:188} INFO - [2026-04-29T01:14:05.491+0000] {dag.py:3954} INFO - Setting next_dagrun for example_python_operator to None, run_after=None
[2026-04-29T01:14:05.582+0000] {processor.py:183} INFO - Processing /home/airflow/.local/lib/python3.12/site-packages/airflow/example_dags/example_python_operator.py took 0.257 seconds
[2026-04-29T01:14:36.428+0000] {processor.py:161} INFO - Started process (PID=1958) to work on /home/airflow/.local/lib/python3.12/site-packages/airflow/example_dags/example_python_operator.py
[2026-04-29T01:14:36.433+0000] {processor.py:830} INFO - Processing file /home/airflow/.local/lib/python3.12/site-packages/airflow/example_dags/example_python_operator.py for tasks to queue
[2026-04-29T01:14:36.438+0000] {logging_mixin.py:188} INFO - [2026-04-29T01:14:36.437+0000] {dagbag.py:540} INFO - Filling up the DagBag from /home/airflow/.local/lib/python3.12/site-packages/airflow/example_dags/example_python_operator.py
[2026-04-29T01:14:36.479+0000] {processor.py:840} INFO - DAG(s) 'example_python_operator' retrieved from /home/airflow/.local/lib/python3.12/site-packages/airflow/example_dags/example_python_operator.py
[2026-04-29T01:14:36.557+0000] {logging_mixin.py:188} INFO - [2026-04-29T01:14:36.556+0000] {dag.py:3096} INFO - Sync 1 DAGs
[2026-04-29T01:14:36.586+0000] {logging_mixin.py:188} INFO - [2026-04-29T01:14:36.585+0000] {dag.py:3954} INFO - Setting next_dagrun for example_python_operator to None, run_after=None
[2026-04-29T01:14:36.646+0000] {processor.py:183} INFO - Processing /home/airflow/.local/lib/python3.12/site-packages/airflow/example_dags/example_python_operator.py took 0.233 seconds
[2026-04-29T01:15:07.457+0000] {processor.py:161} INFO - Started process (PID=2017) to work on /home/airflow/.local/lib/python3.12/site-packages/airflow/example_dags/example_python_operator.py
[2026-04-29T01:15:07.459+0000] {processor.py:830} INFO - Processing file /home/airflow/.local/lib/python3.12/site-packages/airflow/example_dags/example_python_operator.py for tasks to queue
[2026-04-29T01:15:07.462+0000] {logging_mixin.py:188} INFO - [2026-04-29T01:15:07.461+0000] {dagbag.py:540} INFO - Filling up the DagBag from /home/airflow/.local/lib/python3.12/site-packages/airflow/example_dags/example_python_operator.py
[2026-04-29T01:15:07.508+0000] {processor.py:840} INFO - DAG(s) 'example_python_operator' retrieved from /home/airflow/.local/lib/python3.12/site-packages/airflow/example_dags/example_python_operator.py
[2026-04-29T01:15:07.560+0000] {logging_mixin.py:188} INFO - [2026-04-29T01:15:07.559+0000] {dag.py:3096} INFO - Sync 1 DAGs
[2026-04-29T01:15:07.584+0000] {logging_mixin.py:188} INFO - [2026-04-29T01:15:07.583+0000] {dag.py:3954} INFO - Setting next_dagrun for example_python_operator to None, run_after=None
[2026-04-29T01:15:07.620+0000] {processor.py:183} INFO - Processing /home/airflow/.local/lib/python3.12/site-packages/airflow/example_dags/example_python_operator.py took 0.177 seconds
[2026-04-29T01:15:38.331+0000] {processor.py:161} INFO - Started process (PID=2077) to work on /home/airflow/.local/lib/python3.12/site-packages/airflow/example_dags/example_python_operator.py
[2026-04-29T01:15:38.333+0000] {processor.py:830} INFO - Processing file /home/airflow/.local/lib/python3.12/site-packages/airflow/example_dags/example_python_operator.py for tasks to queue
[2026-04-29T01:15:38.335+0000] {logging_mixin.py:188} INFO - [2026-04-29T01:15:38.335+0000] {dagbag.py:540} INFO - Filling up the DagBag from /home/airflow/.local/lib/python3.12/site-packages/airflow/example_dags/example_python_operator.py
[2026-04-29T01:15:38.356+0000] {processor.py:840} INFO - DAG(s) 'example_python_operator' retrieved from /home/airflow/.local/lib/python3.12/site-packages/airflow/example_dags/example_python_operator.py
[2026-04-29T01:15:38.385+0000] {logging_mixin.py:188} INFO - [2026-04-29T01:15:38.384+0000] {dag.py:3096} INFO - Sync 1 DAGs
[2026-04-29T01:15:38.401+0000] {logging_mixin.py:188} INFO - [2026-04-29T01:15:38.401+0000] {dag.py:3954} INFO - Setting next_dagrun for example_python_operator to None, run_after=None
[2026-04-29T01:15:38.422+0000] {processor.py:183} INFO - Processing /home/airflow/.local/lib/python3.12/site-packages/airflow/example_dags/example_python_operator.py took 0.098 seconds
[2026-04-29T01:16:08.956+0000] {processor.py:161} INFO - Started process (PID=2137) to work on /home/airflow/.local/lib/python3.12/site-packages/airflow/example_dags/example_python_operator.py
[2026-04-29T01:16:08.957+0000] {processor.py:830} INFO - Processing file /home/airflow/.local/lib/python3.12/site-packages/airflow/example_dags/example_python_operator.py for tasks to queue
[2026-04-29T01:16:08.959+0000] {logging_mixin.py:188} INFO - [2026-04-29T01:16:08.958+0000] {dagbag.py:540} INFO - Filling up the DagBag from /home/airflow/.local/lib/python3.12/site-packages/airflow/example_dags/example_python_operator.py
[2026-04-29T01:16:08.974+0000] {processor.py:840} INFO - DAG(s) 'example_python_operator' retrieved from /home/airflow/.local/lib/python3.12/site-packages/airflow/example_dags/example_python_operator.py
[2026-04-29T01:16:09.012+0000] {logging_mixin.py:188} INFO - [2026-04-29T01:16:09.012+0000] {dag.py:3096} INFO - Sync 1 DAGs
[2026-04-29T01:16:09.028+0000] {logging_mixin.py:188} INFO - [2026-04-29T01:16:09.028+0000] {dag.py:3954} INFO - Setting next_dagrun for example_python_operator to None, run_after=None
[2026-04-29T01:16:09.050+0000] {processor.py:183} INFO - Processing /home/airflow/.local/lib/python3.12/site-packages/airflow/example_dags/example_python_operator.py took 0.103 seconds
[2026-04-29T01:16:39.310+0000] {processor.py:161} INFO - Started process (PID=2197) to work on /home/airflow/.local/lib/python3.12/site-packages/airflow/example_dags/example_python_operator.py
[2026-04-29T01:16:39.310+0000] {processor.py:830} INFO - Processing file /home/airflow/.local/lib/python3.12/site-packages/airflow/example_dags/example_python_operator.py for tasks to queue
[2026-04-29T01:16:39.314+0000] {logging_mixin.py:188} INFO - [2026-04-29T01:16:39.313+0000] {dagbag.py:540} INFO - Filling up the DagBag from /home/airflow/.local/lib/python3.12/site-packages/airflow/example_dags/example_python_operator.py
[2026-04-29T01:16:39.328+0000] {processor.py:840} INFO - DAG(s) 'example_python_operator' retrieved from /home/airflow/.local/lib/python3.12/site-packages/airflow/example_dags/example_python_operator.py
[2026-04-29T01:16:39.358+0000] {logging_mixin.py:188} INFO - [2026-04-29T01:16:39.358+0000] {dag.py:3096} INFO - Sync 1 DAGs
[2026-04-29T01:16:39.378+0000] {logging_mixin.py:188} INFO - [2026-04-29T01:16:39.377+0000] {dag.py:3954} INFO - Setting next_dagrun for example_python_operator to None, run_after=None
[2026-04-29T01:16:39.398+0000] {processor.py:183} INFO - Processing /home/airflow/.local/lib/python3.12/site-packages/airflow/example_dags/example_python_operator.py took 0.096 seconds
[2026-04-29T01:17:09.630+0000] {processor.py:161} INFO - Started process (PID=2256) to work on /home/airflow/.local/lib/python3.12/site-packages/airflow/example_dags/example_python_operator.py
[2026-04-29T01:17:09.631+0000] {processor.py:830} INFO - Processing file /home/airflow/.local/lib/python3.12/site-packages/airflow/example_dags/example_python_operator.py for tasks to queue
[2026-04-29T01:17:09.632+0000] {logging_mixin.py:188} INFO - [2026-04-29T01:17:09.632+0000] {dagbag.py:540} INFO - Filling up the DagBag from /home/airflow/.local/lib/python3.12/site-packages/airflow/example_dags/example_python_operator.py
[2026-04-29T01:17:09.643+0000] {processor.py:840} INFO - DAG(s) 'example_python_operator' retrieved from /home/airflow/.local/lib/python3.12/site-packages/airflow/example_dags/example_python_operator.py
[2026-04-29T01:17:09.665+0000] {logging_mixin.py:188} INFO - [2026-04-29T01:17:09.664+0000] {dag.py:3096} INFO - Sync 1 DAGs
[2026-04-29T01:17:09.677+0000] {logging_mixin.py:188} INFO - [2026-04-29T01:17:09.676+0000] {dag.py:3954} INFO - Setting next_dagrun for example_python_operator to None, run_after=None
[2026-04-29T01:17:09.693+0000] {processor.py:183} INFO - Processing /home/airflow/.local/lib/python3.12/site-packages/airflow/example_dags/example_python_operator.py took 0.069 seconds
[2026-04-29T01:17:40.344+0000] {processor.py:161} INFO - Started process (PID=2316) to work on /home/airflow/.local/lib/python3.12/site-packages/airflow/example_dags/example_python_operator.py
[2026-04-29T01:17:40.345+0000] {processor.py:830} INFO - Processing file /home/airflow/.local/lib/python3.12/site-packages/airflow/example_dags/example_python_operator.py for tasks to queue
[2026-04-29T01:17:40.347+0000] {logging_mixin.py:188} INFO - [2026-04-29T01:17:40.347+0000] {dagbag.py:540} INFO - Filling up the DagBag from /home/airflow/.local/lib/python3.12/site-packages/airflow/example_dags/example_python_operator.py
[2026-04-29T01:17:40.361+0000] {processor.py:840} INFO - DAG(s) 'example_python_operator' retrieved from /home/airflow/.local/lib/python3.12/site-packages/airflow/example_dags/example_python_operator.py
[2026-04-29T01:17:40.393+0000] {logging_mixin.py:188} INFO - [2026-04-29T01:17:40.393+0000] {dag.py:3096} INFO - Sync 1 DAGs
[2026-04-29T01:17:40.411+0000] {logging_mixin.py:188} INFO - [2026-04-29T01:17:40.411+0000] {dag.py:3954} INFO - Setting next_dagrun for example_python_operator to None, run_after=None
[2026-04-29T01:17:40.436+0000] {processor.py:183} INFO - Processing /home/airflow/.local/lib/python3.12/site-packages/airflow/example_dags/example_python_operator.py took 0.100 seconds
[2026-04-29T01:18:11.303+0000] {processor.py:161} INFO - Started process (PID=2382) to work on /home/airflow/.local/lib/python3.12/site-packages/airflow/example_dags/example_python_operator.py
[2026-04-29T01:18:11.304+0000] {processor.py:830} INFO - Processing file /home/airflow/.local/lib/python3.12/site-packages/airflow/example_dags/example_python_operator.py for tasks to queue
[2026-04-29T01:18:11.306+0000] {logging_mixin.py:188} INFO - [2026-04-29T01:18:11.306+0000] {dagbag.py:540} INFO - Filling up the DagBag from /home/airflow/.local/lib/python3.12/site-packages/airflow/example_dags/example_python_operator.py
[2026-04-29T01:18:11.326+0000] {processor.py:840} INFO - DAG(s) 'example_python_operator' retrieved from /home/airflow/.local/lib/python3.12/site-packages/airflow/example_dags/example_python_operator.py
[2026-04-29T01:18:11.356+0000] {logging_mixin.py:188} INFO - [2026-04-29T01:18:11.355+0000] {dag.py:3096} INFO - Sync 1 DAGs
[2026-04-29T01:18:11.372+0000] {logging_mixin.py:188} INFO - [2026-04-29T01:18:11.372+0000] {dag.py:3954} INFO - Setting next_dagrun for example_python_operator to None, run_after=None
[2026-04-29T01:18:11.402+0000] {processor.py:183} INFO - Processing /home/airflow/.local/lib/python3.12/site-packages/airflow/example_dags/example_python_operator.py took 0.107 seconds
[2026-04-29T01:18:41.866+0000] {processor.py:161} INFO - Started process (PID=2441) to work on /home/airflow/.local/lib/python3.12/site-packages/airflow/example_dags/example_python_operator.py
[2026-04-29T01:18:41.867+0000] {processor.py:830} INFO - Processing file /home/airflow/.local/lib/python3.12/site-packages/airflow/example_dags/example_python_operator.py for tasks to queue
[2026-04-29T01:18:41.870+0000] {logging_mixin.py:188} INFO - [2026-04-29T01:18:41.869+0000] {dagbag.py:540} INFO - Filling up the DagBag from /home/airflow/.local/lib/python3.12/site-packages/airflow/example_dags/example_python_operator.py
[2026-04-29T01:18:41.884+0000] {processor.py:840} INFO - DAG(s) 'example_python_operator' retrieved from /home/airflow/.local/lib/python3.12/site-packages/airflow/example_dags/example_python_operator.py
[2026-04-29T01:18:41.962+0000] {logging_mixin.py:188} INFO - [2026-04-29T01:18:41.962+0000] {dag.py:3096} INFO - Sync 1 DAGs
[2026-04-29T01:18:42.009+0000] {logging_mixin.py:188} INFO - [2026-04-29T01:18:42.007+0000] {dag.py:3954} INFO - Setting next_dagrun for example_python_operator to None, run_after=None
[2026-04-29T01:18:42.059+0000] {processor.py:183} INFO - Processing /home/airflow/.local/lib/python3.12/site-packages/airflow/example_dags/example_python_operator.py took 0.205 seconds
[2026-04-29T01:19:12.437+0000] {processor.py:161} INFO - Started process (PID=2501) to work on /home/airflow/.local/lib/python3.12/site-packages/airflow/example_dags/example_python_operator.py
[2026-04-29T01:19:12.439+0000] {processor.py:830} INFO - Processing file /home/airflow/.local/lib/python3.12/site-packages/airflow/example_dags/example_python_operator.py for tasks to queue
[2026-04-29T01:19:12.443+0000] {logging_mixin.py:188} INFO - [2026-04-29T01:19:12.442+0000] {dagbag.py:540} INFO - Filling up the DagBag from /home/airflow/.local/lib/python3.12/site-packages/airflow/example_dags/example_python_operator.py
[2026-04-29T01:19:12.477+0000] {processor.py:840} INFO - DAG(s) 'example_python_operator' retrieved from /home/airflow/.local/lib/python3.12/site-packages/airflow/example_dags/example_python_operator.py
[2026-04-29T01:19:12.657+0000] {logging_mixin.py:188} INFO - [2026-04-29T01:19:12.655+0000] {dag.py:3096} INFO - Sync 1 DAGs
[2026-04-29T01:19:12.751+0000] {logging_mixin.py:188} INFO - [2026-04-29T01:19:12.751+0000] {dag.py:3954} INFO - Setting next_dagrun for example_python_operator to None, run_after=None
[2026-04-29T01:19:12.798+0000] {processor.py:183} INFO - Processing /home/airflow/.local/lib/python3.12/site-packages/airflow/example_dags/example_python_operator.py took 0.371 seconds
[2026-04-29T01:19:43.353+0000] {processor.py:161} INFO - Started process (PID=2561) to work on /home/airflow/.local/lib/python3.12/site-packages/airflow/example_dags/example_python_operator.py
[2026-04-29T01:19:43.357+0000] {processor.py:830} INFO - Processing file /home/airflow/.local/lib/python3.12/site-packages/airflow/example_dags/example_python_operator.py for tasks to queue
[2026-04-29T01:19:43.359+0000] {logging_mixin.py:188} INFO - [2026-04-29T01:19:43.359+0000] {dagbag.py:540} INFO - Filling up the DagBag from /home/airflow/.local/lib/python3.12/site-packages/airflow/example_dags/example_python_operator.py
[2026-04-29T01:19:43.374+0000] {processor.py:840} INFO - DAG(s) 'example_python_operator' retrieved from /home/airflow/.local/lib/python3.12/site-packages/airflow/example_dags/example_python_operator.py
[2026-04-29T01:19:43.405+0000] {logging_mixin.py:188} INFO - [2026-04-29T01:19:43.404+0000] {dag.py:3096} INFO - Sync 1 DAGs
[2026-04-29T01:19:43.422+0000] {logging_mixin.py:188} INFO - [2026-04-29T01:19:43.422+0000] {dag.py:3954} INFO - Setting next_dagrun for example_python_operator to None, run_after=None
[2026-04-29T01:19:43.444+0000] {processor.py:183} INFO - Processing /home/airflow/.local/lib/python3.12/site-packages/airflow/example_dags/example_python_operator.py took 0.099 seconds
[2026-04-29T01:20:13.677+0000] {processor.py:161} INFO - Started process (PID=2620) to work on /home/airflow/.local/lib/python3.12/site-packages/airflow/example_dags/example_python_operator.py
[2026-04-29T01:20:13.680+0000] {processor.py:830} INFO - Processing file /home/airflow/.local/lib/python3.12/site-packages/airflow/example_dags/example_python_operator.py for tasks to queue
[2026-04-29T01:20:13.685+0000] {logging_mixin.py:188} INFO - [2026-04-29T01:20:13.685+0000] {dagbag.py:540} INFO - Filling up the DagBag from /home/airflow/.local/lib/python3.12/site-packages/airflow/example_dags/example_python_operator.py
[2026-04-29T01:20:13.726+0000] {processor.py:840} INFO - DAG(s) 'example_python_operator' retrieved from /home/airflow/.local/lib/python3.12/site-packages/airflow/example_dags/example_python_operator.py
[2026-04-29T01:20:13.824+0000] {logging_mixin.py:188} INFO - [2026-04-29T01:20:13.823+0000] {dag.py:3096} INFO - Sync 1 DAGs
[2026-04-29T01:20:13.880+0000] {logging_mixin.py:188} INFO - [2026-04-29T01:20:13.880+0000] {dag.py:3954} INFO - Setting next_dagrun for example_python_operator to None, run_after=None
[2026-04-29T01:20:13.940+0000] {processor.py:183} INFO - Processing /home/airflow/.local/lib/python3.12/site-packages/airflow/example_dags/example_python_operator.py took 0.274 seconds
[2026-04-29T01:20:44.078+0000] {processor.py:161} INFO - Started process (PID=2679) to work on /home/airflow/.local/lib/python3.12/site-packages/airflow/example_dags/example_python_operator.py
[2026-04-29T01:20:44.079+0000] {processor.py:830} INFO - Processing file /home/airflow/.local/lib/python3.12/site-packages/airflow/example_dags/example_python_operator.py for tasks to queue
[2026-04-29T01:20:44.081+0000] {logging_mixin.py:188} INFO - [2026-04-29T01:20:44.080+0000] {dagbag.py:540} INFO - Filling up the DagBag from /home/airflow/.local/lib/python3.12/site-packages/airflow/example_dags/example_python_operator.py
[2026-04-29T01:20:44.096+0000] {processor.py:840} INFO - DAG(s) 'example_python_operator' retrieved from /home/airflow/.local/lib/python3.12/site-packages/airflow/example_dags/example_python_operator.py
[2026-04-29T01:20:44.122+0000] {logging_mixin.py:188} INFO - [2026-04-29T01:20:44.122+0000] {dag.py:3096} INFO - Sync 1 DAGs
[2026-04-29T01:20:44.134+0000] {logging_mixin.py:188} INFO - [2026-04-29T01:20:44.134+0000] {dag.py:3954} INFO - Setting next_dagrun for example_python_operator to None, run_after=None
[2026-04-29T01:20:44.150+0000] {processor.py:183} INFO - Processing /home/airflow/.local/lib/python3.12/site-packages/airflow/example_dags/example_python_operator.py took 0.080 seconds
[2026-04-29T01:21:14.324+0000] {processor.py:161} INFO - Started process (PID=2739) to work on /home/airflow/.local/lib/python3.12/site-packages/airflow/example_dags/example_python_operator.py
[2026-04-29T01:21:14.324+0000] {processor.py:830} INFO - Processing file /home/airflow/.local/lib/python3.12/site-packages/airflow/example_dags/example_python_operator.py for tasks to queue
[2026-04-29T01:21:14.326+0000] {logging_mixin.py:188} INFO - [2026-04-29T01:21:14.326+0000] {dagbag.py:540} INFO - Filling up the DagBag from /home/airflow/.local/lib/python3.12/site-packages/airflow/example_dags/example_python_operator.py
[2026-04-29T01:21:14.337+0000] {processor.py:840} INFO - DAG(s) 'example_python_operator' retrieved from /home/airflow/.local/lib/python3.12/site-packages/airflow/example_dags/example_python_operator.py
[2026-04-29T01:21:14.358+0000] {logging_mixin.py:188} INFO - [2026-04-29T01:21:14.358+0000] {dag.py:3096} INFO - Sync 1 DAGs
[2026-04-29T01:21:14.370+0000] {logging_mixin.py:188} INFO - [2026-04-29T01:21:14.369+0000] {dag.py:3954} INFO - Setting next_dagrun for example_python_operator to None, run_after=None
[2026-04-29T01:21:14.386+0000] {processor.py:183} INFO - Processing /home/airflow/.local/lib/python3.12/site-packages/airflow/example_dags/example_python_operator.py took 0.068 seconds
[2026-04-29T01:21:44.427+0000] {processor.py:161} INFO - Started process (PID=2799) to work on /home/airflow/.local/lib/python3.12/site-packages/airflow/example_dags/example_python_operator.py
[2026-04-29T01:21:44.428+0000] {processor.py:830} INFO - Processing file /home/airflow/.local/lib/python3.12/site-packages/airflow/example_dags/example_python_operator.py for tasks to queue
[2026-04-29T01:21:44.430+0000] {logging_mixin.py:188} INFO - [2026-04-29T01:21:44.430+0000] {dagbag.py:540} INFO - Filling up the DagBag from /home/airflow/.local/lib/python3.12/site-packages/airflow/example_dags/example_python_operator.py
[2026-04-29T01:21:44.444+0000] {processor.py:840} INFO - DAG(s) 'example_python_operator' retrieved from /home/airflow/.local/lib/python3.12/site-packages/airflow/example_dags/example_python_operator.py
[2026-04-29T01:21:44.474+0000] {logging_mixin.py:188} INFO - [2026-04-29T01:21:44.473+0000] {dag.py:3096} INFO - Sync 1 DAGs
[2026-04-29T01:21:44.491+0000] {logging_mixin.py:188} INFO - [2026-04-29T01:21:44.490+0000] {dag.py:3954} INFO - Setting next_dagrun for example_python_operator to None, run_after=None
[2026-04-29T01:21:44.514+0000] {processor.py:183} INFO - Processing /home/airflow/.local/lib/python3.12/site-packages/airflow/example_dags/example_python_operator.py took 0.095 seconds
[2026-04-29T01:22:14.747+0000] {processor.py:161} INFO - Started process (PID=2859) to work on /home/airflow/.local/lib/python3.12/site-packages/airflow/example_dags/example_python_operator.py
[2026-04-29T01:22:14.748+0000] {processor.py:830} INFO - Processing file /home/airflow/.local/lib/python3.12/site-packages/airflow/example_dags/example_python_operator.py for tasks to queue
[2026-04-29T01:22:14.750+0000] {logging_mixin.py:188} INFO - [2026-04-29T01:22:14.750+0000] {dagbag.py:540} INFO - Filling up the DagBag from /home/airflow/.local/lib/python3.12/site-packages/airflow/example_dags/example_python_operator.py
[2026-04-29T01:22:14.779+0000] {processor.py:840} INFO - DAG(s) 'example_python_operator' retrieved from /home/airflow/.local/lib/python3.12/site-packages/airflow/example_dags/example_python_operator.py
[2026-04-29T01:22:14.858+0000] {logging_mixin.py:188} INFO - [2026-04-29T01:22:14.856+0000] {dag.py:3096} INFO - Sync 1 DAGs
[2026-04-29T01:22:14.890+0000] {logging_mixin.py:188} INFO - [2026-04-29T01:22:14.890+0000] {dag.py:3954} INFO - Setting next_dagrun for example_python_operator to None, run_after=None
[2026-04-29T01:22:14.921+0000] {processor.py:183} INFO - Processing /home/airflow/.local/lib/python3.12/site-packages/airflow/example_dags/example_python_operator.py took 0.181 seconds
[2026-04-29T01:22:45.800+0000] {processor.py:161} INFO - Started process (PID=2919) to work on /home/airflow/.local/lib/python3.12/site-packages/airflow/example_dags/example_python_operator.py
[2026-04-29T01:22:45.802+0000] {processor.py:830} INFO - Processing file /home/airflow/.local/lib/python3.12/site-packages/airflow/example_dags/example_python_operator.py for tasks to queue
[2026-04-29T01:22:45.805+0000] {logging_mixin.py:188} INFO - [2026-04-29T01:22:45.804+0000] {dagbag.py:540} INFO - Filling up the DagBag from /home/airflow/.local/lib/python3.12/site-packages/airflow/example_dags/example_python_operator.py
[2026-04-29T01:22:45.831+0000] {processor.py:840} INFO - DAG(s) 'example_python_operator' retrieved from /home/airflow/.local/lib/python3.12/site-packages/airflow/example_dags/example_python_operator.py
[2026-04-29T01:22:45.894+0000] {logging_mixin.py:188} INFO - [2026-04-29T01:22:45.894+0000] {dag.py:3096} INFO - Sync 1 DAGs
[2026-04-29T01:22:45.911+0000] {logging_mixin.py:188} INFO - [2026-04-29T01:22:45.911+0000] {dag.py:3954} INFO - Setting next_dagrun for example_python_operator to None, run_after=None
[2026-04-29T01:22:45.930+0000] {processor.py:183} INFO - Processing /home/airflow/.local/lib/python3.12/site-packages/airflow/example_dags/example_python_operator.py took 0.144 seconds
[2026-04-29T01:23:16.834+0000] {processor.py:161} INFO - Started process (PID=2979) to work on /home/airflow/.local/lib/python3.12/site-packages/airflow/example_dags/example_python_operator.py
[2026-04-29T01:23:16.836+0000] {processor.py:830} INFO - Processing file /home/airflow/.local/lib/python3.12/site-packages/airflow/example_dags/example_python_operator.py for tasks to queue
[2026-04-29T01:23:16.842+0000] {logging_mixin.py:188} INFO - [2026-04-29T01:23:16.841+0000] {dagbag.py:540} INFO - Filling up the DagBag from /home/airflow/.local/lib/python3.12/site-packages/airflow/example_dags/example_python_operator.py
[2026-04-29T01:23:16.865+0000] {processor.py:840} INFO - DAG(s) 'example_python_operator' retrieved from /home/airflow/.local/lib/python3.12/site-packages/airflow/example_dags/example_python_operator.py
[2026-04-29T01:23:16.944+0000] {logging_mixin.py:188} INFO - [2026-04-29T01:23:16.944+0000] {dag.py:3096} INFO - Sync 1 DAGs
[2026-04-29T01:23:16.974+0000] {logging_mixin.py:188} INFO - [2026-04-29T01:23:16.974+0000] {dag.py:3954} INFO - Setting next_dagrun for example_python_operator to None, run_after=None
[2026-04-29T01:23:17.020+0000] {processor.py:183} INFO - Processing /home/airflow/.local/lib/python3.12/site-packages/airflow/example_dags/example_python_operator.py took 0.209 seconds
[2026-04-29T01:23:47.132+0000] {processor.py:161} INFO - Started process (PID=3039) to work on /home/airflow/.local/lib/python3.12/site-packages/airflow/example_dags/example_python_operator.py
[2026-04-29T01:23:47.133+0000] {processor.py:830} INFO - Processing file /home/airflow/.local/lib/python3.12/site-packages/airflow/example_dags/example_python_operator.py for tasks to queue
[2026-04-29T01:23:47.135+0000] {logging_mixin.py:188} INFO - [2026-04-29T01:23:47.135+0000] {dagbag.py:540} INFO - Filling up the DagBag from /home/airflow/.local/lib/python3.12/site-packages/airflow/example_dags/example_python_operator.py
[2026-04-29T01:23:47.149+0000] {processor.py:840} INFO - DAG(s) 'example_python_operator' retrieved from /home/airflow/.local/lib/python3.12/site-packages/airflow/example_dags/example_python_operator.py
[2026-04-29T01:23:47.190+0000] {logging_mixin.py:188} INFO - [2026-04-29T01:23:47.190+0000] {dag.py:3096} INFO - Sync 1 DAGs
[2026-04-29T01:23:47.208+0000] {logging_mixin.py:188} INFO - [2026-04-29T01:23:47.207+0000] {dag.py:3954} INFO - Setting next_dagrun for example_python_operator to None, run_after=None
[2026-04-29T01:23:47.240+0000] {processor.py:183} INFO - Processing /home/airflow/.local/lib/python3.12/site-packages/airflow/example_dags/example_python_operator.py took 0.124 seconds
[2026-04-29T01:24:17.600+0000] {processor.py:161} INFO - Started process (PID=3099) to work on /home/airflow/.local/lib/python3.12/site-packages/airflow/example_dags/example_python_operator.py
[2026-04-29T01:24:17.602+0000] {processor.py:830} INFO - Processing file /home/airflow/.local/lib/python3.12/site-packages/airflow/example_dags/example_python_operator.py for tasks to queue
[2026-04-29T01:24:17.604+0000] {logging_mixin.py:188} INFO - [2026-04-29T01:24:17.603+0000] {dagbag.py:540} INFO - Filling up the DagBag from /home/airflow/.local/lib/python3.12/site-packages/airflow/example_dags/example_python_operator.py
[2026-04-29T01:24:17.639+0000] {processor.py:840} INFO - DAG(s) 'example_python_operator' retrieved from /home/airflow/.local/lib/python3.12/site-packages/airflow/example_dags/example_python_operator.py
[2026-04-29T01:24:17.722+0000] {logging_mixin.py:188} INFO - [2026-04-29T01:24:17.721+0000] {dag.py:3096} INFO - Sync 1 DAGs
[2026-04-29T01:24:17.749+0000] {logging_mixin.py:188} INFO - [2026-04-29T01:24:17.748+0000] {dag.py:3954} INFO - Setting next_dagrun for example_python_operator to None, run_after=None
[2026-04-29T01:24:17.791+0000] {processor.py:183} INFO - Processing /home/airflow/.local/lib/python3.12/site-packages/airflow/example_dags/example_python_operator.py took 0.201 seconds
