[2026-04-29T00:54:54.343+0000] {processor.py:161} INFO - Started process (PID=72) to work on /home/airflow/.local/lib/python3.12/site-packages/airflow/example_dags/example_short_circuit_operator.py
[2026-04-29T00:54:54.354+0000] {processor.py:830} INFO - Processing file /home/airflow/.local/lib/python3.12/site-packages/airflow/example_dags/example_short_circuit_operator.py for tasks to queue
[2026-04-29T00:54:54.372+0000] {logging_mixin.py:188} INFO - [2026-04-29T00:54:54.371+0000] {dagbag.py:540} INFO - Filling up the DagBag from /home/airflow/.local/lib/python3.12/site-packages/airflow/example_dags/example_short_circuit_operator.py
[2026-04-29T00:54:54.452+0000] {processor.py:840} INFO - DAG(s) 'example_short_circuit_operator' retrieved from /home/airflow/.local/lib/python3.12/site-packages/airflow/example_dags/example_short_circuit_operator.py
[2026-04-29T00:54:54.646+0000] {logging_mixin.py:188} INFO - [2026-04-29T00:54:54.645+0000] {dag.py:3096} INFO - Sync 1 DAGs
[2026-04-29T00:54:54.757+0000] {logging_mixin.py:188} INFO - [2026-04-29T00:54:54.756+0000] {dag.py:3954} INFO - Setting next_dagrun for example_short_circuit_operator to 2026-04-28 00:00:00+00:00, run_after=2026-04-29 00:00:00+00:00
[2026-04-29T00:54:54.825+0000] {processor.py:183} INFO - Processing /home/airflow/.local/lib/python3.12/site-packages/airflow/example_dags/example_short_circuit_operator.py took 0.575 seconds
[2026-04-29T00:58:17.970+0000] {processor.py:161} INFO - Started process (PID=80) to work on /home/airflow/.local/lib/python3.12/site-packages/airflow/example_dags/example_short_circuit_operator.py
[2026-04-29T00:58:17.980+0000] {processor.py:830} INFO - Processing file /home/airflow/.local/lib/python3.12/site-packages/airflow/example_dags/example_short_circuit_operator.py for tasks to queue
[2026-04-29T00:58:17.990+0000] {logging_mixin.py:188} INFO - [2026-04-29T00:58:17.989+0000] {dagbag.py:540} INFO - Filling up the DagBag from /home/airflow/.local/lib/python3.12/site-packages/airflow/example_dags/example_short_circuit_operator.py
[2026-04-29T00:58:18.041+0000] {processor.py:840} INFO - DAG(s) 'example_short_circuit_operator' retrieved from /home/airflow/.local/lib/python3.12/site-packages/airflow/example_dags/example_short_circuit_operator.py
[2026-04-29T00:58:18.706+0000] {logging_mixin.py:188} INFO - [2026-04-29T00:58:18.705+0000] {override.py:1829} INFO - Created Permission View: can edit on DAG:example_short_circuit_operator
[2026-04-29T00:58:18.737+0000] {logging_mixin.py:188} INFO - [2026-04-29T00:58:18.736+0000] {override.py:1829} INFO - Created Permission View: can delete on DAG:example_short_circuit_operator
[2026-04-29T00:58:18.765+0000] {logging_mixin.py:188} INFO - [2026-04-29T00:58:18.765+0000] {override.py:1829} INFO - Created Permission View: can read on DAG:example_short_circuit_operator
[2026-04-29T00:58:18.776+0000] {logging_mixin.py:188} INFO - [2026-04-29T00:58:18.776+0000] {dag.py:3096} INFO - Sync 1 DAGs
[2026-04-29T00:58:18.890+0000] {logging_mixin.py:188} INFO - [2026-04-29T00:58:18.883+0000] {dag.py:3118} INFO - Creating ORM DAG for example_short_circuit_operator
[2026-04-29T00:58:18.934+0000] {logging_mixin.py:188} INFO - [2026-04-29T00:58:18.934+0000] {dag.py:3954} INFO - Setting next_dagrun for example_short_circuit_operator to 2026-04-28 00:00:00+00:00, run_after=2026-04-29 00:00:00+00:00
[2026-04-29T00:58:19.011+0000] {processor.py:183} INFO - Processing /home/airflow/.local/lib/python3.12/site-packages/airflow/example_dags/example_short_circuit_operator.py took 1.084 seconds
[2026-04-29T00:58:49.942+0000] {processor.py:161} INFO - Started process (PID=140) to work on /home/airflow/.local/lib/python3.12/site-packages/airflow/example_dags/example_short_circuit_operator.py
[2026-04-29T00:58:49.945+0000] {processor.py:830} INFO - Processing file /home/airflow/.local/lib/python3.12/site-packages/airflow/example_dags/example_short_circuit_operator.py for tasks to queue
[2026-04-29T00:58:49.952+0000] {logging_mixin.py:188} INFO - [2026-04-29T00:58:49.951+0000] {dagbag.py:540} INFO - Filling up the DagBag from /home/airflow/.local/lib/python3.12/site-packages/airflow/example_dags/example_short_circuit_operator.py
[2026-04-29T00:58:49.979+0000] {processor.py:840} INFO - DAG(s) 'example_short_circuit_operator' retrieved from /home/airflow/.local/lib/python3.12/site-packages/airflow/example_dags/example_short_circuit_operator.py
[2026-04-29T00:58:50.021+0000] {logging_mixin.py:188} INFO - [2026-04-29T00:58:50.021+0000] {dag.py:3096} INFO - Sync 1 DAGs
[2026-04-29T00:58:50.065+0000] {logging_mixin.py:188} INFO - [2026-04-29T00:58:50.065+0000] {dag.py:3954} INFO - Setting next_dagrun for example_short_circuit_operator to 2026-04-28 00:00:00+00:00, run_after=2026-04-29 00:00:00+00:00
[2026-04-29T00:58:50.099+0000] {processor.py:183} INFO - Processing /home/airflow/.local/lib/python3.12/site-packages/airflow/example_dags/example_short_circuit_operator.py took 0.186 seconds
[2026-04-29T00:59:20.282+0000] {processor.py:161} INFO - Started process (PID=200) to work on /home/airflow/.local/lib/python3.12/site-packages/airflow/example_dags/example_short_circuit_operator.py
[2026-04-29T00:59:20.283+0000] {processor.py:830} INFO - Processing file /home/airflow/.local/lib/python3.12/site-packages/airflow/example_dags/example_short_circuit_operator.py for tasks to queue
[2026-04-29T00:59:20.286+0000] {logging_mixin.py:188} INFO - [2026-04-29T00:59:20.285+0000] {dagbag.py:540} INFO - Filling up the DagBag from /home/airflow/.local/lib/python3.12/site-packages/airflow/example_dags/example_short_circuit_operator.py
[2026-04-29T00:59:20.312+0000] {processor.py:840} INFO - DAG(s) 'example_short_circuit_operator' retrieved from /home/airflow/.local/lib/python3.12/site-packages/airflow/example_dags/example_short_circuit_operator.py
[2026-04-29T00:59:20.436+0000] {logging_mixin.py:188} INFO - [2026-04-29T00:59:20.436+0000] {dag.py:3096} INFO - Sync 1 DAGs
[2026-04-29T00:59:20.489+0000] {logging_mixin.py:188} INFO - [2026-04-29T00:59:20.489+0000] {dag.py:3954} INFO - Setting next_dagrun for example_short_circuit_operator to 2026-04-28 00:00:00+00:00, run_after=2026-04-29 00:00:00+00:00
[2026-04-29T00:59:20.535+0000] {processor.py:183} INFO - Processing /home/airflow/.local/lib/python3.12/site-packages/airflow/example_dags/example_short_circuit_operator.py took 0.271 seconds
[2026-04-29T00:59:50.771+0000] {processor.py:161} INFO - Started process (PID=259) to work on /home/airflow/.local/lib/python3.12/site-packages/airflow/example_dags/example_short_circuit_operator.py
[2026-04-29T00:59:50.772+0000] {processor.py:830} INFO - Processing file /home/airflow/.local/lib/python3.12/site-packages/airflow/example_dags/example_short_circuit_operator.py for tasks to queue
[2026-04-29T00:59:50.774+0000] {logging_mixin.py:188} INFO - [2026-04-29T00:59:50.774+0000] {dagbag.py:540} INFO - Filling up the DagBag from /home/airflow/.local/lib/python3.12/site-packages/airflow/example_dags/example_short_circuit_operator.py
[2026-04-29T00:59:50.783+0000] {processor.py:840} INFO - DAG(s) 'example_short_circuit_operator' retrieved from /home/airflow/.local/lib/python3.12/site-packages/airflow/example_dags/example_short_circuit_operator.py
[2026-04-29T00:59:50.814+0000] {logging_mixin.py:188} INFO - [2026-04-29T00:59:50.814+0000] {dag.py:3096} INFO - Sync 1 DAGs
[2026-04-29T00:59:50.839+0000] {logging_mixin.py:188} INFO - [2026-04-29T00:59:50.839+0000] {dag.py:3954} INFO - Setting next_dagrun for example_short_circuit_operator to 2026-04-28 00:00:00+00:00, run_after=2026-04-29 00:00:00+00:00
[2026-04-29T00:59:50.862+0000] {processor.py:183} INFO - Processing /home/airflow/.local/lib/python3.12/site-packages/airflow/example_dags/example_short_circuit_operator.py took 0.097 seconds
[2026-04-29T01:00:21.304+0000] {processor.py:161} INFO - Started process (PID=318) to work on /home/airflow/.local/lib/python3.12/site-packages/airflow/example_dags/example_short_circuit_operator.py
[2026-04-29T01:00:21.305+0000] {processor.py:830} INFO - Processing file /home/airflow/.local/lib/python3.12/site-packages/airflow/example_dags/example_short_circuit_operator.py for tasks to queue
[2026-04-29T01:00:21.308+0000] {logging_mixin.py:188} INFO - [2026-04-29T01:00:21.307+0000] {dagbag.py:540} INFO - Filling up the DagBag from /home/airflow/.local/lib/python3.12/site-packages/airflow/example_dags/example_short_circuit_operator.py
[2026-04-29T01:00:21.316+0000] {processor.py:840} INFO - DAG(s) 'example_short_circuit_operator' retrieved from /home/airflow/.local/lib/python3.12/site-packages/airflow/example_dags/example_short_circuit_operator.py
[2026-04-29T01:00:21.537+0000] {logging_mixin.py:188} INFO - [2026-04-29T01:00:21.536+0000] {dag.py:3096} INFO - Sync 1 DAGs
[2026-04-29T01:00:21.991+0000] {logging_mixin.py:188} INFO - [2026-04-29T01:00:21.991+0000] {dag.py:3954} INFO - Setting next_dagrun for example_short_circuit_operator to 2026-04-28 00:00:00+00:00, run_after=2026-04-29 00:00:00+00:00
[2026-04-29T01:00:22.162+0000] {processor.py:183} INFO - Processing /home/airflow/.local/lib/python3.12/site-packages/airflow/example_dags/example_short_circuit_operator.py took 0.865 seconds
[2026-04-29T01:00:52.956+0000] {processor.py:161} INFO - Started process (PID=379) to work on /home/airflow/.local/lib/python3.12/site-packages/airflow/example_dags/example_short_circuit_operator.py
[2026-04-29T01:00:52.964+0000] {processor.py:830} INFO - Processing file /home/airflow/.local/lib/python3.12/site-packages/airflow/example_dags/example_short_circuit_operator.py for tasks to queue
[2026-04-29T01:00:52.973+0000] {logging_mixin.py:188} INFO - [2026-04-29T01:00:52.972+0000] {dagbag.py:540} INFO - Filling up the DagBag from /home/airflow/.local/lib/python3.12/site-packages/airflow/example_dags/example_short_circuit_operator.py
[2026-04-29T01:00:53.021+0000] {processor.py:840} INFO - DAG(s) 'example_short_circuit_operator' retrieved from /home/airflow/.local/lib/python3.12/site-packages/airflow/example_dags/example_short_circuit_operator.py
[2026-04-29T01:00:53.162+0000] {logging_mixin.py:188} INFO - [2026-04-29T01:00:53.162+0000] {dag.py:3096} INFO - Sync 1 DAGs
[2026-04-29T01:00:53.194+0000] {logging_mixin.py:188} INFO - [2026-04-29T01:00:53.194+0000] {dag.py:3954} INFO - Setting next_dagrun for example_short_circuit_operator to 2026-04-28 00:00:00+00:00, run_after=2026-04-29 00:00:00+00:00
[2026-04-29T01:00:53.221+0000] {processor.py:183} INFO - Processing /home/airflow/.local/lib/python3.12/site-packages/airflow/example_dags/example_short_circuit_operator.py took 0.295 seconds
[2026-04-29T01:01:23.964+0000] {processor.py:161} INFO - Started process (PID=439) to work on /home/airflow/.local/lib/python3.12/site-packages/airflow/example_dags/example_short_circuit_operator.py
[2026-04-29T01:01:23.966+0000] {processor.py:830} INFO - Processing file /home/airflow/.local/lib/python3.12/site-packages/airflow/example_dags/example_short_circuit_operator.py for tasks to queue
[2026-04-29T01:01:23.972+0000] {logging_mixin.py:188} INFO - [2026-04-29T01:01:23.971+0000] {dagbag.py:540} INFO - Filling up the DagBag from /home/airflow/.local/lib/python3.12/site-packages/airflow/example_dags/example_short_circuit_operator.py
[2026-04-29T01:01:23.999+0000] {processor.py:840} INFO - DAG(s) 'example_short_circuit_operator' retrieved from /home/airflow/.local/lib/python3.12/site-packages/airflow/example_dags/example_short_circuit_operator.py
[2026-04-29T01:01:24.147+0000] {logging_mixin.py:188} INFO - [2026-04-29T01:01:24.142+0000] {dag.py:3096} INFO - Sync 1 DAGs
[2026-04-29T01:01:24.404+0000] {logging_mixin.py:188} INFO - [2026-04-29T01:01:24.400+0000] {dag.py:3954} INFO - Setting next_dagrun for example_short_circuit_operator to 2026-04-28 00:00:00+00:00, run_after=2026-04-29 00:00:00+00:00
[2026-04-29T01:01:24.468+0000] {processor.py:183} INFO - Processing /home/airflow/.local/lib/python3.12/site-packages/airflow/example_dags/example_short_circuit_operator.py took 0.519 seconds
[2026-04-29T01:01:54.566+0000] {processor.py:161} INFO - Started process (PID=498) to work on /home/airflow/.local/lib/python3.12/site-packages/airflow/example_dags/example_short_circuit_operator.py
[2026-04-29T01:01:54.567+0000] {processor.py:830} INFO - Processing file /home/airflow/.local/lib/python3.12/site-packages/airflow/example_dags/example_short_circuit_operator.py for tasks to queue
[2026-04-29T01:01:54.569+0000] {logging_mixin.py:188} INFO - [2026-04-29T01:01:54.569+0000] {dagbag.py:540} INFO - Filling up the DagBag from /home/airflow/.local/lib/python3.12/site-packages/airflow/example_dags/example_short_circuit_operator.py
[2026-04-29T01:01:54.578+0000] {processor.py:840} INFO - DAG(s) 'example_short_circuit_operator' retrieved from /home/airflow/.local/lib/python3.12/site-packages/airflow/example_dags/example_short_circuit_operator.py
[2026-04-29T01:01:54.608+0000] {logging_mixin.py:188} INFO - [2026-04-29T01:01:54.608+0000] {dag.py:3096} INFO - Sync 1 DAGs
[2026-04-29T01:01:54.635+0000] {logging_mixin.py:188} INFO - [2026-04-29T01:01:54.635+0000] {dag.py:3954} INFO - Setting next_dagrun for example_short_circuit_operator to 2026-04-28 00:00:00+00:00, run_after=2026-04-29 00:00:00+00:00
[2026-04-29T01:01:54.690+0000] {processor.py:183} INFO - Processing /home/airflow/.local/lib/python3.12/site-packages/airflow/example_dags/example_short_circuit_operator.py took 0.130 seconds
[2026-04-29T01:02:25.333+0000] {processor.py:161} INFO - Started process (PID=557) to work on /home/airflow/.local/lib/python3.12/site-packages/airflow/example_dags/example_short_circuit_operator.py
[2026-04-29T01:02:25.334+0000] {processor.py:830} INFO - Processing file /home/airflow/.local/lib/python3.12/site-packages/airflow/example_dags/example_short_circuit_operator.py for tasks to queue
[2026-04-29T01:02:25.375+0000] {logging_mixin.py:188} INFO - [2026-04-29T01:02:25.362+0000] {dagbag.py:540} INFO - Filling up the DagBag from /home/airflow/.local/lib/python3.12/site-packages/airflow/example_dags/example_short_circuit_operator.py
[2026-04-29T01:02:25.552+0000] {processor.py:840} INFO - DAG(s) 'example_short_circuit_operator' retrieved from /home/airflow/.local/lib/python3.12/site-packages/airflow/example_dags/example_short_circuit_operator.py
[2026-04-29T01:02:25.776+0000] {logging_mixin.py:188} INFO - [2026-04-29T01:02:25.775+0000] {dag.py:3096} INFO - Sync 1 DAGs
[2026-04-29T01:02:25.922+0000] {logging_mixin.py:188} INFO - [2026-04-29T01:02:25.909+0000] {dag.py:3954} INFO - Setting next_dagrun for example_short_circuit_operator to 2026-04-28 00:00:00+00:00, run_after=2026-04-29 00:00:00+00:00
[2026-04-29T01:02:26.077+0000] {processor.py:183} INFO - Processing /home/airflow/.local/lib/python3.12/site-packages/airflow/example_dags/example_short_circuit_operator.py took 0.766 seconds
[2026-04-29T01:02:56.336+0000] {processor.py:161} INFO - Started process (PID=617) to work on /home/airflow/.local/lib/python3.12/site-packages/airflow/example_dags/example_short_circuit_operator.py
[2026-04-29T01:02:56.338+0000] {processor.py:830} INFO - Processing file /home/airflow/.local/lib/python3.12/site-packages/airflow/example_dags/example_short_circuit_operator.py for tasks to queue
[2026-04-29T01:02:56.342+0000] {logging_mixin.py:188} INFO - [2026-04-29T01:02:56.341+0000] {dagbag.py:540} INFO - Filling up the DagBag from /home/airflow/.local/lib/python3.12/site-packages/airflow/example_dags/example_short_circuit_operator.py
[2026-04-29T01:02:56.370+0000] {processor.py:840} INFO - DAG(s) 'example_short_circuit_operator' retrieved from /home/airflow/.local/lib/python3.12/site-packages/airflow/example_dags/example_short_circuit_operator.py
[2026-04-29T01:02:56.508+0000] {logging_mixin.py:188} INFO - [2026-04-29T01:02:56.508+0000] {dag.py:3096} INFO - Sync 1 DAGs
[2026-04-29T01:02:56.614+0000] {logging_mixin.py:188} INFO - [2026-04-29T01:02:56.613+0000] {dag.py:3954} INFO - Setting next_dagrun for example_short_circuit_operator to 2026-04-28 00:00:00+00:00, run_after=2026-04-29 00:00:00+00:00
[2026-04-29T01:02:56.705+0000] {processor.py:183} INFO - Processing /home/airflow/.local/lib/python3.12/site-packages/airflow/example_dags/example_short_circuit_operator.py took 0.382 seconds
[2026-04-29T01:03:27.601+0000] {processor.py:161} INFO - Started process (PID=677) to work on /home/airflow/.local/lib/python3.12/site-packages/airflow/example_dags/example_short_circuit_operator.py
[2026-04-29T01:03:27.602+0000] {processor.py:830} INFO - Processing file /home/airflow/.local/lib/python3.12/site-packages/airflow/example_dags/example_short_circuit_operator.py for tasks to queue
[2026-04-29T01:03:27.604+0000] {logging_mixin.py:188} INFO - [2026-04-29T01:03:27.604+0000] {dagbag.py:540} INFO - Filling up the DagBag from /home/airflow/.local/lib/python3.12/site-packages/airflow/example_dags/example_short_circuit_operator.py
[2026-04-29T01:03:27.613+0000] {processor.py:840} INFO - DAG(s) 'example_short_circuit_operator' retrieved from /home/airflow/.local/lib/python3.12/site-packages/airflow/example_dags/example_short_circuit_operator.py
[2026-04-29T01:03:27.645+0000] {logging_mixin.py:188} INFO - [2026-04-29T01:03:27.645+0000] {dag.py:3096} INFO - Sync 1 DAGs
[2026-04-29T01:03:27.672+0000] {logging_mixin.py:188} INFO - [2026-04-29T01:03:27.671+0000] {dag.py:3954} INFO - Setting next_dagrun for example_short_circuit_operator to 2026-04-28 00:00:00+00:00, run_after=2026-04-29 00:00:00+00:00
[2026-04-29T01:03:27.713+0000] {processor.py:183} INFO - Processing /home/airflow/.local/lib/python3.12/site-packages/airflow/example_dags/example_short_circuit_operator.py took 0.119 seconds
[2026-04-29T01:03:58.410+0000] {processor.py:161} INFO - Started process (PID=737) to work on /home/airflow/.local/lib/python3.12/site-packages/airflow/example_dags/example_short_circuit_operator.py
[2026-04-29T01:03:58.411+0000] {processor.py:830} INFO - Processing file /home/airflow/.local/lib/python3.12/site-packages/airflow/example_dags/example_short_circuit_operator.py for tasks to queue
[2026-04-29T01:03:58.413+0000] {logging_mixin.py:188} INFO - [2026-04-29T01:03:58.412+0000] {dagbag.py:540} INFO - Filling up the DagBag from /home/airflow/.local/lib/python3.12/site-packages/airflow/example_dags/example_short_circuit_operator.py
[2026-04-29T01:03:58.422+0000] {processor.py:840} INFO - DAG(s) 'example_short_circuit_operator' retrieved from /home/airflow/.local/lib/python3.12/site-packages/airflow/example_dags/example_short_circuit_operator.py
[2026-04-29T01:03:58.453+0000] {logging_mixin.py:188} INFO - [2026-04-29T01:03:58.453+0000] {dag.py:3096} INFO - Sync 1 DAGs
[2026-04-29T01:03:58.481+0000] {logging_mixin.py:188} INFO - [2026-04-29T01:03:58.481+0000] {dag.py:3954} INFO - Setting next_dagrun for example_short_circuit_operator to 2026-04-28 00:00:00+00:00, run_after=2026-04-29 00:00:00+00:00
[2026-04-29T01:03:58.508+0000] {processor.py:183} INFO - Processing /home/airflow/.local/lib/python3.12/site-packages/airflow/example_dags/example_short_circuit_operator.py took 0.105 seconds
[2026-04-29T01:04:29.056+0000] {processor.py:161} INFO - Started process (PID=797) to work on /home/airflow/.local/lib/python3.12/site-packages/airflow/example_dags/example_short_circuit_operator.py
[2026-04-29T01:04:29.059+0000] {processor.py:830} INFO - Processing file /home/airflow/.local/lib/python3.12/site-packages/airflow/example_dags/example_short_circuit_operator.py for tasks to queue
[2026-04-29T01:04:29.065+0000] {logging_mixin.py:188} INFO - [2026-04-29T01:04:29.065+0000] {dagbag.py:540} INFO - Filling up the DagBag from /home/airflow/.local/lib/python3.12/site-packages/airflow/example_dags/example_short_circuit_operator.py
[2026-04-29T01:04:29.094+0000] {processor.py:840} INFO - DAG(s) 'example_short_circuit_operator' retrieved from /home/airflow/.local/lib/python3.12/site-packages/airflow/example_dags/example_short_circuit_operator.py
[2026-04-29T01:04:29.177+0000] {logging_mixin.py:188} INFO - [2026-04-29T01:04:29.177+0000] {dag.py:3096} INFO - Sync 1 DAGs
[2026-04-29T01:04:29.256+0000] {logging_mixin.py:188} INFO - [2026-04-29T01:04:29.256+0000] {dag.py:3954} INFO - Setting next_dagrun for example_short_circuit_operator to 2026-04-28 00:00:00+00:00, run_after=2026-04-29 00:00:00+00:00
[2026-04-29T01:04:29.663+0000] {processor.py:183} INFO - Processing /home/airflow/.local/lib/python3.12/site-packages/airflow/example_dags/example_short_circuit_operator.py took 0.623 seconds
[2026-04-29T01:05:00.068+0000] {processor.py:161} INFO - Started process (PID=860) to work on /home/airflow/.local/lib/python3.12/site-packages/airflow/example_dags/example_short_circuit_operator.py
[2026-04-29T01:05:00.069+0000] {processor.py:830} INFO - Processing file /home/airflow/.local/lib/python3.12/site-packages/airflow/example_dags/example_short_circuit_operator.py for tasks to queue
[2026-04-29T01:05:00.071+0000] {logging_mixin.py:188} INFO - [2026-04-29T01:05:00.070+0000] {dagbag.py:540} INFO - Filling up the DagBag from /home/airflow/.local/lib/python3.12/site-packages/airflow/example_dags/example_short_circuit_operator.py
[2026-04-29T01:05:00.079+0000] {processor.py:840} INFO - DAG(s) 'example_short_circuit_operator' retrieved from /home/airflow/.local/lib/python3.12/site-packages/airflow/example_dags/example_short_circuit_operator.py
[2026-04-29T01:05:00.109+0000] {logging_mixin.py:188} INFO - [2026-04-29T01:05:00.109+0000] {dag.py:3096} INFO - Sync 1 DAGs
[2026-04-29T01:05:00.135+0000] {logging_mixin.py:188} INFO - [2026-04-29T01:05:00.135+0000] {dag.py:3954} INFO - Setting next_dagrun for example_short_circuit_operator to 2026-04-28 00:00:00+00:00, run_after=2026-04-29 00:00:00+00:00
[2026-04-29T01:05:00.161+0000] {processor.py:183} INFO - Processing /home/airflow/.local/lib/python3.12/site-packages/airflow/example_dags/example_short_circuit_operator.py took 0.100 seconds
[2026-04-29T01:05:30.935+0000] {processor.py:161} INFO - Started process (PID=920) to work on /home/airflow/.local/lib/python3.12/site-packages/airflow/example_dags/example_short_circuit_operator.py
[2026-04-29T01:05:30.937+0000] {processor.py:830} INFO - Processing file /home/airflow/.local/lib/python3.12/site-packages/airflow/example_dags/example_short_circuit_operator.py for tasks to queue
[2026-04-29T01:05:30.939+0000] {logging_mixin.py:188} INFO - [2026-04-29T01:05:30.938+0000] {dagbag.py:540} INFO - Filling up the DagBag from /home/airflow/.local/lib/python3.12/site-packages/airflow/example_dags/example_short_circuit_operator.py
[2026-04-29T01:05:30.948+0000] {processor.py:840} INFO - DAG(s) 'example_short_circuit_operator' retrieved from /home/airflow/.local/lib/python3.12/site-packages/airflow/example_dags/example_short_circuit_operator.py
[2026-04-29T01:05:30.979+0000] {logging_mixin.py:188} INFO - [2026-04-29T01:05:30.979+0000] {dag.py:3096} INFO - Sync 1 DAGs
[2026-04-29T01:05:31.008+0000] {logging_mixin.py:188} INFO - [2026-04-29T01:05:31.007+0000] {dag.py:3954} INFO - Setting next_dagrun for example_short_circuit_operator to 2026-04-28 00:00:00+00:00, run_after=2026-04-29 00:00:00+00:00
[2026-04-29T01:05:31.031+0000] {processor.py:183} INFO - Processing /home/airflow/.local/lib/python3.12/site-packages/airflow/example_dags/example_short_circuit_operator.py took 0.102 seconds
[2026-04-29T01:06:01.267+0000] {processor.py:161} INFO - Started process (PID=980) to work on /home/airflow/.local/lib/python3.12/site-packages/airflow/example_dags/example_short_circuit_operator.py
[2026-04-29T01:06:01.283+0000] {processor.py:830} INFO - Processing file /home/airflow/.local/lib/python3.12/site-packages/airflow/example_dags/example_short_circuit_operator.py for tasks to queue
[2026-04-29T01:06:01.290+0000] {logging_mixin.py:188} INFO - [2026-04-29T01:06:01.290+0000] {dagbag.py:540} INFO - Filling up the DagBag from /home/airflow/.local/lib/python3.12/site-packages/airflow/example_dags/example_short_circuit_operator.py
[2026-04-29T01:06:01.322+0000] {processor.py:840} INFO - DAG(s) 'example_short_circuit_operator' retrieved from /home/airflow/.local/lib/python3.12/site-packages/airflow/example_dags/example_short_circuit_operator.py
[2026-04-29T01:06:01.476+0000] {logging_mixin.py:188} INFO - [2026-04-29T01:06:01.476+0000] {dag.py:3096} INFO - Sync 1 DAGs
[2026-04-29T01:06:01.613+0000] {logging_mixin.py:188} INFO - [2026-04-29T01:06:01.613+0000] {dag.py:3954} INFO - Setting next_dagrun for example_short_circuit_operator to 2026-04-28 00:00:00+00:00, run_after=2026-04-29 00:00:00+00:00
[2026-04-29T01:06:01.728+0000] {processor.py:183} INFO - Processing /home/airflow/.local/lib/python3.12/site-packages/airflow/example_dags/example_short_circuit_operator.py took 0.552 seconds
[2026-04-29T01:06:31.918+0000] {processor.py:161} INFO - Started process (PID=1040) to work on /home/airflow/.local/lib/python3.12/site-packages/airflow/example_dags/example_short_circuit_operator.py
[2026-04-29T01:06:31.922+0000] {processor.py:830} INFO - Processing file /home/airflow/.local/lib/python3.12/site-packages/airflow/example_dags/example_short_circuit_operator.py for tasks to queue
[2026-04-29T01:06:31.928+0000] {logging_mixin.py:188} INFO - [2026-04-29T01:06:31.927+0000] {dagbag.py:540} INFO - Filling up the DagBag from /home/airflow/.local/lib/python3.12/site-packages/airflow/example_dags/example_short_circuit_operator.py
[2026-04-29T01:06:31.959+0000] {processor.py:840} INFO - DAG(s) 'example_short_circuit_operator' retrieved from /home/airflow/.local/lib/python3.12/site-packages/airflow/example_dags/example_short_circuit_operator.py
[2026-04-29T01:06:32.006+0000] {logging_mixin.py:188} INFO - [2026-04-29T01:06:32.004+0000] {dag.py:3096} INFO - Sync 1 DAGs
[2026-04-29T01:06:32.387+0000] {logging_mixin.py:188} INFO - [2026-04-29T01:06:32.387+0000] {dag.py:3954} INFO - Setting next_dagrun for example_short_circuit_operator to 2026-04-28 00:00:00+00:00, run_after=2026-04-29 00:00:00+00:00
[2026-04-29T01:06:32.440+0000] {processor.py:183} INFO - Processing /home/airflow/.local/lib/python3.12/site-packages/airflow/example_dags/example_short_circuit_operator.py took 0.531 seconds
[2026-04-29T01:07:02.896+0000] {processor.py:161} INFO - Started process (PID=1099) to work on /home/airflow/.local/lib/python3.12/site-packages/airflow/example_dags/example_short_circuit_operator.py
[2026-04-29T01:07:02.899+0000] {processor.py:830} INFO - Processing file /home/airflow/.local/lib/python3.12/site-packages/airflow/example_dags/example_short_circuit_operator.py for tasks to queue
[2026-04-29T01:07:02.900+0000] {logging_mixin.py:188} INFO - [2026-04-29T01:07:02.900+0000] {dagbag.py:540} INFO - Filling up the DagBag from /home/airflow/.local/lib/python3.12/site-packages/airflow/example_dags/example_short_circuit_operator.py
[2026-04-29T01:07:02.907+0000] {processor.py:840} INFO - DAG(s) 'example_short_circuit_operator' retrieved from /home/airflow/.local/lib/python3.12/site-packages/airflow/example_dags/example_short_circuit_operator.py
[2026-04-29T01:07:02.927+0000] {logging_mixin.py:188} INFO - [2026-04-29T01:07:02.927+0000] {dag.py:3096} INFO - Sync 1 DAGs
[2026-04-29T01:07:02.945+0000] {logging_mixin.py:188} INFO - [2026-04-29T01:07:02.945+0000] {dag.py:3954} INFO - Setting next_dagrun for example_short_circuit_operator to 2026-04-28 00:00:00+00:00, run_after=2026-04-29 00:00:00+00:00
[2026-04-29T01:07:02.962+0000] {processor.py:183} INFO - Processing /home/airflow/.local/lib/python3.12/site-packages/airflow/example_dags/example_short_circuit_operator.py took 0.071 seconds
[2026-04-29T01:07:33.154+0000] {processor.py:161} INFO - Started process (PID=1159) to work on /home/airflow/.local/lib/python3.12/site-packages/airflow/example_dags/example_short_circuit_operator.py
[2026-04-29T01:07:33.155+0000] {processor.py:830} INFO - Processing file /home/airflow/.local/lib/python3.12/site-packages/airflow/example_dags/example_short_circuit_operator.py for tasks to queue
[2026-04-29T01:07:33.157+0000] {logging_mixin.py:188} INFO - [2026-04-29T01:07:33.156+0000] {dagbag.py:540} INFO - Filling up the DagBag from /home/airflow/.local/lib/python3.12/site-packages/airflow/example_dags/example_short_circuit_operator.py
[2026-04-29T01:07:33.163+0000] {processor.py:840} INFO - DAG(s) 'example_short_circuit_operator' retrieved from /home/airflow/.local/lib/python3.12/site-packages/airflow/example_dags/example_short_circuit_operator.py
[2026-04-29T01:07:33.190+0000] {logging_mixin.py:188} INFO - [2026-04-29T01:07:33.190+0000] {dag.py:3096} INFO - Sync 1 DAGs
[2026-04-29T01:07:33.209+0000] {logging_mixin.py:188} INFO - [2026-04-29T01:07:33.208+0000] {dag.py:3954} INFO - Setting next_dagrun for example_short_circuit_operator to 2026-04-28 00:00:00+00:00, run_after=2026-04-29 00:00:00+00:00
[2026-04-29T01:07:33.224+0000] {processor.py:183} INFO - Processing /home/airflow/.local/lib/python3.12/site-packages/airflow/example_dags/example_short_circuit_operator.py took 0.074 seconds
[2026-04-29T01:08:03.917+0000] {processor.py:161} INFO - Started process (PID=1219) to work on /home/airflow/.local/lib/python3.12/site-packages/airflow/example_dags/example_short_circuit_operator.py
[2026-04-29T01:08:03.924+0000] {processor.py:830} INFO - Processing file /home/airflow/.local/lib/python3.12/site-packages/airflow/example_dags/example_short_circuit_operator.py for tasks to queue
[2026-04-29T01:08:03.943+0000] {logging_mixin.py:188} INFO - [2026-04-29T01:08:03.941+0000] {dagbag.py:540} INFO - Filling up the DagBag from /home/airflow/.local/lib/python3.12/site-packages/airflow/example_dags/example_short_circuit_operator.py
[2026-04-29T01:08:04.179+0000] {processor.py:840} INFO - DAG(s) 'example_short_circuit_operator' retrieved from /home/airflow/.local/lib/python3.12/site-packages/airflow/example_dags/example_short_circuit_operator.py
[2026-04-29T01:08:04.206+0000] {logging_mixin.py:188} INFO - [2026-04-29T01:08:04.206+0000] {dag.py:3096} INFO - Sync 1 DAGs
[2026-04-29T01:08:04.231+0000] {logging_mixin.py:188} INFO - [2026-04-29T01:08:04.231+0000] {dag.py:3954} INFO - Setting next_dagrun for example_short_circuit_operator to 2026-04-28 00:00:00+00:00, run_after=2026-04-29 00:00:00+00:00
[2026-04-29T01:08:04.250+0000] {processor.py:183} INFO - Processing /home/airflow/.local/lib/python3.12/site-packages/airflow/example_dags/example_short_circuit_operator.py took 0.370 seconds
[2026-04-29T01:08:35.103+0000] {processor.py:161} INFO - Started process (PID=1284) to work on /home/airflow/.local/lib/python3.12/site-packages/airflow/example_dags/example_short_circuit_operator.py
[2026-04-29T01:08:35.107+0000] {processor.py:830} INFO - Processing file /home/airflow/.local/lib/python3.12/site-packages/airflow/example_dags/example_short_circuit_operator.py for tasks to queue
[2026-04-29T01:08:35.127+0000] {logging_mixin.py:188} INFO - [2026-04-29T01:08:35.126+0000] {dagbag.py:540} INFO - Filling up the DagBag from /home/airflow/.local/lib/python3.12/site-packages/airflow/example_dags/example_short_circuit_operator.py
[2026-04-29T01:08:35.200+0000] {processor.py:840} INFO - DAG(s) 'example_short_circuit_operator' retrieved from /home/airflow/.local/lib/python3.12/site-packages/airflow/example_dags/example_short_circuit_operator.py
[2026-04-29T01:08:35.404+0000] {logging_mixin.py:188} INFO - [2026-04-29T01:08:35.388+0000] {dag.py:3096} INFO - Sync 1 DAGs
[2026-04-29T01:08:35.641+0000] {logging_mixin.py:188} INFO - [2026-04-29T01:08:35.641+0000] {dag.py:3954} INFO - Setting next_dagrun for example_short_circuit_operator to 2026-04-28 00:00:00+00:00, run_after=2026-04-29 00:00:00+00:00
[2026-04-29T01:08:35.737+0000] {processor.py:183} INFO - Processing /home/airflow/.local/lib/python3.12/site-packages/airflow/example_dags/example_short_circuit_operator.py took 0.690 seconds
[2026-04-29T01:09:06.069+0000] {processor.py:161} INFO - Started process (PID=1344) to work on /home/airflow/.local/lib/python3.12/site-packages/airflow/example_dags/example_short_circuit_operator.py
[2026-04-29T01:09:06.084+0000] {processor.py:830} INFO - Processing file /home/airflow/.local/lib/python3.12/site-packages/airflow/example_dags/example_short_circuit_operator.py for tasks to queue
[2026-04-29T01:09:06.091+0000] {logging_mixin.py:188} INFO - [2026-04-29T01:09:06.091+0000] {dagbag.py:540} INFO - Filling up the DagBag from /home/airflow/.local/lib/python3.12/site-packages/airflow/example_dags/example_short_circuit_operator.py
[2026-04-29T01:09:06.114+0000] {processor.py:840} INFO - DAG(s) 'example_short_circuit_operator' retrieved from /home/airflow/.local/lib/python3.12/site-packages/airflow/example_dags/example_short_circuit_operator.py
[2026-04-29T01:09:06.316+0000] {logging_mixin.py:188} INFO - [2026-04-29T01:09:06.314+0000] {dag.py:3096} INFO - Sync 1 DAGs
[2026-04-29T01:09:06.353+0000] {logging_mixin.py:188} INFO - [2026-04-29T01:09:06.353+0000] {dag.py:3954} INFO - Setting next_dagrun for example_short_circuit_operator to 2026-04-28 00:00:00+00:00, run_after=2026-04-29 00:00:00+00:00
[2026-04-29T01:09:06.424+0000] {processor.py:183} INFO - Processing /home/airflow/.local/lib/python3.12/site-packages/airflow/example_dags/example_short_circuit_operator.py took 0.367 seconds
[2026-04-29T01:09:37.067+0000] {processor.py:161} INFO - Started process (PID=1402) to work on /home/airflow/.local/lib/python3.12/site-packages/airflow/example_dags/example_short_circuit_operator.py
[2026-04-29T01:09:37.072+0000] {processor.py:830} INFO - Processing file /home/airflow/.local/lib/python3.12/site-packages/airflow/example_dags/example_short_circuit_operator.py for tasks to queue
[2026-04-29T01:09:37.075+0000] {logging_mixin.py:188} INFO - [2026-04-29T01:09:37.075+0000] {dagbag.py:540} INFO - Filling up the DagBag from /home/airflow/.local/lib/python3.12/site-packages/airflow/example_dags/example_short_circuit_operator.py
[2026-04-29T01:09:37.112+0000] {processor.py:840} INFO - DAG(s) 'example_short_circuit_operator' retrieved from /home/airflow/.local/lib/python3.12/site-packages/airflow/example_dags/example_short_circuit_operator.py
[2026-04-29T01:09:37.199+0000] {logging_mixin.py:188} INFO - [2026-04-29T01:09:37.198+0000] {dag.py:3096} INFO - Sync 1 DAGs
[2026-04-29T01:09:37.248+0000] {logging_mixin.py:188} INFO - [2026-04-29T01:09:37.247+0000] {dag.py:3954} INFO - Setting next_dagrun for example_short_circuit_operator to 2026-04-28 00:00:00+00:00, run_after=2026-04-29 00:00:00+00:00
[2026-04-29T01:09:37.347+0000] {processor.py:183} INFO - Processing /home/airflow/.local/lib/python3.12/site-packages/airflow/example_dags/example_short_circuit_operator.py took 0.287 seconds
[2026-04-29T01:10:07.388+0000] {processor.py:161} INFO - Started process (PID=1462) to work on /home/airflow/.local/lib/python3.12/site-packages/airflow/example_dags/example_short_circuit_operator.py
[2026-04-29T01:10:07.389+0000] {processor.py:830} INFO - Processing file /home/airflow/.local/lib/python3.12/site-packages/airflow/example_dags/example_short_circuit_operator.py for tasks to queue
[2026-04-29T01:10:07.391+0000] {logging_mixin.py:188} INFO - [2026-04-29T01:10:07.390+0000] {dagbag.py:540} INFO - Filling up the DagBag from /home/airflow/.local/lib/python3.12/site-packages/airflow/example_dags/example_short_circuit_operator.py
[2026-04-29T01:10:07.397+0000] {processor.py:840} INFO - DAG(s) 'example_short_circuit_operator' retrieved from /home/airflow/.local/lib/python3.12/site-packages/airflow/example_dags/example_short_circuit_operator.py
[2026-04-29T01:10:07.418+0000] {logging_mixin.py:188} INFO - [2026-04-29T01:10:07.417+0000] {dag.py:3096} INFO - Sync 1 DAGs
[2026-04-29T01:10:07.462+0000] {logging_mixin.py:188} INFO - [2026-04-29T01:10:07.462+0000] {dag.py:3954} INFO - Setting next_dagrun for example_short_circuit_operator to 2026-04-28 00:00:00+00:00, run_after=2026-04-29 00:00:00+00:00
[2026-04-29T01:10:07.489+0000] {processor.py:183} INFO - Processing /home/airflow/.local/lib/python3.12/site-packages/airflow/example_dags/example_short_circuit_operator.py took 0.106 seconds
[2026-04-29T01:10:38.027+0000] {processor.py:161} INFO - Started process (PID=1522) to work on /home/airflow/.local/lib/python3.12/site-packages/airflow/example_dags/example_short_circuit_operator.py
[2026-04-29T01:10:38.031+0000] {processor.py:830} INFO - Processing file /home/airflow/.local/lib/python3.12/site-packages/airflow/example_dags/example_short_circuit_operator.py for tasks to queue
[2026-04-29T01:10:38.045+0000] {logging_mixin.py:188} INFO - [2026-04-29T01:10:38.044+0000] {dagbag.py:540} INFO - Filling up the DagBag from /home/airflow/.local/lib/python3.12/site-packages/airflow/example_dags/example_short_circuit_operator.py
[2026-04-29T01:10:38.078+0000] {processor.py:840} INFO - DAG(s) 'example_short_circuit_operator' retrieved from /home/airflow/.local/lib/python3.12/site-packages/airflow/example_dags/example_short_circuit_operator.py
[2026-04-29T01:10:38.144+0000] {logging_mixin.py:188} INFO - [2026-04-29T01:10:38.144+0000] {dag.py:3096} INFO - Sync 1 DAGs
[2026-04-29T01:10:38.190+0000] {logging_mixin.py:188} INFO - [2026-04-29T01:10:38.190+0000] {dag.py:3954} INFO - Setting next_dagrun for example_short_circuit_operator to 2026-04-28 00:00:00+00:00, run_after=2026-04-29 00:00:00+00:00
[2026-04-29T01:10:38.263+0000] {processor.py:183} INFO - Processing /home/airflow/.local/lib/python3.12/site-packages/airflow/example_dags/example_short_circuit_operator.py took 0.258 seconds
[2026-04-29T01:11:09.271+0000] {processor.py:161} INFO - Started process (PID=1581) to work on /home/airflow/.local/lib/python3.12/site-packages/airflow/example_dags/example_short_circuit_operator.py
[2026-04-29T01:11:09.276+0000] {processor.py:830} INFO - Processing file /home/airflow/.local/lib/python3.12/site-packages/airflow/example_dags/example_short_circuit_operator.py for tasks to queue
[2026-04-29T01:11:09.280+0000] {logging_mixin.py:188} INFO - [2026-04-29T01:11:09.280+0000] {dagbag.py:540} INFO - Filling up the DagBag from /home/airflow/.local/lib/python3.12/site-packages/airflow/example_dags/example_short_circuit_operator.py
[2026-04-29T01:11:09.299+0000] {processor.py:840} INFO - DAG(s) 'example_short_circuit_operator' retrieved from /home/airflow/.local/lib/python3.12/site-packages/airflow/example_dags/example_short_circuit_operator.py
[2026-04-29T01:11:09.380+0000] {logging_mixin.py:188} INFO - [2026-04-29T01:11:09.379+0000] {dag.py:3096} INFO - Sync 1 DAGs
[2026-04-29T01:11:09.436+0000] {logging_mixin.py:188} INFO - [2026-04-29T01:11:09.436+0000] {dag.py:3954} INFO - Setting next_dagrun for example_short_circuit_operator to 2026-04-28 00:00:00+00:00, run_after=2026-04-29 00:00:00+00:00
[2026-04-29T01:11:09.457+0000] {processor.py:183} INFO - Processing /home/airflow/.local/lib/python3.12/site-packages/airflow/example_dags/example_short_circuit_operator.py took 0.200 seconds
[2026-04-29T01:11:40.346+0000] {processor.py:161} INFO - Started process (PID=1641) to work on /home/airflow/.local/lib/python3.12/site-packages/airflow/example_dags/example_short_circuit_operator.py
[2026-04-29T01:11:40.347+0000] {processor.py:830} INFO - Processing file /home/airflow/.local/lib/python3.12/site-packages/airflow/example_dags/example_short_circuit_operator.py for tasks to queue
[2026-04-29T01:11:40.349+0000] {logging_mixin.py:188} INFO - [2026-04-29T01:11:40.348+0000] {dagbag.py:540} INFO - Filling up the DagBag from /home/airflow/.local/lib/python3.12/site-packages/airflow/example_dags/example_short_circuit_operator.py
[2026-04-29T01:11:40.359+0000] {processor.py:840} INFO - DAG(s) 'example_short_circuit_operator' retrieved from /home/airflow/.local/lib/python3.12/site-packages/airflow/example_dags/example_short_circuit_operator.py
[2026-04-29T01:11:40.391+0000] {logging_mixin.py:188} INFO - [2026-04-29T01:11:40.391+0000] {dag.py:3096} INFO - Sync 1 DAGs
[2026-04-29T01:11:40.420+0000] {logging_mixin.py:188} INFO - [2026-04-29T01:11:40.419+0000] {dag.py:3954} INFO - Setting next_dagrun for example_short_circuit_operator to 2026-04-28 00:00:00+00:00, run_after=2026-04-29 00:00:00+00:00
[2026-04-29T01:11:40.441+0000] {processor.py:183} INFO - Processing /home/airflow/.local/lib/python3.12/site-packages/airflow/example_dags/example_short_circuit_operator.py took 0.102 seconds
