[2026-04-29T00:55:02.915+0000] {processor.py:161} INFO - Started process (PID=103) to work on /home/airflow/.local/lib/python3.12/site-packages/airflow/example_dags/example_external_task_marker_dag.py
[2026-04-29T00:55:02.917+0000] {processor.py:830} INFO - Processing file /home/airflow/.local/lib/python3.12/site-packages/airflow/example_dags/example_external_task_marker_dag.py for tasks to queue
[2026-04-29T00:55:02.925+0000] {logging_mixin.py:188} INFO - [2026-04-29T00:55:02.924+0000] {dagbag.py:540} INFO - Filling up the DagBag from /home/airflow/.local/lib/python3.12/site-packages/airflow/example_dags/example_external_task_marker_dag.py
[2026-04-29T00:55:02.941+0000] {processor.py:840} INFO - DAG(s) 'example_external_task_marker_child', 'example_external_task_marker_parent' retrieved from /home/airflow/.local/lib/python3.12/site-packages/airflow/example_dags/example_external_task_marker_dag.py
[2026-04-29T00:55:02.996+0000] {logging_mixin.py:188} INFO - [2026-04-29T00:55:02.996+0000] {dag.py:3096} INFO - Sync 2 DAGs
[2026-04-29T00:55:03.020+0000] {logging_mixin.py:188} INFO - [2026-04-29T00:55:03.020+0000] {dag.py:3954} INFO - Setting next_dagrun for example_external_task_marker_child to None, run_after=None
[2026-04-29T00:55:03.031+0000] {logging_mixin.py:188} INFO - [2026-04-29T00:55:03.031+0000] {dag.py:3954} INFO - Setting next_dagrun for example_external_task_marker_parent to None, run_after=None
[2026-04-29T00:55:03.050+0000] {processor.py:183} INFO - Processing /home/airflow/.local/lib/python3.12/site-packages/airflow/example_dags/example_external_task_marker_dag.py took 0.158 seconds
[2026-04-29T00:58:28.690+0000] {processor.py:161} INFO - Started process (PID=117) to work on /home/airflow/.local/lib/python3.12/site-packages/airflow/example_dags/example_external_task_marker_dag.py
[2026-04-29T00:58:28.691+0000] {processor.py:830} INFO - Processing file /home/airflow/.local/lib/python3.12/site-packages/airflow/example_dags/example_external_task_marker_dag.py for tasks to queue
[2026-04-29T00:58:28.694+0000] {logging_mixin.py:188} INFO - [2026-04-29T00:58:28.693+0000] {dagbag.py:540} INFO - Filling up the DagBag from /home/airflow/.local/lib/python3.12/site-packages/airflow/example_dags/example_external_task_marker_dag.py
[2026-04-29T00:58:28.709+0000] {processor.py:840} INFO - DAG(s) 'example_external_task_marker_parent', 'example_external_task_marker_child' retrieved from /home/airflow/.local/lib/python3.12/site-packages/airflow/example_dags/example_external_task_marker_dag.py
[2026-04-29T00:58:28.904+0000] {logging_mixin.py:188} INFO - [2026-04-29T00:58:28.904+0000] {override.py:1829} INFO - Created Permission View: can edit on DAG:example_external_task_marker_parent
[2026-04-29T00:58:28.918+0000] {logging_mixin.py:188} INFO - [2026-04-29T00:58:28.918+0000] {override.py:1829} INFO - Created Permission View: can delete on DAG:example_external_task_marker_parent
[2026-04-29T00:58:28.925+0000] {logging_mixin.py:188} INFO - [2026-04-29T00:58:28.924+0000] {override.py:1829} INFO - Created Permission View: can read on DAG:example_external_task_marker_parent
[2026-04-29T00:58:28.963+0000] {logging_mixin.py:188} INFO - [2026-04-29T00:58:28.962+0000] {override.py:1829} INFO - Created Permission View: can edit on DAG:example_external_task_marker_child
[2026-04-29T00:58:28.977+0000] {logging_mixin.py:188} INFO - [2026-04-29T00:58:28.977+0000] {override.py:1829} INFO - Created Permission View: can delete on DAG:example_external_task_marker_child
[2026-04-29T00:58:29.007+0000] {logging_mixin.py:188} INFO - [2026-04-29T00:58:29.007+0000] {override.py:1829} INFO - Created Permission View: can read on DAG:example_external_task_marker_child
[2026-04-29T00:58:29.008+0000] {logging_mixin.py:188} INFO - [2026-04-29T00:58:29.008+0000] {dag.py:3096} INFO - Sync 2 DAGs
[2026-04-29T00:58:29.040+0000] {logging_mixin.py:188} INFO - [2026-04-29T00:58:29.040+0000] {dag.py:3118} INFO - Creating ORM DAG for example_external_task_marker_parent
[2026-04-29T00:58:29.041+0000] {logging_mixin.py:188} INFO - [2026-04-29T00:58:29.041+0000] {dag.py:3118} INFO - Creating ORM DAG for example_external_task_marker_child
[2026-04-29T00:58:29.045+0000] {logging_mixin.py:188} INFO - [2026-04-29T00:58:29.045+0000] {dag.py:3954} INFO - Setting next_dagrun for example_external_task_marker_child to None, run_after=None
[2026-04-29T00:58:29.052+0000] {logging_mixin.py:188} INFO - [2026-04-29T00:58:29.047+0000] {dag.py:3954} INFO - Setting next_dagrun for example_external_task_marker_parent to None, run_after=None
[2026-04-29T00:58:29.103+0000] {processor.py:183} INFO - Processing /home/airflow/.local/lib/python3.12/site-packages/airflow/example_dags/example_external_task_marker_dag.py took 0.420 seconds
[2026-04-29T00:58:59.563+0000] {processor.py:161} INFO - Started process (PID=177) to work on /home/airflow/.local/lib/python3.12/site-packages/airflow/example_dags/example_external_task_marker_dag.py
[2026-04-29T00:58:59.564+0000] {processor.py:830} INFO - Processing file /home/airflow/.local/lib/python3.12/site-packages/airflow/example_dags/example_external_task_marker_dag.py for tasks to queue
[2026-04-29T00:58:59.567+0000] {logging_mixin.py:188} INFO - [2026-04-29T00:58:59.566+0000] {dagbag.py:540} INFO - Filling up the DagBag from /home/airflow/.local/lib/python3.12/site-packages/airflow/example_dags/example_external_task_marker_dag.py
[2026-04-29T00:58:59.574+0000] {processor.py:840} INFO - DAG(s) 'example_external_task_marker_child', 'example_external_task_marker_parent' retrieved from /home/airflow/.local/lib/python3.12/site-packages/airflow/example_dags/example_external_task_marker_dag.py
[2026-04-29T00:58:59.602+0000] {logging_mixin.py:188} INFO - [2026-04-29T00:58:59.602+0000] {dag.py:3096} INFO - Sync 2 DAGs
[2026-04-29T00:58:59.614+0000] {logging_mixin.py:188} INFO - [2026-04-29T00:58:59.614+0000] {dag.py:3954} INFO - Setting next_dagrun for example_external_task_marker_child to None, run_after=None
[2026-04-29T00:58:59.618+0000] {logging_mixin.py:188} INFO - [2026-04-29T00:58:59.618+0000] {dag.py:3954} INFO - Setting next_dagrun for example_external_task_marker_parent to None, run_after=None
[2026-04-29T00:58:59.632+0000] {processor.py:183} INFO - Processing /home/airflow/.local/lib/python3.12/site-packages/airflow/example_dags/example_external_task_marker_dag.py took 0.076 seconds
[2026-04-29T00:59:30.373+0000] {processor.py:161} INFO - Started process (PID=236) to work on /home/airflow/.local/lib/python3.12/site-packages/airflow/example_dags/example_external_task_marker_dag.py
[2026-04-29T00:59:30.375+0000] {processor.py:830} INFO - Processing file /home/airflow/.local/lib/python3.12/site-packages/airflow/example_dags/example_external_task_marker_dag.py for tasks to queue
[2026-04-29T00:59:30.377+0000] {logging_mixin.py:188} INFO - [2026-04-29T00:59:30.376+0000] {dagbag.py:540} INFO - Filling up the DagBag from /home/airflow/.local/lib/python3.12/site-packages/airflow/example_dags/example_external_task_marker_dag.py
[2026-04-29T00:59:30.385+0000] {processor.py:840} INFO - DAG(s) 'example_external_task_marker_parent', 'example_external_task_marker_child' retrieved from /home/airflow/.local/lib/python3.12/site-packages/airflow/example_dags/example_external_task_marker_dag.py
[2026-04-29T00:59:30.412+0000] {logging_mixin.py:188} INFO - [2026-04-29T00:59:30.412+0000] {dag.py:3096} INFO - Sync 2 DAGs
[2026-04-29T00:59:30.426+0000] {logging_mixin.py:188} INFO - [2026-04-29T00:59:30.426+0000] {dag.py:3954} INFO - Setting next_dagrun for example_external_task_marker_child to None, run_after=None
[2026-04-29T00:59:30.430+0000] {logging_mixin.py:188} INFO - [2026-04-29T00:59:30.430+0000] {dag.py:3954} INFO - Setting next_dagrun for example_external_task_marker_parent to None, run_after=None
[2026-04-29T00:59:30.445+0000] {processor.py:183} INFO - Processing /home/airflow/.local/lib/python3.12/site-packages/airflow/example_dags/example_external_task_marker_dag.py took 0.079 seconds
[2026-04-29T01:00:01.183+0000] {processor.py:161} INFO - Started process (PID=295) to work on /home/airflow/.local/lib/python3.12/site-packages/airflow/example_dags/example_external_task_marker_dag.py
[2026-04-29T01:00:01.184+0000] {processor.py:830} INFO - Processing file /home/airflow/.local/lib/python3.12/site-packages/airflow/example_dags/example_external_task_marker_dag.py for tasks to queue
[2026-04-29T01:00:01.186+0000] {logging_mixin.py:188} INFO - [2026-04-29T01:00:01.186+0000] {dagbag.py:540} INFO - Filling up the DagBag from /home/airflow/.local/lib/python3.12/site-packages/airflow/example_dags/example_external_task_marker_dag.py
[2026-04-29T01:00:01.195+0000] {processor.py:840} INFO - DAG(s) 'example_external_task_marker_parent', 'example_external_task_marker_child' retrieved from /home/airflow/.local/lib/python3.12/site-packages/airflow/example_dags/example_external_task_marker_dag.py
[2026-04-29T01:00:01.247+0000] {logging_mixin.py:188} INFO - [2026-04-29T01:00:01.247+0000] {dag.py:3096} INFO - Sync 2 DAGs
[2026-04-29T01:00:01.265+0000] {logging_mixin.py:188} INFO - [2026-04-29T01:00:01.265+0000] {dag.py:3954} INFO - Setting next_dagrun for example_external_task_marker_child to None, run_after=None
[2026-04-29T01:00:01.270+0000] {logging_mixin.py:188} INFO - [2026-04-29T01:00:01.270+0000] {dag.py:3954} INFO - Setting next_dagrun for example_external_task_marker_parent to None, run_after=None
[2026-04-29T01:00:01.289+0000] {processor.py:183} INFO - Processing /home/airflow/.local/lib/python3.12/site-packages/airflow/example_dags/example_external_task_marker_dag.py took 0.115 seconds
[2026-04-29T01:00:34.028+0000] {processor.py:161} INFO - Started process (PID=356) to work on /home/airflow/.local/lib/python3.12/site-packages/airflow/example_dags/example_external_task_marker_dag.py
[2026-04-29T01:00:34.031+0000] {processor.py:830} INFO - Processing file /home/airflow/.local/lib/python3.12/site-packages/airflow/example_dags/example_external_task_marker_dag.py for tasks to queue
[2026-04-29T01:00:34.034+0000] {logging_mixin.py:188} INFO - [2026-04-29T01:00:34.034+0000] {dagbag.py:540} INFO - Filling up the DagBag from /home/airflow/.local/lib/python3.12/site-packages/airflow/example_dags/example_external_task_marker_dag.py
[2026-04-29T01:00:34.049+0000] {processor.py:840} INFO - DAG(s) 'example_external_task_marker_child', 'example_external_task_marker_parent' retrieved from /home/airflow/.local/lib/python3.12/site-packages/airflow/example_dags/example_external_task_marker_dag.py
[2026-04-29T01:00:34.222+0000] {logging_mixin.py:188} INFO - [2026-04-29T01:00:34.222+0000] {dag.py:3096} INFO - Sync 2 DAGs
[2026-04-29T01:00:34.333+0000] {logging_mixin.py:188} INFO - [2026-04-29T01:00:34.333+0000] {dag.py:3954} INFO - Setting next_dagrun for example_external_task_marker_child to None, run_after=None
[2026-04-29T01:00:34.355+0000] {logging_mixin.py:188} INFO - [2026-04-29T01:00:34.354+0000] {dag.py:3954} INFO - Setting next_dagrun for example_external_task_marker_parent to None, run_after=None
[2026-04-29T01:00:34.399+0000] {processor.py:183} INFO - Processing /home/airflow/.local/lib/python3.12/site-packages/airflow/example_dags/example_external_task_marker_dag.py took 0.381 seconds
[2026-04-29T01:01:04.987+0000] {processor.py:161} INFO - Started process (PID=415) to work on /home/airflow/.local/lib/python3.12/site-packages/airflow/example_dags/example_external_task_marker_dag.py
[2026-04-29T01:01:05.009+0000] {processor.py:830} INFO - Processing file /home/airflow/.local/lib/python3.12/site-packages/airflow/example_dags/example_external_task_marker_dag.py for tasks to queue
[2026-04-29T01:01:05.015+0000] {logging_mixin.py:188} INFO - [2026-04-29T01:01:05.014+0000] {dagbag.py:540} INFO - Filling up the DagBag from /home/airflow/.local/lib/python3.12/site-packages/airflow/example_dags/example_external_task_marker_dag.py
[2026-04-29T01:01:05.032+0000] {processor.py:840} INFO - DAG(s) 'example_external_task_marker_child', 'example_external_task_marker_parent' retrieved from /home/airflow/.local/lib/python3.12/site-packages/airflow/example_dags/example_external_task_marker_dag.py
[2026-04-29T01:01:05.073+0000] {logging_mixin.py:188} INFO - [2026-04-29T01:01:05.073+0000] {dag.py:3096} INFO - Sync 2 DAGs
[2026-04-29T01:01:05.090+0000] {logging_mixin.py:188} INFO - [2026-04-29T01:01:05.089+0000] {dag.py:3954} INFO - Setting next_dagrun for example_external_task_marker_child to None, run_after=None
[2026-04-29T01:01:05.097+0000] {logging_mixin.py:188} INFO - [2026-04-29T01:01:05.096+0000] {dag.py:3954} INFO - Setting next_dagrun for example_external_task_marker_parent to None, run_after=None
[2026-04-29T01:01:05.125+0000] {processor.py:183} INFO - Processing /home/airflow/.local/lib/python3.12/site-packages/airflow/example_dags/example_external_task_marker_dag.py took 0.166 seconds
[2026-04-29T01:01:35.586+0000] {processor.py:161} INFO - Started process (PID=474) to work on /home/airflow/.local/lib/python3.12/site-packages/airflow/example_dags/example_external_task_marker_dag.py
[2026-04-29T01:01:35.595+0000] {processor.py:830} INFO - Processing file /home/airflow/.local/lib/python3.12/site-packages/airflow/example_dags/example_external_task_marker_dag.py for tasks to queue
[2026-04-29T01:01:35.606+0000] {logging_mixin.py:188} INFO - [2026-04-29T01:01:35.605+0000] {dagbag.py:540} INFO - Filling up the DagBag from /home/airflow/.local/lib/python3.12/site-packages/airflow/example_dags/example_external_task_marker_dag.py
[2026-04-29T01:01:35.635+0000] {processor.py:840} INFO - DAG(s) 'example_external_task_marker_child', 'example_external_task_marker_parent' retrieved from /home/airflow/.local/lib/python3.12/site-packages/airflow/example_dags/example_external_task_marker_dag.py
[2026-04-29T01:01:35.737+0000] {logging_mixin.py:188} INFO - [2026-04-29T01:01:35.737+0000] {dag.py:3096} INFO - Sync 2 DAGs
[2026-04-29T01:01:35.760+0000] {logging_mixin.py:188} INFO - [2026-04-29T01:01:35.760+0000] {dag.py:3954} INFO - Setting next_dagrun for example_external_task_marker_child to None, run_after=None
[2026-04-29T01:01:35.766+0000] {logging_mixin.py:188} INFO - [2026-04-29T01:01:35.765+0000] {dag.py:3954} INFO - Setting next_dagrun for example_external_task_marker_parent to None, run_after=None
[2026-04-29T01:01:35.793+0000] {processor.py:183} INFO - Processing /home/airflow/.local/lib/python3.12/site-packages/airflow/example_dags/example_external_task_marker_dag.py took 0.224 seconds
[2026-04-29T01:02:05.985+0000] {processor.py:161} INFO - Started process (PID=533) to work on /home/airflow/.local/lib/python3.12/site-packages/airflow/example_dags/example_external_task_marker_dag.py
[2026-04-29T01:02:05.987+0000] {processor.py:830} INFO - Processing file /home/airflow/.local/lib/python3.12/site-packages/airflow/example_dags/example_external_task_marker_dag.py for tasks to queue
[2026-04-29T01:02:05.991+0000] {logging_mixin.py:188} INFO - [2026-04-29T01:02:05.990+0000] {dagbag.py:540} INFO - Filling up the DagBag from /home/airflow/.local/lib/python3.12/site-packages/airflow/example_dags/example_external_task_marker_dag.py
[2026-04-29T01:02:06.004+0000] {processor.py:840} INFO - DAG(s) 'example_external_task_marker_parent', 'example_external_task_marker_child' retrieved from /home/airflow/.local/lib/python3.12/site-packages/airflow/example_dags/example_external_task_marker_dag.py
[2026-04-29T01:02:06.072+0000] {logging_mixin.py:188} INFO - [2026-04-29T01:02:06.072+0000] {dag.py:3096} INFO - Sync 2 DAGs
[2026-04-29T01:02:06.089+0000] {logging_mixin.py:188} INFO - [2026-04-29T01:02:06.089+0000] {dag.py:3954} INFO - Setting next_dagrun for example_external_task_marker_child to None, run_after=None
[2026-04-29T01:02:06.095+0000] {logging_mixin.py:188} INFO - [2026-04-29T01:02:06.095+0000] {dag.py:3954} INFO - Setting next_dagrun for example_external_task_marker_parent to None, run_after=None
[2026-04-29T01:02:06.131+0000] {processor.py:183} INFO - Processing /home/airflow/.local/lib/python3.12/site-packages/airflow/example_dags/example_external_task_marker_dag.py took 0.157 seconds
[2026-04-29T01:02:36.319+0000] {processor.py:161} INFO - Started process (PID=592) to work on /home/airflow/.local/lib/python3.12/site-packages/airflow/example_dags/example_external_task_marker_dag.py
[2026-04-29T01:02:36.320+0000] {processor.py:830} INFO - Processing file /home/airflow/.local/lib/python3.12/site-packages/airflow/example_dags/example_external_task_marker_dag.py for tasks to queue
[2026-04-29T01:02:36.322+0000] {logging_mixin.py:188} INFO - [2026-04-29T01:02:36.322+0000] {dagbag.py:540} INFO - Filling up the DagBag from /home/airflow/.local/lib/python3.12/site-packages/airflow/example_dags/example_external_task_marker_dag.py
[2026-04-29T01:02:36.327+0000] {processor.py:840} INFO - DAG(s) 'example_external_task_marker_parent', 'example_external_task_marker_child' retrieved from /home/airflow/.local/lib/python3.12/site-packages/airflow/example_dags/example_external_task_marker_dag.py
[2026-04-29T01:02:36.347+0000] {logging_mixin.py:188} INFO - [2026-04-29T01:02:36.347+0000] {dag.py:3096} INFO - Sync 2 DAGs
[2026-04-29T01:02:36.362+0000] {logging_mixin.py:188} INFO - [2026-04-29T01:02:36.362+0000] {dag.py:3954} INFO - Setting next_dagrun for example_external_task_marker_child to None, run_after=None
[2026-04-29T01:02:36.365+0000] {logging_mixin.py:188} INFO - [2026-04-29T01:02:36.365+0000] {dag.py:3954} INFO - Setting next_dagrun for example_external_task_marker_parent to None, run_after=None
[2026-04-29T01:02:36.379+0000] {processor.py:183} INFO - Processing /home/airflow/.local/lib/python3.12/site-packages/airflow/example_dags/example_external_task_marker_dag.py took 0.066 seconds
[2026-04-29T01:03:06.884+0000] {processor.py:161} INFO - Started process (PID=653) to work on /home/airflow/.local/lib/python3.12/site-packages/airflow/example_dags/example_external_task_marker_dag.py
[2026-04-29T01:03:06.885+0000] {processor.py:830} INFO - Processing file /home/airflow/.local/lib/python3.12/site-packages/airflow/example_dags/example_external_task_marker_dag.py for tasks to queue
[2026-04-29T01:03:06.889+0000] {logging_mixin.py:188} INFO - [2026-04-29T01:03:06.888+0000] {dagbag.py:540} INFO - Filling up the DagBag from /home/airflow/.local/lib/python3.12/site-packages/airflow/example_dags/example_external_task_marker_dag.py
[2026-04-29T01:03:06.904+0000] {processor.py:840} INFO - DAG(s) 'example_external_task_marker_child', 'example_external_task_marker_parent' retrieved from /home/airflow/.local/lib/python3.12/site-packages/airflow/example_dags/example_external_task_marker_dag.py
[2026-04-29T01:03:06.953+0000] {logging_mixin.py:188} INFO - [2026-04-29T01:03:06.953+0000] {dag.py:3096} INFO - Sync 2 DAGs
[2026-04-29T01:03:06.970+0000] {logging_mixin.py:188} INFO - [2026-04-29T01:03:06.969+0000] {dag.py:3954} INFO - Setting next_dagrun for example_external_task_marker_child to None, run_after=None
[2026-04-29T01:03:06.974+0000] {logging_mixin.py:188} INFO - [2026-04-29T01:03:06.974+0000] {dag.py:3954} INFO - Setting next_dagrun for example_external_task_marker_parent to None, run_after=None
[2026-04-29T01:03:06.995+0000] {processor.py:183} INFO - Processing /home/airflow/.local/lib/python3.12/site-packages/airflow/example_dags/example_external_task_marker_dag.py took 0.126 seconds
[2026-04-29T01:03:37.215+0000] {processor.py:161} INFO - Started process (PID=713) to work on /home/airflow/.local/lib/python3.12/site-packages/airflow/example_dags/example_external_task_marker_dag.py
[2026-04-29T01:03:37.215+0000] {processor.py:830} INFO - Processing file /home/airflow/.local/lib/python3.12/site-packages/airflow/example_dags/example_external_task_marker_dag.py for tasks to queue
[2026-04-29T01:03:37.218+0000] {logging_mixin.py:188} INFO - [2026-04-29T01:03:37.217+0000] {dagbag.py:540} INFO - Filling up the DagBag from /home/airflow/.local/lib/python3.12/site-packages/airflow/example_dags/example_external_task_marker_dag.py
[2026-04-29T01:03:37.224+0000] {processor.py:840} INFO - DAG(s) 'example_external_task_marker_child', 'example_external_task_marker_parent' retrieved from /home/airflow/.local/lib/python3.12/site-packages/airflow/example_dags/example_external_task_marker_dag.py
[2026-04-29T01:03:37.247+0000] {logging_mixin.py:188} INFO - [2026-04-29T01:03:37.247+0000] {dag.py:3096} INFO - Sync 2 DAGs
[2026-04-29T01:03:37.259+0000] {logging_mixin.py:188} INFO - [2026-04-29T01:03:37.259+0000] {dag.py:3954} INFO - Setting next_dagrun for example_external_task_marker_child to None, run_after=None
[2026-04-29T01:03:37.262+0000] {logging_mixin.py:188} INFO - [2026-04-29T01:03:37.262+0000] {dag.py:3954} INFO - Setting next_dagrun for example_external_task_marker_parent to None, run_after=None
[2026-04-29T01:03:37.277+0000] {processor.py:183} INFO - Processing /home/airflow/.local/lib/python3.12/site-packages/airflow/example_dags/example_external_task_marker_dag.py took 0.070 seconds
[2026-04-29T01:04:08.101+0000] {processor.py:161} INFO - Started process (PID=773) to work on /home/airflow/.local/lib/python3.12/site-packages/airflow/example_dags/example_external_task_marker_dag.py
[2026-04-29T01:04:08.104+0000] {processor.py:830} INFO - Processing file /home/airflow/.local/lib/python3.12/site-packages/airflow/example_dags/example_external_task_marker_dag.py for tasks to queue
[2026-04-29T01:04:08.110+0000] {logging_mixin.py:188} INFO - [2026-04-29T01:04:08.110+0000] {dagbag.py:540} INFO - Filling up the DagBag from /home/airflow/.local/lib/python3.12/site-packages/airflow/example_dags/example_external_task_marker_dag.py
[2026-04-29T01:04:08.133+0000] {processor.py:840} INFO - DAG(s) 'example_external_task_marker_parent', 'example_external_task_marker_child' retrieved from /home/airflow/.local/lib/python3.12/site-packages/airflow/example_dags/example_external_task_marker_dag.py
[2026-04-29T01:04:08.215+0000] {logging_mixin.py:188} INFO - [2026-04-29T01:04:08.214+0000] {dag.py:3096} INFO - Sync 2 DAGs
[2026-04-29T01:04:08.251+0000] {logging_mixin.py:188} INFO - [2026-04-29T01:04:08.251+0000] {dag.py:3954} INFO - Setting next_dagrun for example_external_task_marker_child to None, run_after=None
[2026-04-29T01:04:08.256+0000] {logging_mixin.py:188} INFO - [2026-04-29T01:04:08.256+0000] {dag.py:3954} INFO - Setting next_dagrun for example_external_task_marker_parent to None, run_after=None
[2026-04-29T01:04:08.274+0000] {processor.py:183} INFO - Processing /home/airflow/.local/lib/python3.12/site-packages/airflow/example_dags/example_external_task_marker_dag.py took 0.194 seconds
[2026-04-29T01:04:39.257+0000] {processor.py:161} INFO - Started process (PID=834) to work on /home/airflow/.local/lib/python3.12/site-packages/airflow/example_dags/example_external_task_marker_dag.py
[2026-04-29T01:04:39.258+0000] {processor.py:830} INFO - Processing file /home/airflow/.local/lib/python3.12/site-packages/airflow/example_dags/example_external_task_marker_dag.py for tasks to queue
[2026-04-29T01:04:39.260+0000] {logging_mixin.py:188} INFO - [2026-04-29T01:04:39.260+0000] {dagbag.py:540} INFO - Filling up the DagBag from /home/airflow/.local/lib/python3.12/site-packages/airflow/example_dags/example_external_task_marker_dag.py
[2026-04-29T01:04:39.267+0000] {processor.py:840} INFO - DAG(s) 'example_external_task_marker_child', 'example_external_task_marker_parent' retrieved from /home/airflow/.local/lib/python3.12/site-packages/airflow/example_dags/example_external_task_marker_dag.py
[2026-04-29T01:04:39.326+0000] {logging_mixin.py:188} INFO - [2026-04-29T01:04:39.326+0000] {dag.py:3096} INFO - Sync 2 DAGs
[2026-04-29T01:04:39.345+0000] {logging_mixin.py:188} INFO - [2026-04-29T01:04:39.345+0000] {dag.py:3954} INFO - Setting next_dagrun for example_external_task_marker_child to None, run_after=None
[2026-04-29T01:04:39.349+0000] {logging_mixin.py:188} INFO - [2026-04-29T01:04:39.349+0000] {dag.py:3954} INFO - Setting next_dagrun for example_external_task_marker_parent to None, run_after=None
[2026-04-29T01:04:39.367+0000] {processor.py:183} INFO - Processing /home/airflow/.local/lib/python3.12/site-packages/airflow/example_dags/example_external_task_marker_dag.py took 0.117 seconds
[2026-04-29T01:05:10.805+0000] {processor.py:161} INFO - Started process (PID=896) to work on /home/airflow/.local/lib/python3.12/site-packages/airflow/example_dags/example_external_task_marker_dag.py
[2026-04-29T01:05:10.810+0000] {processor.py:830} INFO - Processing file /home/airflow/.local/lib/python3.12/site-packages/airflow/example_dags/example_external_task_marker_dag.py for tasks to queue
[2026-04-29T01:05:10.818+0000] {logging_mixin.py:188} INFO - [2026-04-29T01:05:10.814+0000] {dagbag.py:540} INFO - Filling up the DagBag from /home/airflow/.local/lib/python3.12/site-packages/airflow/example_dags/example_external_task_marker_dag.py
[2026-04-29T01:05:10.839+0000] {processor.py:840} INFO - DAG(s) 'example_external_task_marker_parent', 'example_external_task_marker_child' retrieved from /home/airflow/.local/lib/python3.12/site-packages/airflow/example_dags/example_external_task_marker_dag.py
[2026-04-29T01:05:10.988+0000] {logging_mixin.py:188} INFO - [2026-04-29T01:05:10.988+0000] {dag.py:3096} INFO - Sync 2 DAGs
[2026-04-29T01:05:11.076+0000] {logging_mixin.py:188} INFO - [2026-04-29T01:05:11.076+0000] {dag.py:3954} INFO - Setting next_dagrun for example_external_task_marker_child to None, run_after=None
[2026-04-29T01:05:11.112+0000] {logging_mixin.py:188} INFO - [2026-04-29T01:05:11.112+0000] {dag.py:3954} INFO - Setting next_dagrun for example_external_task_marker_parent to None, run_after=None
[2026-04-29T01:05:11.198+0000] {processor.py:183} INFO - Processing /home/airflow/.local/lib/python3.12/site-packages/airflow/example_dags/example_external_task_marker_dag.py took 0.427 seconds
[2026-04-29T01:05:42.384+0000] {processor.py:161} INFO - Started process (PID=957) to work on /home/airflow/.local/lib/python3.12/site-packages/airflow/example_dags/example_external_task_marker_dag.py
[2026-04-29T01:05:42.385+0000] {processor.py:830} INFO - Processing file /home/airflow/.local/lib/python3.12/site-packages/airflow/example_dags/example_external_task_marker_dag.py for tasks to queue
[2026-04-29T01:05:42.387+0000] {logging_mixin.py:188} INFO - [2026-04-29T01:05:42.387+0000] {dagbag.py:540} INFO - Filling up the DagBag from /home/airflow/.local/lib/python3.12/site-packages/airflow/example_dags/example_external_task_marker_dag.py
[2026-04-29T01:05:42.394+0000] {processor.py:840} INFO - DAG(s) 'example_external_task_marker_child', 'example_external_task_marker_parent' retrieved from /home/airflow/.local/lib/python3.12/site-packages/airflow/example_dags/example_external_task_marker_dag.py
[2026-04-29T01:05:42.422+0000] {logging_mixin.py:188} INFO - [2026-04-29T01:05:42.422+0000] {dag.py:3096} INFO - Sync 2 DAGs
[2026-04-29T01:05:42.438+0000] {logging_mixin.py:188} INFO - [2026-04-29T01:05:42.438+0000] {dag.py:3954} INFO - Setting next_dagrun for example_external_task_marker_child to None, run_after=None
[2026-04-29T01:05:42.443+0000] {logging_mixin.py:188} INFO - [2026-04-29T01:05:42.442+0000] {dag.py:3954} INFO - Setting next_dagrun for example_external_task_marker_parent to None, run_after=None
[2026-04-29T01:05:42.784+0000] {processor.py:183} INFO - Processing /home/airflow/.local/lib/python3.12/site-packages/airflow/example_dags/example_external_task_marker_dag.py took 0.408 seconds
[2026-04-29T01:06:13.845+0000] {processor.py:161} INFO - Started process (PID=1017) to work on /home/airflow/.local/lib/python3.12/site-packages/airflow/example_dags/example_external_task_marker_dag.py
[2026-04-29T01:06:13.859+0000] {processor.py:830} INFO - Processing file /home/airflow/.local/lib/python3.12/site-packages/airflow/example_dags/example_external_task_marker_dag.py for tasks to queue
[2026-04-29T01:06:13.872+0000] {logging_mixin.py:188} INFO - [2026-04-29T01:06:13.872+0000] {dagbag.py:540} INFO - Filling up the DagBag from /home/airflow/.local/lib/python3.12/site-packages/airflow/example_dags/example_external_task_marker_dag.py
[2026-04-29T01:06:13.957+0000] {processor.py:840} INFO - DAG(s) 'example_external_task_marker_child', 'example_external_task_marker_parent' retrieved from /home/airflow/.local/lib/python3.12/site-packages/airflow/example_dags/example_external_task_marker_dag.py
[2026-04-29T01:06:14.493+0000] {logging_mixin.py:188} INFO - [2026-04-29T01:06:14.493+0000] {dag.py:3096} INFO - Sync 2 DAGs
[2026-04-29T01:06:14.664+0000] {logging_mixin.py:188} INFO - [2026-04-29T01:06:14.661+0000] {dag.py:3954} INFO - Setting next_dagrun for example_external_task_marker_child to None, run_after=None
[2026-04-29T01:06:14.734+0000] {logging_mixin.py:188} INFO - [2026-04-29T01:06:14.728+0000] {dag.py:3954} INFO - Setting next_dagrun for example_external_task_marker_parent to None, run_after=None
[2026-04-29T01:06:14.872+0000] {processor.py:183} INFO - Processing /home/airflow/.local/lib/python3.12/site-packages/airflow/example_dags/example_external_task_marker_dag.py took 1.084 seconds
[2026-04-29T01:06:45.282+0000] {processor.py:161} INFO - Started process (PID=1077) to work on /home/airflow/.local/lib/python3.12/site-packages/airflow/example_dags/example_external_task_marker_dag.py
[2026-04-29T01:06:45.312+0000] {processor.py:830} INFO - Processing file /home/airflow/.local/lib/python3.12/site-packages/airflow/example_dags/example_external_task_marker_dag.py for tasks to queue
[2026-04-29T01:06:45.316+0000] {logging_mixin.py:188} INFO - [2026-04-29T01:06:45.315+0000] {dagbag.py:540} INFO - Filling up the DagBag from /home/airflow/.local/lib/python3.12/site-packages/airflow/example_dags/example_external_task_marker_dag.py
[2026-04-29T01:06:45.328+0000] {processor.py:840} INFO - DAG(s) 'example_external_task_marker_parent', 'example_external_task_marker_child' retrieved from /home/airflow/.local/lib/python3.12/site-packages/airflow/example_dags/example_external_task_marker_dag.py
[2026-04-29T01:06:45.441+0000] {logging_mixin.py:188} INFO - [2026-04-29T01:06:45.441+0000] {dag.py:3096} INFO - Sync 2 DAGs
[2026-04-29T01:06:45.481+0000] {logging_mixin.py:188} INFO - [2026-04-29T01:06:45.481+0000] {dag.py:3954} INFO - Setting next_dagrun for example_external_task_marker_child to None, run_after=None
[2026-04-29T01:06:45.496+0000] {logging_mixin.py:188} INFO - [2026-04-29T01:06:45.494+0000] {dag.py:3954} INFO - Setting next_dagrun for example_external_task_marker_parent to None, run_after=None
[2026-04-29T01:06:45.566+0000] {processor.py:183} INFO - Processing /home/airflow/.local/lib/python3.12/site-packages/airflow/example_dags/example_external_task_marker_dag.py took 0.357 seconds
[2026-04-29T01:07:15.687+0000] {processor.py:161} INFO - Started process (PID=1137) to work on /home/airflow/.local/lib/python3.12/site-packages/airflow/example_dags/example_external_task_marker_dag.py
[2026-04-29T01:07:15.688+0000] {processor.py:830} INFO - Processing file /home/airflow/.local/lib/python3.12/site-packages/airflow/example_dags/example_external_task_marker_dag.py for tasks to queue
[2026-04-29T01:07:15.692+0000] {logging_mixin.py:188} INFO - [2026-04-29T01:07:15.691+0000] {dagbag.py:540} INFO - Filling up the DagBag from /home/airflow/.local/lib/python3.12/site-packages/airflow/example_dags/example_external_task_marker_dag.py
[2026-04-29T01:07:15.700+0000] {processor.py:840} INFO - DAG(s) 'example_external_task_marker_child', 'example_external_task_marker_parent' retrieved from /home/airflow/.local/lib/python3.12/site-packages/airflow/example_dags/example_external_task_marker_dag.py
[2026-04-29T01:07:15.936+0000] {logging_mixin.py:188} INFO - [2026-04-29T01:07:15.936+0000] {dag.py:3096} INFO - Sync 2 DAGs
[2026-04-29T01:07:15.951+0000] {logging_mixin.py:188} INFO - [2026-04-29T01:07:15.951+0000] {dag.py:3954} INFO - Setting next_dagrun for example_external_task_marker_child to None, run_after=None
[2026-04-29T01:07:15.955+0000] {logging_mixin.py:188} INFO - [2026-04-29T01:07:15.955+0000] {dag.py:3954} INFO - Setting next_dagrun for example_external_task_marker_parent to None, run_after=None
[2026-04-29T01:07:15.970+0000] {processor.py:183} INFO - Processing /home/airflow/.local/lib/python3.12/site-packages/airflow/example_dags/example_external_task_marker_dag.py took 0.290 seconds
[2026-04-29T01:07:47.150+0000] {processor.py:161} INFO - Started process (PID=1196) to work on /home/airflow/.local/lib/python3.12/site-packages/airflow/example_dags/example_external_task_marker_dag.py
[2026-04-29T01:07:47.151+0000] {processor.py:830} INFO - Processing file /home/airflow/.local/lib/python3.12/site-packages/airflow/example_dags/example_external_task_marker_dag.py for tasks to queue
[2026-04-29T01:07:47.154+0000] {logging_mixin.py:188} INFO - [2026-04-29T01:07:47.153+0000] {dagbag.py:540} INFO - Filling up the DagBag from /home/airflow/.local/lib/python3.12/site-packages/airflow/example_dags/example_external_task_marker_dag.py
[2026-04-29T01:07:47.162+0000] {processor.py:840} INFO - DAG(s) 'example_external_task_marker_child', 'example_external_task_marker_parent' retrieved from /home/airflow/.local/lib/python3.12/site-packages/airflow/example_dags/example_external_task_marker_dag.py
[2026-04-29T01:07:47.190+0000] {logging_mixin.py:188} INFO - [2026-04-29T01:07:47.190+0000] {dag.py:3096} INFO - Sync 2 DAGs
[2026-04-29T01:07:47.400+0000] {logging_mixin.py:188} INFO - [2026-04-29T01:07:47.400+0000] {dag.py:3954} INFO - Setting next_dagrun for example_external_task_marker_child to None, run_after=None
[2026-04-29T01:07:47.405+0000] {logging_mixin.py:188} INFO - [2026-04-29T01:07:47.405+0000] {dag.py:3954} INFO - Setting next_dagrun for example_external_task_marker_parent to None, run_after=None
[2026-04-29T01:07:47.422+0000] {processor.py:183} INFO - Processing /home/airflow/.local/lib/python3.12/site-packages/airflow/example_dags/example_external_task_marker_dag.py took 0.278 seconds
[2026-04-29T01:08:17.966+0000] {processor.py:161} INFO - Started process (PID=1256) to work on /home/airflow/.local/lib/python3.12/site-packages/airflow/example_dags/example_external_task_marker_dag.py
[2026-04-29T01:08:17.967+0000] {processor.py:830} INFO - Processing file /home/airflow/.local/lib/python3.12/site-packages/airflow/example_dags/example_external_task_marker_dag.py for tasks to queue
[2026-04-29T01:08:17.969+0000] {logging_mixin.py:188} INFO - [2026-04-29T01:08:17.969+0000] {dagbag.py:540} INFO - Filling up the DagBag from /home/airflow/.local/lib/python3.12/site-packages/airflow/example_dags/example_external_task_marker_dag.py
[2026-04-29T01:08:17.977+0000] {processor.py:840} INFO - DAG(s) 'example_external_task_marker_child', 'example_external_task_marker_parent' retrieved from /home/airflow/.local/lib/python3.12/site-packages/airflow/example_dags/example_external_task_marker_dag.py
[2026-04-29T01:08:18.007+0000] {logging_mixin.py:188} INFO - [2026-04-29T01:08:18.007+0000] {dag.py:3096} INFO - Sync 2 DAGs
[2026-04-29T01:08:18.024+0000] {logging_mixin.py:188} INFO - [2026-04-29T01:08:18.024+0000] {dag.py:3954} INFO - Setting next_dagrun for example_external_task_marker_child to None, run_after=None
[2026-04-29T01:08:18.029+0000] {logging_mixin.py:188} INFO - [2026-04-29T01:08:18.029+0000] {dag.py:3954} INFO - Setting next_dagrun for example_external_task_marker_parent to None, run_after=None
[2026-04-29T01:08:18.051+0000] {processor.py:183} INFO - Processing /home/airflow/.local/lib/python3.12/site-packages/airflow/example_dags/example_external_task_marker_dag.py took 0.094 seconds
[2026-04-29T01:08:50.636+0000] {processor.py:161} INFO - Started process (PID=1316) to work on /home/airflow/.local/lib/python3.12/site-packages/airflow/example_dags/example_external_task_marker_dag.py
[2026-04-29T01:08:50.637+0000] {processor.py:830} INFO - Processing file /home/airflow/.local/lib/python3.12/site-packages/airflow/example_dags/example_external_task_marker_dag.py for tasks to queue
[2026-04-29T01:08:50.639+0000] {logging_mixin.py:188} INFO - [2026-04-29T01:08:50.638+0000] {dagbag.py:540} INFO - Filling up the DagBag from /home/airflow/.local/lib/python3.12/site-packages/airflow/example_dags/example_external_task_marker_dag.py
[2026-04-29T01:08:50.658+0000] {processor.py:840} INFO - DAG(s) 'example_external_task_marker_parent', 'example_external_task_marker_child' retrieved from /home/airflow/.local/lib/python3.12/site-packages/airflow/example_dags/example_external_task_marker_dag.py
[2026-04-29T01:08:50.698+0000] {logging_mixin.py:188} INFO - [2026-04-29T01:08:50.698+0000] {dag.py:3096} INFO - Sync 2 DAGs
[2026-04-29T01:08:50.717+0000] {logging_mixin.py:188} INFO - [2026-04-29T01:08:50.717+0000] {dag.py:3954} INFO - Setting next_dagrun for example_external_task_marker_child to None, run_after=None
[2026-04-29T01:08:50.722+0000] {logging_mixin.py:188} INFO - [2026-04-29T01:08:50.722+0000] {dag.py:3954} INFO - Setting next_dagrun for example_external_task_marker_parent to None, run_after=None
[2026-04-29T01:08:50.760+0000] {processor.py:183} INFO - Processing /home/airflow/.local/lib/python3.12/site-packages/airflow/example_dags/example_external_task_marker_dag.py took 0.129 seconds
[2026-04-29T01:09:21.420+0000] {processor.py:161} INFO - Started process (PID=1376) to work on /home/airflow/.local/lib/python3.12/site-packages/airflow/example_dags/example_external_task_marker_dag.py
[2026-04-29T01:09:21.421+0000] {processor.py:830} INFO - Processing file /home/airflow/.local/lib/python3.12/site-packages/airflow/example_dags/example_external_task_marker_dag.py for tasks to queue
[2026-04-29T01:09:21.424+0000] {logging_mixin.py:188} INFO - [2026-04-29T01:09:21.423+0000] {dagbag.py:540} INFO - Filling up the DagBag from /home/airflow/.local/lib/python3.12/site-packages/airflow/example_dags/example_external_task_marker_dag.py
[2026-04-29T01:09:21.439+0000] {processor.py:840} INFO - DAG(s) 'example_external_task_marker_parent', 'example_external_task_marker_child' retrieved from /home/airflow/.local/lib/python3.12/site-packages/airflow/example_dags/example_external_task_marker_dag.py
[2026-04-29T01:09:21.513+0000] {logging_mixin.py:188} INFO - [2026-04-29T01:09:21.513+0000] {dag.py:3096} INFO - Sync 2 DAGs
[2026-04-29T01:09:21.533+0000] {logging_mixin.py:188} INFO - [2026-04-29T01:09:21.533+0000] {dag.py:3954} INFO - Setting next_dagrun for example_external_task_marker_child to None, run_after=None
[2026-04-29T01:09:21.542+0000] {logging_mixin.py:188} INFO - [2026-04-29T01:09:21.541+0000] {dag.py:3954} INFO - Setting next_dagrun for example_external_task_marker_parent to None, run_after=None
[2026-04-29T01:09:21.634+0000] {processor.py:183} INFO - Processing /home/airflow/.local/lib/python3.12/site-packages/airflow/example_dags/example_external_task_marker_dag.py took 0.225 seconds
[2026-04-29T01:09:52.193+0000] {processor.py:161} INFO - Started process (PID=1436) to work on /home/airflow/.local/lib/python3.12/site-packages/airflow/example_dags/example_external_task_marker_dag.py
[2026-04-29T01:09:52.194+0000] {processor.py:830} INFO - Processing file /home/airflow/.local/lib/python3.12/site-packages/airflow/example_dags/example_external_task_marker_dag.py for tasks to queue
[2026-04-29T01:09:52.196+0000] {logging_mixin.py:188} INFO - [2026-04-29T01:09:52.196+0000] {dagbag.py:540} INFO - Filling up the DagBag from /home/airflow/.local/lib/python3.12/site-packages/airflow/example_dags/example_external_task_marker_dag.py
[2026-04-29T01:09:52.203+0000] {processor.py:840} INFO - DAG(s) 'example_external_task_marker_parent', 'example_external_task_marker_child' retrieved from /home/airflow/.local/lib/python3.12/site-packages/airflow/example_dags/example_external_task_marker_dag.py
[2026-04-29T01:09:52.232+0000] {logging_mixin.py:188} INFO - [2026-04-29T01:09:52.232+0000] {dag.py:3096} INFO - Sync 2 DAGs
[2026-04-29T01:09:52.250+0000] {logging_mixin.py:188} INFO - [2026-04-29T01:09:52.249+0000] {dag.py:3954} INFO - Setting next_dagrun for example_external_task_marker_child to None, run_after=None
[2026-04-29T01:09:52.254+0000] {logging_mixin.py:188} INFO - [2026-04-29T01:09:52.254+0000] {dag.py:3954} INFO - Setting next_dagrun for example_external_task_marker_parent to None, run_after=None
[2026-04-29T01:09:52.271+0000] {processor.py:183} INFO - Processing /home/airflow/.local/lib/python3.12/site-packages/airflow/example_dags/example_external_task_marker_dag.py took 0.085 seconds
[2026-04-29T01:10:23.266+0000] {processor.py:161} INFO - Started process (PID=1496) to work on /home/airflow/.local/lib/python3.12/site-packages/airflow/example_dags/example_external_task_marker_dag.py
[2026-04-29T01:10:23.267+0000] {processor.py:830} INFO - Processing file /home/airflow/.local/lib/python3.12/site-packages/airflow/example_dags/example_external_task_marker_dag.py for tasks to queue
[2026-04-29T01:10:23.270+0000] {logging_mixin.py:188} INFO - [2026-04-29T01:10:23.269+0000] {dagbag.py:540} INFO - Filling up the DagBag from /home/airflow/.local/lib/python3.12/site-packages/airflow/example_dags/example_external_task_marker_dag.py
[2026-04-29T01:10:23.278+0000] {processor.py:840} INFO - DAG(s) 'example_external_task_marker_child', 'example_external_task_marker_parent' retrieved from /home/airflow/.local/lib/python3.12/site-packages/airflow/example_dags/example_external_task_marker_dag.py
[2026-04-29T01:10:23.319+0000] {logging_mixin.py:188} INFO - [2026-04-29T01:10:23.319+0000] {dag.py:3096} INFO - Sync 2 DAGs
[2026-04-29T01:10:23.336+0000] {logging_mixin.py:188} INFO - [2026-04-29T01:10:23.336+0000] {dag.py:3954} INFO - Setting next_dagrun for example_external_task_marker_child to None, run_after=None
[2026-04-29T01:10:23.344+0000] {logging_mixin.py:188} INFO - [2026-04-29T01:10:23.343+0000] {dag.py:3954} INFO - Setting next_dagrun for example_external_task_marker_parent to None, run_after=None
[2026-04-29T01:10:23.370+0000] {processor.py:183} INFO - Processing /home/airflow/.local/lib/python3.12/site-packages/airflow/example_dags/example_external_task_marker_dag.py took 0.117 seconds
[2026-04-29T01:10:53.895+0000] {processor.py:161} INFO - Started process (PID=1556) to work on /home/airflow/.local/lib/python3.12/site-packages/airflow/example_dags/example_external_task_marker_dag.py
[2026-04-29T01:10:53.896+0000] {processor.py:830} INFO - Processing file /home/airflow/.local/lib/python3.12/site-packages/airflow/example_dags/example_external_task_marker_dag.py for tasks to queue
[2026-04-29T01:10:53.898+0000] {logging_mixin.py:188} INFO - [2026-04-29T01:10:53.898+0000] {dagbag.py:540} INFO - Filling up the DagBag from /home/airflow/.local/lib/python3.12/site-packages/airflow/example_dags/example_external_task_marker_dag.py
[2026-04-29T01:10:53.906+0000] {processor.py:840} INFO - DAG(s) 'example_external_task_marker_parent', 'example_external_task_marker_child' retrieved from /home/airflow/.local/lib/python3.12/site-packages/airflow/example_dags/example_external_task_marker_dag.py
[2026-04-29T01:10:53.952+0000] {logging_mixin.py:188} INFO - [2026-04-29T01:10:53.952+0000] {dag.py:3096} INFO - Sync 2 DAGs
[2026-04-29T01:10:53.969+0000] {logging_mixin.py:188} INFO - [2026-04-29T01:10:53.968+0000] {dag.py:3954} INFO - Setting next_dagrun for example_external_task_marker_child to None, run_after=None
[2026-04-29T01:10:53.973+0000] {logging_mixin.py:188} INFO - [2026-04-29T01:10:53.973+0000] {dag.py:3954} INFO - Setting next_dagrun for example_external_task_marker_parent to None, run_after=None
[2026-04-29T01:10:53.991+0000] {processor.py:183} INFO - Processing /home/airflow/.local/lib/python3.12/site-packages/airflow/example_dags/example_external_task_marker_dag.py took 0.103 seconds
[2026-04-29T01:11:24.621+0000] {processor.py:161} INFO - Started process (PID=1615) to work on /home/airflow/.local/lib/python3.12/site-packages/airflow/example_dags/example_external_task_marker_dag.py
[2026-04-29T01:11:24.622+0000] {processor.py:830} INFO - Processing file /home/airflow/.local/lib/python3.12/site-packages/airflow/example_dags/example_external_task_marker_dag.py for tasks to queue
[2026-04-29T01:11:24.627+0000] {logging_mixin.py:188} INFO - [2026-04-29T01:11:24.627+0000] {dagbag.py:540} INFO - Filling up the DagBag from /home/airflow/.local/lib/python3.12/site-packages/airflow/example_dags/example_external_task_marker_dag.py
[2026-04-29T01:11:24.669+0000] {processor.py:840} INFO - DAG(s) 'example_external_task_marker_parent', 'example_external_task_marker_child' retrieved from /home/airflow/.local/lib/python3.12/site-packages/airflow/example_dags/example_external_task_marker_dag.py
[2026-04-29T01:11:24.775+0000] {logging_mixin.py:188} INFO - [2026-04-29T01:11:24.775+0000] {dag.py:3096} INFO - Sync 2 DAGs
[2026-04-29T01:11:24.800+0000] {logging_mixin.py:188} INFO - [2026-04-29T01:11:24.799+0000] {dag.py:3954} INFO - Setting next_dagrun for example_external_task_marker_child to None, run_after=None
[2026-04-29T01:11:24.805+0000] {logging_mixin.py:188} INFO - [2026-04-29T01:11:24.805+0000] {dag.py:3954} INFO - Setting next_dagrun for example_external_task_marker_parent to None, run_after=None
[2026-04-29T01:11:24.850+0000] {processor.py:183} INFO - Processing /home/airflow/.local/lib/python3.12/site-packages/airflow/example_dags/example_external_task_marker_dag.py took 0.251 seconds
[2026-04-29T01:11:55.748+0000] {processor.py:161} INFO - Started process (PID=1675) to work on /home/airflow/.local/lib/python3.12/site-packages/airflow/example_dags/example_external_task_marker_dag.py
[2026-04-29T01:11:55.749+0000] {processor.py:830} INFO - Processing file /home/airflow/.local/lib/python3.12/site-packages/airflow/example_dags/example_external_task_marker_dag.py for tasks to queue
[2026-04-29T01:11:55.756+0000] {logging_mixin.py:188} INFO - [2026-04-29T01:11:55.755+0000] {dagbag.py:540} INFO - Filling up the DagBag from /home/airflow/.local/lib/python3.12/site-packages/airflow/example_dags/example_external_task_marker_dag.py
[2026-04-29T01:11:55.776+0000] {processor.py:840} INFO - DAG(s) 'example_external_task_marker_child', 'example_external_task_marker_parent' retrieved from /home/airflow/.local/lib/python3.12/site-packages/airflow/example_dags/example_external_task_marker_dag.py
[2026-04-29T01:11:55.848+0000] {logging_mixin.py:188} INFO - [2026-04-29T01:11:55.847+0000] {dag.py:3096} INFO - Sync 2 DAGs
[2026-04-29T01:11:55.912+0000] {logging_mixin.py:188} INFO - [2026-04-29T01:11:55.911+0000] {dag.py:3954} INFO - Setting next_dagrun for example_external_task_marker_child to None, run_after=None
[2026-04-29T01:11:55.945+0000] {logging_mixin.py:188} INFO - [2026-04-29T01:11:55.944+0000] {dag.py:3954} INFO - Setting next_dagrun for example_external_task_marker_parent to None, run_after=None
[2026-04-29T01:11:56.092+0000] {processor.py:183} INFO - Processing /home/airflow/.local/lib/python3.12/site-packages/airflow/example_dags/example_external_task_marker_dag.py took 0.371 seconds
[2026-04-29T01:12:26.324+0000] {processor.py:161} INFO - Started process (PID=1735) to work on /home/airflow/.local/lib/python3.12/site-packages/airflow/example_dags/example_external_task_marker_dag.py
[2026-04-29T01:12:26.325+0000] {processor.py:830} INFO - Processing file /home/airflow/.local/lib/python3.12/site-packages/airflow/example_dags/example_external_task_marker_dag.py for tasks to queue
[2026-04-29T01:12:26.327+0000] {logging_mixin.py:188} INFO - [2026-04-29T01:12:26.326+0000] {dagbag.py:540} INFO - Filling up the DagBag from /home/airflow/.local/lib/python3.12/site-packages/airflow/example_dags/example_external_task_marker_dag.py
[2026-04-29T01:12:26.335+0000] {processor.py:840} INFO - DAG(s) 'example_external_task_marker_parent', 'example_external_task_marker_child' retrieved from /home/airflow/.local/lib/python3.12/site-packages/airflow/example_dags/example_external_task_marker_dag.py
[2026-04-29T01:12:26.365+0000] {logging_mixin.py:188} INFO - [2026-04-29T01:12:26.364+0000] {dag.py:3096} INFO - Sync 2 DAGs
[2026-04-29T01:12:26.382+0000] {logging_mixin.py:188} INFO - [2026-04-29T01:12:26.382+0000] {dag.py:3954} INFO - Setting next_dagrun for example_external_task_marker_child to None, run_after=None
[2026-04-29T01:12:26.387+0000] {logging_mixin.py:188} INFO - [2026-04-29T01:12:26.387+0000] {dag.py:3954} INFO - Setting next_dagrun for example_external_task_marker_parent to None, run_after=None
[2026-04-29T01:12:26.408+0000] {processor.py:183} INFO - Processing /home/airflow/.local/lib/python3.12/site-packages/airflow/example_dags/example_external_task_marker_dag.py took 0.092 seconds
[2026-04-29T01:12:57.078+0000] {processor.py:161} INFO - Started process (PID=1795) to work on /home/airflow/.local/lib/python3.12/site-packages/airflow/example_dags/example_external_task_marker_dag.py
[2026-04-29T01:12:57.079+0000] {processor.py:830} INFO - Processing file /home/airflow/.local/lib/python3.12/site-packages/airflow/example_dags/example_external_task_marker_dag.py for tasks to queue
[2026-04-29T01:12:57.081+0000] {logging_mixin.py:188} INFO - [2026-04-29T01:12:57.080+0000] {dagbag.py:540} INFO - Filling up the DagBag from /home/airflow/.local/lib/python3.12/site-packages/airflow/example_dags/example_external_task_marker_dag.py
[2026-04-29T01:12:57.090+0000] {processor.py:840} INFO - DAG(s) 'example_external_task_marker_parent', 'example_external_task_marker_child' retrieved from /home/airflow/.local/lib/python3.12/site-packages/airflow/example_dags/example_external_task_marker_dag.py
[2026-04-29T01:12:57.118+0000] {logging_mixin.py:188} INFO - [2026-04-29T01:12:57.117+0000] {dag.py:3096} INFO - Sync 2 DAGs
[2026-04-29T01:12:57.130+0000] {logging_mixin.py:188} INFO - [2026-04-29T01:12:57.129+0000] {dag.py:3954} INFO - Setting next_dagrun for example_external_task_marker_child to None, run_after=None
[2026-04-29T01:12:57.133+0000] {logging_mixin.py:188} INFO - [2026-04-29T01:12:57.133+0000] {dag.py:3954} INFO - Setting next_dagrun for example_external_task_marker_parent to None, run_after=None
[2026-04-29T01:12:57.148+0000] {processor.py:183} INFO - Processing /home/airflow/.local/lib/python3.12/site-packages/airflow/example_dags/example_external_task_marker_dag.py took 0.078 seconds
[2026-04-29T01:13:27.895+0000] {processor.py:161} INFO - Started process (PID=1855) to work on /home/airflow/.local/lib/python3.12/site-packages/airflow/example_dags/example_external_task_marker_dag.py
[2026-04-29T01:13:27.896+0000] {processor.py:830} INFO - Processing file /home/airflow/.local/lib/python3.12/site-packages/airflow/example_dags/example_external_task_marker_dag.py for tasks to queue
[2026-04-29T01:13:27.900+0000] {logging_mixin.py:188} INFO - [2026-04-29T01:13:27.900+0000] {dagbag.py:540} INFO - Filling up the DagBag from /home/airflow/.local/lib/python3.12/site-packages/airflow/example_dags/example_external_task_marker_dag.py
[2026-04-29T01:13:27.909+0000] {processor.py:840} INFO - DAG(s) 'example_external_task_marker_child', 'example_external_task_marker_parent' retrieved from /home/airflow/.local/lib/python3.12/site-packages/airflow/example_dags/example_external_task_marker_dag.py
[2026-04-29T01:13:27.958+0000] {logging_mixin.py:188} INFO - [2026-04-29T01:13:27.958+0000] {dag.py:3096} INFO - Sync 2 DAGs
[2026-04-29T01:13:27.990+0000] {logging_mixin.py:188} INFO - [2026-04-29T01:13:27.990+0000] {dag.py:3954} INFO - Setting next_dagrun for example_external_task_marker_child to None, run_after=None
[2026-04-29T01:13:28.001+0000] {logging_mixin.py:188} INFO - [2026-04-29T01:13:28.000+0000] {dag.py:3954} INFO - Setting next_dagrun for example_external_task_marker_parent to None, run_after=None
[2026-04-29T01:13:28.024+0000] {processor.py:183} INFO - Processing /home/airflow/.local/lib/python3.12/site-packages/airflow/example_dags/example_external_task_marker_dag.py took 0.143 seconds
[2026-04-29T01:14:11.680+0000] {processor.py:161} INFO - Started process (PID=1927) to work on /home/airflow/.local/lib/python3.12/site-packages/airflow/example_dags/example_external_task_marker_dag.py
[2026-04-29T01:14:11.682+0000] {processor.py:830} INFO - Processing file /home/airflow/.local/lib/python3.12/site-packages/airflow/example_dags/example_external_task_marker_dag.py for tasks to queue
[2026-04-29T01:14:11.688+0000] {logging_mixin.py:188} INFO - [2026-04-29T01:14:11.686+0000] {dagbag.py:540} INFO - Filling up the DagBag from /home/airflow/.local/lib/python3.12/site-packages/airflow/example_dags/example_external_task_marker_dag.py
[2026-04-29T01:14:11.702+0000] {processor.py:840} INFO - DAG(s) 'example_external_task_marker_child', 'example_external_task_marker_parent' retrieved from /home/airflow/.local/lib/python3.12/site-packages/airflow/example_dags/example_external_task_marker_dag.py
[2026-04-29T01:14:11.831+0000] {logging_mixin.py:188} INFO - [2026-04-29T01:14:11.830+0000] {dag.py:3096} INFO - Sync 2 DAGs
[2026-04-29T01:14:11.867+0000] {logging_mixin.py:188} INFO - [2026-04-29T01:14:11.867+0000] {dag.py:3954} INFO - Setting next_dagrun for example_external_task_marker_child to None, run_after=None
[2026-04-29T01:14:11.885+0000] {logging_mixin.py:188} INFO - [2026-04-29T01:14:11.883+0000] {dag.py:3954} INFO - Setting next_dagrun for example_external_task_marker_parent to None, run_after=None
[2026-04-29T01:14:11.966+0000] {processor.py:183} INFO - Processing /home/airflow/.local/lib/python3.12/site-packages/airflow/example_dags/example_external_task_marker_dag.py took 0.294 seconds
[2026-04-29T01:14:42.093+0000] {processor.py:161} INFO - Started process (PID=1986) to work on /home/airflow/.local/lib/python3.12/site-packages/airflow/example_dags/example_external_task_marker_dag.py
[2026-04-29T01:14:42.099+0000] {processor.py:830} INFO - Processing file /home/airflow/.local/lib/python3.12/site-packages/airflow/example_dags/example_external_task_marker_dag.py for tasks to queue
[2026-04-29T01:14:42.100+0000] {logging_mixin.py:188} INFO - [2026-04-29T01:14:42.100+0000] {dagbag.py:540} INFO - Filling up the DagBag from /home/airflow/.local/lib/python3.12/site-packages/airflow/example_dags/example_external_task_marker_dag.py
[2026-04-29T01:14:42.117+0000] {processor.py:840} INFO - DAG(s) 'example_external_task_marker_parent', 'example_external_task_marker_child' retrieved from /home/airflow/.local/lib/python3.12/site-packages/airflow/example_dags/example_external_task_marker_dag.py
[2026-04-29T01:14:42.153+0000] {logging_mixin.py:188} INFO - [2026-04-29T01:14:42.153+0000] {dag.py:3096} INFO - Sync 2 DAGs
[2026-04-29T01:14:42.171+0000] {logging_mixin.py:188} INFO - [2026-04-29T01:14:42.171+0000] {dag.py:3954} INFO - Setting next_dagrun for example_external_task_marker_child to None, run_after=None
[2026-04-29T01:14:42.176+0000] {logging_mixin.py:188} INFO - [2026-04-29T01:14:42.176+0000] {dag.py:3954} INFO - Setting next_dagrun for example_external_task_marker_parent to None, run_after=None
[2026-04-29T01:14:42.197+0000] {processor.py:183} INFO - Processing /home/airflow/.local/lib/python3.12/site-packages/airflow/example_dags/example_external_task_marker_dag.py took 0.113 seconds
[2026-04-29T01:15:13.173+0000] {processor.py:161} INFO - Started process (PID=2044) to work on /home/airflow/.local/lib/python3.12/site-packages/airflow/example_dags/example_external_task_marker_dag.py
[2026-04-29T01:15:13.179+0000] {processor.py:830} INFO - Processing file /home/airflow/.local/lib/python3.12/site-packages/airflow/example_dags/example_external_task_marker_dag.py for tasks to queue
[2026-04-29T01:15:13.185+0000] {logging_mixin.py:188} INFO - [2026-04-29T01:15:13.184+0000] {dagbag.py:540} INFO - Filling up the DagBag from /home/airflow/.local/lib/python3.12/site-packages/airflow/example_dags/example_external_task_marker_dag.py
[2026-04-29T01:15:13.206+0000] {processor.py:840} INFO - DAG(s) 'example_external_task_marker_parent', 'example_external_task_marker_child' retrieved from /home/airflow/.local/lib/python3.12/site-packages/airflow/example_dags/example_external_task_marker_dag.py
[2026-04-29T01:15:13.261+0000] {logging_mixin.py:188} INFO - [2026-04-29T01:15:13.261+0000] {dag.py:3096} INFO - Sync 2 DAGs
[2026-04-29T01:15:13.282+0000] {logging_mixin.py:188} INFO - [2026-04-29T01:15:13.282+0000] {dag.py:3954} INFO - Setting next_dagrun for example_external_task_marker_child to None, run_after=None
[2026-04-29T01:15:13.289+0000] {logging_mixin.py:188} INFO - [2026-04-29T01:15:13.289+0000] {dag.py:3954} INFO - Setting next_dagrun for example_external_task_marker_parent to None, run_after=None
[2026-04-29T01:15:13.328+0000] {processor.py:183} INFO - Processing /home/airflow/.local/lib/python3.12/site-packages/airflow/example_dags/example_external_task_marker_dag.py took 0.178 seconds
[2026-04-29T01:15:43.518+0000] {processor.py:161} INFO - Started process (PID=2104) to work on /home/airflow/.local/lib/python3.12/site-packages/airflow/example_dags/example_external_task_marker_dag.py
[2026-04-29T01:15:43.519+0000] {processor.py:830} INFO - Processing file /home/airflow/.local/lib/python3.12/site-packages/airflow/example_dags/example_external_task_marker_dag.py for tasks to queue
[2026-04-29T01:15:43.522+0000] {logging_mixin.py:188} INFO - [2026-04-29T01:15:43.521+0000] {dagbag.py:540} INFO - Filling up the DagBag from /home/airflow/.local/lib/python3.12/site-packages/airflow/example_dags/example_external_task_marker_dag.py
[2026-04-29T01:15:43.534+0000] {processor.py:840} INFO - DAG(s) 'example_external_task_marker_child', 'example_external_task_marker_parent' retrieved from /home/airflow/.local/lib/python3.12/site-packages/airflow/example_dags/example_external_task_marker_dag.py
[2026-04-29T01:15:43.603+0000] {logging_mixin.py:188} INFO - [2026-04-29T01:15:43.602+0000] {dag.py:3096} INFO - Sync 2 DAGs
[2026-04-29T01:15:43.641+0000] {logging_mixin.py:188} INFO - [2026-04-29T01:15:43.641+0000] {dag.py:3954} INFO - Setting next_dagrun for example_external_task_marker_child to None, run_after=None
[2026-04-29T01:15:43.650+0000] {logging_mixin.py:188} INFO - [2026-04-29T01:15:43.649+0000] {dag.py:3954} INFO - Setting next_dagrun for example_external_task_marker_parent to None, run_after=None
[2026-04-29T01:15:43.697+0000] {processor.py:183} INFO - Processing /home/airflow/.local/lib/python3.12/site-packages/airflow/example_dags/example_external_task_marker_dag.py took 0.188 seconds
[2026-04-29T01:16:13.768+0000] {processor.py:161} INFO - Started process (PID=2164) to work on /home/airflow/.local/lib/python3.12/site-packages/airflow/example_dags/example_external_task_marker_dag.py
[2026-04-29T01:16:13.769+0000] {processor.py:830} INFO - Processing file /home/airflow/.local/lib/python3.12/site-packages/airflow/example_dags/example_external_task_marker_dag.py for tasks to queue
[2026-04-29T01:16:13.771+0000] {logging_mixin.py:188} INFO - [2026-04-29T01:16:13.770+0000] {dagbag.py:540} INFO - Filling up the DagBag from /home/airflow/.local/lib/python3.12/site-packages/airflow/example_dags/example_external_task_marker_dag.py
[2026-04-29T01:16:13.778+0000] {processor.py:840} INFO - DAG(s) 'example_external_task_marker_parent', 'example_external_task_marker_child' retrieved from /home/airflow/.local/lib/python3.12/site-packages/airflow/example_dags/example_external_task_marker_dag.py
[2026-04-29T01:16:13.799+0000] {logging_mixin.py:188} INFO - [2026-04-29T01:16:13.799+0000] {dag.py:3096} INFO - Sync 2 DAGs
[2026-04-29T01:16:13.811+0000] {logging_mixin.py:188} INFO - [2026-04-29T01:16:13.810+0000] {dag.py:3954} INFO - Setting next_dagrun for example_external_task_marker_child to None, run_after=None
[2026-04-29T01:16:13.814+0000] {logging_mixin.py:188} INFO - [2026-04-29T01:16:13.814+0000] {dag.py:3954} INFO - Setting next_dagrun for example_external_task_marker_parent to None, run_after=None
[2026-04-29T01:16:13.827+0000] {processor.py:183} INFO - Processing /home/airflow/.local/lib/python3.12/site-packages/airflow/example_dags/example_external_task_marker_dag.py took 0.066 seconds
[2026-04-29T01:16:44.648+0000] {processor.py:161} INFO - Started process (PID=2223) to work on /home/airflow/.local/lib/python3.12/site-packages/airflow/example_dags/example_external_task_marker_dag.py
[2026-04-29T01:16:44.648+0000] {processor.py:830} INFO - Processing file /home/airflow/.local/lib/python3.12/site-packages/airflow/example_dags/example_external_task_marker_dag.py for tasks to queue
[2026-04-29T01:16:44.651+0000] {logging_mixin.py:188} INFO - [2026-04-29T01:16:44.650+0000] {dagbag.py:540} INFO - Filling up the DagBag from /home/airflow/.local/lib/python3.12/site-packages/airflow/example_dags/example_external_task_marker_dag.py
[2026-04-29T01:16:44.658+0000] {processor.py:840} INFO - DAG(s) 'example_external_task_marker_child', 'example_external_task_marker_parent' retrieved from /home/airflow/.local/lib/python3.12/site-packages/airflow/example_dags/example_external_task_marker_dag.py
[2026-04-29T01:16:44.688+0000] {logging_mixin.py:188} INFO - [2026-04-29T01:16:44.688+0000] {dag.py:3096} INFO - Sync 2 DAGs
[2026-04-29T01:16:44.707+0000] {logging_mixin.py:188} INFO - [2026-04-29T01:16:44.706+0000] {dag.py:3954} INFO - Setting next_dagrun for example_external_task_marker_child to None, run_after=None
[2026-04-29T01:16:44.712+0000] {logging_mixin.py:188} INFO - [2026-04-29T01:16:44.712+0000] {dag.py:3954} INFO - Setting next_dagrun for example_external_task_marker_parent to None, run_after=None
[2026-04-29T01:16:44.734+0000] {processor.py:183} INFO - Processing /home/airflow/.local/lib/python3.12/site-packages/airflow/example_dags/example_external_task_marker_dag.py took 0.095 seconds
[2026-04-29T01:17:15.737+0000] {processor.py:161} INFO - Started process (PID=2283) to work on /home/airflow/.local/lib/python3.12/site-packages/airflow/example_dags/example_external_task_marker_dag.py
[2026-04-29T01:17:15.741+0000] {processor.py:830} INFO - Processing file /home/airflow/.local/lib/python3.12/site-packages/airflow/example_dags/example_external_task_marker_dag.py for tasks to queue
[2026-04-29T01:17:15.749+0000] {logging_mixin.py:188} INFO - [2026-04-29T01:17:15.748+0000] {dagbag.py:540} INFO - Filling up the DagBag from /home/airflow/.local/lib/python3.12/site-packages/airflow/example_dags/example_external_task_marker_dag.py
[2026-04-29T01:17:15.789+0000] {processor.py:840} INFO - DAG(s) 'example_external_task_marker_parent', 'example_external_task_marker_child' retrieved from /home/airflow/.local/lib/python3.12/site-packages/airflow/example_dags/example_external_task_marker_dag.py
[2026-04-29T01:17:15.844+0000] {logging_mixin.py:188} INFO - [2026-04-29T01:17:15.842+0000] {dag.py:3096} INFO - Sync 2 DAGs
[2026-04-29T01:17:15.883+0000] {logging_mixin.py:188} INFO - [2026-04-29T01:17:15.882+0000] {dag.py:3954} INFO - Setting next_dagrun for example_external_task_marker_child to None, run_after=None
[2026-04-29T01:17:15.889+0000] {logging_mixin.py:188} INFO - [2026-04-29T01:17:15.889+0000] {dag.py:3954} INFO - Setting next_dagrun for example_external_task_marker_parent to None, run_after=None
[2026-04-29T01:17:15.951+0000] {processor.py:183} INFO - Processing /home/airflow/.local/lib/python3.12/site-packages/airflow/example_dags/example_external_task_marker_dag.py took 0.236 seconds
[2026-04-29T01:17:46.967+0000] {processor.py:161} INFO - Started process (PID=2345) to work on /home/airflow/.local/lib/python3.12/site-packages/airflow/example_dags/example_external_task_marker_dag.py
[2026-04-29T01:17:46.968+0000] {processor.py:830} INFO - Processing file /home/airflow/.local/lib/python3.12/site-packages/airflow/example_dags/example_external_task_marker_dag.py for tasks to queue
[2026-04-29T01:17:46.970+0000] {logging_mixin.py:188} INFO - [2026-04-29T01:17:46.969+0000] {dagbag.py:540} INFO - Filling up the DagBag from /home/airflow/.local/lib/python3.12/site-packages/airflow/example_dags/example_external_task_marker_dag.py
[2026-04-29T01:17:46.977+0000] {processor.py:840} INFO - DAG(s) 'example_external_task_marker_child', 'example_external_task_marker_parent' retrieved from /home/airflow/.local/lib/python3.12/site-packages/airflow/example_dags/example_external_task_marker_dag.py
[2026-04-29T01:17:47.008+0000] {logging_mixin.py:188} INFO - [2026-04-29T01:17:47.007+0000] {dag.py:3096} INFO - Sync 2 DAGs
[2026-04-29T01:17:47.026+0000] {logging_mixin.py:188} INFO - [2026-04-29T01:17:47.026+0000] {dag.py:3954} INFO - Setting next_dagrun for example_external_task_marker_child to None, run_after=None
[2026-04-29T01:17:47.032+0000] {logging_mixin.py:188} INFO - [2026-04-29T01:17:47.032+0000] {dag.py:3954} INFO - Setting next_dagrun for example_external_task_marker_parent to None, run_after=None
[2026-04-29T01:17:47.051+0000] {processor.py:183} INFO - Processing /home/airflow/.local/lib/python3.12/site-packages/airflow/example_dags/example_external_task_marker_dag.py took 0.092 seconds
[2026-04-29T01:18:17.904+0000] {processor.py:161} INFO - Started process (PID=2405) to work on /home/airflow/.local/lib/python3.12/site-packages/airflow/example_dags/example_external_task_marker_dag.py
[2026-04-29T01:18:17.905+0000] {processor.py:830} INFO - Processing file /home/airflow/.local/lib/python3.12/site-packages/airflow/example_dags/example_external_task_marker_dag.py for tasks to queue
[2026-04-29T01:18:17.907+0000] {logging_mixin.py:188} INFO - [2026-04-29T01:18:17.906+0000] {dagbag.py:540} INFO - Filling up the DagBag from /home/airflow/.local/lib/python3.12/site-packages/airflow/example_dags/example_external_task_marker_dag.py
[2026-04-29T01:18:17.912+0000] {processor.py:840} INFO - DAG(s) 'example_external_task_marker_child', 'example_external_task_marker_parent' retrieved from /home/airflow/.local/lib/python3.12/site-packages/airflow/example_dags/example_external_task_marker_dag.py
[2026-04-29T01:18:17.934+0000] {logging_mixin.py:188} INFO - [2026-04-29T01:18:17.934+0000] {dag.py:3096} INFO - Sync 2 DAGs
[2026-04-29T01:18:17.946+0000] {logging_mixin.py:188} INFO - [2026-04-29T01:18:17.946+0000] {dag.py:3954} INFO - Setting next_dagrun for example_external_task_marker_child to None, run_after=None
[2026-04-29T01:18:17.950+0000] {logging_mixin.py:188} INFO - [2026-04-29T01:18:17.949+0000] {dag.py:3954} INFO - Setting next_dagrun for example_external_task_marker_parent to None, run_after=None
[2026-04-29T01:18:17.964+0000] {processor.py:183} INFO - Processing /home/airflow/.local/lib/python3.12/site-packages/airflow/example_dags/example_external_task_marker_dag.py took 0.065 seconds
[2026-04-29T01:18:48.239+0000] {processor.py:161} INFO - Started process (PID=2464) to work on /home/airflow/.local/lib/python3.12/site-packages/airflow/example_dags/example_external_task_marker_dag.py
[2026-04-29T01:18:48.240+0000] {processor.py:830} INFO - Processing file /home/airflow/.local/lib/python3.12/site-packages/airflow/example_dags/example_external_task_marker_dag.py for tasks to queue
[2026-04-29T01:18:48.242+0000] {logging_mixin.py:188} INFO - [2026-04-29T01:18:48.241+0000] {dagbag.py:540} INFO - Filling up the DagBag from /home/airflow/.local/lib/python3.12/site-packages/airflow/example_dags/example_external_task_marker_dag.py
[2026-04-29T01:18:48.249+0000] {processor.py:840} INFO - DAG(s) 'example_external_task_marker_child', 'example_external_task_marker_parent' retrieved from /home/airflow/.local/lib/python3.12/site-packages/airflow/example_dags/example_external_task_marker_dag.py
[2026-04-29T01:18:48.278+0000] {logging_mixin.py:188} INFO - [2026-04-29T01:18:48.278+0000] {dag.py:3096} INFO - Sync 2 DAGs
[2026-04-29T01:18:48.295+0000] {logging_mixin.py:188} INFO - [2026-04-29T01:18:48.295+0000] {dag.py:3954} INFO - Setting next_dagrun for example_external_task_marker_child to None, run_after=None
[2026-04-29T01:18:48.303+0000] {logging_mixin.py:188} INFO - [2026-04-29T01:18:48.302+0000] {dag.py:3954} INFO - Setting next_dagrun for example_external_task_marker_parent to None, run_after=None
[2026-04-29T01:18:48.370+0000] {processor.py:183} INFO - Processing /home/airflow/.local/lib/python3.12/site-packages/airflow/example_dags/example_external_task_marker_dag.py took 0.139 seconds
[2026-04-29T01:19:19.206+0000] {processor.py:161} INFO - Started process (PID=2524) to work on /home/airflow/.local/lib/python3.12/site-packages/airflow/example_dags/example_external_task_marker_dag.py
[2026-04-29T01:19:19.207+0000] {processor.py:830} INFO - Processing file /home/airflow/.local/lib/python3.12/site-packages/airflow/example_dags/example_external_task_marker_dag.py for tasks to queue
[2026-04-29T01:19:19.209+0000] {logging_mixin.py:188} INFO - [2026-04-29T01:19:19.209+0000] {dagbag.py:540} INFO - Filling up the DagBag from /home/airflow/.local/lib/python3.12/site-packages/airflow/example_dags/example_external_task_marker_dag.py
[2026-04-29T01:19:19.217+0000] {processor.py:840} INFO - DAG(s) 'example_external_task_marker_child', 'example_external_task_marker_parent' retrieved from /home/airflow/.local/lib/python3.12/site-packages/airflow/example_dags/example_external_task_marker_dag.py
[2026-04-29T01:19:19.246+0000] {logging_mixin.py:188} INFO - [2026-04-29T01:19:19.246+0000] {dag.py:3096} INFO - Sync 2 DAGs
[2026-04-29T01:19:19.265+0000] {logging_mixin.py:188} INFO - [2026-04-29T01:19:19.264+0000] {dag.py:3954} INFO - Setting next_dagrun for example_external_task_marker_child to None, run_after=None
[2026-04-29T01:19:19.270+0000] {logging_mixin.py:188} INFO - [2026-04-29T01:19:19.269+0000] {dag.py:3954} INFO - Setting next_dagrun for example_external_task_marker_parent to None, run_after=None
[2026-04-29T01:19:19.288+0000] {processor.py:183} INFO - Processing /home/airflow/.local/lib/python3.12/site-packages/airflow/example_dags/example_external_task_marker_dag.py took 0.089 seconds
[2026-04-29T01:19:50.631+0000] {processor.py:161} INFO - Started process (PID=2584) to work on /home/airflow/.local/lib/python3.12/site-packages/airflow/example_dags/example_external_task_marker_dag.py
[2026-04-29T01:19:50.632+0000] {processor.py:830} INFO - Processing file /home/airflow/.local/lib/python3.12/site-packages/airflow/example_dags/example_external_task_marker_dag.py for tasks to queue
[2026-04-29T01:19:50.634+0000] {logging_mixin.py:188} INFO - [2026-04-29T01:19:50.633+0000] {dagbag.py:540} INFO - Filling up the DagBag from /home/airflow/.local/lib/python3.12/site-packages/airflow/example_dags/example_external_task_marker_dag.py
[2026-04-29T01:19:50.665+0000] {processor.py:840} INFO - DAG(s) 'example_external_task_marker_parent', 'example_external_task_marker_child' retrieved from /home/airflow/.local/lib/python3.12/site-packages/airflow/example_dags/example_external_task_marker_dag.py
[2026-04-29T01:19:50.832+0000] {logging_mixin.py:188} INFO - [2026-04-29T01:19:50.829+0000] {dag.py:3096} INFO - Sync 2 DAGs
[2026-04-29T01:19:50.889+0000] {logging_mixin.py:188} INFO - [2026-04-29T01:19:50.888+0000] {dag.py:3954} INFO - Setting next_dagrun for example_external_task_marker_child to None, run_after=None
[2026-04-29T01:19:50.912+0000] {logging_mixin.py:188} INFO - [2026-04-29T01:19:50.912+0000] {dag.py:3954} INFO - Setting next_dagrun for example_external_task_marker_parent to None, run_after=None
[2026-04-29T01:19:50.970+0000] {processor.py:183} INFO - Processing /home/airflow/.local/lib/python3.12/site-packages/airflow/example_dags/example_external_task_marker_dag.py took 0.347 seconds
[2026-04-29T01:20:21.498+0000] {processor.py:161} INFO - Started process (PID=2644) to work on /home/airflow/.local/lib/python3.12/site-packages/airflow/example_dags/example_external_task_marker_dag.py
[2026-04-29T01:20:21.499+0000] {processor.py:830} INFO - Processing file /home/airflow/.local/lib/python3.12/site-packages/airflow/example_dags/example_external_task_marker_dag.py for tasks to queue
[2026-04-29T01:20:21.501+0000] {logging_mixin.py:188} INFO - [2026-04-29T01:20:21.501+0000] {dagbag.py:540} INFO - Filling up the DagBag from /home/airflow/.local/lib/python3.12/site-packages/airflow/example_dags/example_external_task_marker_dag.py
[2026-04-29T01:20:21.508+0000] {processor.py:840} INFO - DAG(s) 'example_external_task_marker_child', 'example_external_task_marker_parent' retrieved from /home/airflow/.local/lib/python3.12/site-packages/airflow/example_dags/example_external_task_marker_dag.py
[2026-04-29T01:20:21.537+0000] {logging_mixin.py:188} INFO - [2026-04-29T01:20:21.537+0000] {dag.py:3096} INFO - Sync 2 DAGs
[2026-04-29T01:20:21.554+0000] {logging_mixin.py:188} INFO - [2026-04-29T01:20:21.554+0000] {dag.py:3954} INFO - Setting next_dagrun for example_external_task_marker_child to None, run_after=None
[2026-04-29T01:20:21.560+0000] {logging_mixin.py:188} INFO - [2026-04-29T01:20:21.560+0000] {dag.py:3954} INFO - Setting next_dagrun for example_external_task_marker_parent to None, run_after=None
[2026-04-29T01:20:21.579+0000] {processor.py:183} INFO - Processing /home/airflow/.local/lib/python3.12/site-packages/airflow/example_dags/example_external_task_marker_dag.py took 0.087 seconds
[2026-04-29T01:20:52.232+0000] {processor.py:161} INFO - Started process (PID=2704) to work on /home/airflow/.local/lib/python3.12/site-packages/airflow/example_dags/example_external_task_marker_dag.py
[2026-04-29T01:20:52.233+0000] {processor.py:830} INFO - Processing file /home/airflow/.local/lib/python3.12/site-packages/airflow/example_dags/example_external_task_marker_dag.py for tasks to queue
[2026-04-29T01:20:52.235+0000] {logging_mixin.py:188} INFO - [2026-04-29T01:20:52.235+0000] {dagbag.py:540} INFO - Filling up the DagBag from /home/airflow/.local/lib/python3.12/site-packages/airflow/example_dags/example_external_task_marker_dag.py
[2026-04-29T01:20:52.244+0000] {processor.py:840} INFO - DAG(s) 'example_external_task_marker_child', 'example_external_task_marker_parent' retrieved from /home/airflow/.local/lib/python3.12/site-packages/airflow/example_dags/example_external_task_marker_dag.py
[2026-04-29T01:20:52.277+0000] {logging_mixin.py:188} INFO - [2026-04-29T01:20:52.277+0000] {dag.py:3096} INFO - Sync 2 DAGs
[2026-04-29T01:20:52.294+0000] {logging_mixin.py:188} INFO - [2026-04-29T01:20:52.294+0000] {dag.py:3954} INFO - Setting next_dagrun for example_external_task_marker_child to None, run_after=None
[2026-04-29T01:20:52.299+0000] {logging_mixin.py:188} INFO - [2026-04-29T01:20:52.299+0000] {dag.py:3954} INFO - Setting next_dagrun for example_external_task_marker_parent to None, run_after=None
[2026-04-29T01:20:52.318+0000] {processor.py:183} INFO - Processing /home/airflow/.local/lib/python3.12/site-packages/airflow/example_dags/example_external_task_marker_dag.py took 0.093 seconds
[2026-04-29T01:21:22.695+0000] {processor.py:161} INFO - Started process (PID=2764) to work on /home/airflow/.local/lib/python3.12/site-packages/airflow/example_dags/example_external_task_marker_dag.py
[2026-04-29T01:21:22.696+0000] {processor.py:830} INFO - Processing file /home/airflow/.local/lib/python3.12/site-packages/airflow/example_dags/example_external_task_marker_dag.py for tasks to queue
[2026-04-29T01:21:22.698+0000] {logging_mixin.py:188} INFO - [2026-04-29T01:21:22.698+0000] {dagbag.py:540} INFO - Filling up the DagBag from /home/airflow/.local/lib/python3.12/site-packages/airflow/example_dags/example_external_task_marker_dag.py
[2026-04-29T01:21:22.708+0000] {processor.py:840} INFO - DAG(s) 'example_external_task_marker_child', 'example_external_task_marker_parent' retrieved from /home/airflow/.local/lib/python3.12/site-packages/airflow/example_dags/example_external_task_marker_dag.py
[2026-04-29T01:21:22.778+0000] {logging_mixin.py:188} INFO - [2026-04-29T01:21:22.778+0000] {dag.py:3096} INFO - Sync 2 DAGs
[2026-04-29T01:21:22.797+0000] {logging_mixin.py:188} INFO - [2026-04-29T01:21:22.797+0000] {dag.py:3954} INFO - Setting next_dagrun for example_external_task_marker_child to None, run_after=None
[2026-04-29T01:21:22.802+0000] {logging_mixin.py:188} INFO - [2026-04-29T01:21:22.802+0000] {dag.py:3954} INFO - Setting next_dagrun for example_external_task_marker_parent to None, run_after=None
[2026-04-29T01:21:22.820+0000] {processor.py:183} INFO - Processing /home/airflow/.local/lib/python3.12/site-packages/airflow/example_dags/example_external_task_marker_dag.py took 0.136 seconds
[2026-04-29T01:21:53.653+0000] {processor.py:161} INFO - Started process (PID=2824) to work on /home/airflow/.local/lib/python3.12/site-packages/airflow/example_dags/example_external_task_marker_dag.py
[2026-04-29T01:21:53.654+0000] {processor.py:830} INFO - Processing file /home/airflow/.local/lib/python3.12/site-packages/airflow/example_dags/example_external_task_marker_dag.py for tasks to queue
[2026-04-29T01:21:53.657+0000] {logging_mixin.py:188} INFO - [2026-04-29T01:21:53.656+0000] {dagbag.py:540} INFO - Filling up the DagBag from /home/airflow/.local/lib/python3.12/site-packages/airflow/example_dags/example_external_task_marker_dag.py
[2026-04-29T01:21:53.664+0000] {processor.py:840} INFO - DAG(s) 'example_external_task_marker_parent', 'example_external_task_marker_child' retrieved from /home/airflow/.local/lib/python3.12/site-packages/airflow/example_dags/example_external_task_marker_dag.py
[2026-04-29T01:21:53.693+0000] {logging_mixin.py:188} INFO - [2026-04-29T01:21:53.692+0000] {dag.py:3096} INFO - Sync 2 DAGs
[2026-04-29T01:21:53.708+0000] {logging_mixin.py:188} INFO - [2026-04-29T01:21:53.708+0000] {dag.py:3954} INFO - Setting next_dagrun for example_external_task_marker_child to None, run_after=None
[2026-04-29T01:21:53.713+0000] {logging_mixin.py:188} INFO - [2026-04-29T01:21:53.712+0000] {dag.py:3954} INFO - Setting next_dagrun for example_external_task_marker_parent to None, run_after=None
[2026-04-29T01:21:53.729+0000] {processor.py:183} INFO - Processing /home/airflow/.local/lib/python3.12/site-packages/airflow/example_dags/example_external_task_marker_dag.py took 0.083 seconds
[2026-04-29T01:22:23.921+0000] {processor.py:161} INFO - Started process (PID=2884) to work on /home/airflow/.local/lib/python3.12/site-packages/airflow/example_dags/example_external_task_marker_dag.py
[2026-04-29T01:22:23.923+0000] {processor.py:830} INFO - Processing file /home/airflow/.local/lib/python3.12/site-packages/airflow/example_dags/example_external_task_marker_dag.py for tasks to queue
[2026-04-29T01:22:23.926+0000] {logging_mixin.py:188} INFO - [2026-04-29T01:22:23.925+0000] {dagbag.py:540} INFO - Filling up the DagBag from /home/airflow/.local/lib/python3.12/site-packages/airflow/example_dags/example_external_task_marker_dag.py
[2026-04-29T01:22:23.933+0000] {processor.py:840} INFO - DAG(s) 'example_external_task_marker_parent', 'example_external_task_marker_child' retrieved from /home/airflow/.local/lib/python3.12/site-packages/airflow/example_dags/example_external_task_marker_dag.py
[2026-04-29T01:22:23.971+0000] {logging_mixin.py:188} INFO - [2026-04-29T01:22:23.970+0000] {dag.py:3096} INFO - Sync 2 DAGs
[2026-04-29T01:22:23.995+0000] {logging_mixin.py:188} INFO - [2026-04-29T01:22:23.995+0000] {dag.py:3954} INFO - Setting next_dagrun for example_external_task_marker_child to None, run_after=None
[2026-04-29T01:22:24.008+0000] {logging_mixin.py:188} INFO - [2026-04-29T01:22:24.008+0000] {dag.py:3954} INFO - Setting next_dagrun for example_external_task_marker_parent to None, run_after=None
[2026-04-29T01:22:24.027+0000] {processor.py:183} INFO - Processing /home/airflow/.local/lib/python3.12/site-packages/airflow/example_dags/example_external_task_marker_dag.py took 0.113 seconds
[2026-04-29T01:22:54.726+0000] {processor.py:161} INFO - Started process (PID=2944) to work on /home/airflow/.local/lib/python3.12/site-packages/airflow/example_dags/example_external_task_marker_dag.py
[2026-04-29T01:22:54.727+0000] {processor.py:830} INFO - Processing file /home/airflow/.local/lib/python3.12/site-packages/airflow/example_dags/example_external_task_marker_dag.py for tasks to queue
[2026-04-29T01:22:54.729+0000] {logging_mixin.py:188} INFO - [2026-04-29T01:22:54.729+0000] {dagbag.py:540} INFO - Filling up the DagBag from /home/airflow/.local/lib/python3.12/site-packages/airflow/example_dags/example_external_task_marker_dag.py
[2026-04-29T01:22:54.737+0000] {processor.py:840} INFO - DAG(s) 'example_external_task_marker_parent', 'example_external_task_marker_child' retrieved from /home/airflow/.local/lib/python3.12/site-packages/airflow/example_dags/example_external_task_marker_dag.py
[2026-04-29T01:22:54.766+0000] {logging_mixin.py:188} INFO - [2026-04-29T01:22:54.766+0000] {dag.py:3096} INFO - Sync 2 DAGs
[2026-04-29T01:22:54.783+0000] {logging_mixin.py:188} INFO - [2026-04-29T01:22:54.783+0000] {dag.py:3954} INFO - Setting next_dagrun for example_external_task_marker_child to None, run_after=None
[2026-04-29T01:22:54.788+0000] {logging_mixin.py:188} INFO - [2026-04-29T01:22:54.787+0000] {dag.py:3954} INFO - Setting next_dagrun for example_external_task_marker_parent to None, run_after=None
[2026-04-29T01:22:54.805+0000] {processor.py:183} INFO - Processing /home/airflow/.local/lib/python3.12/site-packages/airflow/example_dags/example_external_task_marker_dag.py took 0.086 seconds
[2026-04-29T01:23:25.218+0000] {processor.py:161} INFO - Started process (PID=3004) to work on /home/airflow/.local/lib/python3.12/site-packages/airflow/example_dags/example_external_task_marker_dag.py
[2026-04-29T01:23:25.219+0000] {processor.py:830} INFO - Processing file /home/airflow/.local/lib/python3.12/site-packages/airflow/example_dags/example_external_task_marker_dag.py for tasks to queue
[2026-04-29T01:23:25.221+0000] {logging_mixin.py:188} INFO - [2026-04-29T01:23:25.220+0000] {dagbag.py:540} INFO - Filling up the DagBag from /home/airflow/.local/lib/python3.12/site-packages/airflow/example_dags/example_external_task_marker_dag.py
[2026-04-29T01:23:25.228+0000] {processor.py:840} INFO - DAG(s) 'example_external_task_marker_child', 'example_external_task_marker_parent' retrieved from /home/airflow/.local/lib/python3.12/site-packages/airflow/example_dags/example_external_task_marker_dag.py
[2026-04-29T01:23:25.257+0000] {logging_mixin.py:188} INFO - [2026-04-29T01:23:25.257+0000] {dag.py:3096} INFO - Sync 2 DAGs
[2026-04-29T01:23:25.273+0000] {logging_mixin.py:188} INFO - [2026-04-29T01:23:25.273+0000] {dag.py:3954} INFO - Setting next_dagrun for example_external_task_marker_child to None, run_after=None
[2026-04-29T01:23:25.278+0000] {logging_mixin.py:188} INFO - [2026-04-29T01:23:25.278+0000] {dag.py:3954} INFO - Setting next_dagrun for example_external_task_marker_parent to None, run_after=None
[2026-04-29T01:23:25.295+0000] {processor.py:183} INFO - Processing /home/airflow/.local/lib/python3.12/site-packages/airflow/example_dags/example_external_task_marker_dag.py took 0.084 seconds
[2026-04-29T01:23:55.467+0000] {processor.py:161} INFO - Started process (PID=3064) to work on /home/airflow/.local/lib/python3.12/site-packages/airflow/example_dags/example_external_task_marker_dag.py
[2026-04-29T01:23:55.468+0000] {processor.py:830} INFO - Processing file /home/airflow/.local/lib/python3.12/site-packages/airflow/example_dags/example_external_task_marker_dag.py for tasks to queue
[2026-04-29T01:23:55.470+0000] {logging_mixin.py:188} INFO - [2026-04-29T01:23:55.469+0000] {dagbag.py:540} INFO - Filling up the DagBag from /home/airflow/.local/lib/python3.12/site-packages/airflow/example_dags/example_external_task_marker_dag.py
[2026-04-29T01:23:55.478+0000] {processor.py:840} INFO - DAG(s) 'example_external_task_marker_child', 'example_external_task_marker_parent' retrieved from /home/airflow/.local/lib/python3.12/site-packages/airflow/example_dags/example_external_task_marker_dag.py
[2026-04-29T01:23:55.505+0000] {logging_mixin.py:188} INFO - [2026-04-29T01:23:55.505+0000] {dag.py:3096} INFO - Sync 2 DAGs
[2026-04-29T01:23:55.521+0000] {logging_mixin.py:188} INFO - [2026-04-29T01:23:55.521+0000] {dag.py:3954} INFO - Setting next_dagrun for example_external_task_marker_child to None, run_after=None
[2026-04-29T01:23:55.525+0000] {logging_mixin.py:188} INFO - [2026-04-29T01:23:55.525+0000] {dag.py:3954} INFO - Setting next_dagrun for example_external_task_marker_parent to None, run_after=None
[2026-04-29T01:23:55.546+0000] {processor.py:183} INFO - Processing /home/airflow/.local/lib/python3.12/site-packages/airflow/example_dags/example_external_task_marker_dag.py took 0.087 seconds
[2026-04-29T01:24:26.589+0000] {processor.py:161} INFO - Started process (PID=3124) to work on /home/airflow/.local/lib/python3.12/site-packages/airflow/example_dags/example_external_task_marker_dag.py
[2026-04-29T01:24:26.596+0000] {processor.py:830} INFO - Processing file /home/airflow/.local/lib/python3.12/site-packages/airflow/example_dags/example_external_task_marker_dag.py for tasks to queue
[2026-04-29T01:24:26.604+0000] {logging_mixin.py:188} INFO - [2026-04-29T01:24:26.599+0000] {dagbag.py:540} INFO - Filling up the DagBag from /home/airflow/.local/lib/python3.12/site-packages/airflow/example_dags/example_external_task_marker_dag.py
[2026-04-29T01:24:26.633+0000] {processor.py:840} INFO - DAG(s) 'example_external_task_marker_child', 'example_external_task_marker_parent' retrieved from /home/airflow/.local/lib/python3.12/site-packages/airflow/example_dags/example_external_task_marker_dag.py
[2026-04-29T01:24:26.781+0000] {logging_mixin.py:188} INFO - [2026-04-29T01:24:26.780+0000] {dag.py:3096} INFO - Sync 2 DAGs
[2026-04-29T01:24:26.869+0000] {logging_mixin.py:188} INFO - [2026-04-29T01:24:26.867+0000] {dag.py:3954} INFO - Setting next_dagrun for example_external_task_marker_child to None, run_after=None
[2026-04-29T01:24:26.882+0000] {logging_mixin.py:188} INFO - [2026-04-29T01:24:26.878+0000] {dag.py:3954} INFO - Setting next_dagrun for example_external_task_marker_parent to None, run_after=None
[2026-04-29T01:24:26.969+0000] {processor.py:183} INFO - Processing /home/airflow/.local/lib/python3.12/site-packages/airflow/example_dags/example_external_task_marker_dag.py took 0.393 seconds
