[2026-04-29T00:55:01.401+0000] {processor.py:161} INFO - Started process (PID=92) to work on /home/airflow/.local/lib/python3.12/site-packages/airflow/example_dags/example_latest_only.py
[2026-04-29T00:55:01.402+0000] {processor.py:830} INFO - Processing file /home/airflow/.local/lib/python3.12/site-packages/airflow/example_dags/example_latest_only.py for tasks to queue
[2026-04-29T00:55:01.412+0000] {logging_mixin.py:188} INFO - [2026-04-29T00:55:01.411+0000] {dagbag.py:540} INFO - Filling up the DagBag from /home/airflow/.local/lib/python3.12/site-packages/airflow/example_dags/example_latest_only.py
[2026-04-29T00:55:01.480+0000] {processor.py:840} INFO - DAG(s) 'latest_only' retrieved from /home/airflow/.local/lib/python3.12/site-packages/airflow/example_dags/example_latest_only.py
[2026-04-29T00:55:01.572+0000] {logging_mixin.py:188} INFO - [2026-04-29T00:55:01.571+0000] {dag.py:3096} INFO - Sync 1 DAGs
[2026-04-29T00:55:01.602+0000] {logging_mixin.py:188} INFO - [2026-04-29T00:55:01.602+0000] {dag.py:3954} INFO - Setting next_dagrun for latest_only to 2026-04-28 20:00:00+00:00, run_after=2026-04-29 00:00:00+00:00
[2026-04-29T00:55:01.687+0000] {processor.py:183} INFO - Processing /home/airflow/.local/lib/python3.12/site-packages/airflow/example_dags/example_latest_only.py took 0.311 seconds
[2026-04-29T00:58:25.809+0000] {processor.py:161} INFO - Started process (PID=100) to work on /home/airflow/.local/lib/python3.12/site-packages/airflow/example_dags/example_latest_only.py
[2026-04-29T00:58:25.812+0000] {processor.py:830} INFO - Processing file /home/airflow/.local/lib/python3.12/site-packages/airflow/example_dags/example_latest_only.py for tasks to queue
[2026-04-29T00:58:25.816+0000] {logging_mixin.py:188} INFO - [2026-04-29T00:58:25.816+0000] {dagbag.py:540} INFO - Filling up the DagBag from /home/airflow/.local/lib/python3.12/site-packages/airflow/example_dags/example_latest_only.py
[2026-04-29T00:58:25.823+0000] {processor.py:840} INFO - DAG(s) 'latest_only' retrieved from /home/airflow/.local/lib/python3.12/site-packages/airflow/example_dags/example_latest_only.py
[2026-04-29T00:58:26.112+0000] {logging_mixin.py:188} INFO - [2026-04-29T00:58:26.112+0000] {override.py:1829} INFO - Created Permission View: can edit on DAG:latest_only
[2026-04-29T00:58:26.144+0000] {logging_mixin.py:188} INFO - [2026-04-29T00:58:26.143+0000] {override.py:1829} INFO - Created Permission View: can delete on DAG:latest_only
[2026-04-29T00:58:26.159+0000] {logging_mixin.py:188} INFO - [2026-04-29T00:58:26.159+0000] {override.py:1829} INFO - Created Permission View: can read on DAG:latest_only
[2026-04-29T00:58:26.162+0000] {logging_mixin.py:188} INFO - [2026-04-29T00:58:26.162+0000] {dag.py:3096} INFO - Sync 1 DAGs
[2026-04-29T00:58:26.206+0000] {logging_mixin.py:188} INFO - [2026-04-29T00:58:26.205+0000] {dag.py:3118} INFO - Creating ORM DAG for latest_only
[2026-04-29T00:58:26.246+0000] {logging_mixin.py:188} INFO - [2026-04-29T00:58:26.245+0000] {dag.py:3954} INFO - Setting next_dagrun for latest_only to 2026-04-28 20:00:00+00:00, run_after=2026-04-29 00:00:00+00:00
[2026-04-29T00:58:26.288+0000] {processor.py:183} INFO - Processing /home/airflow/.local/lib/python3.12/site-packages/airflow/example_dags/example_latest_only.py took 0.487 seconds
[2026-04-29T00:58:56.743+0000] {processor.py:161} INFO - Started process (PID=160) to work on /home/airflow/.local/lib/python3.12/site-packages/airflow/example_dags/example_latest_only.py
[2026-04-29T00:58:56.744+0000] {processor.py:830} INFO - Processing file /home/airflow/.local/lib/python3.12/site-packages/airflow/example_dags/example_latest_only.py for tasks to queue
[2026-04-29T00:58:56.746+0000] {logging_mixin.py:188} INFO - [2026-04-29T00:58:56.745+0000] {dagbag.py:540} INFO - Filling up the DagBag from /home/airflow/.local/lib/python3.12/site-packages/airflow/example_dags/example_latest_only.py
[2026-04-29T00:58:56.751+0000] {processor.py:840} INFO - DAG(s) 'latest_only' retrieved from /home/airflow/.local/lib/python3.12/site-packages/airflow/example_dags/example_latest_only.py
[2026-04-29T00:58:56.770+0000] {logging_mixin.py:188} INFO - [2026-04-29T00:58:56.770+0000] {dag.py:3096} INFO - Sync 1 DAGs
[2026-04-29T00:58:56.791+0000] {logging_mixin.py:188} INFO - [2026-04-29T00:58:56.791+0000] {dag.py:3954} INFO - Setting next_dagrun for latest_only to 2026-04-28 20:00:00+00:00, run_after=2026-04-29 00:00:00+00:00
[2026-04-29T00:58:56.812+0000] {processor.py:183} INFO - Processing /home/airflow/.local/lib/python3.12/site-packages/airflow/example_dags/example_latest_only.py took 0.074 seconds
[2026-04-29T00:59:27.049+0000] {processor.py:161} INFO - Started process (PID=220) to work on /home/airflow/.local/lib/python3.12/site-packages/airflow/example_dags/example_latest_only.py
[2026-04-29T00:59:27.051+0000] {processor.py:830} INFO - Processing file /home/airflow/.local/lib/python3.12/site-packages/airflow/example_dags/example_latest_only.py for tasks to queue
[2026-04-29T00:59:27.060+0000] {logging_mixin.py:188} INFO - [2026-04-29T00:59:27.057+0000] {dagbag.py:540} INFO - Filling up the DagBag from /home/airflow/.local/lib/python3.12/site-packages/airflow/example_dags/example_latest_only.py
[2026-04-29T00:59:27.078+0000] {processor.py:840} INFO - DAG(s) 'latest_only' retrieved from /home/airflow/.local/lib/python3.12/site-packages/airflow/example_dags/example_latest_only.py
[2026-04-29T00:59:27.134+0000] {logging_mixin.py:188} INFO - [2026-04-29T00:59:27.132+0000] {dag.py:3096} INFO - Sync 1 DAGs
[2026-04-29T00:59:27.191+0000] {logging_mixin.py:188} INFO - [2026-04-29T00:59:27.191+0000] {dag.py:3954} INFO - Setting next_dagrun for latest_only to 2026-04-28 20:00:00+00:00, run_after=2026-04-29 00:00:00+00:00
[2026-04-29T00:59:27.244+0000] {processor.py:183} INFO - Processing /home/airflow/.local/lib/python3.12/site-packages/airflow/example_dags/example_latest_only.py took 0.203 seconds
[2026-04-29T00:59:58.098+0000] {processor.py:161} INFO - Started process (PID=279) to work on /home/airflow/.local/lib/python3.12/site-packages/airflow/example_dags/example_latest_only.py
[2026-04-29T00:59:58.099+0000] {processor.py:830} INFO - Processing file /home/airflow/.local/lib/python3.12/site-packages/airflow/example_dags/example_latest_only.py for tasks to queue
[2026-04-29T00:59:58.101+0000] {logging_mixin.py:188} INFO - [2026-04-29T00:59:58.101+0000] {dagbag.py:540} INFO - Filling up the DagBag from /home/airflow/.local/lib/python3.12/site-packages/airflow/example_dags/example_latest_only.py
[2026-04-29T00:59:58.107+0000] {processor.py:840} INFO - DAG(s) 'latest_only' retrieved from /home/airflow/.local/lib/python3.12/site-packages/airflow/example_dags/example_latest_only.py
[2026-04-29T00:59:58.135+0000] {logging_mixin.py:188} INFO - [2026-04-29T00:59:58.135+0000] {dag.py:3096} INFO - Sync 1 DAGs
[2026-04-29T00:59:58.162+0000] {logging_mixin.py:188} INFO - [2026-04-29T00:59:58.162+0000] {dag.py:3954} INFO - Setting next_dagrun for latest_only to 2026-04-28 20:00:00+00:00, run_after=2026-04-29 00:00:00+00:00
[2026-04-29T00:59:58.184+0000] {processor.py:183} INFO - Processing /home/airflow/.local/lib/python3.12/site-packages/airflow/example_dags/example_latest_only.py took 0.094 seconds
[2026-04-29T01:00:29.926+0000] {processor.py:161} INFO - Started process (PID=345) to work on /home/airflow/.local/lib/python3.12/site-packages/airflow/example_dags/example_latest_only.py
[2026-04-29T01:00:29.977+0000] {processor.py:830} INFO - Processing file /home/airflow/.local/lib/python3.12/site-packages/airflow/example_dags/example_latest_only.py for tasks to queue
[2026-04-29T01:00:30.007+0000] {logging_mixin.py:188} INFO - [2026-04-29T01:00:30.001+0000] {dagbag.py:540} INFO - Filling up the DagBag from /home/airflow/.local/lib/python3.12/site-packages/airflow/example_dags/example_latest_only.py
[2026-04-29T01:00:30.075+0000] {processor.py:840} INFO - DAG(s) 'latest_only' retrieved from /home/airflow/.local/lib/python3.12/site-packages/airflow/example_dags/example_latest_only.py
[2026-04-29T01:00:30.240+0000] {logging_mixin.py:188} INFO - [2026-04-29T01:00:30.239+0000] {dag.py:3096} INFO - Sync 1 DAGs
[2026-04-29T01:00:30.342+0000] {logging_mixin.py:188} INFO - [2026-04-29T01:00:30.336+0000] {dag.py:3954} INFO - Setting next_dagrun for latest_only to 2026-04-28 20:00:00+00:00, run_after=2026-04-29 00:00:00+00:00
[2026-04-29T01:00:30.382+0000] {processor.py:183} INFO - Processing /home/airflow/.local/lib/python3.12/site-packages/airflow/example_dags/example_latest_only.py took 0.516 seconds
[2026-04-29T01:01:00.527+0000] {processor.py:161} INFO - Started process (PID=405) to work on /home/airflow/.local/lib/python3.12/site-packages/airflow/example_dags/example_latest_only.py
[2026-04-29T01:01:00.528+0000] {processor.py:830} INFO - Processing file /home/airflow/.local/lib/python3.12/site-packages/airflow/example_dags/example_latest_only.py for tasks to queue
[2026-04-29T01:01:00.530+0000] {logging_mixin.py:188} INFO - [2026-04-29T01:01:00.530+0000] {dagbag.py:540} INFO - Filling up the DagBag from /home/airflow/.local/lib/python3.12/site-packages/airflow/example_dags/example_latest_only.py
[2026-04-29T01:01:00.540+0000] {processor.py:840} INFO - DAG(s) 'latest_only' retrieved from /home/airflow/.local/lib/python3.12/site-packages/airflow/example_dags/example_latest_only.py
[2026-04-29T01:01:00.591+0000] {logging_mixin.py:188} INFO - [2026-04-29T01:01:00.590+0000] {dag.py:3096} INFO - Sync 1 DAGs
[2026-04-29T01:01:00.655+0000] {logging_mixin.py:188} INFO - [2026-04-29T01:01:00.654+0000] {dag.py:3954} INFO - Setting next_dagrun for latest_only to 2026-04-28 20:00:00+00:00, run_after=2026-04-29 00:00:00+00:00
[2026-04-29T01:01:00.700+0000] {processor.py:183} INFO - Processing /home/airflow/.local/lib/python3.12/site-packages/airflow/example_dags/example_latest_only.py took 0.180 seconds
[2026-04-29T01:01:31.963+0000] {processor.py:161} INFO - Started process (PID=464) to work on /home/airflow/.local/lib/python3.12/site-packages/airflow/example_dags/example_latest_only.py
[2026-04-29T01:01:31.964+0000] {processor.py:830} INFO - Processing file /home/airflow/.local/lib/python3.12/site-packages/airflow/example_dags/example_latest_only.py for tasks to queue
[2026-04-29T01:01:31.972+0000] {logging_mixin.py:188} INFO - [2026-04-29T01:01:31.972+0000] {dagbag.py:540} INFO - Filling up the DagBag from /home/airflow/.local/lib/python3.12/site-packages/airflow/example_dags/example_latest_only.py
[2026-04-29T01:01:31.987+0000] {processor.py:840} INFO - DAG(s) 'latest_only' retrieved from /home/airflow/.local/lib/python3.12/site-packages/airflow/example_dags/example_latest_only.py
[2026-04-29T01:01:32.045+0000] {logging_mixin.py:188} INFO - [2026-04-29T01:01:32.044+0000] {dag.py:3096} INFO - Sync 1 DAGs
[2026-04-29T01:01:32.078+0000] {logging_mixin.py:188} INFO - [2026-04-29T01:01:32.076+0000] {dag.py:3954} INFO - Setting next_dagrun for latest_only to 2026-04-28 20:00:00+00:00, run_after=2026-04-29 00:00:00+00:00
[2026-04-29T01:01:32.142+0000] {processor.py:183} INFO - Processing /home/airflow/.local/lib/python3.12/site-packages/airflow/example_dags/example_latest_only.py took 0.204 seconds
[2026-04-29T01:02:02.613+0000] {processor.py:161} INFO - Started process (PID=523) to work on /home/airflow/.local/lib/python3.12/site-packages/airflow/example_dags/example_latest_only.py
[2026-04-29T01:02:02.616+0000] {processor.py:830} INFO - Processing file /home/airflow/.local/lib/python3.12/site-packages/airflow/example_dags/example_latest_only.py for tasks to queue
[2026-04-29T01:02:02.619+0000] {logging_mixin.py:188} INFO - [2026-04-29T01:02:02.619+0000] {dagbag.py:540} INFO - Filling up the DagBag from /home/airflow/.local/lib/python3.12/site-packages/airflow/example_dags/example_latest_only.py
[2026-04-29T01:02:02.629+0000] {processor.py:840} INFO - DAG(s) 'latest_only' retrieved from /home/airflow/.local/lib/python3.12/site-packages/airflow/example_dags/example_latest_only.py
[2026-04-29T01:02:02.702+0000] {logging_mixin.py:188} INFO - [2026-04-29T01:02:02.701+0000] {dag.py:3096} INFO - Sync 1 DAGs
[2026-04-29T01:02:02.767+0000] {logging_mixin.py:188} INFO - [2026-04-29T01:02:02.767+0000] {dag.py:3954} INFO - Setting next_dagrun for latest_only to 2026-04-28 20:00:00+00:00, run_after=2026-04-29 00:00:00+00:00
[2026-04-29T01:02:02.831+0000] {processor.py:183} INFO - Processing /home/airflow/.local/lib/python3.12/site-packages/airflow/example_dags/example_latest_only.py took 0.246 seconds
[2026-04-29T01:02:33.652+0000] {processor.py:161} INFO - Started process (PID=582) to work on /home/airflow/.local/lib/python3.12/site-packages/airflow/example_dags/example_latest_only.py
[2026-04-29T01:02:33.653+0000] {processor.py:830} INFO - Processing file /home/airflow/.local/lib/python3.12/site-packages/airflow/example_dags/example_latest_only.py for tasks to queue
[2026-04-29T01:02:33.655+0000] {logging_mixin.py:188} INFO - [2026-04-29T01:02:33.655+0000] {dagbag.py:540} INFO - Filling up the DagBag from /home/airflow/.local/lib/python3.12/site-packages/airflow/example_dags/example_latest_only.py
[2026-04-29T01:02:33.662+0000] {processor.py:840} INFO - DAG(s) 'latest_only' retrieved from /home/airflow/.local/lib/python3.12/site-packages/airflow/example_dags/example_latest_only.py
[2026-04-29T01:02:33.691+0000] {logging_mixin.py:188} INFO - [2026-04-29T01:02:33.690+0000] {dag.py:3096} INFO - Sync 1 DAGs
[2026-04-29T01:02:33.717+0000] {logging_mixin.py:188} INFO - [2026-04-29T01:02:33.716+0000] {dag.py:3954} INFO - Setting next_dagrun for latest_only to 2026-04-28 20:00:00+00:00, run_after=2026-04-29 00:00:00+00:00
[2026-04-29T01:02:33.736+0000] {processor.py:183} INFO - Processing /home/airflow/.local/lib/python3.12/site-packages/airflow/example_dags/example_latest_only.py took 0.094 seconds
[2026-04-29T01:03:04.398+0000] {processor.py:161} INFO - Started process (PID=643) to work on /home/airflow/.local/lib/python3.12/site-packages/airflow/example_dags/example_latest_only.py
[2026-04-29T01:03:04.399+0000] {processor.py:830} INFO - Processing file /home/airflow/.local/lib/python3.12/site-packages/airflow/example_dags/example_latest_only.py for tasks to queue
[2026-04-29T01:03:04.401+0000] {logging_mixin.py:188} INFO - [2026-04-29T01:03:04.401+0000] {dagbag.py:540} INFO - Filling up the DagBag from /home/airflow/.local/lib/python3.12/site-packages/airflow/example_dags/example_latest_only.py
[2026-04-29T01:03:04.407+0000] {processor.py:840} INFO - DAG(s) 'latest_only' retrieved from /home/airflow/.local/lib/python3.12/site-packages/airflow/example_dags/example_latest_only.py
[2026-04-29T01:03:04.433+0000] {logging_mixin.py:188} INFO - [2026-04-29T01:03:04.433+0000] {dag.py:3096} INFO - Sync 1 DAGs
[2026-04-29T01:03:04.461+0000] {logging_mixin.py:188} INFO - [2026-04-29T01:03:04.461+0000] {dag.py:3954} INFO - Setting next_dagrun for latest_only to 2026-04-28 20:00:00+00:00, run_after=2026-04-29 00:00:00+00:00
[2026-04-29T01:03:04.482+0000] {processor.py:183} INFO - Processing /home/airflow/.local/lib/python3.12/site-packages/airflow/example_dags/example_latest_only.py took 0.093 seconds
[2026-04-29T01:03:35.426+0000] {processor.py:161} INFO - Started process (PID=703) to work on /home/airflow/.local/lib/python3.12/site-packages/airflow/example_dags/example_latest_only.py
[2026-04-29T01:03:35.429+0000] {processor.py:830} INFO - Processing file /home/airflow/.local/lib/python3.12/site-packages/airflow/example_dags/example_latest_only.py for tasks to queue
[2026-04-29T01:03:35.432+0000] {logging_mixin.py:188} INFO - [2026-04-29T01:03:35.432+0000] {dagbag.py:540} INFO - Filling up the DagBag from /home/airflow/.local/lib/python3.12/site-packages/airflow/example_dags/example_latest_only.py
[2026-04-29T01:03:35.442+0000] {processor.py:840} INFO - DAG(s) 'latest_only' retrieved from /home/airflow/.local/lib/python3.12/site-packages/airflow/example_dags/example_latest_only.py
[2026-04-29T01:03:35.499+0000] {logging_mixin.py:188} INFO - [2026-04-29T01:03:35.498+0000] {dag.py:3096} INFO - Sync 1 DAGs
[2026-04-29T01:03:35.551+0000] {logging_mixin.py:188} INFO - [2026-04-29T01:03:35.548+0000] {dag.py:3954} INFO - Setting next_dagrun for latest_only to 2026-04-28 20:00:00+00:00, run_after=2026-04-29 00:00:00+00:00
[2026-04-29T01:03:35.586+0000] {processor.py:183} INFO - Processing /home/airflow/.local/lib/python3.12/site-packages/airflow/example_dags/example_latest_only.py took 0.170 seconds
[2026-04-29T01:04:06.472+0000] {processor.py:161} INFO - Started process (PID=763) to work on /home/airflow/.local/lib/python3.12/site-packages/airflow/example_dags/example_latest_only.py
[2026-04-29T01:04:06.476+0000] {processor.py:830} INFO - Processing file /home/airflow/.local/lib/python3.12/site-packages/airflow/example_dags/example_latest_only.py for tasks to queue
[2026-04-29T01:04:06.481+0000] {logging_mixin.py:188} INFO - [2026-04-29T01:04:06.480+0000] {dagbag.py:540} INFO - Filling up the DagBag from /home/airflow/.local/lib/python3.12/site-packages/airflow/example_dags/example_latest_only.py
[2026-04-29T01:04:06.493+0000] {processor.py:840} INFO - DAG(s) 'latest_only' retrieved from /home/airflow/.local/lib/python3.12/site-packages/airflow/example_dags/example_latest_only.py
[2026-04-29T01:04:06.561+0000] {logging_mixin.py:188} INFO - [2026-04-29T01:04:06.561+0000] {dag.py:3096} INFO - Sync 1 DAGs
[2026-04-29T01:04:06.610+0000] {logging_mixin.py:188} INFO - [2026-04-29T01:04:06.610+0000] {dag.py:3954} INFO - Setting next_dagrun for latest_only to 2026-04-28 20:00:00+00:00, run_after=2026-04-29 00:00:00+00:00
[2026-04-29T01:04:06.657+0000] {processor.py:183} INFO - Processing /home/airflow/.local/lib/python3.12/site-packages/airflow/example_dags/example_latest_only.py took 0.203 seconds
[2026-04-29T01:04:37.252+0000] {processor.py:161} INFO - Started process (PID=823) to work on /home/airflow/.local/lib/python3.12/site-packages/airflow/example_dags/example_latest_only.py
[2026-04-29T01:04:37.252+0000] {processor.py:830} INFO - Processing file /home/airflow/.local/lib/python3.12/site-packages/airflow/example_dags/example_latest_only.py for tasks to queue
[2026-04-29T01:04:37.255+0000] {logging_mixin.py:188} INFO - [2026-04-29T01:04:37.254+0000] {dagbag.py:540} INFO - Filling up the DagBag from /home/airflow/.local/lib/python3.12/site-packages/airflow/example_dags/example_latest_only.py
[2026-04-29T01:04:37.263+0000] {processor.py:840} INFO - DAG(s) 'latest_only' retrieved from /home/airflow/.local/lib/python3.12/site-packages/airflow/example_dags/example_latest_only.py
[2026-04-29T01:04:37.341+0000] {logging_mixin.py:188} INFO - [2026-04-29T01:04:37.341+0000] {dag.py:3096} INFO - Sync 1 DAGs
[2026-04-29T01:04:37.439+0000] {logging_mixin.py:188} INFO - [2026-04-29T01:04:37.438+0000] {dag.py:3954} INFO - Setting next_dagrun for latest_only to 2026-04-28 20:00:00+00:00, run_after=2026-04-29 00:00:00+00:00
[2026-04-29T01:04:37.465+0000] {processor.py:183} INFO - Processing /home/airflow/.local/lib/python3.12/site-packages/airflow/example_dags/example_latest_only.py took 0.220 seconds
[2026-04-29T01:05:08.260+0000] {processor.py:161} INFO - Started process (PID=886) to work on /home/airflow/.local/lib/python3.12/site-packages/airflow/example_dags/example_latest_only.py
[2026-04-29T01:05:08.264+0000] {processor.py:830} INFO - Processing file /home/airflow/.local/lib/python3.12/site-packages/airflow/example_dags/example_latest_only.py for tasks to queue
[2026-04-29T01:05:08.271+0000] {logging_mixin.py:188} INFO - [2026-04-29T01:05:08.270+0000] {dagbag.py:540} INFO - Filling up the DagBag from /home/airflow/.local/lib/python3.12/site-packages/airflow/example_dags/example_latest_only.py
[2026-04-29T01:05:08.281+0000] {processor.py:840} INFO - DAG(s) 'latest_only' retrieved from /home/airflow/.local/lib/python3.12/site-packages/airflow/example_dags/example_latest_only.py
[2026-04-29T01:05:08.308+0000] {logging_mixin.py:188} INFO - [2026-04-29T01:05:08.308+0000] {dag.py:3096} INFO - Sync 1 DAGs
[2026-04-29T01:05:08.341+0000] {logging_mixin.py:188} INFO - [2026-04-29T01:05:08.340+0000] {dag.py:3954} INFO - Setting next_dagrun for latest_only to 2026-04-28 20:00:00+00:00, run_after=2026-04-29 00:00:00+00:00
[2026-04-29T01:05:08.362+0000] {processor.py:183} INFO - Processing /home/airflow/.local/lib/python3.12/site-packages/airflow/example_dags/example_latest_only.py took 0.118 seconds
[2026-04-29T01:05:38.783+0000] {processor.py:161} INFO - Started process (PID=946) to work on /home/airflow/.local/lib/python3.12/site-packages/airflow/example_dags/example_latest_only.py
[2026-04-29T01:05:38.788+0000] {processor.py:830} INFO - Processing file /home/airflow/.local/lib/python3.12/site-packages/airflow/example_dags/example_latest_only.py for tasks to queue
[2026-04-29T01:05:38.792+0000] {logging_mixin.py:188} INFO - [2026-04-29T01:05:38.791+0000] {dagbag.py:540} INFO - Filling up the DagBag from /home/airflow/.local/lib/python3.12/site-packages/airflow/example_dags/example_latest_only.py
[2026-04-29T01:05:38.798+0000] {processor.py:840} INFO - DAG(s) 'latest_only' retrieved from /home/airflow/.local/lib/python3.12/site-packages/airflow/example_dags/example_latest_only.py
[2026-04-29T01:05:38.823+0000] {logging_mixin.py:188} INFO - [2026-04-29T01:05:38.823+0000] {dag.py:3096} INFO - Sync 1 DAGs
[2026-04-29T01:05:38.848+0000] {logging_mixin.py:188} INFO - [2026-04-29T01:05:38.848+0000] {dag.py:3954} INFO - Setting next_dagrun for latest_only to 2026-04-28 20:00:00+00:00, run_after=2026-04-29 00:00:00+00:00
[2026-04-29T01:05:39.082+0000] {processor.py:183} INFO - Processing /home/airflow/.local/lib/python3.12/site-packages/airflow/example_dags/example_latest_only.py took 0.312 seconds
[2026-04-29T01:06:10.067+0000] {processor.py:161} INFO - Started process (PID=1006) to work on /home/airflow/.local/lib/python3.12/site-packages/airflow/example_dags/example_latest_only.py
[2026-04-29T01:06:10.074+0000] {processor.py:830} INFO - Processing file /home/airflow/.local/lib/python3.12/site-packages/airflow/example_dags/example_latest_only.py for tasks to queue
[2026-04-29T01:06:10.079+0000] {logging_mixin.py:188} INFO - [2026-04-29T01:06:10.078+0000] {dagbag.py:540} INFO - Filling up the DagBag from /home/airflow/.local/lib/python3.12/site-packages/airflow/example_dags/example_latest_only.py
[2026-04-29T01:06:10.091+0000] {processor.py:840} INFO - DAG(s) 'latest_only' retrieved from /home/airflow/.local/lib/python3.12/site-packages/airflow/example_dags/example_latest_only.py
[2026-04-29T01:06:10.125+0000] {logging_mixin.py:188} INFO - [2026-04-29T01:06:10.125+0000] {dag.py:3096} INFO - Sync 1 DAGs
[2026-04-29T01:06:10.162+0000] {logging_mixin.py:188} INFO - [2026-04-29T01:06:10.161+0000] {dag.py:3954} INFO - Setting next_dagrun for latest_only to 2026-04-28 20:00:00+00:00, run_after=2026-04-29 00:00:00+00:00
[2026-04-29T01:06:10.191+0000] {processor.py:183} INFO - Processing /home/airflow/.local/lib/python3.12/site-packages/airflow/example_dags/example_latest_only.py took 0.143 seconds
[2026-04-29T01:06:41.845+0000] {processor.py:161} INFO - Started process (PID=1066) to work on /home/airflow/.local/lib/python3.12/site-packages/airflow/example_dags/example_latest_only.py
[2026-04-29T01:06:41.862+0000] {processor.py:830} INFO - Processing file /home/airflow/.local/lib/python3.12/site-packages/airflow/example_dags/example_latest_only.py for tasks to queue
[2026-04-29T01:06:41.872+0000] {logging_mixin.py:188} INFO - [2026-04-29T01:06:41.872+0000] {dagbag.py:540} INFO - Filling up the DagBag from /home/airflow/.local/lib/python3.12/site-packages/airflow/example_dags/example_latest_only.py
[2026-04-29T01:06:41.898+0000] {processor.py:840} INFO - DAG(s) 'latest_only' retrieved from /home/airflow/.local/lib/python3.12/site-packages/airflow/example_dags/example_latest_only.py
[2026-04-29T01:06:41.940+0000] {logging_mixin.py:188} INFO - [2026-04-29T01:06:41.939+0000] {dag.py:3096} INFO - Sync 1 DAGs
[2026-04-29T01:06:41.983+0000] {logging_mixin.py:188} INFO - [2026-04-29T01:06:41.982+0000] {dag.py:3954} INFO - Setting next_dagrun for latest_only to 2026-04-28 20:00:00+00:00, run_after=2026-04-29 00:00:00+00:00
[2026-04-29T01:06:42.029+0000] {processor.py:183} INFO - Processing /home/airflow/.local/lib/python3.12/site-packages/airflow/example_dags/example_latest_only.py took 0.205 seconds
[2026-04-29T01:07:12.828+0000] {processor.py:161} INFO - Started process (PID=1126) to work on /home/airflow/.local/lib/python3.12/site-packages/airflow/example_dags/example_latest_only.py
[2026-04-29T01:07:12.830+0000] {processor.py:830} INFO - Processing file /home/airflow/.local/lib/python3.12/site-packages/airflow/example_dags/example_latest_only.py for tasks to queue
[2026-04-29T01:07:12.832+0000] {logging_mixin.py:188} INFO - [2026-04-29T01:07:12.832+0000] {dagbag.py:540} INFO - Filling up the DagBag from /home/airflow/.local/lib/python3.12/site-packages/airflow/example_dags/example_latest_only.py
[2026-04-29T01:07:12.839+0000] {processor.py:840} INFO - DAG(s) 'latest_only' retrieved from /home/airflow/.local/lib/python3.12/site-packages/airflow/example_dags/example_latest_only.py
[2026-04-29T01:07:12.861+0000] {logging_mixin.py:188} INFO - [2026-04-29T01:07:12.861+0000] {dag.py:3096} INFO - Sync 1 DAGs
[2026-04-29T01:07:13.063+0000] {logging_mixin.py:188} INFO - [2026-04-29T01:07:13.062+0000] {dag.py:3954} INFO - Setting next_dagrun for latest_only to 2026-04-28 20:00:00+00:00, run_after=2026-04-29 00:00:00+00:00
[2026-04-29T01:07:13.081+0000] {processor.py:183} INFO - Processing /home/airflow/.local/lib/python3.12/site-packages/airflow/example_dags/example_latest_only.py took 0.259 seconds
[2026-04-29T01:07:44.492+0000] {processor.py:161} INFO - Started process (PID=1185) to work on /home/airflow/.local/lib/python3.12/site-packages/airflow/example_dags/example_latest_only.py
[2026-04-29T01:07:44.495+0000] {processor.py:830} INFO - Processing file /home/airflow/.local/lib/python3.12/site-packages/airflow/example_dags/example_latest_only.py for tasks to queue
[2026-04-29T01:07:44.500+0000] {logging_mixin.py:188} INFO - [2026-04-29T01:07:44.499+0000] {dagbag.py:540} INFO - Filling up the DagBag from /home/airflow/.local/lib/python3.12/site-packages/airflow/example_dags/example_latest_only.py
[2026-04-29T01:07:44.512+0000] {processor.py:840} INFO - DAG(s) 'latest_only' retrieved from /home/airflow/.local/lib/python3.12/site-packages/airflow/example_dags/example_latest_only.py
[2026-04-29T01:07:44.567+0000] {logging_mixin.py:188} INFO - [2026-04-29T01:07:44.566+0000] {dag.py:3096} INFO - Sync 1 DAGs
[2026-04-29T01:07:44.623+0000] {logging_mixin.py:188} INFO - [2026-04-29T01:07:44.622+0000] {dag.py:3954} INFO - Setting next_dagrun for latest_only to 2026-04-28 20:00:00+00:00, run_after=2026-04-29 00:00:00+00:00
[2026-04-29T01:07:45.079+0000] {processor.py:183} INFO - Processing /home/airflow/.local/lib/python3.12/site-packages/airflow/example_dags/example_latest_only.py took 0.603 seconds
[2026-04-29T01:08:15.866+0000] {processor.py:161} INFO - Started process (PID=1245) to work on /home/airflow/.local/lib/python3.12/site-packages/airflow/example_dags/example_latest_only.py
[2026-04-29T01:08:15.869+0000] {processor.py:830} INFO - Processing file /home/airflow/.local/lib/python3.12/site-packages/airflow/example_dags/example_latest_only.py for tasks to queue
[2026-04-29T01:08:15.874+0000] {logging_mixin.py:188} INFO - [2026-04-29T01:08:15.874+0000] {dagbag.py:540} INFO - Filling up the DagBag from /home/airflow/.local/lib/python3.12/site-packages/airflow/example_dags/example_latest_only.py
[2026-04-29T01:08:15.883+0000] {processor.py:840} INFO - DAG(s) 'latest_only' retrieved from /home/airflow/.local/lib/python3.12/site-packages/airflow/example_dags/example_latest_only.py
[2026-04-29T01:08:15.907+0000] {logging_mixin.py:188} INFO - [2026-04-29T01:08:15.907+0000] {dag.py:3096} INFO - Sync 1 DAGs
[2026-04-29T01:08:15.934+0000] {logging_mixin.py:188} INFO - [2026-04-29T01:08:15.933+0000] {dag.py:3954} INFO - Setting next_dagrun for latest_only to 2026-04-28 20:00:00+00:00, run_after=2026-04-29 00:00:00+00:00
[2026-04-29T01:08:15.958+0000] {processor.py:183} INFO - Processing /home/airflow/.local/lib/python3.12/site-packages/airflow/example_dags/example_latest_only.py took 0.099 seconds
[2026-04-29T01:08:47.645+0000] {processor.py:161} INFO - Started process (PID=1305) to work on /home/airflow/.local/lib/python3.12/site-packages/airflow/example_dags/example_latest_only.py
[2026-04-29T01:08:47.658+0000] {processor.py:830} INFO - Processing file /home/airflow/.local/lib/python3.12/site-packages/airflow/example_dags/example_latest_only.py for tasks to queue
[2026-04-29T01:08:47.674+0000] {logging_mixin.py:188} INFO - [2026-04-29T01:08:47.674+0000] {dagbag.py:540} INFO - Filling up the DagBag from /home/airflow/.local/lib/python3.12/site-packages/airflow/example_dags/example_latest_only.py
[2026-04-29T01:08:47.683+0000] {processor.py:840} INFO - DAG(s) 'latest_only' retrieved from /home/airflow/.local/lib/python3.12/site-packages/airflow/example_dags/example_latest_only.py
[2026-04-29T01:08:47.889+0000] {logging_mixin.py:188} INFO - [2026-04-29T01:08:47.889+0000] {dag.py:3096} INFO - Sync 1 DAGs
[2026-04-29T01:08:48.090+0000] {logging_mixin.py:188} INFO - [2026-04-29T01:08:48.089+0000] {dag.py:3954} INFO - Setting next_dagrun for latest_only to 2026-04-28 20:00:00+00:00, run_after=2026-04-29 00:00:00+00:00
[2026-04-29T01:08:48.204+0000] {processor.py:183} INFO - Processing /home/airflow/.local/lib/python3.12/site-packages/airflow/example_dags/example_latest_only.py took 0.620 seconds
[2026-04-29T01:09:19.213+0000] {processor.py:161} INFO - Started process (PID=1365) to work on /home/airflow/.local/lib/python3.12/site-packages/airflow/example_dags/example_latest_only.py
[2026-04-29T01:09:19.217+0000] {processor.py:830} INFO - Processing file /home/airflow/.local/lib/python3.12/site-packages/airflow/example_dags/example_latest_only.py for tasks to queue
[2026-04-29T01:09:19.223+0000] {logging_mixin.py:188} INFO - [2026-04-29T01:09:19.223+0000] {dagbag.py:540} INFO - Filling up the DagBag from /home/airflow/.local/lib/python3.12/site-packages/airflow/example_dags/example_latest_only.py
[2026-04-29T01:09:19.241+0000] {processor.py:840} INFO - DAG(s) 'latest_only' retrieved from /home/airflow/.local/lib/python3.12/site-packages/airflow/example_dags/example_latest_only.py
[2026-04-29T01:09:19.327+0000] {logging_mixin.py:188} INFO - [2026-04-29T01:09:19.321+0000] {dag.py:3096} INFO - Sync 1 DAGs
[2026-04-29T01:09:19.393+0000] {logging_mixin.py:188} INFO - [2026-04-29T01:09:19.393+0000] {dag.py:3954} INFO - Setting next_dagrun for latest_only to 2026-04-28 20:00:00+00:00, run_after=2026-04-29 00:00:00+00:00
[2026-04-29T01:09:19.432+0000] {processor.py:183} INFO - Processing /home/airflow/.local/lib/python3.12/site-packages/airflow/example_dags/example_latest_only.py took 0.239 seconds
[2026-04-29T01:09:50.345+0000] {processor.py:161} INFO - Started process (PID=1425) to work on /home/airflow/.local/lib/python3.12/site-packages/airflow/example_dags/example_latest_only.py
[2026-04-29T01:09:50.349+0000] {processor.py:830} INFO - Processing file /home/airflow/.local/lib/python3.12/site-packages/airflow/example_dags/example_latest_only.py for tasks to queue
[2026-04-29T01:09:50.351+0000] {logging_mixin.py:188} INFO - [2026-04-29T01:09:50.351+0000] {dagbag.py:540} INFO - Filling up the DagBag from /home/airflow/.local/lib/python3.12/site-packages/airflow/example_dags/example_latest_only.py
[2026-04-29T01:09:50.363+0000] {processor.py:840} INFO - DAG(s) 'latest_only' retrieved from /home/airflow/.local/lib/python3.12/site-packages/airflow/example_dags/example_latest_only.py
[2026-04-29T01:09:50.388+0000] {logging_mixin.py:188} INFO - [2026-04-29T01:09:50.388+0000] {dag.py:3096} INFO - Sync 1 DAGs
[2026-04-29T01:09:50.415+0000] {logging_mixin.py:188} INFO - [2026-04-29T01:09:50.414+0000] {dag.py:3954} INFO - Setting next_dagrun for latest_only to 2026-04-28 20:00:00+00:00, run_after=2026-04-29 00:00:00+00:00
[2026-04-29T01:09:50.437+0000] {processor.py:183} INFO - Processing /home/airflow/.local/lib/python3.12/site-packages/airflow/example_dags/example_latest_only.py took 0.099 seconds
[2026-04-29T01:10:20.909+0000] {processor.py:161} INFO - Started process (PID=1485) to work on /home/airflow/.local/lib/python3.12/site-packages/airflow/example_dags/example_latest_only.py
[2026-04-29T01:10:20.910+0000] {processor.py:830} INFO - Processing file /home/airflow/.local/lib/python3.12/site-packages/airflow/example_dags/example_latest_only.py for tasks to queue
[2026-04-29T01:10:20.912+0000] {logging_mixin.py:188} INFO - [2026-04-29T01:10:20.912+0000] {dagbag.py:540} INFO - Filling up the DagBag from /home/airflow/.local/lib/python3.12/site-packages/airflow/example_dags/example_latest_only.py
[2026-04-29T01:10:20.919+0000] {processor.py:840} INFO - DAG(s) 'latest_only' retrieved from /home/airflow/.local/lib/python3.12/site-packages/airflow/example_dags/example_latest_only.py
[2026-04-29T01:10:20.950+0000] {logging_mixin.py:188} INFO - [2026-04-29T01:10:20.949+0000] {dag.py:3096} INFO - Sync 1 DAGs
[2026-04-29T01:10:21.038+0000] {logging_mixin.py:188} INFO - [2026-04-29T01:10:21.037+0000] {dag.py:3954} INFO - Setting next_dagrun for latest_only to 2026-04-28 20:00:00+00:00, run_after=2026-04-29 00:00:00+00:00
[2026-04-29T01:10:21.099+0000] {processor.py:183} INFO - Processing /home/airflow/.local/lib/python3.12/site-packages/airflow/example_dags/example_latest_only.py took 0.197 seconds
[2026-04-29T01:10:51.746+0000] {processor.py:161} INFO - Started process (PID=1545) to work on /home/airflow/.local/lib/python3.12/site-packages/airflow/example_dags/example_latest_only.py
[2026-04-29T01:10:51.747+0000] {processor.py:830} INFO - Processing file /home/airflow/.local/lib/python3.12/site-packages/airflow/example_dags/example_latest_only.py for tasks to queue
[2026-04-29T01:10:51.749+0000] {logging_mixin.py:188} INFO - [2026-04-29T01:10:51.749+0000] {dagbag.py:540} INFO - Filling up the DagBag from /home/airflow/.local/lib/python3.12/site-packages/airflow/example_dags/example_latest_only.py
[2026-04-29T01:10:51.755+0000] {processor.py:840} INFO - DAG(s) 'latest_only' retrieved from /home/airflow/.local/lib/python3.12/site-packages/airflow/example_dags/example_latest_only.py
[2026-04-29T01:10:51.782+0000] {logging_mixin.py:188} INFO - [2026-04-29T01:10:51.782+0000] {dag.py:3096} INFO - Sync 1 DAGs
[2026-04-29T01:10:51.810+0000] {logging_mixin.py:188} INFO - [2026-04-29T01:10:51.809+0000] {dag.py:3954} INFO - Setting next_dagrun for latest_only to 2026-04-28 20:00:00+00:00, run_after=2026-04-29 00:00:00+00:00
[2026-04-29T01:10:51.832+0000] {processor.py:183} INFO - Processing /home/airflow/.local/lib/python3.12/site-packages/airflow/example_dags/example_latest_only.py took 0.092 seconds
[2026-04-29T01:11:22.163+0000] {processor.py:161} INFO - Started process (PID=1604) to work on /home/airflow/.local/lib/python3.12/site-packages/airflow/example_dags/example_latest_only.py
[2026-04-29T01:11:22.165+0000] {processor.py:830} INFO - Processing file /home/airflow/.local/lib/python3.12/site-packages/airflow/example_dags/example_latest_only.py for tasks to queue
[2026-04-29T01:11:22.167+0000] {logging_mixin.py:188} INFO - [2026-04-29T01:11:22.167+0000] {dagbag.py:540} INFO - Filling up the DagBag from /home/airflow/.local/lib/python3.12/site-packages/airflow/example_dags/example_latest_only.py
[2026-04-29T01:11:22.174+0000] {processor.py:840} INFO - DAG(s) 'latest_only' retrieved from /home/airflow/.local/lib/python3.12/site-packages/airflow/example_dags/example_latest_only.py
[2026-04-29T01:11:22.201+0000] {logging_mixin.py:188} INFO - [2026-04-29T01:11:22.201+0000] {dag.py:3096} INFO - Sync 1 DAGs
[2026-04-29T01:11:22.229+0000] {logging_mixin.py:188} INFO - [2026-04-29T01:11:22.229+0000] {dag.py:3954} INFO - Setting next_dagrun for latest_only to 2026-04-28 20:00:00+00:00, run_after=2026-04-29 00:00:00+00:00
[2026-04-29T01:11:22.257+0000] {processor.py:183} INFO - Processing /home/airflow/.local/lib/python3.12/site-packages/airflow/example_dags/example_latest_only.py took 0.108 seconds
[2026-04-29T01:11:52.722+0000] {processor.py:161} INFO - Started process (PID=1664) to work on /home/airflow/.local/lib/python3.12/site-packages/airflow/example_dags/example_latest_only.py
[2026-04-29T01:11:52.733+0000] {processor.py:830} INFO - Processing file /home/airflow/.local/lib/python3.12/site-packages/airflow/example_dags/example_latest_only.py for tasks to queue
[2026-04-29T01:11:52.742+0000] {logging_mixin.py:188} INFO - [2026-04-29T01:11:52.741+0000] {dagbag.py:540} INFO - Filling up the DagBag from /home/airflow/.local/lib/python3.12/site-packages/airflow/example_dags/example_latest_only.py
[2026-04-29T01:11:52.774+0000] {processor.py:840} INFO - DAG(s) 'latest_only' retrieved from /home/airflow/.local/lib/python3.12/site-packages/airflow/example_dags/example_latest_only.py
[2026-04-29T01:11:52.826+0000] {logging_mixin.py:188} INFO - [2026-04-29T01:11:52.825+0000] {dag.py:3096} INFO - Sync 1 DAGs
[2026-04-29T01:11:52.854+0000] {logging_mixin.py:188} INFO - [2026-04-29T01:11:52.854+0000] {dag.py:3954} INFO - Setting next_dagrun for latest_only to 2026-04-28 20:00:00+00:00, run_after=2026-04-29 00:00:00+00:00
[2026-04-29T01:11:52.881+0000] {processor.py:183} INFO - Processing /home/airflow/.local/lib/python3.12/site-packages/airflow/example_dags/example_latest_only.py took 0.201 seconds
[2026-04-29T01:12:23.653+0000] {processor.py:161} INFO - Started process (PID=1724) to work on /home/airflow/.local/lib/python3.12/site-packages/airflow/example_dags/example_latest_only.py
[2026-04-29T01:12:23.654+0000] {processor.py:830} INFO - Processing file /home/airflow/.local/lib/python3.12/site-packages/airflow/example_dags/example_latest_only.py for tasks to queue
[2026-04-29T01:12:23.656+0000] {logging_mixin.py:188} INFO - [2026-04-29T01:12:23.656+0000] {dagbag.py:540} INFO - Filling up the DagBag from /home/airflow/.local/lib/python3.12/site-packages/airflow/example_dags/example_latest_only.py
[2026-04-29T01:12:23.662+0000] {processor.py:840} INFO - DAG(s) 'latest_only' retrieved from /home/airflow/.local/lib/python3.12/site-packages/airflow/example_dags/example_latest_only.py
[2026-04-29T01:12:23.685+0000] {logging_mixin.py:188} INFO - [2026-04-29T01:12:23.685+0000] {dag.py:3096} INFO - Sync 1 DAGs
[2026-04-29T01:12:23.714+0000] {logging_mixin.py:188} INFO - [2026-04-29T01:12:23.714+0000] {dag.py:3954} INFO - Setting next_dagrun for latest_only to 2026-04-28 20:00:00+00:00, run_after=2026-04-29 00:00:00+00:00
[2026-04-29T01:12:23.734+0000] {processor.py:183} INFO - Processing /home/airflow/.local/lib/python3.12/site-packages/airflow/example_dags/example_latest_only.py took 0.090 seconds
[2026-04-29T01:12:54.390+0000] {processor.py:161} INFO - Started process (PID=1784) to work on /home/airflow/.local/lib/python3.12/site-packages/airflow/example_dags/example_latest_only.py
[2026-04-29T01:12:54.391+0000] {processor.py:830} INFO - Processing file /home/airflow/.local/lib/python3.12/site-packages/airflow/example_dags/example_latest_only.py for tasks to queue
[2026-04-29T01:12:54.393+0000] {logging_mixin.py:188} INFO - [2026-04-29T01:12:54.392+0000] {dagbag.py:540} INFO - Filling up the DagBag from /home/airflow/.local/lib/python3.12/site-packages/airflow/example_dags/example_latest_only.py
[2026-04-29T01:12:54.397+0000] {processor.py:840} INFO - DAG(s) 'latest_only' retrieved from /home/airflow/.local/lib/python3.12/site-packages/airflow/example_dags/example_latest_only.py
[2026-04-29T01:12:54.419+0000] {logging_mixin.py:188} INFO - [2026-04-29T01:12:54.418+0000] {dag.py:3096} INFO - Sync 1 DAGs
[2026-04-29T01:12:54.441+0000] {logging_mixin.py:188} INFO - [2026-04-29T01:12:54.441+0000] {dag.py:3954} INFO - Setting next_dagrun for latest_only to 2026-04-28 20:00:00+00:00, run_after=2026-04-29 00:00:00+00:00
[2026-04-29T01:12:54.475+0000] {processor.py:183} INFO - Processing /home/airflow/.local/lib/python3.12/site-packages/airflow/example_dags/example_latest_only.py took 0.090 seconds
[2026-04-29T01:13:24.833+0000] {processor.py:161} INFO - Started process (PID=1844) to work on /home/airflow/.local/lib/python3.12/site-packages/airflow/example_dags/example_latest_only.py
[2026-04-29T01:13:24.834+0000] {processor.py:830} INFO - Processing file /home/airflow/.local/lib/python3.12/site-packages/airflow/example_dags/example_latest_only.py for tasks to queue
[2026-04-29T01:13:24.836+0000] {logging_mixin.py:188} INFO - [2026-04-29T01:13:24.836+0000] {dagbag.py:540} INFO - Filling up the DagBag from /home/airflow/.local/lib/python3.12/site-packages/airflow/example_dags/example_latest_only.py
[2026-04-29T01:13:24.843+0000] {processor.py:840} INFO - DAG(s) 'latest_only' retrieved from /home/airflow/.local/lib/python3.12/site-packages/airflow/example_dags/example_latest_only.py
[2026-04-29T01:13:24.895+0000] {logging_mixin.py:188} INFO - [2026-04-29T01:13:24.894+0000] {dag.py:3096} INFO - Sync 1 DAGs
[2026-04-29T01:13:24.935+0000] {logging_mixin.py:188} INFO - [2026-04-29T01:13:24.934+0000] {dag.py:3954} INFO - Setting next_dagrun for latest_only to 2026-04-28 20:00:00+00:00, run_after=2026-04-29 00:00:00+00:00
[2026-04-29T01:13:24.966+0000] {processor.py:183} INFO - Processing /home/airflow/.local/lib/python3.12/site-packages/airflow/example_dags/example_latest_only.py took 0.141 seconds
[2026-04-29T01:14:06.029+0000] {processor.py:161} INFO - Started process (PID=1902) to work on /home/airflow/.local/lib/python3.12/site-packages/airflow/example_dags/example_latest_only.py
[2026-04-29T01:14:06.034+0000] {processor.py:830} INFO - Processing file /home/airflow/.local/lib/python3.12/site-packages/airflow/example_dags/example_latest_only.py for tasks to queue
[2026-04-29T01:14:06.043+0000] {logging_mixin.py:188} INFO - [2026-04-29T01:14:06.042+0000] {dagbag.py:540} INFO - Filling up the DagBag from /home/airflow/.local/lib/python3.12/site-packages/airflow/example_dags/example_latest_only.py
[2026-04-29T01:14:06.090+0000] {processor.py:840} INFO - DAG(s) 'latest_only' retrieved from /home/airflow/.local/lib/python3.12/site-packages/airflow/example_dags/example_latest_only.py
[2026-04-29T01:14:06.155+0000] {logging_mixin.py:188} INFO - [2026-04-29T01:14:06.155+0000] {dag.py:3096} INFO - Sync 1 DAGs
[2026-04-29T01:14:06.231+0000] {logging_mixin.py:188} INFO - [2026-04-29T01:14:06.227+0000] {dag.py:3954} INFO - Setting next_dagrun for latest_only to 2026-04-28 20:00:00+00:00, run_after=2026-04-29 00:00:00+00:00
[2026-04-29T01:14:06.276+0000] {processor.py:183} INFO - Processing /home/airflow/.local/lib/python3.12/site-packages/airflow/example_dags/example_latest_only.py took 0.259 seconds
[2026-04-29T01:14:36.903+0000] {processor.py:161} INFO - Started process (PID=1961) to work on /home/airflow/.local/lib/python3.12/site-packages/airflow/example_dags/example_latest_only.py
[2026-04-29T01:14:36.904+0000] {processor.py:830} INFO - Processing file /home/airflow/.local/lib/python3.12/site-packages/airflow/example_dags/example_latest_only.py for tasks to queue
[2026-04-29T01:14:36.911+0000] {logging_mixin.py:188} INFO - [2026-04-29T01:14:36.911+0000] {dagbag.py:540} INFO - Filling up the DagBag from /home/airflow/.local/lib/python3.12/site-packages/airflow/example_dags/example_latest_only.py
[2026-04-29T01:14:36.920+0000] {processor.py:840} INFO - DAG(s) 'latest_only' retrieved from /home/airflow/.local/lib/python3.12/site-packages/airflow/example_dags/example_latest_only.py
[2026-04-29T01:14:36.972+0000] {logging_mixin.py:188} INFO - [2026-04-29T01:14:36.971+0000] {dag.py:3096} INFO - Sync 1 DAGs
[2026-04-29T01:14:37.013+0000] {logging_mixin.py:188} INFO - [2026-04-29T01:14:37.011+0000] {dag.py:3954} INFO - Setting next_dagrun for latest_only to 2026-04-28 20:00:00+00:00, run_after=2026-04-29 00:00:00+00:00
[2026-04-29T01:14:37.057+0000] {processor.py:183} INFO - Processing /home/airflow/.local/lib/python3.12/site-packages/airflow/example_dags/example_latest_only.py took 0.162 seconds
[2026-04-29T01:15:07.844+0000] {processor.py:161} INFO - Started process (PID=2020) to work on /home/airflow/.local/lib/python3.12/site-packages/airflow/example_dags/example_latest_only.py
[2026-04-29T01:15:07.845+0000] {processor.py:830} INFO - Processing file /home/airflow/.local/lib/python3.12/site-packages/airflow/example_dags/example_latest_only.py for tasks to queue
[2026-04-29T01:15:07.852+0000] {logging_mixin.py:188} INFO - [2026-04-29T01:15:07.850+0000] {dagbag.py:540} INFO - Filling up the DagBag from /home/airflow/.local/lib/python3.12/site-packages/airflow/example_dags/example_latest_only.py
[2026-04-29T01:15:07.886+0000] {processor.py:840} INFO - DAG(s) 'latest_only' retrieved from /home/airflow/.local/lib/python3.12/site-packages/airflow/example_dags/example_latest_only.py
[2026-04-29T01:15:07.920+0000] {logging_mixin.py:188} INFO - [2026-04-29T01:15:07.920+0000] {dag.py:3096} INFO - Sync 1 DAGs
[2026-04-29T01:15:07.953+0000] {logging_mixin.py:188} INFO - [2026-04-29T01:15:07.953+0000] {dag.py:3954} INFO - Setting next_dagrun for latest_only to 2026-04-28 20:00:00+00:00, run_after=2026-04-29 00:00:00+00:00
[2026-04-29T01:15:07.983+0000] {processor.py:183} INFO - Processing /home/airflow/.local/lib/python3.12/site-packages/airflow/example_dags/example_latest_only.py took 0.156 seconds
[2026-04-29T01:15:38.552+0000] {processor.py:161} INFO - Started process (PID=2080) to work on /home/airflow/.local/lib/python3.12/site-packages/airflow/example_dags/example_latest_only.py
[2026-04-29T01:15:38.553+0000] {processor.py:830} INFO - Processing file /home/airflow/.local/lib/python3.12/site-packages/airflow/example_dags/example_latest_only.py for tasks to queue
[2026-04-29T01:15:38.555+0000] {logging_mixin.py:188} INFO - [2026-04-29T01:15:38.554+0000] {dagbag.py:540} INFO - Filling up the DagBag from /home/airflow/.local/lib/python3.12/site-packages/airflow/example_dags/example_latest_only.py
[2026-04-29T01:15:38.560+0000] {processor.py:840} INFO - DAG(s) 'latest_only' retrieved from /home/airflow/.local/lib/python3.12/site-packages/airflow/example_dags/example_latest_only.py
[2026-04-29T01:15:38.583+0000] {logging_mixin.py:188} INFO - [2026-04-29T01:15:38.582+0000] {dag.py:3096} INFO - Sync 1 DAGs
[2026-04-29T01:15:38.611+0000] {logging_mixin.py:188} INFO - [2026-04-29T01:15:38.610+0000] {dag.py:3954} INFO - Setting next_dagrun for latest_only to 2026-04-28 20:00:00+00:00, run_after=2026-04-29 00:00:00+00:00
[2026-04-29T01:15:38.634+0000] {processor.py:183} INFO - Processing /home/airflow/.local/lib/python3.12/site-packages/airflow/example_dags/example_latest_only.py took 0.092 seconds
[2026-04-29T01:16:09.193+0000] {processor.py:161} INFO - Started process (PID=2140) to work on /home/airflow/.local/lib/python3.12/site-packages/airflow/example_dags/example_latest_only.py
[2026-04-29T01:16:09.194+0000] {processor.py:830} INFO - Processing file /home/airflow/.local/lib/python3.12/site-packages/airflow/example_dags/example_latest_only.py for tasks to queue
[2026-04-29T01:16:09.197+0000] {logging_mixin.py:188} INFO - [2026-04-29T01:16:09.196+0000] {dagbag.py:540} INFO - Filling up the DagBag from /home/airflow/.local/lib/python3.12/site-packages/airflow/example_dags/example_latest_only.py
[2026-04-29T01:16:09.203+0000] {processor.py:840} INFO - DAG(s) 'latest_only' retrieved from /home/airflow/.local/lib/python3.12/site-packages/airflow/example_dags/example_latest_only.py
[2026-04-29T01:16:09.227+0000] {logging_mixin.py:188} INFO - [2026-04-29T01:16:09.227+0000] {dag.py:3096} INFO - Sync 1 DAGs
[2026-04-29T01:16:09.256+0000] {logging_mixin.py:188} INFO - [2026-04-29T01:16:09.256+0000] {dag.py:3954} INFO - Setting next_dagrun for latest_only to 2026-04-28 20:00:00+00:00, run_after=2026-04-29 00:00:00+00:00
[2026-04-29T01:16:09.279+0000] {processor.py:183} INFO - Processing /home/airflow/.local/lib/python3.12/site-packages/airflow/example_dags/example_latest_only.py took 0.094 seconds
[2026-04-29T01:16:39.526+0000] {processor.py:161} INFO - Started process (PID=2200) to work on /home/airflow/.local/lib/python3.12/site-packages/airflow/example_dags/example_latest_only.py
[2026-04-29T01:16:39.527+0000] {processor.py:830} INFO - Processing file /home/airflow/.local/lib/python3.12/site-packages/airflow/example_dags/example_latest_only.py for tasks to queue
[2026-04-29T01:16:39.529+0000] {logging_mixin.py:188} INFO - [2026-04-29T01:16:39.529+0000] {dagbag.py:540} INFO - Filling up the DagBag from /home/airflow/.local/lib/python3.12/site-packages/airflow/example_dags/example_latest_only.py
[2026-04-29T01:16:39.535+0000] {processor.py:840} INFO - DAG(s) 'latest_only' retrieved from /home/airflow/.local/lib/python3.12/site-packages/airflow/example_dags/example_latest_only.py
[2026-04-29T01:16:39.561+0000] {logging_mixin.py:188} INFO - [2026-04-29T01:16:39.561+0000] {dag.py:3096} INFO - Sync 1 DAGs
[2026-04-29T01:16:39.589+0000] {logging_mixin.py:188} INFO - [2026-04-29T01:16:39.589+0000] {dag.py:3954} INFO - Setting next_dagrun for latest_only to 2026-04-28 20:00:00+00:00, run_after=2026-04-29 00:00:00+00:00
[2026-04-29T01:16:39.609+0000] {processor.py:183} INFO - Processing /home/airflow/.local/lib/python3.12/site-packages/airflow/example_dags/example_latest_only.py took 0.091 seconds
[2026-04-29T01:17:09.883+0000] {processor.py:161} INFO - Started process (PID=2259) to work on /home/airflow/.local/lib/python3.12/site-packages/airflow/example_dags/example_latest_only.py
[2026-04-29T01:17:09.884+0000] {processor.py:830} INFO - Processing file /home/airflow/.local/lib/python3.12/site-packages/airflow/example_dags/example_latest_only.py for tasks to queue
[2026-04-29T01:17:09.889+0000] {logging_mixin.py:188} INFO - [2026-04-29T01:17:09.888+0000] {dagbag.py:540} INFO - Filling up the DagBag from /home/airflow/.local/lib/python3.12/site-packages/airflow/example_dags/example_latest_only.py
[2026-04-29T01:17:09.895+0000] {processor.py:840} INFO - DAG(s) 'latest_only' retrieved from /home/airflow/.local/lib/python3.12/site-packages/airflow/example_dags/example_latest_only.py
[2026-04-29T01:17:09.920+0000] {logging_mixin.py:188} INFO - [2026-04-29T01:17:09.920+0000] {dag.py:3096} INFO - Sync 1 DAGs
[2026-04-29T01:17:09.950+0000] {logging_mixin.py:188} INFO - [2026-04-29T01:17:09.949+0000] {dag.py:3954} INFO - Setting next_dagrun for latest_only to 2026-04-28 20:00:00+00:00, run_after=2026-04-29 00:00:00+00:00
[2026-04-29T01:17:09.973+0000] {processor.py:183} INFO - Processing /home/airflow/.local/lib/python3.12/site-packages/airflow/example_dags/example_latest_only.py took 0.097 seconds
[2026-04-29T01:17:40.623+0000] {processor.py:161} INFO - Started process (PID=2319) to work on /home/airflow/.local/lib/python3.12/site-packages/airflow/example_dags/example_latest_only.py
[2026-04-29T01:17:40.624+0000] {processor.py:830} INFO - Processing file /home/airflow/.local/lib/python3.12/site-packages/airflow/example_dags/example_latest_only.py for tasks to queue
[2026-04-29T01:17:40.627+0000] {logging_mixin.py:188} INFO - [2026-04-29T01:17:40.626+0000] {dagbag.py:540} INFO - Filling up the DagBag from /home/airflow/.local/lib/python3.12/site-packages/airflow/example_dags/example_latest_only.py
[2026-04-29T01:17:40.639+0000] {processor.py:840} INFO - DAG(s) 'latest_only' retrieved from /home/airflow/.local/lib/python3.12/site-packages/airflow/example_dags/example_latest_only.py
[2026-04-29T01:17:40.707+0000] {logging_mixin.py:188} INFO - [2026-04-29T01:17:40.705+0000] {dag.py:3096} INFO - Sync 1 DAGs
[2026-04-29T01:17:40.810+0000] {logging_mixin.py:188} INFO - [2026-04-29T01:17:40.808+0000] {dag.py:3954} INFO - Setting next_dagrun for latest_only to 2026-04-28 20:00:00+00:00, run_after=2026-04-29 00:00:00+00:00
[2026-04-29T01:17:40.871+0000] {processor.py:183} INFO - Processing /home/airflow/.local/lib/python3.12/site-packages/airflow/example_dags/example_latest_only.py took 0.268 seconds
[2026-04-29T01:18:11.494+0000] {processor.py:161} INFO - Started process (PID=2385) to work on /home/airflow/.local/lib/python3.12/site-packages/airflow/example_dags/example_latest_only.py
[2026-04-29T01:18:11.495+0000] {processor.py:830} INFO - Processing file /home/airflow/.local/lib/python3.12/site-packages/airflow/example_dags/example_latest_only.py for tasks to queue
[2026-04-29T01:18:11.497+0000] {logging_mixin.py:188} INFO - [2026-04-29T01:18:11.497+0000] {dagbag.py:540} INFO - Filling up the DagBag from /home/airflow/.local/lib/python3.12/site-packages/airflow/example_dags/example_latest_only.py
[2026-04-29T01:18:11.504+0000] {processor.py:840} INFO - DAG(s) 'latest_only' retrieved from /home/airflow/.local/lib/python3.12/site-packages/airflow/example_dags/example_latest_only.py
[2026-04-29T01:18:11.529+0000] {logging_mixin.py:188} INFO - [2026-04-29T01:18:11.529+0000] {dag.py:3096} INFO - Sync 1 DAGs
[2026-04-29T01:18:11.558+0000] {logging_mixin.py:188} INFO - [2026-04-29T01:18:11.558+0000] {dag.py:3954} INFO - Setting next_dagrun for latest_only to 2026-04-28 20:00:00+00:00, run_after=2026-04-29 00:00:00+00:00
[2026-04-29T01:18:11.577+0000] {processor.py:183} INFO - Processing /home/airflow/.local/lib/python3.12/site-packages/airflow/example_dags/example_latest_only.py took 0.091 seconds
[2026-04-29T01:18:42.347+0000] {processor.py:161} INFO - Started process (PID=2444) to work on /home/airflow/.local/lib/python3.12/site-packages/airflow/example_dags/example_latest_only.py
[2026-04-29T01:18:42.348+0000] {processor.py:830} INFO - Processing file /home/airflow/.local/lib/python3.12/site-packages/airflow/example_dags/example_latest_only.py for tasks to queue
[2026-04-29T01:18:42.363+0000] {logging_mixin.py:188} INFO - [2026-04-29T01:18:42.356+0000] {dagbag.py:540} INFO - Filling up the DagBag from /home/airflow/.local/lib/python3.12/site-packages/airflow/example_dags/example_latest_only.py
[2026-04-29T01:18:42.425+0000] {processor.py:840} INFO - DAG(s) 'latest_only' retrieved from /home/airflow/.local/lib/python3.12/site-packages/airflow/example_dags/example_latest_only.py
[2026-04-29T01:18:42.544+0000] {logging_mixin.py:188} INFO - [2026-04-29T01:18:42.544+0000] {dag.py:3096} INFO - Sync 1 DAGs
[2026-04-29T01:18:42.617+0000] {logging_mixin.py:188} INFO - [2026-04-29T01:18:42.617+0000] {dag.py:3954} INFO - Setting next_dagrun for latest_only to 2026-04-28 20:00:00+00:00, run_after=2026-04-29 00:00:00+00:00
[2026-04-29T01:18:42.718+0000] {processor.py:183} INFO - Processing /home/airflow/.local/lib/python3.12/site-packages/airflow/example_dags/example_latest_only.py took 0.399 seconds
[2026-04-29T01:19:12.993+0000] {processor.py:161} INFO - Started process (PID=2504) to work on /home/airflow/.local/lib/python3.12/site-packages/airflow/example_dags/example_latest_only.py
[2026-04-29T01:19:12.994+0000] {processor.py:830} INFO - Processing file /home/airflow/.local/lib/python3.12/site-packages/airflow/example_dags/example_latest_only.py for tasks to queue
[2026-04-29T01:19:12.996+0000] {logging_mixin.py:188} INFO - [2026-04-29T01:19:12.996+0000] {dagbag.py:540} INFO - Filling up the DagBag from /home/airflow/.local/lib/python3.12/site-packages/airflow/example_dags/example_latest_only.py
[2026-04-29T01:19:13.003+0000] {processor.py:840} INFO - DAG(s) 'latest_only' retrieved from /home/airflow/.local/lib/python3.12/site-packages/airflow/example_dags/example_latest_only.py
[2026-04-29T01:19:13.047+0000] {logging_mixin.py:188} INFO - [2026-04-29T01:19:13.045+0000] {dag.py:3096} INFO - Sync 1 DAGs
[2026-04-29T01:19:13.075+0000] {logging_mixin.py:188} INFO - [2026-04-29T01:19:13.074+0000] {dag.py:3954} INFO - Setting next_dagrun for latest_only to 2026-04-28 20:00:00+00:00, run_after=2026-04-29 00:00:00+00:00
[2026-04-29T01:19:13.096+0000] {processor.py:183} INFO - Processing /home/airflow/.local/lib/python3.12/site-packages/airflow/example_dags/example_latest_only.py took 0.115 seconds
[2026-04-29T01:19:43.695+0000] {processor.py:161} INFO - Started process (PID=2564) to work on /home/airflow/.local/lib/python3.12/site-packages/airflow/example_dags/example_latest_only.py
[2026-04-29T01:19:43.697+0000] {processor.py:830} INFO - Processing file /home/airflow/.local/lib/python3.12/site-packages/airflow/example_dags/example_latest_only.py for tasks to queue
[2026-04-29T01:19:43.699+0000] {logging_mixin.py:188} INFO - [2026-04-29T01:19:43.699+0000] {dagbag.py:540} INFO - Filling up the DagBag from /home/airflow/.local/lib/python3.12/site-packages/airflow/example_dags/example_latest_only.py
[2026-04-29T01:19:43.706+0000] {processor.py:840} INFO - DAG(s) 'latest_only' retrieved from /home/airflow/.local/lib/python3.12/site-packages/airflow/example_dags/example_latest_only.py
[2026-04-29T01:19:43.750+0000] {logging_mixin.py:188} INFO - [2026-04-29T01:19:43.750+0000] {dag.py:3096} INFO - Sync 1 DAGs
[2026-04-29T01:19:43.780+0000] {logging_mixin.py:188} INFO - [2026-04-29T01:19:43.780+0000] {dag.py:3954} INFO - Setting next_dagrun for latest_only to 2026-04-28 20:00:00+00:00, run_after=2026-04-29 00:00:00+00:00
[2026-04-29T01:19:43.799+0000] {processor.py:183} INFO - Processing /home/airflow/.local/lib/python3.12/site-packages/airflow/example_dags/example_latest_only.py took 0.112 seconds
[2026-04-29T01:20:14.664+0000] {processor.py:161} INFO - Started process (PID=2624) to work on /home/airflow/.local/lib/python3.12/site-packages/airflow/example_dags/example_latest_only.py
[2026-04-29T01:20:14.665+0000] {processor.py:830} INFO - Processing file /home/airflow/.local/lib/python3.12/site-packages/airflow/example_dags/example_latest_only.py for tasks to queue
[2026-04-29T01:20:14.667+0000] {logging_mixin.py:188} INFO - [2026-04-29T01:20:14.666+0000] {dagbag.py:540} INFO - Filling up the DagBag from /home/airflow/.local/lib/python3.12/site-packages/airflow/example_dags/example_latest_only.py
[2026-04-29T01:20:14.673+0000] {processor.py:840} INFO - DAG(s) 'latest_only' retrieved from /home/airflow/.local/lib/python3.12/site-packages/airflow/example_dags/example_latest_only.py
[2026-04-29T01:20:14.699+0000] {logging_mixin.py:188} INFO - [2026-04-29T01:20:14.699+0000] {dag.py:3096} INFO - Sync 1 DAGs
[2026-04-29T01:20:14.760+0000] {logging_mixin.py:188} INFO - [2026-04-29T01:20:14.760+0000] {dag.py:3954} INFO - Setting next_dagrun for latest_only to 2026-04-28 20:00:00+00:00, run_after=2026-04-29 00:00:00+00:00
[2026-04-29T01:20:14.796+0000] {processor.py:183} INFO - Processing /home/airflow/.local/lib/python3.12/site-packages/airflow/example_dags/example_latest_only.py took 0.140 seconds
[2026-04-29T01:20:45.505+0000] {processor.py:161} INFO - Started process (PID=2684) to work on /home/airflow/.local/lib/python3.12/site-packages/airflow/example_dags/example_latest_only.py
[2026-04-29T01:20:45.506+0000] {processor.py:830} INFO - Processing file /home/airflow/.local/lib/python3.12/site-packages/airflow/example_dags/example_latest_only.py for tasks to queue
[2026-04-29T01:20:45.508+0000] {logging_mixin.py:188} INFO - [2026-04-29T01:20:45.508+0000] {dagbag.py:540} INFO - Filling up the DagBag from /home/airflow/.local/lib/python3.12/site-packages/airflow/example_dags/example_latest_only.py
[2026-04-29T01:20:45.514+0000] {processor.py:840} INFO - DAG(s) 'latest_only' retrieved from /home/airflow/.local/lib/python3.12/site-packages/airflow/example_dags/example_latest_only.py
[2026-04-29T01:20:45.548+0000] {logging_mixin.py:188} INFO - [2026-04-29T01:20:45.547+0000] {dag.py:3096} INFO - Sync 1 DAGs
[2026-04-29T01:20:45.575+0000] {logging_mixin.py:188} INFO - [2026-04-29T01:20:45.575+0000] {dag.py:3954} INFO - Setting next_dagrun for latest_only to 2026-04-28 20:00:00+00:00, run_after=2026-04-29 00:00:00+00:00
[2026-04-29T01:20:45.595+0000] {processor.py:183} INFO - Processing /home/airflow/.local/lib/python3.12/site-packages/airflow/example_dags/example_latest_only.py took 0.098 seconds
[2026-04-29T01:21:15.839+0000] {processor.py:161} INFO - Started process (PID=2744) to work on /home/airflow/.local/lib/python3.12/site-packages/airflow/example_dags/example_latest_only.py
[2026-04-29T01:21:15.840+0000] {processor.py:830} INFO - Processing file /home/airflow/.local/lib/python3.12/site-packages/airflow/example_dags/example_latest_only.py for tasks to queue
[2026-04-29T01:21:15.843+0000] {logging_mixin.py:188} INFO - [2026-04-29T01:21:15.842+0000] {dagbag.py:540} INFO - Filling up the DagBag from /home/airflow/.local/lib/python3.12/site-packages/airflow/example_dags/example_latest_only.py
[2026-04-29T01:21:15.851+0000] {processor.py:840} INFO - DAG(s) 'latest_only' retrieved from /home/airflow/.local/lib/python3.12/site-packages/airflow/example_dags/example_latest_only.py
[2026-04-29T01:21:15.879+0000] {logging_mixin.py:188} INFO - [2026-04-29T01:21:15.879+0000] {dag.py:3096} INFO - Sync 1 DAGs
[2026-04-29T01:21:15.913+0000] {logging_mixin.py:188} INFO - [2026-04-29T01:21:15.912+0000] {dag.py:3954} INFO - Setting next_dagrun for latest_only to 2026-04-28 20:00:00+00:00, run_after=2026-04-29 00:00:00+00:00
[2026-04-29T01:21:15.936+0000] {processor.py:183} INFO - Processing /home/airflow/.local/lib/python3.12/site-packages/airflow/example_dags/example_latest_only.py took 0.105 seconds
[2026-04-29T01:21:45.989+0000] {processor.py:161} INFO - Started process (PID=2803) to work on /home/airflow/.local/lib/python3.12/site-packages/airflow/example_dags/example_latest_only.py
[2026-04-29T01:21:45.991+0000] {processor.py:830} INFO - Processing file /home/airflow/.local/lib/python3.12/site-packages/airflow/example_dags/example_latest_only.py for tasks to queue
[2026-04-29T01:21:45.993+0000] {logging_mixin.py:188} INFO - [2026-04-29T01:21:45.992+0000] {dagbag.py:540} INFO - Filling up the DagBag from /home/airflow/.local/lib/python3.12/site-packages/airflow/example_dags/example_latest_only.py
[2026-04-29T01:21:45.997+0000] {processor.py:840} INFO - DAG(s) 'latest_only' retrieved from /home/airflow/.local/lib/python3.12/site-packages/airflow/example_dags/example_latest_only.py
[2026-04-29T01:21:46.016+0000] {logging_mixin.py:188} INFO - [2026-04-29T01:21:46.015+0000] {dag.py:3096} INFO - Sync 1 DAGs
[2026-04-29T01:21:46.035+0000] {logging_mixin.py:188} INFO - [2026-04-29T01:21:46.035+0000] {dag.py:3954} INFO - Setting next_dagrun for latest_only to 2026-04-28 20:00:00+00:00, run_after=2026-04-29 00:00:00+00:00
[2026-04-29T01:21:46.051+0000] {processor.py:183} INFO - Processing /home/airflow/.local/lib/python3.12/site-packages/airflow/example_dags/example_latest_only.py took 0.067 seconds
[2026-04-29T01:22:16.296+0000] {processor.py:161} INFO - Started process (PID=2863) to work on /home/airflow/.local/lib/python3.12/site-packages/airflow/example_dags/example_latest_only.py
[2026-04-29T01:22:16.297+0000] {processor.py:830} INFO - Processing file /home/airflow/.local/lib/python3.12/site-packages/airflow/example_dags/example_latest_only.py for tasks to queue
[2026-04-29T01:22:16.299+0000] {logging_mixin.py:188} INFO - [2026-04-29T01:22:16.299+0000] {dagbag.py:540} INFO - Filling up the DagBag from /home/airflow/.local/lib/python3.12/site-packages/airflow/example_dags/example_latest_only.py
[2026-04-29T01:22:16.306+0000] {processor.py:840} INFO - DAG(s) 'latest_only' retrieved from /home/airflow/.local/lib/python3.12/site-packages/airflow/example_dags/example_latest_only.py
[2026-04-29T01:22:16.330+0000] {logging_mixin.py:188} INFO - [2026-04-29T01:22:16.330+0000] {dag.py:3096} INFO - Sync 1 DAGs
[2026-04-29T01:22:16.353+0000] {logging_mixin.py:188} INFO - [2026-04-29T01:22:16.352+0000] {dag.py:3954} INFO - Setting next_dagrun for latest_only to 2026-04-28 20:00:00+00:00, run_after=2026-04-29 00:00:00+00:00
[2026-04-29T01:22:16.368+0000] {processor.py:183} INFO - Processing /home/airflow/.local/lib/python3.12/site-packages/airflow/example_dags/example_latest_only.py took 0.080 seconds
[2026-04-29T01:22:47.175+0000] {processor.py:161} INFO - Started process (PID=2923) to work on /home/airflow/.local/lib/python3.12/site-packages/airflow/example_dags/example_latest_only.py
[2026-04-29T01:22:47.178+0000] {processor.py:830} INFO - Processing file /home/airflow/.local/lib/python3.12/site-packages/airflow/example_dags/example_latest_only.py for tasks to queue
[2026-04-29T01:22:47.181+0000] {logging_mixin.py:188} INFO - [2026-04-29T01:22:47.180+0000] {dagbag.py:540} INFO - Filling up the DagBag from /home/airflow/.local/lib/python3.12/site-packages/airflow/example_dags/example_latest_only.py
[2026-04-29T01:22:47.187+0000] {processor.py:840} INFO - DAG(s) 'latest_only' retrieved from /home/airflow/.local/lib/python3.12/site-packages/airflow/example_dags/example_latest_only.py
[2026-04-29T01:22:47.213+0000] {logging_mixin.py:188} INFO - [2026-04-29T01:22:47.213+0000] {dag.py:3096} INFO - Sync 1 DAGs
[2026-04-29T01:22:47.247+0000] {logging_mixin.py:188} INFO - [2026-04-29T01:22:47.247+0000] {dag.py:3954} INFO - Setting next_dagrun for latest_only to 2026-04-28 20:00:00+00:00, run_after=2026-04-29 00:00:00+00:00
[2026-04-29T01:22:47.263+0000] {processor.py:183} INFO - Processing /home/airflow/.local/lib/python3.12/site-packages/airflow/example_dags/example_latest_only.py took 0.095 seconds
[2026-04-29T01:23:18.274+0000] {processor.py:161} INFO - Started process (PID=2983) to work on /home/airflow/.local/lib/python3.12/site-packages/airflow/example_dags/example_latest_only.py
[2026-04-29T01:23:18.275+0000] {processor.py:830} INFO - Processing file /home/airflow/.local/lib/python3.12/site-packages/airflow/example_dags/example_latest_only.py for tasks to queue
[2026-04-29T01:23:18.277+0000] {logging_mixin.py:188} INFO - [2026-04-29T01:23:18.277+0000] {dagbag.py:540} INFO - Filling up the DagBag from /home/airflow/.local/lib/python3.12/site-packages/airflow/example_dags/example_latest_only.py
[2026-04-29T01:23:18.283+0000] {processor.py:840} INFO - DAG(s) 'latest_only' retrieved from /home/airflow/.local/lib/python3.12/site-packages/airflow/example_dags/example_latest_only.py
[2026-04-29T01:23:18.308+0000] {logging_mixin.py:188} INFO - [2026-04-29T01:23:18.308+0000] {dag.py:3096} INFO - Sync 1 DAGs
[2026-04-29T01:23:18.334+0000] {logging_mixin.py:188} INFO - [2026-04-29T01:23:18.333+0000] {dag.py:3954} INFO - Setting next_dagrun for latest_only to 2026-04-28 20:00:00+00:00, run_after=2026-04-29 00:00:00+00:00
[2026-04-29T01:23:18.350+0000] {processor.py:183} INFO - Processing /home/airflow/.local/lib/python3.12/site-packages/airflow/example_dags/example_latest_only.py took 0.084 seconds
[2026-04-29T01:23:48.805+0000] {processor.py:161} INFO - Started process (PID=3043) to work on /home/airflow/.local/lib/python3.12/site-packages/airflow/example_dags/example_latest_only.py
[2026-04-29T01:23:48.806+0000] {processor.py:830} INFO - Processing file /home/airflow/.local/lib/python3.12/site-packages/airflow/example_dags/example_latest_only.py for tasks to queue
[2026-04-29T01:23:48.809+0000] {logging_mixin.py:188} INFO - [2026-04-29T01:23:48.809+0000] {dagbag.py:540} INFO - Filling up the DagBag from /home/airflow/.local/lib/python3.12/site-packages/airflow/example_dags/example_latest_only.py
[2026-04-29T01:23:48.815+0000] {processor.py:840} INFO - DAG(s) 'latest_only' retrieved from /home/airflow/.local/lib/python3.12/site-packages/airflow/example_dags/example_latest_only.py
[2026-04-29T01:23:48.841+0000] {logging_mixin.py:188} INFO - [2026-04-29T01:23:48.841+0000] {dag.py:3096} INFO - Sync 1 DAGs
[2026-04-29T01:23:48.868+0000] {logging_mixin.py:188} INFO - [2026-04-29T01:23:48.867+0000] {dag.py:3954} INFO - Setting next_dagrun for latest_only to 2026-04-28 20:00:00+00:00, run_after=2026-04-29 00:00:00+00:00
[2026-04-29T01:23:48.888+0000] {processor.py:183} INFO - Processing /home/airflow/.local/lib/python3.12/site-packages/airflow/example_dags/example_latest_only.py took 0.104 seconds
[2026-04-29T01:24:19.275+0000] {processor.py:161} INFO - Started process (PID=3103) to work on /home/airflow/.local/lib/python3.12/site-packages/airflow/example_dags/example_latest_only.py
[2026-04-29T01:24:19.276+0000] {processor.py:830} INFO - Processing file /home/airflow/.local/lib/python3.12/site-packages/airflow/example_dags/example_latest_only.py for tasks to queue
[2026-04-29T01:24:19.279+0000] {logging_mixin.py:188} INFO - [2026-04-29T01:24:19.278+0000] {dagbag.py:540} INFO - Filling up the DagBag from /home/airflow/.local/lib/python3.12/site-packages/airflow/example_dags/example_latest_only.py
[2026-04-29T01:24:19.285+0000] {processor.py:840} INFO - DAG(s) 'latest_only' retrieved from /home/airflow/.local/lib/python3.12/site-packages/airflow/example_dags/example_latest_only.py
[2026-04-29T01:24:19.316+0000] {logging_mixin.py:188} INFO - [2026-04-29T01:24:19.316+0000] {dag.py:3096} INFO - Sync 1 DAGs
[2026-04-29T01:24:19.350+0000] {logging_mixin.py:188} INFO - [2026-04-29T01:24:19.348+0000] {dag.py:3954} INFO - Setting next_dagrun for latest_only to 2026-04-28 20:00:00+00:00, run_after=2026-04-29 00:00:00+00:00
[2026-04-29T01:24:19.372+0000] {processor.py:183} INFO - Processing /home/airflow/.local/lib/python3.12/site-packages/airflow/example_dags/example_latest_only.py took 0.109 seconds
