[2026-04-29T00:55:03.115+0000] {processor.py:161} INFO - Started process (PID=105) to work on /home/airflow/.local/lib/python3.12/site-packages/airflow/example_dags/example_branch_operator.py
[2026-04-29T00:55:03.116+0000] {processor.py:830} INFO - Processing file /home/airflow/.local/lib/python3.12/site-packages/airflow/example_dags/example_branch_operator.py for tasks to queue
[2026-04-29T00:55:03.118+0000] {logging_mixin.py:188} INFO - [2026-04-29T00:55:03.118+0000] {dagbag.py:540} INFO - Filling up the DagBag from /home/airflow/.local/lib/python3.12/site-packages/airflow/example_dags/example_branch_operator.py
[2026-04-29T00:55:03.155+0000] {processor.py:840} INFO - DAG(s) 'example_branch_operator' retrieved from /home/airflow/.local/lib/python3.12/site-packages/airflow/example_dags/example_branch_operator.py
[2026-04-29T00:55:03.572+0000] {logging_mixin.py:188} INFO - [2026-04-29T00:55:03.572+0000] {dag.py:3096} INFO - Sync 1 DAGs
[2026-04-29T00:55:03.640+0000] {logging_mixin.py:188} INFO - [2026-04-29T00:55:03.639+0000] {dag.py:3954} INFO - Setting next_dagrun for example_branch_operator to 2026-04-28 00:00:00+00:00, run_after=2026-04-29 00:00:00+00:00
[2026-04-29T00:55:03.665+0000] {processor.py:183} INFO - Processing /home/airflow/.local/lib/python3.12/site-packages/airflow/example_dags/example_branch_operator.py took 0.564 seconds
[2026-04-29T00:58:29.288+0000] {processor.py:161} INFO - Started process (PID=119) to work on /home/airflow/.local/lib/python3.12/site-packages/airflow/example_dags/example_branch_operator.py
[2026-04-29T00:58:29.291+0000] {processor.py:830} INFO - Processing file /home/airflow/.local/lib/python3.12/site-packages/airflow/example_dags/example_branch_operator.py for tasks to queue
[2026-04-29T00:58:29.300+0000] {logging_mixin.py:188} INFO - [2026-04-29T00:58:29.295+0000] {dagbag.py:540} INFO - Filling up the DagBag from /home/airflow/.local/lib/python3.12/site-packages/airflow/example_dags/example_branch_operator.py
[2026-04-29T00:58:29.531+0000] {processor.py:840} INFO - DAG(s) 'example_branch_operator' retrieved from /home/airflow/.local/lib/python3.12/site-packages/airflow/example_dags/example_branch_operator.py
[2026-04-29T00:58:30.771+0000] {logging_mixin.py:188} INFO - [2026-04-29T00:58:30.768+0000] {override.py:1829} INFO - Created Permission View: can edit on DAG:example_branch_operator
[2026-04-29T00:58:30.797+0000] {logging_mixin.py:188} INFO - [2026-04-29T00:58:30.797+0000] {override.py:1829} INFO - Created Permission View: can delete on DAG:example_branch_operator
[2026-04-29T00:58:30.813+0000] {logging_mixin.py:188} INFO - [2026-04-29T00:58:30.813+0000] {override.py:1829} INFO - Created Permission View: can read on DAG:example_branch_operator
[2026-04-29T00:58:30.815+0000] {logging_mixin.py:188} INFO - [2026-04-29T00:58:30.814+0000] {dag.py:3096} INFO - Sync 1 DAGs
[2026-04-29T00:58:30.848+0000] {logging_mixin.py:188} INFO - [2026-04-29T00:58:30.848+0000] {dag.py:3118} INFO - Creating ORM DAG for example_branch_operator
[2026-04-29T00:58:30.880+0000] {logging_mixin.py:188} INFO - [2026-04-29T00:58:30.879+0000] {dag.py:3954} INFO - Setting next_dagrun for example_branch_operator to 2026-04-28 00:00:00+00:00, run_after=2026-04-29 00:00:00+00:00
[2026-04-29T00:58:30.941+0000] {processor.py:183} INFO - Processing /home/airflow/.local/lib/python3.12/site-packages/airflow/example_dags/example_branch_operator.py took 1.681 seconds
[2026-04-29T00:59:01.073+0000] {processor.py:161} INFO - Started process (PID=179) to work on /home/airflow/.local/lib/python3.12/site-packages/airflow/example_dags/example_branch_operator.py
[2026-04-29T00:59:01.075+0000] {processor.py:830} INFO - Processing file /home/airflow/.local/lib/python3.12/site-packages/airflow/example_dags/example_branch_operator.py for tasks to queue
[2026-04-29T00:59:01.079+0000] {logging_mixin.py:188} INFO - [2026-04-29T00:59:01.078+0000] {dagbag.py:540} INFO - Filling up the DagBag from /home/airflow/.local/lib/python3.12/site-packages/airflow/example_dags/example_branch_operator.py
[2026-04-29T00:59:01.119+0000] {processor.py:840} INFO - DAG(s) 'example_branch_operator' retrieved from /home/airflow/.local/lib/python3.12/site-packages/airflow/example_dags/example_branch_operator.py
[2026-04-29T00:59:01.205+0000] {logging_mixin.py:188} INFO - [2026-04-29T00:59:01.204+0000] {dag.py:3096} INFO - Sync 1 DAGs
[2026-04-29T00:59:01.263+0000] {logging_mixin.py:188} INFO - [2026-04-29T00:59:01.263+0000] {dag.py:3954} INFO - Setting next_dagrun for example_branch_operator to 2026-04-28 00:00:00+00:00, run_after=2026-04-29 00:00:00+00:00
[2026-04-29T00:59:01.289+0000] {processor.py:183} INFO - Processing /home/airflow/.local/lib/python3.12/site-packages/airflow/example_dags/example_branch_operator.py took 0.239 seconds
[2026-04-29T00:59:31.451+0000] {processor.py:161} INFO - Started process (PID=238) to work on /home/airflow/.local/lib/python3.12/site-packages/airflow/example_dags/example_branch_operator.py
[2026-04-29T00:59:31.452+0000] {processor.py:830} INFO - Processing file /home/airflow/.local/lib/python3.12/site-packages/airflow/example_dags/example_branch_operator.py for tasks to queue
[2026-04-29T00:59:31.454+0000] {logging_mixin.py:188} INFO - [2026-04-29T00:59:31.454+0000] {dagbag.py:540} INFO - Filling up the DagBag from /home/airflow/.local/lib/python3.12/site-packages/airflow/example_dags/example_branch_operator.py
[2026-04-29T00:59:31.480+0000] {processor.py:840} INFO - DAG(s) 'example_branch_operator' retrieved from /home/airflow/.local/lib/python3.12/site-packages/airflow/example_dags/example_branch_operator.py
[2026-04-29T00:59:31.536+0000] {logging_mixin.py:188} INFO - [2026-04-29T00:59:31.535+0000] {dag.py:3096} INFO - Sync 1 DAGs
[2026-04-29T00:59:31.594+0000] {logging_mixin.py:188} INFO - [2026-04-29T00:59:31.594+0000] {dag.py:3954} INFO - Setting next_dagrun for example_branch_operator to 2026-04-28 00:00:00+00:00, run_after=2026-04-29 00:00:00+00:00
[2026-04-29T00:59:31.631+0000] {processor.py:183} INFO - Processing /home/airflow/.local/lib/python3.12/site-packages/airflow/example_dags/example_branch_operator.py took 0.187 seconds
[2026-04-29T01:00:02.459+0000] {processor.py:161} INFO - Started process (PID=297) to work on /home/airflow/.local/lib/python3.12/site-packages/airflow/example_dags/example_branch_operator.py
[2026-04-29T01:00:02.460+0000] {processor.py:830} INFO - Processing file /home/airflow/.local/lib/python3.12/site-packages/airflow/example_dags/example_branch_operator.py for tasks to queue
[2026-04-29T01:00:02.462+0000] {logging_mixin.py:188} INFO - [2026-04-29T01:00:02.462+0000] {dagbag.py:540} INFO - Filling up the DagBag from /home/airflow/.local/lib/python3.12/site-packages/airflow/example_dags/example_branch_operator.py
[2026-04-29T01:00:02.511+0000] {processor.py:840} INFO - DAG(s) 'example_branch_operator' retrieved from /home/airflow/.local/lib/python3.12/site-packages/airflow/example_dags/example_branch_operator.py
[2026-04-29T01:00:02.729+0000] {logging_mixin.py:188} INFO - [2026-04-29T01:00:02.728+0000] {dag.py:3096} INFO - Sync 1 DAGs
[2026-04-29T01:00:03.087+0000] {logging_mixin.py:188} INFO - [2026-04-29T01:00:03.086+0000] {dag.py:3954} INFO - Setting next_dagrun for example_branch_operator to 2026-04-28 00:00:00+00:00, run_after=2026-04-29 00:00:00+00:00
[2026-04-29T01:00:03.199+0000] {processor.py:183} INFO - Processing /home/airflow/.local/lib/python3.12/site-packages/airflow/example_dags/example_branch_operator.py took 0.756 seconds
[2026-04-29T01:00:34.721+0000] {processor.py:161} INFO - Started process (PID=358) to work on /home/airflow/.local/lib/python3.12/site-packages/airflow/example_dags/example_branch_operator.py
[2026-04-29T01:00:34.725+0000] {processor.py:830} INFO - Processing file /home/airflow/.local/lib/python3.12/site-packages/airflow/example_dags/example_branch_operator.py for tasks to queue
[2026-04-29T01:00:34.744+0000] {logging_mixin.py:188} INFO - [2026-04-29T01:00:34.739+0000] {dagbag.py:540} INFO - Filling up the DagBag from /home/airflow/.local/lib/python3.12/site-packages/airflow/example_dags/example_branch_operator.py
[2026-04-29T01:00:34.967+0000] {processor.py:840} INFO - DAG(s) 'example_branch_operator' retrieved from /home/airflow/.local/lib/python3.12/site-packages/airflow/example_dags/example_branch_operator.py
[2026-04-29T01:00:35.756+0000] {logging_mixin.py:188} INFO - [2026-04-29T01:00:35.756+0000] {dag.py:3096} INFO - Sync 1 DAGs
[2026-04-29T01:00:36.071+0000] {logging_mixin.py:188} INFO - [2026-04-29T01:00:36.070+0000] {dag.py:3954} INFO - Setting next_dagrun for example_branch_operator to 2026-04-28 00:00:00+00:00, run_after=2026-04-29 00:00:00+00:00
[2026-04-29T01:00:36.474+0000] {processor.py:183} INFO - Processing /home/airflow/.local/lib/python3.12/site-packages/airflow/example_dags/example_branch_operator.py took 1.802 seconds
[2026-04-29T01:01:06.982+0000] {processor.py:161} INFO - Started process (PID=419) to work on /home/airflow/.local/lib/python3.12/site-packages/airflow/example_dags/example_branch_operator.py
[2026-04-29T01:01:06.988+0000] {processor.py:830} INFO - Processing file /home/airflow/.local/lib/python3.12/site-packages/airflow/example_dags/example_branch_operator.py for tasks to queue
[2026-04-29T01:01:06.997+0000] {logging_mixin.py:188} INFO - [2026-04-29T01:01:06.996+0000] {dagbag.py:540} INFO - Filling up the DagBag from /home/airflow/.local/lib/python3.12/site-packages/airflow/example_dags/example_branch_operator.py
[2026-04-29T01:01:07.042+0000] {processor.py:840} INFO - DAG(s) 'example_branch_operator' retrieved from /home/airflow/.local/lib/python3.12/site-packages/airflow/example_dags/example_branch_operator.py
[2026-04-29T01:01:07.096+0000] {logging_mixin.py:188} INFO - [2026-04-29T01:01:07.096+0000] {dag.py:3096} INFO - Sync 1 DAGs
[2026-04-29T01:01:07.156+0000] {logging_mixin.py:188} INFO - [2026-04-29T01:01:07.155+0000] {dag.py:3954} INFO - Setting next_dagrun for example_branch_operator to 2026-04-28 00:00:00+00:00, run_after=2026-04-29 00:00:00+00:00
[2026-04-29T01:01:07.209+0000] {processor.py:183} INFO - Processing /home/airflow/.local/lib/python3.12/site-packages/airflow/example_dags/example_branch_operator.py took 0.275 seconds
[2026-04-29T01:01:38.175+0000] {processor.py:161} INFO - Started process (PID=478) to work on /home/airflow/.local/lib/python3.12/site-packages/airflow/example_dags/example_branch_operator.py
[2026-04-29T01:01:38.189+0000] {processor.py:830} INFO - Processing file /home/airflow/.local/lib/python3.12/site-packages/airflow/example_dags/example_branch_operator.py for tasks to queue
[2026-04-29T01:01:38.204+0000] {logging_mixin.py:188} INFO - [2026-04-29T01:01:38.204+0000] {dagbag.py:540} INFO - Filling up the DagBag from /home/airflow/.local/lib/python3.12/site-packages/airflow/example_dags/example_branch_operator.py
[2026-04-29T01:01:38.313+0000] {processor.py:840} INFO - DAG(s) 'example_branch_operator' retrieved from /home/airflow/.local/lib/python3.12/site-packages/airflow/example_dags/example_branch_operator.py
[2026-04-29T01:01:38.380+0000] {logging_mixin.py:188} INFO - [2026-04-29T01:01:38.380+0000] {dag.py:3096} INFO - Sync 1 DAGs
[2026-04-29T01:01:38.487+0000] {logging_mixin.py:188} INFO - [2026-04-29T01:01:38.484+0000] {dag.py:3954} INFO - Setting next_dagrun for example_branch_operator to 2026-04-28 00:00:00+00:00, run_after=2026-04-29 00:00:00+00:00
[2026-04-29T01:01:38.529+0000] {processor.py:183} INFO - Processing /home/airflow/.local/lib/python3.12/site-packages/airflow/example_dags/example_branch_operator.py took 0.380 seconds
[2026-04-29T01:02:09.292+0000] {processor.py:161} INFO - Started process (PID=537) to work on /home/airflow/.local/lib/python3.12/site-packages/airflow/example_dags/example_branch_operator.py
[2026-04-29T01:02:09.298+0000] {processor.py:830} INFO - Processing file /home/airflow/.local/lib/python3.12/site-packages/airflow/example_dags/example_branch_operator.py for tasks to queue
[2026-04-29T01:02:09.313+0000] {logging_mixin.py:188} INFO - [2026-04-29T01:02:09.311+0000] {dagbag.py:540} INFO - Filling up the DagBag from /home/airflow/.local/lib/python3.12/site-packages/airflow/example_dags/example_branch_operator.py
[2026-04-29T01:02:09.420+0000] {processor.py:840} INFO - DAG(s) 'example_branch_operator' retrieved from /home/airflow/.local/lib/python3.12/site-packages/airflow/example_dags/example_branch_operator.py
[2026-04-29T01:02:09.586+0000] {logging_mixin.py:188} INFO - [2026-04-29T01:02:09.583+0000] {dag.py:3096} INFO - Sync 1 DAGs
[2026-04-29T01:02:09.644+0000] {logging_mixin.py:188} INFO - [2026-04-29T01:02:09.644+0000] {dag.py:3954} INFO - Setting next_dagrun for example_branch_operator to 2026-04-28 00:00:00+00:00, run_after=2026-04-29 00:00:00+00:00
[2026-04-29T01:02:09.672+0000] {processor.py:183} INFO - Processing /home/airflow/.local/lib/python3.12/site-packages/airflow/example_dags/example_branch_operator.py took 0.396 seconds
[2026-04-29T01:02:40.645+0000] {processor.py:161} INFO - Started process (PID=598) to work on /home/airflow/.local/lib/python3.12/site-packages/airflow/example_dags/example_branch_operator.py
[2026-04-29T01:02:40.646+0000] {processor.py:830} INFO - Processing file /home/airflow/.local/lib/python3.12/site-packages/airflow/example_dags/example_branch_operator.py for tasks to queue
[2026-04-29T01:02:40.648+0000] {logging_mixin.py:188} INFO - [2026-04-29T01:02:40.647+0000] {dagbag.py:540} INFO - Filling up the DagBag from /home/airflow/.local/lib/python3.12/site-packages/airflow/example_dags/example_branch_operator.py
[2026-04-29T01:02:40.675+0000] {processor.py:840} INFO - DAG(s) 'example_branch_operator' retrieved from /home/airflow/.local/lib/python3.12/site-packages/airflow/example_dags/example_branch_operator.py
[2026-04-29T01:02:40.707+0000] {logging_mixin.py:188} INFO - [2026-04-29T01:02:40.707+0000] {dag.py:3096} INFO - Sync 1 DAGs
[2026-04-29T01:02:40.729+0000] {logging_mixin.py:188} INFO - [2026-04-29T01:02:40.729+0000] {dag.py:3954} INFO - Setting next_dagrun for example_branch_operator to 2026-04-28 00:00:00+00:00, run_after=2026-04-29 00:00:00+00:00
[2026-04-29T01:02:40.744+0000] {processor.py:183} INFO - Processing /home/airflow/.local/lib/python3.12/site-packages/airflow/example_dags/example_branch_operator.py took 0.106 seconds
[2026-04-29T01:03:11.441+0000] {processor.py:161} INFO - Started process (PID=659) to work on /home/airflow/.local/lib/python3.12/site-packages/airflow/example_dags/example_branch_operator.py
[2026-04-29T01:03:11.475+0000] {processor.py:830} INFO - Processing file /home/airflow/.local/lib/python3.12/site-packages/airflow/example_dags/example_branch_operator.py for tasks to queue
[2026-04-29T01:03:11.494+0000] {logging_mixin.py:188} INFO - [2026-04-29T01:03:11.493+0000] {dagbag.py:540} INFO - Filling up the DagBag from /home/airflow/.local/lib/python3.12/site-packages/airflow/example_dags/example_branch_operator.py
[2026-04-29T01:03:11.683+0000] {processor.py:840} INFO - DAG(s) 'example_branch_operator' retrieved from /home/airflow/.local/lib/python3.12/site-packages/airflow/example_dags/example_branch_operator.py
[2026-04-29T01:03:11.734+0000] {logging_mixin.py:188} INFO - [2026-04-29T01:03:11.734+0000] {dag.py:3096} INFO - Sync 1 DAGs
[2026-04-29T01:03:11.768+0000] {logging_mixin.py:188} INFO - [2026-04-29T01:03:11.768+0000] {dag.py:3954} INFO - Setting next_dagrun for example_branch_operator to 2026-04-28 00:00:00+00:00, run_after=2026-04-29 00:00:00+00:00
[2026-04-29T01:03:11.793+0000] {processor.py:183} INFO - Processing /home/airflow/.local/lib/python3.12/site-packages/airflow/example_dags/example_branch_operator.py took 0.444 seconds
[2026-04-29T01:03:42.512+0000] {processor.py:161} INFO - Started process (PID=719) to work on /home/airflow/.local/lib/python3.12/site-packages/airflow/example_dags/example_branch_operator.py
[2026-04-29T01:03:42.513+0000] {processor.py:830} INFO - Processing file /home/airflow/.local/lib/python3.12/site-packages/airflow/example_dags/example_branch_operator.py for tasks to queue
[2026-04-29T01:03:42.515+0000] {logging_mixin.py:188} INFO - [2026-04-29T01:03:42.515+0000] {dagbag.py:540} INFO - Filling up the DagBag from /home/airflow/.local/lib/python3.12/site-packages/airflow/example_dags/example_branch_operator.py
[2026-04-29T01:03:42.537+0000] {processor.py:840} INFO - DAG(s) 'example_branch_operator' retrieved from /home/airflow/.local/lib/python3.12/site-packages/airflow/example_dags/example_branch_operator.py
[2026-04-29T01:03:42.575+0000] {logging_mixin.py:188} INFO - [2026-04-29T01:03:42.574+0000] {dag.py:3096} INFO - Sync 1 DAGs
[2026-04-29T01:03:42.597+0000] {logging_mixin.py:188} INFO - [2026-04-29T01:03:42.597+0000] {dag.py:3954} INFO - Setting next_dagrun for example_branch_operator to 2026-04-28 00:00:00+00:00, run_after=2026-04-29 00:00:00+00:00
[2026-04-29T01:03:42.615+0000] {processor.py:183} INFO - Processing /home/airflow/.local/lib/python3.12/site-packages/airflow/example_dags/example_branch_operator.py took 0.109 seconds
[2026-04-29T01:04:12.681+0000] {processor.py:161} INFO - Started process (PID=779) to work on /home/airflow/.local/lib/python3.12/site-packages/airflow/example_dags/example_branch_operator.py
[2026-04-29T01:04:12.683+0000] {processor.py:830} INFO - Processing file /home/airflow/.local/lib/python3.12/site-packages/airflow/example_dags/example_branch_operator.py for tasks to queue
[2026-04-29T01:04:12.687+0000] {logging_mixin.py:188} INFO - [2026-04-29T01:04:12.687+0000] {dagbag.py:540} INFO - Filling up the DagBag from /home/airflow/.local/lib/python3.12/site-packages/airflow/example_dags/example_branch_operator.py
[2026-04-29T01:04:12.710+0000] {processor.py:840} INFO - DAG(s) 'example_branch_operator' retrieved from /home/airflow/.local/lib/python3.12/site-packages/airflow/example_dags/example_branch_operator.py
[2026-04-29T01:04:12.747+0000] {logging_mixin.py:188} INFO - [2026-04-29T01:04:12.747+0000] {dag.py:3096} INFO - Sync 1 DAGs
[2026-04-29T01:04:12.769+0000] {logging_mixin.py:188} INFO - [2026-04-29T01:04:12.769+0000] {dag.py:3954} INFO - Setting next_dagrun for example_branch_operator to 2026-04-28 00:00:00+00:00, run_after=2026-04-29 00:00:00+00:00
[2026-04-29T01:04:12.786+0000] {processor.py:183} INFO - Processing /home/airflow/.local/lib/python3.12/site-packages/airflow/example_dags/example_branch_operator.py took 0.119 seconds
[2026-04-29T01:04:42.863+0000] {processor.py:161} INFO - Started process (PID=841) to work on /home/airflow/.local/lib/python3.12/site-packages/airflow/example_dags/example_branch_operator.py
[2026-04-29T01:04:42.864+0000] {processor.py:830} INFO - Processing file /home/airflow/.local/lib/python3.12/site-packages/airflow/example_dags/example_branch_operator.py for tasks to queue
[2026-04-29T01:04:42.867+0000] {logging_mixin.py:188} INFO - [2026-04-29T01:04:42.866+0000] {dagbag.py:540} INFO - Filling up the DagBag from /home/airflow/.local/lib/python3.12/site-packages/airflow/example_dags/example_branch_operator.py
[2026-04-29T01:04:42.888+0000] {processor.py:840} INFO - DAG(s) 'example_branch_operator' retrieved from /home/airflow/.local/lib/python3.12/site-packages/airflow/example_dags/example_branch_operator.py
[2026-04-29T01:04:42.936+0000] {logging_mixin.py:188} INFO - [2026-04-29T01:04:42.936+0000] {dag.py:3096} INFO - Sync 1 DAGs
[2026-04-29T01:04:42.970+0000] {logging_mixin.py:188} INFO - [2026-04-29T01:04:42.970+0000] {dag.py:3954} INFO - Setting next_dagrun for example_branch_operator to 2026-04-28 00:00:00+00:00, run_after=2026-04-29 00:00:00+00:00
[2026-04-29T01:04:42.989+0000] {processor.py:183} INFO - Processing /home/airflow/.local/lib/python3.12/site-packages/airflow/example_dags/example_branch_operator.py took 0.134 seconds
[2026-04-29T01:05:13.483+0000] {processor.py:161} INFO - Started process (PID=902) to work on /home/airflow/.local/lib/python3.12/site-packages/airflow/example_dags/example_branch_operator.py
[2026-04-29T01:05:13.484+0000] {processor.py:830} INFO - Processing file /home/airflow/.local/lib/python3.12/site-packages/airflow/example_dags/example_branch_operator.py for tasks to queue
[2026-04-29T01:05:13.489+0000] {logging_mixin.py:188} INFO - [2026-04-29T01:05:13.489+0000] {dagbag.py:540} INFO - Filling up the DagBag from /home/airflow/.local/lib/python3.12/site-packages/airflow/example_dags/example_branch_operator.py
[2026-04-29T01:05:13.530+0000] {processor.py:840} INFO - DAG(s) 'example_branch_operator' retrieved from /home/airflow/.local/lib/python3.12/site-packages/airflow/example_dags/example_branch_operator.py
[2026-04-29T01:05:13.591+0000] {logging_mixin.py:188} INFO - [2026-04-29T01:05:13.591+0000] {dag.py:3096} INFO - Sync 1 DAGs
[2026-04-29T01:05:13.628+0000] {logging_mixin.py:188} INFO - [2026-04-29T01:05:13.627+0000] {dag.py:3954} INFO - Setting next_dagrun for example_branch_operator to 2026-04-28 00:00:00+00:00, run_after=2026-04-29 00:00:00+00:00
[2026-04-29T01:05:13.658+0000] {processor.py:183} INFO - Processing /home/airflow/.local/lib/python3.12/site-packages/airflow/example_dags/example_branch_operator.py took 0.192 seconds
[2026-04-29T01:05:44.152+0000] {processor.py:161} INFO - Started process (PID=962) to work on /home/airflow/.local/lib/python3.12/site-packages/airflow/example_dags/example_branch_operator.py
[2026-04-29T01:05:44.156+0000] {processor.py:830} INFO - Processing file /home/airflow/.local/lib/python3.12/site-packages/airflow/example_dags/example_branch_operator.py for tasks to queue
[2026-04-29T01:05:44.163+0000] {logging_mixin.py:188} INFO - [2026-04-29T01:05:44.162+0000] {dagbag.py:540} INFO - Filling up the DagBag from /home/airflow/.local/lib/python3.12/site-packages/airflow/example_dags/example_branch_operator.py
[2026-04-29T01:05:44.216+0000] {processor.py:840} INFO - DAG(s) 'example_branch_operator' retrieved from /home/airflow/.local/lib/python3.12/site-packages/airflow/example_dags/example_branch_operator.py
[2026-04-29T01:05:44.299+0000] {logging_mixin.py:188} INFO - [2026-04-29T01:05:44.299+0000] {dag.py:3096} INFO - Sync 1 DAGs
[2026-04-29T01:05:44.888+0000] {logging_mixin.py:188} INFO - [2026-04-29T01:05:44.886+0000] {dag.py:3954} INFO - Setting next_dagrun for example_branch_operator to 2026-04-28 00:00:00+00:00, run_after=2026-04-29 00:00:00+00:00
[2026-04-29T01:05:44.988+0000] {processor.py:183} INFO - Processing /home/airflow/.local/lib/python3.12/site-packages/airflow/example_dags/example_branch_operator.py took 0.842 seconds
[2026-04-29T01:06:15.306+0000] {processor.py:161} INFO - Started process (PID=1020) to work on /home/airflow/.local/lib/python3.12/site-packages/airflow/example_dags/example_branch_operator.py
[2026-04-29T01:06:15.323+0000] {processor.py:830} INFO - Processing file /home/airflow/.local/lib/python3.12/site-packages/airflow/example_dags/example_branch_operator.py for tasks to queue
[2026-04-29T01:06:15.345+0000] {logging_mixin.py:188} INFO - [2026-04-29T01:06:15.345+0000] {dagbag.py:540} INFO - Filling up the DagBag from /home/airflow/.local/lib/python3.12/site-packages/airflow/example_dags/example_branch_operator.py
[2026-04-29T01:06:15.469+0000] {processor.py:840} INFO - DAG(s) 'example_branch_operator' retrieved from /home/airflow/.local/lib/python3.12/site-packages/airflow/example_dags/example_branch_operator.py
[2026-04-29T01:06:15.608+0000] {logging_mixin.py:188} INFO - [2026-04-29T01:06:15.608+0000] {dag.py:3096} INFO - Sync 1 DAGs
[2026-04-29T01:06:15.734+0000] {logging_mixin.py:188} INFO - [2026-04-29T01:06:15.734+0000] {dag.py:3954} INFO - Setting next_dagrun for example_branch_operator to 2026-04-28 00:00:00+00:00, run_after=2026-04-29 00:00:00+00:00
[2026-04-29T01:06:16.385+0000] {processor.py:183} INFO - Processing /home/airflow/.local/lib/python3.12/site-packages/airflow/example_dags/example_branch_operator.py took 1.143 seconds
[2026-04-29T01:06:46.924+0000] {processor.py:161} INFO - Started process (PID=1083) to work on /home/airflow/.local/lib/python3.12/site-packages/airflow/example_dags/example_branch_operator.py
[2026-04-29T01:06:46.935+0000] {processor.py:830} INFO - Processing file /home/airflow/.local/lib/python3.12/site-packages/airflow/example_dags/example_branch_operator.py for tasks to queue
[2026-04-29T01:06:46.963+0000] {logging_mixin.py:188} INFO - [2026-04-29T01:06:46.961+0000] {dagbag.py:540} INFO - Filling up the DagBag from /home/airflow/.local/lib/python3.12/site-packages/airflow/example_dags/example_branch_operator.py
[2026-04-29T01:06:47.094+0000] {processor.py:840} INFO - DAG(s) 'example_branch_operator' retrieved from /home/airflow/.local/lib/python3.12/site-packages/airflow/example_dags/example_branch_operator.py
[2026-04-29T01:06:47.211+0000] {logging_mixin.py:188} INFO - [2026-04-29T01:06:47.211+0000] {dag.py:3096} INFO - Sync 1 DAGs
[2026-04-29T01:06:47.244+0000] {logging_mixin.py:188} INFO - [2026-04-29T01:06:47.244+0000] {dag.py:3954} INFO - Setting next_dagrun for example_branch_operator to 2026-04-28 00:00:00+00:00, run_after=2026-04-29 00:00:00+00:00
[2026-04-29T01:06:47.297+0000] {processor.py:183} INFO - Processing /home/airflow/.local/lib/python3.12/site-packages/airflow/example_dags/example_branch_operator.py took 0.406 seconds
[2026-04-29T01:07:17.436+0000] {processor.py:161} INFO - Started process (PID=1143) to work on /home/airflow/.local/lib/python3.12/site-packages/airflow/example_dags/example_branch_operator.py
[2026-04-29T01:07:17.437+0000] {processor.py:830} INFO - Processing file /home/airflow/.local/lib/python3.12/site-packages/airflow/example_dags/example_branch_operator.py for tasks to queue
[2026-04-29T01:07:17.439+0000] {logging_mixin.py:188} INFO - [2026-04-29T01:07:17.438+0000] {dagbag.py:540} INFO - Filling up the DagBag from /home/airflow/.local/lib/python3.12/site-packages/airflow/example_dags/example_branch_operator.py
[2026-04-29T01:07:17.455+0000] {processor.py:840} INFO - DAG(s) 'example_branch_operator' retrieved from /home/airflow/.local/lib/python3.12/site-packages/airflow/example_dags/example_branch_operator.py
[2026-04-29T01:07:17.481+0000] {logging_mixin.py:188} INFO - [2026-04-29T01:07:17.481+0000] {dag.py:3096} INFO - Sync 1 DAGs
[2026-04-29T01:07:17.500+0000] {logging_mixin.py:188} INFO - [2026-04-29T01:07:17.500+0000] {dag.py:3954} INFO - Setting next_dagrun for example_branch_operator to 2026-04-28 00:00:00+00:00, run_after=2026-04-29 00:00:00+00:00
[2026-04-29T01:07:17.516+0000] {processor.py:183} INFO - Processing /home/airflow/.local/lib/python3.12/site-packages/airflow/example_dags/example_branch_operator.py took 0.089 seconds
[2026-04-29T01:07:47.855+0000] {processor.py:161} INFO - Started process (PID=1202) to work on /home/airflow/.local/lib/python3.12/site-packages/airflow/example_dags/example_branch_operator.py
[2026-04-29T01:07:47.856+0000] {processor.py:830} INFO - Processing file /home/airflow/.local/lib/python3.12/site-packages/airflow/example_dags/example_branch_operator.py for tasks to queue
[2026-04-29T01:07:47.858+0000] {logging_mixin.py:188} INFO - [2026-04-29T01:07:47.857+0000] {dagbag.py:540} INFO - Filling up the DagBag from /home/airflow/.local/lib/python3.12/site-packages/airflow/example_dags/example_branch_operator.py
[2026-04-29T01:07:47.872+0000] {processor.py:840} INFO - DAG(s) 'example_branch_operator' retrieved from /home/airflow/.local/lib/python3.12/site-packages/airflow/example_dags/example_branch_operator.py
[2026-04-29T01:07:48.044+0000] {logging_mixin.py:188} INFO - [2026-04-29T01:07:48.044+0000] {dag.py:3096} INFO - Sync 1 DAGs
[2026-04-29T01:07:48.062+0000] {logging_mixin.py:188} INFO - [2026-04-29T01:07:48.062+0000] {dag.py:3954} INFO - Setting next_dagrun for example_branch_operator to 2026-04-28 00:00:00+00:00, run_after=2026-04-29 00:00:00+00:00
[2026-04-29T01:07:48.077+0000] {processor.py:183} INFO - Processing /home/airflow/.local/lib/python3.12/site-packages/airflow/example_dags/example_branch_operator.py took 0.227 seconds
[2026-04-29T01:08:18.193+0000] {processor.py:161} INFO - Started process (PID=1259) to work on /home/airflow/.local/lib/python3.12/site-packages/airflow/example_dags/example_branch_operator.py
[2026-04-29T01:08:18.196+0000] {processor.py:830} INFO - Processing file /home/airflow/.local/lib/python3.12/site-packages/airflow/example_dags/example_branch_operator.py for tasks to queue
[2026-04-29T01:08:18.207+0000] {logging_mixin.py:188} INFO - [2026-04-29T01:08:18.204+0000] {dagbag.py:540} INFO - Filling up the DagBag from /home/airflow/.local/lib/python3.12/site-packages/airflow/example_dags/example_branch_operator.py
[2026-04-29T01:08:18.249+0000] {processor.py:840} INFO - DAG(s) 'example_branch_operator' retrieved from /home/airflow/.local/lib/python3.12/site-packages/airflow/example_dags/example_branch_operator.py
[2026-04-29T01:08:18.300+0000] {logging_mixin.py:188} INFO - [2026-04-29T01:08:18.300+0000] {dag.py:3096} INFO - Sync 1 DAGs
[2026-04-29T01:08:18.332+0000] {logging_mixin.py:188} INFO - [2026-04-29T01:08:18.332+0000] {dag.py:3954} INFO - Setting next_dagrun for example_branch_operator to 2026-04-28 00:00:00+00:00, run_after=2026-04-29 00:00:00+00:00
[2026-04-29T01:08:18.357+0000] {processor.py:183} INFO - Processing /home/airflow/.local/lib/python3.12/site-packages/airflow/example_dags/example_branch_operator.py took 0.178 seconds
[2026-04-29T01:08:50.802+0000] {processor.py:161} INFO - Started process (PID=1318) to work on /home/airflow/.local/lib/python3.12/site-packages/airflow/example_dags/example_branch_operator.py
[2026-04-29T01:08:50.817+0000] {processor.py:830} INFO - Processing file /home/airflow/.local/lib/python3.12/site-packages/airflow/example_dags/example_branch_operator.py for tasks to queue
[2026-04-29T01:08:50.825+0000] {logging_mixin.py:188} INFO - [2026-04-29T01:08:50.824+0000] {dagbag.py:540} INFO - Filling up the DagBag from /home/airflow/.local/lib/python3.12/site-packages/airflow/example_dags/example_branch_operator.py
[2026-04-29T01:08:50.948+0000] {processor.py:840} INFO - DAG(s) 'example_branch_operator' retrieved from /home/airflow/.local/lib/python3.12/site-packages/airflow/example_dags/example_branch_operator.py
[2026-04-29T01:08:51.042+0000] {logging_mixin.py:188} INFO - [2026-04-29T01:08:51.041+0000] {dag.py:3096} INFO - Sync 1 DAGs
[2026-04-29T01:08:51.093+0000] {logging_mixin.py:188} INFO - [2026-04-29T01:08:51.093+0000] {dag.py:3954} INFO - Setting next_dagrun for example_branch_operator to 2026-04-28 00:00:00+00:00, run_after=2026-04-29 00:00:00+00:00
[2026-04-29T01:08:51.115+0000] {processor.py:183} INFO - Processing /home/airflow/.local/lib/python3.12/site-packages/airflow/example_dags/example_branch_operator.py took 0.318 seconds
[2026-04-29T01:09:21.753+0000] {processor.py:161} INFO - Started process (PID=1378) to work on /home/airflow/.local/lib/python3.12/site-packages/airflow/example_dags/example_branch_operator.py
[2026-04-29T01:09:21.757+0000] {processor.py:830} INFO - Processing file /home/airflow/.local/lib/python3.12/site-packages/airflow/example_dags/example_branch_operator.py for tasks to queue
[2026-04-29T01:09:21.760+0000] {logging_mixin.py:188} INFO - [2026-04-29T01:09:21.759+0000] {dagbag.py:540} INFO - Filling up the DagBag from /home/airflow/.local/lib/python3.12/site-packages/airflow/example_dags/example_branch_operator.py
[2026-04-29T01:09:21.781+0000] {processor.py:840} INFO - DAG(s) 'example_branch_operator' retrieved from /home/airflow/.local/lib/python3.12/site-packages/airflow/example_dags/example_branch_operator.py
[2026-04-29T01:09:21.816+0000] {logging_mixin.py:188} INFO - [2026-04-29T01:09:21.815+0000] {dag.py:3096} INFO - Sync 1 DAGs
[2026-04-29T01:09:21.852+0000] {logging_mixin.py:188} INFO - [2026-04-29T01:09:21.852+0000] {dag.py:3954} INFO - Setting next_dagrun for example_branch_operator to 2026-04-28 00:00:00+00:00, run_after=2026-04-29 00:00:00+00:00
[2026-04-29T01:09:21.868+0000] {processor.py:183} INFO - Processing /home/airflow/.local/lib/python3.12/site-packages/airflow/example_dags/example_branch_operator.py took 0.125 seconds
[2026-04-29T01:09:52.312+0000] {processor.py:161} INFO - Started process (PID=1438) to work on /home/airflow/.local/lib/python3.12/site-packages/airflow/example_dags/example_branch_operator.py
[2026-04-29T01:09:52.312+0000] {processor.py:830} INFO - Processing file /home/airflow/.local/lib/python3.12/site-packages/airflow/example_dags/example_branch_operator.py for tasks to queue
[2026-04-29T01:09:52.317+0000] {logging_mixin.py:188} INFO - [2026-04-29T01:09:52.316+0000] {dagbag.py:540} INFO - Filling up the DagBag from /home/airflow/.local/lib/python3.12/site-packages/airflow/example_dags/example_branch_operator.py
[2026-04-29T01:09:52.346+0000] {processor.py:840} INFO - DAG(s) 'example_branch_operator' retrieved from /home/airflow/.local/lib/python3.12/site-packages/airflow/example_dags/example_branch_operator.py
[2026-04-29T01:09:52.390+0000] {logging_mixin.py:188} INFO - [2026-04-29T01:09:52.390+0000] {dag.py:3096} INFO - Sync 1 DAGs
[2026-04-29T01:09:52.417+0000] {logging_mixin.py:188} INFO - [2026-04-29T01:09:52.416+0000] {dag.py:3954} INFO - Setting next_dagrun for example_branch_operator to 2026-04-28 00:00:00+00:00, run_after=2026-04-29 00:00:00+00:00
[2026-04-29T01:09:52.438+0000] {processor.py:183} INFO - Processing /home/airflow/.local/lib/python3.12/site-packages/airflow/example_dags/example_branch_operator.py took 0.133 seconds
[2026-04-29T01:10:23.471+0000] {processor.py:161} INFO - Started process (PID=1498) to work on /home/airflow/.local/lib/python3.12/site-packages/airflow/example_dags/example_branch_operator.py
[2026-04-29T01:10:23.473+0000] {processor.py:830} INFO - Processing file /home/airflow/.local/lib/python3.12/site-packages/airflow/example_dags/example_branch_operator.py for tasks to queue
[2026-04-29T01:10:23.476+0000] {logging_mixin.py:188} INFO - [2026-04-29T01:10:23.475+0000] {dagbag.py:540} INFO - Filling up the DagBag from /home/airflow/.local/lib/python3.12/site-packages/airflow/example_dags/example_branch_operator.py
[2026-04-29T01:10:23.514+0000] {processor.py:840} INFO - DAG(s) 'example_branch_operator' retrieved from /home/airflow/.local/lib/python3.12/site-packages/airflow/example_dags/example_branch_operator.py
[2026-04-29T01:10:23.589+0000] {logging_mixin.py:188} INFO - [2026-04-29T01:10:23.588+0000] {dag.py:3096} INFO - Sync 1 DAGs
[2026-04-29T01:10:23.636+0000] {logging_mixin.py:188} INFO - [2026-04-29T01:10:23.635+0000] {dag.py:3954} INFO - Setting next_dagrun for example_branch_operator to 2026-04-28 00:00:00+00:00, run_after=2026-04-29 00:00:00+00:00
[2026-04-29T01:10:23.680+0000] {processor.py:183} INFO - Processing /home/airflow/.local/lib/python3.12/site-packages/airflow/example_dags/example_branch_operator.py took 0.229 seconds
[2026-04-29T01:10:54.036+0000] {processor.py:161} INFO - Started process (PID=1558) to work on /home/airflow/.local/lib/python3.12/site-packages/airflow/example_dags/example_branch_operator.py
[2026-04-29T01:10:54.037+0000] {processor.py:830} INFO - Processing file /home/airflow/.local/lib/python3.12/site-packages/airflow/example_dags/example_branch_operator.py for tasks to queue
[2026-04-29T01:10:54.039+0000] {logging_mixin.py:188} INFO - [2026-04-29T01:10:54.039+0000] {dagbag.py:540} INFO - Filling up the DagBag from /home/airflow/.local/lib/python3.12/site-packages/airflow/example_dags/example_branch_operator.py
[2026-04-29T01:10:54.061+0000] {processor.py:840} INFO - DAG(s) 'example_branch_operator' retrieved from /home/airflow/.local/lib/python3.12/site-packages/airflow/example_dags/example_branch_operator.py
[2026-04-29T01:10:54.107+0000] {logging_mixin.py:188} INFO - [2026-04-29T01:10:54.107+0000] {dag.py:3096} INFO - Sync 1 DAGs
[2026-04-29T01:10:54.134+0000] {logging_mixin.py:188} INFO - [2026-04-29T01:10:54.134+0000] {dag.py:3954} INFO - Setting next_dagrun for example_branch_operator to 2026-04-28 00:00:00+00:00, run_after=2026-04-29 00:00:00+00:00
[2026-04-29T01:10:54.158+0000] {processor.py:183} INFO - Processing /home/airflow/.local/lib/python3.12/site-packages/airflow/example_dags/example_branch_operator.py took 0.130 seconds
[2026-04-29T01:11:24.919+0000] {processor.py:161} INFO - Started process (PID=1617) to work on /home/airflow/.local/lib/python3.12/site-packages/airflow/example_dags/example_branch_operator.py
[2026-04-29T01:11:24.922+0000] {processor.py:830} INFO - Processing file /home/airflow/.local/lib/python3.12/site-packages/airflow/example_dags/example_branch_operator.py for tasks to queue
[2026-04-29T01:11:24.927+0000] {logging_mixin.py:188} INFO - [2026-04-29T01:11:24.927+0000] {dagbag.py:540} INFO - Filling up the DagBag from /home/airflow/.local/lib/python3.12/site-packages/airflow/example_dags/example_branch_operator.py
[2026-04-29T01:11:24.966+0000] {processor.py:840} INFO - DAG(s) 'example_branch_operator' retrieved from /home/airflow/.local/lib/python3.12/site-packages/airflow/example_dags/example_branch_operator.py
[2026-04-29T01:11:25.036+0000] {logging_mixin.py:188} INFO - [2026-04-29T01:11:25.035+0000] {dag.py:3096} INFO - Sync 1 DAGs
[2026-04-29T01:11:25.086+0000] {logging_mixin.py:188} INFO - [2026-04-29T01:11:25.085+0000] {dag.py:3954} INFO - Setting next_dagrun for example_branch_operator to 2026-04-28 00:00:00+00:00, run_after=2026-04-29 00:00:00+00:00
[2026-04-29T01:11:25.113+0000] {processor.py:183} INFO - Processing /home/airflow/.local/lib/python3.12/site-packages/airflow/example_dags/example_branch_operator.py took 0.201 seconds
