[2026-04-29T00:55:02.272+0000] {processor.py:161} INFO - Started process (PID=97) to work on /home/airflow/.local/lib/python3.12/site-packages/airflow/example_dags/example_task_group_decorator.py
[2026-04-29T00:55:02.273+0000] {processor.py:830} INFO - Processing file /home/airflow/.local/lib/python3.12/site-packages/airflow/example_dags/example_task_group_decorator.py for tasks to queue
[2026-04-29T00:55:02.278+0000] {logging_mixin.py:188} INFO - [2026-04-29T00:55:02.277+0000] {dagbag.py:540} INFO - Filling up the DagBag from /home/airflow/.local/lib/python3.12/site-packages/airflow/example_dags/example_task_group_decorator.py
[2026-04-29T00:55:02.302+0000] {processor.py:840} INFO - DAG(s) 'example_task_group_decorator' retrieved from /home/airflow/.local/lib/python3.12/site-packages/airflow/example_dags/example_task_group_decorator.py
[2026-04-29T00:55:02.356+0000] {logging_mixin.py:188} INFO - [2026-04-29T00:55:02.356+0000] {dag.py:3096} INFO - Sync 1 DAGs
[2026-04-29T00:55:02.395+0000] {logging_mixin.py:188} INFO - [2026-04-29T00:55:02.395+0000] {dag.py:3954} INFO - Setting next_dagrun for example_task_group_decorator to 2026-04-28 00:00:00+00:00, run_after=2026-04-29 00:00:00+00:00
[2026-04-29T00:55:02.440+0000] {processor.py:183} INFO - Processing /home/airflow/.local/lib/python3.12/site-packages/airflow/example_dags/example_task_group_decorator.py took 0.191 seconds
[2026-04-29T00:58:26.913+0000] {processor.py:161} INFO - Started process (PID=105) to work on /home/airflow/.local/lib/python3.12/site-packages/airflow/example_dags/example_task_group_decorator.py
[2026-04-29T00:58:26.917+0000] {processor.py:830} INFO - Processing file /home/airflow/.local/lib/python3.12/site-packages/airflow/example_dags/example_task_group_decorator.py for tasks to queue
[2026-04-29T00:58:26.923+0000] {logging_mixin.py:188} INFO - [2026-04-29T00:58:26.923+0000] {dagbag.py:540} INFO - Filling up the DagBag from /home/airflow/.local/lib/python3.12/site-packages/airflow/example_dags/example_task_group_decorator.py
[2026-04-29T00:58:26.988+0000] {processor.py:840} INFO - DAG(s) 'example_task_group_decorator' retrieved from /home/airflow/.local/lib/python3.12/site-packages/airflow/example_dags/example_task_group_decorator.py
[2026-04-29T00:58:27.223+0000] {logging_mixin.py:188} INFO - [2026-04-29T00:58:27.222+0000] {override.py:1829} INFO - Created Permission View: can edit on DAG:example_task_group_decorator
[2026-04-29T00:58:27.255+0000] {logging_mixin.py:188} INFO - [2026-04-29T00:58:27.255+0000] {override.py:1829} INFO - Created Permission View: can delete on DAG:example_task_group_decorator
[2026-04-29T00:58:27.274+0000] {logging_mixin.py:188} INFO - [2026-04-29T00:58:27.273+0000] {override.py:1829} INFO - Created Permission View: can read on DAG:example_task_group_decorator
[2026-04-29T00:58:27.278+0000] {logging_mixin.py:188} INFO - [2026-04-29T00:58:27.277+0000] {dag.py:3096} INFO - Sync 1 DAGs
[2026-04-29T00:58:27.303+0000] {logging_mixin.py:188} INFO - [2026-04-29T00:58:27.303+0000] {dag.py:3118} INFO - Creating ORM DAG for example_task_group_decorator
[2026-04-29T00:58:27.339+0000] {logging_mixin.py:188} INFO - [2026-04-29T00:58:27.339+0000] {dag.py:3954} INFO - Setting next_dagrun for example_task_group_decorator to 2026-04-28 00:00:00+00:00, run_after=2026-04-29 00:00:00+00:00
[2026-04-29T00:58:27.380+0000] {processor.py:183} INFO - Processing /home/airflow/.local/lib/python3.12/site-packages/airflow/example_dags/example_task_group_decorator.py took 0.475 seconds
[2026-04-29T00:58:58.106+0000] {processor.py:161} INFO - Started process (PID=165) to work on /home/airflow/.local/lib/python3.12/site-packages/airflow/example_dags/example_task_group_decorator.py
[2026-04-29T00:58:58.107+0000] {processor.py:830} INFO - Processing file /home/airflow/.local/lib/python3.12/site-packages/airflow/example_dags/example_task_group_decorator.py for tasks to queue
[2026-04-29T00:58:58.109+0000] {logging_mixin.py:188} INFO - [2026-04-29T00:58:58.109+0000] {dagbag.py:540} INFO - Filling up the DagBag from /home/airflow/.local/lib/python3.12/site-packages/airflow/example_dags/example_task_group_decorator.py
[2026-04-29T00:58:58.129+0000] {processor.py:840} INFO - DAG(s) 'example_task_group_decorator' retrieved from /home/airflow/.local/lib/python3.12/site-packages/airflow/example_dags/example_task_group_decorator.py
[2026-04-29T00:58:58.163+0000] {logging_mixin.py:188} INFO - [2026-04-29T00:58:58.162+0000] {dag.py:3096} INFO - Sync 1 DAGs
[2026-04-29T00:58:58.195+0000] {logging_mixin.py:188} INFO - [2026-04-29T00:58:58.194+0000] {dag.py:3954} INFO - Setting next_dagrun for example_task_group_decorator to 2026-04-28 00:00:00+00:00, run_after=2026-04-29 00:00:00+00:00
[2026-04-29T00:58:58.214+0000] {processor.py:183} INFO - Processing /home/airflow/.local/lib/python3.12/site-packages/airflow/example_dags/example_task_group_decorator.py took 0.116 seconds
[2026-04-29T00:59:28.424+0000] {processor.py:161} INFO - Started process (PID=225) to work on /home/airflow/.local/lib/python3.12/site-packages/airflow/example_dags/example_task_group_decorator.py
[2026-04-29T00:59:28.428+0000] {processor.py:830} INFO - Processing file /home/airflow/.local/lib/python3.12/site-packages/airflow/example_dags/example_task_group_decorator.py for tasks to queue
[2026-04-29T00:59:28.432+0000] {logging_mixin.py:188} INFO - [2026-04-29T00:59:28.431+0000] {dagbag.py:540} INFO - Filling up the DagBag from /home/airflow/.local/lib/python3.12/site-packages/airflow/example_dags/example_task_group_decorator.py
[2026-04-29T00:59:28.460+0000] {processor.py:840} INFO - DAG(s) 'example_task_group_decorator' retrieved from /home/airflow/.local/lib/python3.12/site-packages/airflow/example_dags/example_task_group_decorator.py
[2026-04-29T00:59:28.578+0000] {logging_mixin.py:188} INFO - [2026-04-29T00:59:28.578+0000] {dag.py:3096} INFO - Sync 1 DAGs
[2026-04-29T00:59:28.765+0000] {logging_mixin.py:188} INFO - [2026-04-29T00:59:28.760+0000] {dag.py:3954} INFO - Setting next_dagrun for example_task_group_decorator to 2026-04-28 00:00:00+00:00, run_after=2026-04-29 00:00:00+00:00
[2026-04-29T00:59:28.929+0000] {processor.py:183} INFO - Processing /home/airflow/.local/lib/python3.12/site-packages/airflow/example_dags/example_task_group_decorator.py took 0.517 seconds
[2026-04-29T00:59:59.384+0000] {processor.py:161} INFO - Started process (PID=289) to work on /home/airflow/.local/lib/python3.12/site-packages/airflow/example_dags/example_task_group_decorator.py
[2026-04-29T00:59:59.385+0000] {processor.py:830} INFO - Processing file /home/airflow/.local/lib/python3.12/site-packages/airflow/example_dags/example_task_group_decorator.py for tasks to queue
[2026-04-29T00:59:59.387+0000] {logging_mixin.py:188} INFO - [2026-04-29T00:59:59.387+0000] {dagbag.py:540} INFO - Filling up the DagBag from /home/airflow/.local/lib/python3.12/site-packages/airflow/example_dags/example_task_group_decorator.py
[2026-04-29T00:59:59.410+0000] {processor.py:840} INFO - DAG(s) 'example_task_group_decorator' retrieved from /home/airflow/.local/lib/python3.12/site-packages/airflow/example_dags/example_task_group_decorator.py
[2026-04-29T00:59:59.443+0000] {logging_mixin.py:188} INFO - [2026-04-29T00:59:59.442+0000] {dag.py:3096} INFO - Sync 1 DAGs
[2026-04-29T00:59:59.471+0000] {logging_mixin.py:188} INFO - [2026-04-29T00:59:59.471+0000] {dag.py:3954} INFO - Setting next_dagrun for example_task_group_decorator to 2026-04-28 00:00:00+00:00, run_after=2026-04-29 00:00:00+00:00
[2026-04-29T00:59:59.493+0000] {processor.py:183} INFO - Processing /home/airflow/.local/lib/python3.12/site-packages/airflow/example_dags/example_task_group_decorator.py took 0.116 seconds
[2026-04-29T01:00:31.154+0000] {processor.py:161} INFO - Started process (PID=350) to work on /home/airflow/.local/lib/python3.12/site-packages/airflow/example_dags/example_task_group_decorator.py
[2026-04-29T01:00:31.159+0000] {processor.py:830} INFO - Processing file /home/airflow/.local/lib/python3.12/site-packages/airflow/example_dags/example_task_group_decorator.py for tasks to queue
[2026-04-29T01:00:31.161+0000] {logging_mixin.py:188} INFO - [2026-04-29T01:00:31.161+0000] {dagbag.py:540} INFO - Filling up the DagBag from /home/airflow/.local/lib/python3.12/site-packages/airflow/example_dags/example_task_group_decorator.py
[2026-04-29T01:00:31.357+0000] {processor.py:840} INFO - DAG(s) 'example_task_group_decorator' retrieved from /home/airflow/.local/lib/python3.12/site-packages/airflow/example_dags/example_task_group_decorator.py
[2026-04-29T01:00:31.864+0000] {logging_mixin.py:188} INFO - [2026-04-29T01:00:31.863+0000] {dag.py:3096} INFO - Sync 1 DAGs
[2026-04-29T01:00:32.051+0000] {logging_mixin.py:188} INFO - [2026-04-29T01:00:32.050+0000] {dag.py:3954} INFO - Setting next_dagrun for example_task_group_decorator to 2026-04-28 00:00:00+00:00, run_after=2026-04-29 00:00:00+00:00
[2026-04-29T01:00:32.407+0000] {processor.py:183} INFO - Processing /home/airflow/.local/lib/python3.12/site-packages/airflow/example_dags/example_task_group_decorator.py took 1.286 seconds
[2026-04-29T01:01:03.091+0000] {processor.py:161} INFO - Started process (PID=410) to work on /home/airflow/.local/lib/python3.12/site-packages/airflow/example_dags/example_task_group_decorator.py
[2026-04-29T01:01:03.095+0000] {processor.py:830} INFO - Processing file /home/airflow/.local/lib/python3.12/site-packages/airflow/example_dags/example_task_group_decorator.py for tasks to queue
[2026-04-29T01:01:03.098+0000] {logging_mixin.py:188} INFO - [2026-04-29T01:01:03.097+0000] {dagbag.py:540} INFO - Filling up the DagBag from /home/airflow/.local/lib/python3.12/site-packages/airflow/example_dags/example_task_group_decorator.py
[2026-04-29T01:01:03.131+0000] {processor.py:840} INFO - DAG(s) 'example_task_group_decorator' retrieved from /home/airflow/.local/lib/python3.12/site-packages/airflow/example_dags/example_task_group_decorator.py
[2026-04-29T01:01:03.219+0000] {logging_mixin.py:188} INFO - [2026-04-29T01:01:03.218+0000] {dag.py:3096} INFO - Sync 1 DAGs
[2026-04-29T01:01:03.317+0000] {logging_mixin.py:188} INFO - [2026-04-29T01:01:03.317+0000] {dag.py:3954} INFO - Setting next_dagrun for example_task_group_decorator to 2026-04-28 00:00:00+00:00, run_after=2026-04-29 00:00:00+00:00
[2026-04-29T01:01:03.471+0000] {processor.py:183} INFO - Processing /home/airflow/.local/lib/python3.12/site-packages/airflow/example_dags/example_task_group_decorator.py took 0.396 seconds
[2026-04-29T01:01:33.753+0000] {processor.py:161} INFO - Started process (PID=469) to work on /home/airflow/.local/lib/python3.12/site-packages/airflow/example_dags/example_task_group_decorator.py
[2026-04-29T01:01:33.769+0000] {processor.py:830} INFO - Processing file /home/airflow/.local/lib/python3.12/site-packages/airflow/example_dags/example_task_group_decorator.py for tasks to queue
[2026-04-29T01:01:33.793+0000] {logging_mixin.py:188} INFO - [2026-04-29T01:01:33.793+0000] {dagbag.py:540} INFO - Filling up the DagBag from /home/airflow/.local/lib/python3.12/site-packages/airflow/example_dags/example_task_group_decorator.py
[2026-04-29T01:01:33.843+0000] {processor.py:840} INFO - DAG(s) 'example_task_group_decorator' retrieved from /home/airflow/.local/lib/python3.12/site-packages/airflow/example_dags/example_task_group_decorator.py
[2026-04-29T01:01:33.967+0000] {logging_mixin.py:188} INFO - [2026-04-29T01:01:33.965+0000] {dag.py:3096} INFO - Sync 1 DAGs
[2026-04-29T01:01:34.034+0000] {logging_mixin.py:188} INFO - [2026-04-29T01:01:34.033+0000] {dag.py:3954} INFO - Setting next_dagrun for example_task_group_decorator to 2026-04-28 00:00:00+00:00, run_after=2026-04-29 00:00:00+00:00
[2026-04-29T01:01:34.077+0000] {processor.py:183} INFO - Processing /home/airflow/.local/lib/python3.12/site-packages/airflow/example_dags/example_task_group_decorator.py took 0.431 seconds
[2026-04-29T01:02:04.347+0000] {processor.py:161} INFO - Started process (PID=528) to work on /home/airflow/.local/lib/python3.12/site-packages/airflow/example_dags/example_task_group_decorator.py
[2026-04-29T01:02:04.352+0000] {processor.py:830} INFO - Processing file /home/airflow/.local/lib/python3.12/site-packages/airflow/example_dags/example_task_group_decorator.py for tasks to queue
[2026-04-29T01:02:04.358+0000] {logging_mixin.py:188} INFO - [2026-04-29T01:02:04.357+0000] {dagbag.py:540} INFO - Filling up the DagBag from /home/airflow/.local/lib/python3.12/site-packages/airflow/example_dags/example_task_group_decorator.py
[2026-04-29T01:02:04.402+0000] {processor.py:840} INFO - DAG(s) 'example_task_group_decorator' retrieved from /home/airflow/.local/lib/python3.12/site-packages/airflow/example_dags/example_task_group_decorator.py
[2026-04-29T01:02:04.461+0000] {logging_mixin.py:188} INFO - [2026-04-29T01:02:04.460+0000] {dag.py:3096} INFO - Sync 1 DAGs
[2026-04-29T01:02:04.498+0000] {logging_mixin.py:188} INFO - [2026-04-29T01:02:04.497+0000] {dag.py:3954} INFO - Setting next_dagrun for example_task_group_decorator to 2026-04-28 00:00:00+00:00, run_after=2026-04-29 00:00:00+00:00
[2026-04-29T01:02:04.540+0000] {processor.py:183} INFO - Processing /home/airflow/.local/lib/python3.12/site-packages/airflow/example_dags/example_task_group_decorator.py took 0.209 seconds
[2026-04-29T01:02:34.999+0000] {processor.py:161} INFO - Started process (PID=587) to work on /home/airflow/.local/lib/python3.12/site-packages/airflow/example_dags/example_task_group_decorator.py
[2026-04-29T01:02:35.001+0000] {processor.py:830} INFO - Processing file /home/airflow/.local/lib/python3.12/site-packages/airflow/example_dags/example_task_group_decorator.py for tasks to queue
[2026-04-29T01:02:35.003+0000] {logging_mixin.py:188} INFO - [2026-04-29T01:02:35.003+0000] {dagbag.py:540} INFO - Filling up the DagBag from /home/airflow/.local/lib/python3.12/site-packages/airflow/example_dags/example_task_group_decorator.py
[2026-04-29T01:02:35.021+0000] {processor.py:840} INFO - DAG(s) 'example_task_group_decorator' retrieved from /home/airflow/.local/lib/python3.12/site-packages/airflow/example_dags/example_task_group_decorator.py
[2026-04-29T01:02:35.057+0000] {logging_mixin.py:188} INFO - [2026-04-29T01:02:35.057+0000] {dag.py:3096} INFO - Sync 1 DAGs
[2026-04-29T01:02:35.088+0000] {logging_mixin.py:188} INFO - [2026-04-29T01:02:35.088+0000] {dag.py:3954} INFO - Setting next_dagrun for example_task_group_decorator to 2026-04-28 00:00:00+00:00, run_after=2026-04-29 00:00:00+00:00
[2026-04-29T01:02:35.111+0000] {processor.py:183} INFO - Processing /home/airflow/.local/lib/python3.12/site-packages/airflow/example_dags/example_task_group_decorator.py took 0.118 seconds
[2026-04-29T01:03:06.045+0000] {processor.py:161} INFO - Started process (PID=648) to work on /home/airflow/.local/lib/python3.12/site-packages/airflow/example_dags/example_task_group_decorator.py
[2026-04-29T01:03:06.050+0000] {processor.py:830} INFO - Processing file /home/airflow/.local/lib/python3.12/site-packages/airflow/example_dags/example_task_group_decorator.py for tasks to queue
[2026-04-29T01:03:06.059+0000] {logging_mixin.py:188} INFO - [2026-04-29T01:03:06.057+0000] {dagbag.py:540} INFO - Filling up the DagBag from /home/airflow/.local/lib/python3.12/site-packages/airflow/example_dags/example_task_group_decorator.py
[2026-04-29T01:03:06.116+0000] {processor.py:840} INFO - DAG(s) 'example_task_group_decorator' retrieved from /home/airflow/.local/lib/python3.12/site-packages/airflow/example_dags/example_task_group_decorator.py
[2026-04-29T01:03:06.211+0000] {logging_mixin.py:188} INFO - [2026-04-29T01:03:06.210+0000] {dag.py:3096} INFO - Sync 1 DAGs
[2026-04-29T01:03:06.305+0000] {logging_mixin.py:188} INFO - [2026-04-29T01:03:06.305+0000] {dag.py:3954} INFO - Setting next_dagrun for example_task_group_decorator to 2026-04-28 00:00:00+00:00, run_after=2026-04-29 00:00:00+00:00
[2026-04-29T01:03:06.386+0000] {processor.py:183} INFO - Processing /home/airflow/.local/lib/python3.12/site-packages/airflow/example_dags/example_task_group_decorator.py took 0.361 seconds
[2026-04-29T01:03:36.800+0000] {processor.py:161} INFO - Started process (PID=708) to work on /home/airflow/.local/lib/python3.12/site-packages/airflow/example_dags/example_task_group_decorator.py
[2026-04-29T01:03:36.801+0000] {processor.py:830} INFO - Processing file /home/airflow/.local/lib/python3.12/site-packages/airflow/example_dags/example_task_group_decorator.py for tasks to queue
[2026-04-29T01:03:36.803+0000] {logging_mixin.py:188} INFO - [2026-04-29T01:03:36.803+0000] {dagbag.py:540} INFO - Filling up the DagBag from /home/airflow/.local/lib/python3.12/site-packages/airflow/example_dags/example_task_group_decorator.py
[2026-04-29T01:03:36.822+0000] {processor.py:840} INFO - DAG(s) 'example_task_group_decorator' retrieved from /home/airflow/.local/lib/python3.12/site-packages/airflow/example_dags/example_task_group_decorator.py
[2026-04-29T01:03:36.861+0000] {logging_mixin.py:188} INFO - [2026-04-29T01:03:36.861+0000] {dag.py:3096} INFO - Sync 1 DAGs
[2026-04-29T01:03:36.891+0000] {logging_mixin.py:188} INFO - [2026-04-29T01:03:36.891+0000] {dag.py:3954} INFO - Setting next_dagrun for example_task_group_decorator to 2026-04-28 00:00:00+00:00, run_after=2026-04-29 00:00:00+00:00
[2026-04-29T01:03:36.912+0000] {processor.py:183} INFO - Processing /home/airflow/.local/lib/python3.12/site-packages/airflow/example_dags/example_task_group_decorator.py took 0.119 seconds
[2026-04-29T01:04:07.382+0000] {processor.py:161} INFO - Started process (PID=768) to work on /home/airflow/.local/lib/python3.12/site-packages/airflow/example_dags/example_task_group_decorator.py
[2026-04-29T01:04:07.383+0000] {processor.py:830} INFO - Processing file /home/airflow/.local/lib/python3.12/site-packages/airflow/example_dags/example_task_group_decorator.py for tasks to queue
[2026-04-29T01:04:07.394+0000] {logging_mixin.py:188} INFO - [2026-04-29T01:04:07.393+0000] {dagbag.py:540} INFO - Filling up the DagBag from /home/airflow/.local/lib/python3.12/site-packages/airflow/example_dags/example_task_group_decorator.py
[2026-04-29T01:04:07.452+0000] {processor.py:840} INFO - DAG(s) 'example_task_group_decorator' retrieved from /home/airflow/.local/lib/python3.12/site-packages/airflow/example_dags/example_task_group_decorator.py
[2026-04-29T01:04:07.572+0000] {logging_mixin.py:188} INFO - [2026-04-29T01:04:07.572+0000] {dag.py:3096} INFO - Sync 1 DAGs
[2026-04-29T01:04:07.655+0000] {logging_mixin.py:188} INFO - [2026-04-29T01:04:07.655+0000] {dag.py:3954} INFO - Setting next_dagrun for example_task_group_decorator to 2026-04-28 00:00:00+00:00, run_after=2026-04-29 00:00:00+00:00
[2026-04-29T01:04:07.695+0000] {processor.py:183} INFO - Processing /home/airflow/.local/lib/python3.12/site-packages/airflow/example_dags/example_task_group_decorator.py took 0.334 seconds
[2026-04-29T01:04:37.854+0000] {processor.py:161} INFO - Started process (PID=829) to work on /home/airflow/.local/lib/python3.12/site-packages/airflow/example_dags/example_task_group_decorator.py
[2026-04-29T01:04:37.855+0000] {processor.py:830} INFO - Processing file /home/airflow/.local/lib/python3.12/site-packages/airflow/example_dags/example_task_group_decorator.py for tasks to queue
[2026-04-29T01:04:37.857+0000] {logging_mixin.py:188} INFO - [2026-04-29T01:04:37.857+0000] {dagbag.py:540} INFO - Filling up the DagBag from /home/airflow/.local/lib/python3.12/site-packages/airflow/example_dags/example_task_group_decorator.py
[2026-04-29T01:04:37.876+0000] {processor.py:840} INFO - DAG(s) 'example_task_group_decorator' retrieved from /home/airflow/.local/lib/python3.12/site-packages/airflow/example_dags/example_task_group_decorator.py
[2026-04-29T01:04:37.910+0000] {logging_mixin.py:188} INFO - [2026-04-29T01:04:37.910+0000] {dag.py:3096} INFO - Sync 1 DAGs
[2026-04-29T01:04:37.935+0000] {logging_mixin.py:188} INFO - [2026-04-29T01:04:37.935+0000] {dag.py:3954} INFO - Setting next_dagrun for example_task_group_decorator to 2026-04-28 00:00:00+00:00, run_after=2026-04-29 00:00:00+00:00
[2026-04-29T01:04:37.955+0000] {processor.py:183} INFO - Processing /home/airflow/.local/lib/python3.12/site-packages/airflow/example_dags/example_task_group_decorator.py took 0.108 seconds
[2026-04-29T01:05:09.164+0000] {processor.py:161} INFO - Started process (PID=891) to work on /home/airflow/.local/lib/python3.12/site-packages/airflow/example_dags/example_task_group_decorator.py
[2026-04-29T01:05:09.172+0000] {processor.py:830} INFO - Processing file /home/airflow/.local/lib/python3.12/site-packages/airflow/example_dags/example_task_group_decorator.py for tasks to queue
[2026-04-29T01:05:09.181+0000] {logging_mixin.py:188} INFO - [2026-04-29T01:05:09.178+0000] {dagbag.py:540} INFO - Filling up the DagBag from /home/airflow/.local/lib/python3.12/site-packages/airflow/example_dags/example_task_group_decorator.py
[2026-04-29T01:05:09.273+0000] {processor.py:840} INFO - DAG(s) 'example_task_group_decorator' retrieved from /home/airflow/.local/lib/python3.12/site-packages/airflow/example_dags/example_task_group_decorator.py
[2026-04-29T01:05:09.602+0000] {logging_mixin.py:188} INFO - [2026-04-29T01:05:09.602+0000] {dag.py:3096} INFO - Sync 1 DAGs
[2026-04-29T01:05:09.854+0000] {logging_mixin.py:188} INFO - [2026-04-29T01:05:09.848+0000] {dag.py:3954} INFO - Setting next_dagrun for example_task_group_decorator to 2026-04-28 00:00:00+00:00, run_after=2026-04-29 00:00:00+00:00
[2026-04-29T01:05:10.009+0000] {processor.py:183} INFO - Processing /home/airflow/.local/lib/python3.12/site-packages/airflow/example_dags/example_task_group_decorator.py took 0.898 seconds
[2026-04-29T01:05:40.680+0000] {processor.py:161} INFO - Started process (PID=951) to work on /home/airflow/.local/lib/python3.12/site-packages/airflow/example_dags/example_task_group_decorator.py
[2026-04-29T01:05:40.685+0000] {processor.py:830} INFO - Processing file /home/airflow/.local/lib/python3.12/site-packages/airflow/example_dags/example_task_group_decorator.py for tasks to queue
[2026-04-29T01:05:40.691+0000] {logging_mixin.py:188} INFO - [2026-04-29T01:05:40.691+0000] {dagbag.py:540} INFO - Filling up the DagBag from /home/airflow/.local/lib/python3.12/site-packages/airflow/example_dags/example_task_group_decorator.py
[2026-04-29T01:05:40.784+0000] {processor.py:840} INFO - DAG(s) 'example_task_group_decorator' retrieved from /home/airflow/.local/lib/python3.12/site-packages/airflow/example_dags/example_task_group_decorator.py
[2026-04-29T01:05:40.934+0000] {logging_mixin.py:188} INFO - [2026-04-29T01:05:40.934+0000] {dag.py:3096} INFO - Sync 1 DAGs
[2026-04-29T01:05:41.003+0000] {logging_mixin.py:188} INFO - [2026-04-29T01:05:41.003+0000] {dag.py:3954} INFO - Setting next_dagrun for example_task_group_decorator to 2026-04-28 00:00:00+00:00, run_after=2026-04-29 00:00:00+00:00
[2026-04-29T01:05:41.475+0000] {processor.py:183} INFO - Processing /home/airflow/.local/lib/python3.12/site-packages/airflow/example_dags/example_task_group_decorator.py took 0.816 seconds
[2026-04-29T01:06:11.925+0000] {processor.py:161} INFO - Started process (PID=1011) to work on /home/airflow/.local/lib/python3.12/site-packages/airflow/example_dags/example_task_group_decorator.py
[2026-04-29T01:06:11.962+0000] {processor.py:830} INFO - Processing file /home/airflow/.local/lib/python3.12/site-packages/airflow/example_dags/example_task_group_decorator.py for tasks to queue
[2026-04-29T01:06:11.965+0000] {logging_mixin.py:188} INFO - [2026-04-29T01:06:11.965+0000] {dagbag.py:540} INFO - Filling up the DagBag from /home/airflow/.local/lib/python3.12/site-packages/airflow/example_dags/example_task_group_decorator.py
[2026-04-29T01:06:12.048+0000] {processor.py:840} INFO - DAG(s) 'example_task_group_decorator' retrieved from /home/airflow/.local/lib/python3.12/site-packages/airflow/example_dags/example_task_group_decorator.py
[2026-04-29T01:06:12.127+0000] {logging_mixin.py:188} INFO - [2026-04-29T01:06:12.127+0000] {dag.py:3096} INFO - Sync 1 DAGs
[2026-04-29T01:06:12.206+0000] {logging_mixin.py:188} INFO - [2026-04-29T01:06:12.205+0000] {dag.py:3954} INFO - Setting next_dagrun for example_task_group_decorator to 2026-04-28 00:00:00+00:00, run_after=2026-04-29 00:00:00+00:00
[2026-04-29T01:06:12.273+0000] {processor.py:183} INFO - Processing /home/airflow/.local/lib/python3.12/site-packages/airflow/example_dags/example_task_group_decorator.py took 0.355 seconds
[2026-04-29T01:06:42.657+0000] {processor.py:161} INFO - Started process (PID=1071) to work on /home/airflow/.local/lib/python3.12/site-packages/airflow/example_dags/example_task_group_decorator.py
[2026-04-29T01:06:42.662+0000] {processor.py:830} INFO - Processing file /home/airflow/.local/lib/python3.12/site-packages/airflow/example_dags/example_task_group_decorator.py for tasks to queue
[2026-04-29T01:06:42.672+0000] {logging_mixin.py:188} INFO - [2026-04-29T01:06:42.668+0000] {dagbag.py:540} INFO - Filling up the DagBag from /home/airflow/.local/lib/python3.12/site-packages/airflow/example_dags/example_task_group_decorator.py
[2026-04-29T01:06:42.719+0000] {processor.py:840} INFO - DAG(s) 'example_task_group_decorator' retrieved from /home/airflow/.local/lib/python3.12/site-packages/airflow/example_dags/example_task_group_decorator.py
[2026-04-29T01:06:42.810+0000] {logging_mixin.py:188} INFO - [2026-04-29T01:06:42.806+0000] {dag.py:3096} INFO - Sync 1 DAGs
[2026-04-29T01:06:42.953+0000] {logging_mixin.py:188} INFO - [2026-04-29T01:06:42.953+0000] {dag.py:3954} INFO - Setting next_dagrun for example_task_group_decorator to 2026-04-28 00:00:00+00:00, run_after=2026-04-29 00:00:00+00:00
[2026-04-29T01:06:43.038+0000] {processor.py:183} INFO - Processing /home/airflow/.local/lib/python3.12/site-packages/airflow/example_dags/example_task_group_decorator.py took 0.402 seconds
[2026-04-29T01:07:13.699+0000] {processor.py:161} INFO - Started process (PID=1131) to work on /home/airflow/.local/lib/python3.12/site-packages/airflow/example_dags/example_task_group_decorator.py
[2026-04-29T01:07:13.700+0000] {processor.py:830} INFO - Processing file /home/airflow/.local/lib/python3.12/site-packages/airflow/example_dags/example_task_group_decorator.py for tasks to queue
[2026-04-29T01:07:13.702+0000] {logging_mixin.py:188} INFO - [2026-04-29T01:07:13.702+0000] {dagbag.py:540} INFO - Filling up the DagBag from /home/airflow/.local/lib/python3.12/site-packages/airflow/example_dags/example_task_group_decorator.py
[2026-04-29T01:07:13.721+0000] {processor.py:840} INFO - DAG(s) 'example_task_group_decorator' retrieved from /home/airflow/.local/lib/python3.12/site-packages/airflow/example_dags/example_task_group_decorator.py
[2026-04-29T01:07:13.940+0000] {logging_mixin.py:188} INFO - [2026-04-29T01:07:13.940+0000] {dag.py:3096} INFO - Sync 1 DAGs
[2026-04-29T01:07:13.964+0000] {logging_mixin.py:188} INFO - [2026-04-29T01:07:13.963+0000] {dag.py:3954} INFO - Setting next_dagrun for example_task_group_decorator to 2026-04-28 00:00:00+00:00, run_after=2026-04-29 00:00:00+00:00
[2026-04-29T01:07:13.981+0000] {processor.py:183} INFO - Processing /home/airflow/.local/lib/python3.12/site-packages/airflow/example_dags/example_task_group_decorator.py took 0.289 seconds
[2026-04-29T01:07:45.926+0000] {processor.py:161} INFO - Started process (PID=1190) to work on /home/airflow/.local/lib/python3.12/site-packages/airflow/example_dags/example_task_group_decorator.py
[2026-04-29T01:07:45.927+0000] {processor.py:830} INFO - Processing file /home/airflow/.local/lib/python3.12/site-packages/airflow/example_dags/example_task_group_decorator.py for tasks to queue
[2026-04-29T01:07:45.931+0000] {logging_mixin.py:188} INFO - [2026-04-29T01:07:45.931+0000] {dagbag.py:540} INFO - Filling up the DagBag from /home/airflow/.local/lib/python3.12/site-packages/airflow/example_dags/example_task_group_decorator.py
[2026-04-29T01:07:45.965+0000] {processor.py:840} INFO - DAG(s) 'example_task_group_decorator' retrieved from /home/airflow/.local/lib/python3.12/site-packages/airflow/example_dags/example_task_group_decorator.py
[2026-04-29T01:07:46.032+0000] {logging_mixin.py:188} INFO - [2026-04-29T01:07:46.031+0000] {dag.py:3096} INFO - Sync 1 DAGs
[2026-04-29T01:07:46.428+0000] {logging_mixin.py:188} INFO - [2026-04-29T01:07:46.427+0000] {dag.py:3954} INFO - Setting next_dagrun for example_task_group_decorator to 2026-04-28 00:00:00+00:00, run_after=2026-04-29 00:00:00+00:00
[2026-04-29T01:07:46.446+0000] {processor.py:183} INFO - Processing /home/airflow/.local/lib/python3.12/site-packages/airflow/example_dags/example_task_group_decorator.py took 0.537 seconds
[2026-04-29T01:08:17.144+0000] {processor.py:161} INFO - Started process (PID=1250) to work on /home/airflow/.local/lib/python3.12/site-packages/airflow/example_dags/example_task_group_decorator.py
[2026-04-29T01:08:17.149+0000] {processor.py:830} INFO - Processing file /home/airflow/.local/lib/python3.12/site-packages/airflow/example_dags/example_task_group_decorator.py for tasks to queue
[2026-04-29T01:08:17.156+0000] {logging_mixin.py:188} INFO - [2026-04-29T01:08:17.155+0000] {dagbag.py:540} INFO - Filling up the DagBag from /home/airflow/.local/lib/python3.12/site-packages/airflow/example_dags/example_task_group_decorator.py
[2026-04-29T01:08:17.213+0000] {processor.py:840} INFO - DAG(s) 'example_task_group_decorator' retrieved from /home/airflow/.local/lib/python3.12/site-packages/airflow/example_dags/example_task_group_decorator.py
[2026-04-29T01:08:17.265+0000] {logging_mixin.py:188} INFO - [2026-04-29T01:08:17.264+0000] {dag.py:3096} INFO - Sync 1 DAGs
[2026-04-29T01:08:17.293+0000] {logging_mixin.py:188} INFO - [2026-04-29T01:08:17.293+0000] {dag.py:3954} INFO - Setting next_dagrun for example_task_group_decorator to 2026-04-28 00:00:00+00:00, run_after=2026-04-29 00:00:00+00:00
[2026-04-29T01:08:17.315+0000] {processor.py:183} INFO - Processing /home/airflow/.local/lib/python3.12/site-packages/airflow/example_dags/example_task_group_decorator.py took 0.197 seconds
[2026-04-29T01:08:49.325+0000] {processor.py:161} INFO - Started process (PID=1310) to work on /home/airflow/.local/lib/python3.12/site-packages/airflow/example_dags/example_task_group_decorator.py
[2026-04-29T01:08:49.327+0000] {processor.py:830} INFO - Processing file /home/airflow/.local/lib/python3.12/site-packages/airflow/example_dags/example_task_group_decorator.py for tasks to queue
[2026-04-29T01:08:49.330+0000] {logging_mixin.py:188} INFO - [2026-04-29T01:08:49.329+0000] {dagbag.py:540} INFO - Filling up the DagBag from /home/airflow/.local/lib/python3.12/site-packages/airflow/example_dags/example_task_group_decorator.py
[2026-04-29T01:08:49.359+0000] {processor.py:840} INFO - DAG(s) 'example_task_group_decorator' retrieved from /home/airflow/.local/lib/python3.12/site-packages/airflow/example_dags/example_task_group_decorator.py
[2026-04-29T01:08:49.518+0000] {logging_mixin.py:188} INFO - [2026-04-29T01:08:49.517+0000] {dag.py:3096} INFO - Sync 1 DAGs
[2026-04-29T01:08:49.571+0000] {logging_mixin.py:188} INFO - [2026-04-29T01:08:49.571+0000] {dag.py:3954} INFO - Setting next_dagrun for example_task_group_decorator to 2026-04-28 00:00:00+00:00, run_after=2026-04-29 00:00:00+00:00
[2026-04-29T01:08:49.696+0000] {processor.py:183} INFO - Processing /home/airflow/.local/lib/python3.12/site-packages/airflow/example_dags/example_task_group_decorator.py took 0.380 seconds
[2026-04-29T01:09:20.411+0000] {processor.py:161} INFO - Started process (PID=1370) to work on /home/airflow/.local/lib/python3.12/site-packages/airflow/example_dags/example_task_group_decorator.py
[2026-04-29T01:09:20.413+0000] {processor.py:830} INFO - Processing file /home/airflow/.local/lib/python3.12/site-packages/airflow/example_dags/example_task_group_decorator.py for tasks to queue
[2026-04-29T01:09:20.415+0000] {logging_mixin.py:188} INFO - [2026-04-29T01:09:20.414+0000] {dagbag.py:540} INFO - Filling up the DagBag from /home/airflow/.local/lib/python3.12/site-packages/airflow/example_dags/example_task_group_decorator.py
[2026-04-29T01:09:20.496+0000] {processor.py:840} INFO - DAG(s) 'example_task_group_decorator' retrieved from /home/airflow/.local/lib/python3.12/site-packages/airflow/example_dags/example_task_group_decorator.py
[2026-04-29T01:09:20.577+0000] {logging_mixin.py:188} INFO - [2026-04-29T01:09:20.576+0000] {dag.py:3096} INFO - Sync 1 DAGs
[2026-04-29T01:09:20.621+0000] {logging_mixin.py:188} INFO - [2026-04-29T01:09:20.621+0000] {dag.py:3954} INFO - Setting next_dagrun for example_task_group_decorator to 2026-04-28 00:00:00+00:00, run_after=2026-04-29 00:00:00+00:00
[2026-04-29T01:09:20.683+0000] {processor.py:183} INFO - Processing /home/airflow/.local/lib/python3.12/site-packages/airflow/example_dags/example_task_group_decorator.py took 0.284 seconds
[2026-04-29T01:09:51.658+0000] {processor.py:161} INFO - Started process (PID=1430) to work on /home/airflow/.local/lib/python3.12/site-packages/airflow/example_dags/example_task_group_decorator.py
[2026-04-29T01:09:51.662+0000] {processor.py:830} INFO - Processing file /home/airflow/.local/lib/python3.12/site-packages/airflow/example_dags/example_task_group_decorator.py for tasks to queue
[2026-04-29T01:09:51.665+0000] {logging_mixin.py:188} INFO - [2026-04-29T01:09:51.663+0000] {dagbag.py:540} INFO - Filling up the DagBag from /home/airflow/.local/lib/python3.12/site-packages/airflow/example_dags/example_task_group_decorator.py
[2026-04-29T01:09:51.694+0000] {processor.py:840} INFO - DAG(s) 'example_task_group_decorator' retrieved from /home/airflow/.local/lib/python3.12/site-packages/airflow/example_dags/example_task_group_decorator.py
[2026-04-29T01:09:51.756+0000] {logging_mixin.py:188} INFO - [2026-04-29T01:09:51.756+0000] {dag.py:3096} INFO - Sync 1 DAGs
[2026-04-29T01:09:51.806+0000] {logging_mixin.py:188} INFO - [2026-04-29T01:09:51.806+0000] {dag.py:3954} INFO - Setting next_dagrun for example_task_group_decorator to 2026-04-28 00:00:00+00:00, run_after=2026-04-29 00:00:00+00:00
[2026-04-29T01:09:51.826+0000] {processor.py:183} INFO - Processing /home/airflow/.local/lib/python3.12/site-packages/airflow/example_dags/example_task_group_decorator.py took 0.175 seconds
[2026-04-29T01:10:22.506+0000] {processor.py:161} INFO - Started process (PID=1490) to work on /home/airflow/.local/lib/python3.12/site-packages/airflow/example_dags/example_task_group_decorator.py
[2026-04-29T01:10:22.508+0000] {processor.py:830} INFO - Processing file /home/airflow/.local/lib/python3.12/site-packages/airflow/example_dags/example_task_group_decorator.py for tasks to queue
[2026-04-29T01:10:22.511+0000] {logging_mixin.py:188} INFO - [2026-04-29T01:10:22.510+0000] {dagbag.py:540} INFO - Filling up the DagBag from /home/airflow/.local/lib/python3.12/site-packages/airflow/example_dags/example_task_group_decorator.py
[2026-04-29T01:10:22.534+0000] {processor.py:840} INFO - DAG(s) 'example_task_group_decorator' retrieved from /home/airflow/.local/lib/python3.12/site-packages/airflow/example_dags/example_task_group_decorator.py
[2026-04-29T01:10:22.617+0000] {logging_mixin.py:188} INFO - [2026-04-29T01:10:22.616+0000] {dag.py:3096} INFO - Sync 1 DAGs
[2026-04-29T01:10:22.702+0000] {logging_mixin.py:188} INFO - [2026-04-29T01:10:22.698+0000] {dag.py:3954} INFO - Setting next_dagrun for example_task_group_decorator to 2026-04-28 00:00:00+00:00, run_after=2026-04-29 00:00:00+00:00
[2026-04-29T01:10:22.740+0000] {processor.py:183} INFO - Processing /home/airflow/.local/lib/python3.12/site-packages/airflow/example_dags/example_task_group_decorator.py took 0.241 seconds
[2026-04-29T01:10:53.361+0000] {processor.py:161} INFO - Started process (PID=1550) to work on /home/airflow/.local/lib/python3.12/site-packages/airflow/example_dags/example_task_group_decorator.py
[2026-04-29T01:10:53.362+0000] {processor.py:830} INFO - Processing file /home/airflow/.local/lib/python3.12/site-packages/airflow/example_dags/example_task_group_decorator.py for tasks to queue
[2026-04-29T01:10:53.368+0000] {logging_mixin.py:188} INFO - [2026-04-29T01:10:53.367+0000] {dagbag.py:540} INFO - Filling up the DagBag from /home/airflow/.local/lib/python3.12/site-packages/airflow/example_dags/example_task_group_decorator.py
[2026-04-29T01:10:53.399+0000] {processor.py:840} INFO - DAG(s) 'example_task_group_decorator' retrieved from /home/airflow/.local/lib/python3.12/site-packages/airflow/example_dags/example_task_group_decorator.py
[2026-04-29T01:10:53.460+0000] {logging_mixin.py:188} INFO - [2026-04-29T01:10:53.460+0000] {dag.py:3096} INFO - Sync 1 DAGs
[2026-04-29T01:10:53.534+0000] {logging_mixin.py:188} INFO - [2026-04-29T01:10:53.534+0000] {dag.py:3954} INFO - Setting next_dagrun for example_task_group_decorator to 2026-04-28 00:00:00+00:00, run_after=2026-04-29 00:00:00+00:00
[2026-04-29T01:10:53.574+0000] {processor.py:183} INFO - Processing /home/airflow/.local/lib/python3.12/site-packages/airflow/example_dags/example_task_group_decorator.py took 0.228 seconds
[2026-04-29T01:11:23.656+0000] {processor.py:161} INFO - Started process (PID=1609) to work on /home/airflow/.local/lib/python3.12/site-packages/airflow/example_dags/example_task_group_decorator.py
[2026-04-29T01:11:23.659+0000] {processor.py:830} INFO - Processing file /home/airflow/.local/lib/python3.12/site-packages/airflow/example_dags/example_task_group_decorator.py for tasks to queue
[2026-04-29T01:11:23.669+0000] {logging_mixin.py:188} INFO - [2026-04-29T01:11:23.668+0000] {dagbag.py:540} INFO - Filling up the DagBag from /home/airflow/.local/lib/python3.12/site-packages/airflow/example_dags/example_task_group_decorator.py
[2026-04-29T01:11:23.689+0000] {processor.py:840} INFO - DAG(s) 'example_task_group_decorator' retrieved from /home/airflow/.local/lib/python3.12/site-packages/airflow/example_dags/example_task_group_decorator.py
[2026-04-29T01:11:23.732+0000] {logging_mixin.py:188} INFO - [2026-04-29T01:11:23.732+0000] {dag.py:3096} INFO - Sync 1 DAGs
[2026-04-29T01:11:23.772+0000] {logging_mixin.py:188} INFO - [2026-04-29T01:11:23.772+0000] {dag.py:3954} INFO - Setting next_dagrun for example_task_group_decorator to 2026-04-28 00:00:00+00:00, run_after=2026-04-29 00:00:00+00:00
[2026-04-29T01:11:23.802+0000] {processor.py:183} INFO - Processing /home/airflow/.local/lib/python3.12/site-packages/airflow/example_dags/example_task_group_decorator.py took 0.159 seconds
