[2026-04-29T00:54:54.969+0000] {processor.py:161} INFO - Started process (PID=74) to work on /home/airflow/.local/lib/python3.12/site-packages/airflow/example_dags/example_latest_only_with_trigger.py
[2026-04-29T00:54:54.979+0000] {processor.py:830} INFO - Processing file /home/airflow/.local/lib/python3.12/site-packages/airflow/example_dags/example_latest_only_with_trigger.py for tasks to queue
[2026-04-29T00:54:54.991+0000] {logging_mixin.py:188} INFO - [2026-04-29T00:54:54.990+0000] {dagbag.py:540} INFO - Filling up the DagBag from /home/airflow/.local/lib/python3.12/site-packages/airflow/example_dags/example_latest_only_with_trigger.py
[2026-04-29T00:54:55.041+0000] {processor.py:840} INFO - DAG(s) 'latest_only_with_trigger' retrieved from /home/airflow/.local/lib/python3.12/site-packages/airflow/example_dags/example_latest_only_with_trigger.py
[2026-04-29T00:54:55.223+0000] {logging_mixin.py:188} INFO - [2026-04-29T00:54:55.219+0000] {dag.py:3096} INFO - Sync 1 DAGs
[2026-04-29T00:54:55.370+0000] {logging_mixin.py:188} INFO - [2026-04-29T00:54:55.366+0000] {dag.py:3954} INFO - Setting next_dagrun for latest_only_with_trigger to 2026-04-28 20:00:00+00:00, run_after=2026-04-29 00:00:00+00:00
[2026-04-29T00:54:55.459+0000] {processor.py:183} INFO - Processing /home/airflow/.local/lib/python3.12/site-packages/airflow/example_dags/example_latest_only_with_trigger.py took 0.526 seconds
[2026-04-29T00:58:19.222+0000] {processor.py:161} INFO - Started process (PID=82) to work on /home/airflow/.local/lib/python3.12/site-packages/airflow/example_dags/example_latest_only_with_trigger.py
[2026-04-29T00:58:19.227+0000] {processor.py:830} INFO - Processing file /home/airflow/.local/lib/python3.12/site-packages/airflow/example_dags/example_latest_only_with_trigger.py for tasks to queue
[2026-04-29T00:58:19.232+0000] {logging_mixin.py:188} INFO - [2026-04-29T00:58:19.232+0000] {dagbag.py:540} INFO - Filling up the DagBag from /home/airflow/.local/lib/python3.12/site-packages/airflow/example_dags/example_latest_only_with_trigger.py
[2026-04-29T00:58:19.262+0000] {processor.py:840} INFO - DAG(s) 'latest_only_with_trigger' retrieved from /home/airflow/.local/lib/python3.12/site-packages/airflow/example_dags/example_latest_only_with_trigger.py
[2026-04-29T00:58:20.210+0000] {logging_mixin.py:188} INFO - [2026-04-29T00:58:20.209+0000] {override.py:1829} INFO - Created Permission View: can edit on DAG:latest_only_with_trigger
[2026-04-29T00:58:20.285+0000] {logging_mixin.py:188} INFO - [2026-04-29T00:58:20.285+0000] {override.py:1829} INFO - Created Permission View: can delete on DAG:latest_only_with_trigger
[2026-04-29T00:58:20.313+0000] {logging_mixin.py:188} INFO - [2026-04-29T00:58:20.313+0000] {override.py:1829} INFO - Created Permission View: can read on DAG:latest_only_with_trigger
[2026-04-29T00:58:20.314+0000] {logging_mixin.py:188} INFO - [2026-04-29T00:58:20.314+0000] {dag.py:3096} INFO - Sync 1 DAGs
[2026-04-29T00:58:20.346+0000] {logging_mixin.py:188} INFO - [2026-04-29T00:58:20.346+0000] {dag.py:3118} INFO - Creating ORM DAG for latest_only_with_trigger
[2026-04-29T00:58:20.390+0000] {logging_mixin.py:188} INFO - [2026-04-29T00:58:20.390+0000] {dag.py:3954} INFO - Setting next_dagrun for latest_only_with_trigger to 2026-04-28 20:00:00+00:00, run_after=2026-04-29 00:00:00+00:00
[2026-04-29T00:58:20.431+0000] {processor.py:183} INFO - Processing /home/airflow/.local/lib/python3.12/site-packages/airflow/example_dags/example_latest_only_with_trigger.py took 1.246 seconds
[2026-04-29T00:58:51.223+0000] {processor.py:161} INFO - Started process (PID=142) to work on /home/airflow/.local/lib/python3.12/site-packages/airflow/example_dags/example_latest_only_with_trigger.py
[2026-04-29T00:58:51.229+0000] {processor.py:830} INFO - Processing file /home/airflow/.local/lib/python3.12/site-packages/airflow/example_dags/example_latest_only_with_trigger.py for tasks to queue
[2026-04-29T00:58:51.247+0000] {logging_mixin.py:188} INFO - [2026-04-29T00:58:51.247+0000] {dagbag.py:540} INFO - Filling up the DagBag from /home/airflow/.local/lib/python3.12/site-packages/airflow/example_dags/example_latest_only_with_trigger.py
[2026-04-29T00:58:51.317+0000] {processor.py:840} INFO - DAG(s) 'latest_only_with_trigger' retrieved from /home/airflow/.local/lib/python3.12/site-packages/airflow/example_dags/example_latest_only_with_trigger.py
[2026-04-29T00:58:51.422+0000] {logging_mixin.py:188} INFO - [2026-04-29T00:58:51.420+0000] {dag.py:3096} INFO - Sync 1 DAGs
[2026-04-29T00:58:51.500+0000] {logging_mixin.py:188} INFO - [2026-04-29T00:58:51.500+0000] {dag.py:3954} INFO - Setting next_dagrun for latest_only_with_trigger to 2026-04-28 20:00:00+00:00, run_after=2026-04-29 00:00:00+00:00
[2026-04-29T00:58:51.568+0000] {processor.py:183} INFO - Processing /home/airflow/.local/lib/python3.12/site-packages/airflow/example_dags/example_latest_only_with_trigger.py took 0.385 seconds
[2026-04-29T00:59:22.562+0000] {processor.py:161} INFO - Started process (PID=202) to work on /home/airflow/.local/lib/python3.12/site-packages/airflow/example_dags/example_latest_only_with_trigger.py
[2026-04-29T00:59:22.563+0000] {processor.py:830} INFO - Processing file /home/airflow/.local/lib/python3.12/site-packages/airflow/example_dags/example_latest_only_with_trigger.py for tasks to queue
[2026-04-29T00:59:22.565+0000] {logging_mixin.py:188} INFO - [2026-04-29T00:59:22.565+0000] {dagbag.py:540} INFO - Filling up the DagBag from /home/airflow/.local/lib/python3.12/site-packages/airflow/example_dags/example_latest_only_with_trigger.py
[2026-04-29T00:59:22.572+0000] {processor.py:840} INFO - DAG(s) 'latest_only_with_trigger' retrieved from /home/airflow/.local/lib/python3.12/site-packages/airflow/example_dags/example_latest_only_with_trigger.py
[2026-04-29T00:59:22.602+0000] {logging_mixin.py:188} INFO - [2026-04-29T00:59:22.602+0000] {dag.py:3096} INFO - Sync 1 DAGs
[2026-04-29T00:59:22.629+0000] {logging_mixin.py:188} INFO - [2026-04-29T00:59:22.628+0000] {dag.py:3954} INFO - Setting next_dagrun for latest_only_with_trigger to 2026-04-28 20:00:00+00:00, run_after=2026-04-29 00:00:00+00:00
[2026-04-29T00:59:22.649+0000] {processor.py:183} INFO - Processing /home/airflow/.local/lib/python3.12/site-packages/airflow/example_dags/example_latest_only_with_trigger.py took 0.094 seconds
[2026-04-29T00:59:52.902+0000] {processor.py:161} INFO - Started process (PID=261) to work on /home/airflow/.local/lib/python3.12/site-packages/airflow/example_dags/example_latest_only_with_trigger.py
[2026-04-29T00:59:52.903+0000] {processor.py:830} INFO - Processing file /home/airflow/.local/lib/python3.12/site-packages/airflow/example_dags/example_latest_only_with_trigger.py for tasks to queue
[2026-04-29T00:59:52.905+0000] {logging_mixin.py:188} INFO - [2026-04-29T00:59:52.905+0000] {dagbag.py:540} INFO - Filling up the DagBag from /home/airflow/.local/lib/python3.12/site-packages/airflow/example_dags/example_latest_only_with_trigger.py
[2026-04-29T00:59:52.921+0000] {processor.py:840} INFO - DAG(s) 'latest_only_with_trigger' retrieved from /home/airflow/.local/lib/python3.12/site-packages/airflow/example_dags/example_latest_only_with_trigger.py
[2026-04-29T00:59:52.986+0000] {logging_mixin.py:188} INFO - [2026-04-29T00:59:52.984+0000] {dag.py:3096} INFO - Sync 1 DAGs
[2026-04-29T00:59:53.049+0000] {logging_mixin.py:188} INFO - [2026-04-29T00:59:53.048+0000] {dag.py:3954} INFO - Setting next_dagrun for latest_only_with_trigger to 2026-04-28 20:00:00+00:00, run_after=2026-04-29 00:00:00+00:00
[2026-04-29T00:59:53.095+0000] {processor.py:183} INFO - Processing /home/airflow/.local/lib/python3.12/site-packages/airflow/example_dags/example_latest_only_with_trigger.py took 0.203 seconds
[2026-04-29T01:00:23.339+0000] {processor.py:161} INFO - Started process (PID=320) to work on /home/airflow/.local/lib/python3.12/site-packages/airflow/example_dags/example_latest_only_with_trigger.py
[2026-04-29T01:00:23.355+0000] {processor.py:830} INFO - Processing file /home/airflow/.local/lib/python3.12/site-packages/airflow/example_dags/example_latest_only_with_trigger.py for tasks to queue
[2026-04-29T01:00:23.390+0000] {logging_mixin.py:188} INFO - [2026-04-29T01:00:23.389+0000] {dagbag.py:540} INFO - Filling up the DagBag from /home/airflow/.local/lib/python3.12/site-packages/airflow/example_dags/example_latest_only_with_trigger.py
[2026-04-29T01:00:23.428+0000] {processor.py:840} INFO - DAG(s) 'latest_only_with_trigger' retrieved from /home/airflow/.local/lib/python3.12/site-packages/airflow/example_dags/example_latest_only_with_trigger.py
[2026-04-29T01:00:23.639+0000] {logging_mixin.py:188} INFO - [2026-04-29T01:00:23.638+0000] {dag.py:3096} INFO - Sync 1 DAGs
[2026-04-29T01:00:23.882+0000] {logging_mixin.py:188} INFO - [2026-04-29T01:00:23.881+0000] {dag.py:3954} INFO - Setting next_dagrun for latest_only_with_trigger to 2026-04-28 20:00:00+00:00, run_after=2026-04-29 00:00:00+00:00
[2026-04-29T01:00:24.236+0000] {processor.py:183} INFO - Processing /home/airflow/.local/lib/python3.12/site-packages/airflow/example_dags/example_latest_only_with_trigger.py took 0.947 seconds
[2026-04-29T01:00:55.226+0000] {processor.py:161} INFO - Started process (PID=381) to work on /home/airflow/.local/lib/python3.12/site-packages/airflow/example_dags/example_latest_only_with_trigger.py
[2026-04-29T01:00:55.229+0000] {processor.py:830} INFO - Processing file /home/airflow/.local/lib/python3.12/site-packages/airflow/example_dags/example_latest_only_with_trigger.py for tasks to queue
[2026-04-29T01:00:55.233+0000] {logging_mixin.py:188} INFO - [2026-04-29T01:00:55.233+0000] {dagbag.py:540} INFO - Filling up the DagBag from /home/airflow/.local/lib/python3.12/site-packages/airflow/example_dags/example_latest_only_with_trigger.py
[2026-04-29T01:00:55.244+0000] {processor.py:840} INFO - DAG(s) 'latest_only_with_trigger' retrieved from /home/airflow/.local/lib/python3.12/site-packages/airflow/example_dags/example_latest_only_with_trigger.py
[2026-04-29T01:00:55.283+0000] {logging_mixin.py:188} INFO - [2026-04-29T01:00:55.283+0000] {dag.py:3096} INFO - Sync 1 DAGs
[2026-04-29T01:00:55.315+0000] {logging_mixin.py:188} INFO - [2026-04-29T01:00:55.315+0000] {dag.py:3954} INFO - Setting next_dagrun for latest_only_with_trigger to 2026-04-28 20:00:00+00:00, run_after=2026-04-29 00:00:00+00:00
[2026-04-29T01:00:55.363+0000] {processor.py:183} INFO - Processing /home/airflow/.local/lib/python3.12/site-packages/airflow/example_dags/example_latest_only_with_trigger.py took 0.144 seconds
[2026-04-29T01:01:25.579+0000] {processor.py:161} INFO - Started process (PID=441) to work on /home/airflow/.local/lib/python3.12/site-packages/airflow/example_dags/example_latest_only_with_trigger.py
[2026-04-29T01:01:25.592+0000] {processor.py:830} INFO - Processing file /home/airflow/.local/lib/python3.12/site-packages/airflow/example_dags/example_latest_only_with_trigger.py for tasks to queue
[2026-04-29T01:01:25.614+0000] {logging_mixin.py:188} INFO - [2026-04-29T01:01:25.613+0000] {dagbag.py:540} INFO - Filling up the DagBag from /home/airflow/.local/lib/python3.12/site-packages/airflow/example_dags/example_latest_only_with_trigger.py
[2026-04-29T01:01:25.638+0000] {processor.py:840} INFO - DAG(s) 'latest_only_with_trigger' retrieved from /home/airflow/.local/lib/python3.12/site-packages/airflow/example_dags/example_latest_only_with_trigger.py
[2026-04-29T01:01:25.674+0000] {logging_mixin.py:188} INFO - [2026-04-29T01:01:25.671+0000] {dag.py:3096} INFO - Sync 1 DAGs
[2026-04-29T01:01:25.727+0000] {logging_mixin.py:188} INFO - [2026-04-29T01:01:25.727+0000] {dag.py:3954} INFO - Setting next_dagrun for latest_only_with_trigger to 2026-04-28 20:00:00+00:00, run_after=2026-04-29 00:00:00+00:00
[2026-04-29T01:01:25.812+0000] {processor.py:183} INFO - Processing /home/airflow/.local/lib/python3.12/site-packages/airflow/example_dags/example_latest_only_with_trigger.py took 0.278 seconds
[2026-04-29T01:01:56.670+0000] {processor.py:161} INFO - Started process (PID=500) to work on /home/airflow/.local/lib/python3.12/site-packages/airflow/example_dags/example_latest_only_with_trigger.py
[2026-04-29T01:01:56.672+0000] {processor.py:830} INFO - Processing file /home/airflow/.local/lib/python3.12/site-packages/airflow/example_dags/example_latest_only_with_trigger.py for tasks to queue
[2026-04-29T01:01:56.674+0000] {logging_mixin.py:188} INFO - [2026-04-29T01:01:56.674+0000] {dagbag.py:540} INFO - Filling up the DagBag from /home/airflow/.local/lib/python3.12/site-packages/airflow/example_dags/example_latest_only_with_trigger.py
[2026-04-29T01:01:56.682+0000] {processor.py:840} INFO - DAG(s) 'latest_only_with_trigger' retrieved from /home/airflow/.local/lib/python3.12/site-packages/airflow/example_dags/example_latest_only_with_trigger.py
[2026-04-29T01:01:56.709+0000] {logging_mixin.py:188} INFO - [2026-04-29T01:01:56.709+0000] {dag.py:3096} INFO - Sync 1 DAGs
[2026-04-29T01:01:56.740+0000] {logging_mixin.py:188} INFO - [2026-04-29T01:01:56.739+0000] {dag.py:3954} INFO - Setting next_dagrun for latest_only_with_trigger to 2026-04-28 20:00:00+00:00, run_after=2026-04-29 00:00:00+00:00
[2026-04-29T01:01:56.766+0000] {processor.py:183} INFO - Processing /home/airflow/.local/lib/python3.12/site-packages/airflow/example_dags/example_latest_only_with_trigger.py took 0.102 seconds
[2026-04-29T01:02:27.099+0000] {processor.py:161} INFO - Started process (PID=559) to work on /home/airflow/.local/lib/python3.12/site-packages/airflow/example_dags/example_latest_only_with_trigger.py
[2026-04-29T01:02:27.100+0000] {processor.py:830} INFO - Processing file /home/airflow/.local/lib/python3.12/site-packages/airflow/example_dags/example_latest_only_with_trigger.py for tasks to queue
[2026-04-29T01:02:27.102+0000] {logging_mixin.py:188} INFO - [2026-04-29T01:02:27.101+0000] {dagbag.py:540} INFO - Filling up the DagBag from /home/airflow/.local/lib/python3.12/site-packages/airflow/example_dags/example_latest_only_with_trigger.py
[2026-04-29T01:02:27.108+0000] {processor.py:840} INFO - DAG(s) 'latest_only_with_trigger' retrieved from /home/airflow/.local/lib/python3.12/site-packages/airflow/example_dags/example_latest_only_with_trigger.py
[2026-04-29T01:02:27.137+0000] {logging_mixin.py:188} INFO - [2026-04-29T01:02:27.136+0000] {dag.py:3096} INFO - Sync 1 DAGs
[2026-04-29T01:02:27.163+0000] {logging_mixin.py:188} INFO - [2026-04-29T01:02:27.163+0000] {dag.py:3954} INFO - Setting next_dagrun for latest_only_with_trigger to 2026-04-28 20:00:00+00:00, run_after=2026-04-29 00:00:00+00:00
[2026-04-29T01:02:27.185+0000] {processor.py:183} INFO - Processing /home/airflow/.local/lib/python3.12/site-packages/airflow/example_dags/example_latest_only_with_trigger.py took 0.093 seconds
[2026-04-29T01:02:57.435+0000] {processor.py:161} INFO - Started process (PID=619) to work on /home/airflow/.local/lib/python3.12/site-packages/airflow/example_dags/example_latest_only_with_trigger.py
[2026-04-29T01:02:57.440+0000] {processor.py:830} INFO - Processing file /home/airflow/.local/lib/python3.12/site-packages/airflow/example_dags/example_latest_only_with_trigger.py for tasks to queue
[2026-04-29T01:02:57.449+0000] {logging_mixin.py:188} INFO - [2026-04-29T01:02:57.446+0000] {dagbag.py:540} INFO - Filling up the DagBag from /home/airflow/.local/lib/python3.12/site-packages/airflow/example_dags/example_latest_only_with_trigger.py
[2026-04-29T01:02:57.468+0000] {processor.py:840} INFO - DAG(s) 'latest_only_with_trigger' retrieved from /home/airflow/.local/lib/python3.12/site-packages/airflow/example_dags/example_latest_only_with_trigger.py
[2026-04-29T01:02:57.531+0000] {logging_mixin.py:188} INFO - [2026-04-29T01:02:57.531+0000] {dag.py:3096} INFO - Sync 1 DAGs
[2026-04-29T01:02:57.596+0000] {logging_mixin.py:188} INFO - [2026-04-29T01:02:57.596+0000] {dag.py:3954} INFO - Setting next_dagrun for latest_only_with_trigger to 2026-04-28 20:00:00+00:00, run_after=2026-04-29 00:00:00+00:00
[2026-04-29T01:02:57.651+0000] {processor.py:183} INFO - Processing /home/airflow/.local/lib/python3.12/site-packages/airflow/example_dags/example_latest_only_with_trigger.py took 0.235 seconds
[2026-04-29T01:03:27.727+0000] {processor.py:161} INFO - Started process (PID=679) to work on /home/airflow/.local/lib/python3.12/site-packages/airflow/example_dags/example_latest_only_with_trigger.py
[2026-04-29T01:03:27.729+0000] {processor.py:830} INFO - Processing file /home/airflow/.local/lib/python3.12/site-packages/airflow/example_dags/example_latest_only_with_trigger.py for tasks to queue
[2026-04-29T01:03:27.731+0000] {logging_mixin.py:188} INFO - [2026-04-29T01:03:27.730+0000] {dagbag.py:540} INFO - Filling up the DagBag from /home/airflow/.local/lib/python3.12/site-packages/airflow/example_dags/example_latest_only_with_trigger.py
[2026-04-29T01:03:27.738+0000] {processor.py:840} INFO - DAG(s) 'latest_only_with_trigger' retrieved from /home/airflow/.local/lib/python3.12/site-packages/airflow/example_dags/example_latest_only_with_trigger.py
[2026-04-29T01:03:27.765+0000] {logging_mixin.py:188} INFO - [2026-04-29T01:03:27.764+0000] {dag.py:3096} INFO - Sync 1 DAGs
[2026-04-29T01:03:27.795+0000] {logging_mixin.py:188} INFO - [2026-04-29T01:03:27.795+0000] {dag.py:3954} INFO - Setting next_dagrun for latest_only_with_trigger to 2026-04-28 20:00:00+00:00, run_after=2026-04-29 00:00:00+00:00
[2026-04-29T01:03:27.828+0000] {processor.py:183} INFO - Processing /home/airflow/.local/lib/python3.12/site-packages/airflow/example_dags/example_latest_only_with_trigger.py took 0.108 seconds
[2026-04-29T01:03:58.542+0000] {processor.py:161} INFO - Started process (PID=739) to work on /home/airflow/.local/lib/python3.12/site-packages/airflow/example_dags/example_latest_only_with_trigger.py
[2026-04-29T01:03:58.543+0000] {processor.py:830} INFO - Processing file /home/airflow/.local/lib/python3.12/site-packages/airflow/example_dags/example_latest_only_with_trigger.py for tasks to queue
[2026-04-29T01:03:58.544+0000] {logging_mixin.py:188} INFO - [2026-04-29T01:03:58.544+0000] {dagbag.py:540} INFO - Filling up the DagBag from /home/airflow/.local/lib/python3.12/site-packages/airflow/example_dags/example_latest_only_with_trigger.py
[2026-04-29T01:03:58.551+0000] {processor.py:840} INFO - DAG(s) 'latest_only_with_trigger' retrieved from /home/airflow/.local/lib/python3.12/site-packages/airflow/example_dags/example_latest_only_with_trigger.py
[2026-04-29T01:03:58.570+0000] {logging_mixin.py:188} INFO - [2026-04-29T01:03:58.569+0000] {dag.py:3096} INFO - Sync 1 DAGs
[2026-04-29T01:03:58.589+0000] {logging_mixin.py:188} INFO - [2026-04-29T01:03:58.589+0000] {dag.py:3954} INFO - Setting next_dagrun for latest_only_with_trigger to 2026-04-28 20:00:00+00:00, run_after=2026-04-29 00:00:00+00:00
[2026-04-29T01:03:58.610+0000] {processor.py:183} INFO - Processing /home/airflow/.local/lib/python3.12/site-packages/airflow/example_dags/example_latest_only_with_trigger.py took 0.074 seconds
[2026-04-29T01:04:29.441+0000] {processor.py:161} INFO - Started process (PID=799) to work on /home/airflow/.local/lib/python3.12/site-packages/airflow/example_dags/example_latest_only_with_trigger.py
[2026-04-29T01:04:29.444+0000] {processor.py:830} INFO - Processing file /home/airflow/.local/lib/python3.12/site-packages/airflow/example_dags/example_latest_only_with_trigger.py for tasks to queue
[2026-04-29T01:04:29.448+0000] {logging_mixin.py:188} INFO - [2026-04-29T01:04:29.446+0000] {dagbag.py:540} INFO - Filling up the DagBag from /home/airflow/.local/lib/python3.12/site-packages/airflow/example_dags/example_latest_only_with_trigger.py
[2026-04-29T01:04:29.463+0000] {processor.py:840} INFO - DAG(s) 'latest_only_with_trigger' retrieved from /home/airflow/.local/lib/python3.12/site-packages/airflow/example_dags/example_latest_only_with_trigger.py
[2026-04-29T01:04:29.561+0000] {logging_mixin.py:188} INFO - [2026-04-29T01:04:29.560+0000] {dag.py:3096} INFO - Sync 1 DAGs
[2026-04-29T01:04:29.637+0000] {logging_mixin.py:188} INFO - [2026-04-29T01:04:29.637+0000] {dag.py:3954} INFO - Setting next_dagrun for latest_only_with_trigger to 2026-04-28 20:00:00+00:00, run_after=2026-04-29 00:00:00+00:00
[2026-04-29T01:04:30.146+0000] {processor.py:183} INFO - Processing /home/airflow/.local/lib/python3.12/site-packages/airflow/example_dags/example_latest_only_with_trigger.py took 0.724 seconds
[2026-04-29T01:05:01.188+0000] {processor.py:161} INFO - Started process (PID=862) to work on /home/airflow/.local/lib/python3.12/site-packages/airflow/example_dags/example_latest_only_with_trigger.py
[2026-04-29T01:05:01.189+0000] {processor.py:830} INFO - Processing file /home/airflow/.local/lib/python3.12/site-packages/airflow/example_dags/example_latest_only_with_trigger.py for tasks to queue
[2026-04-29T01:05:01.191+0000] {logging_mixin.py:188} INFO - [2026-04-29T01:05:01.191+0000] {dagbag.py:540} INFO - Filling up the DagBag from /home/airflow/.local/lib/python3.12/site-packages/airflow/example_dags/example_latest_only_with_trigger.py
[2026-04-29T01:05:01.203+0000] {processor.py:840} INFO - DAG(s) 'latest_only_with_trigger' retrieved from /home/airflow/.local/lib/python3.12/site-packages/airflow/example_dags/example_latest_only_with_trigger.py
[2026-04-29T01:05:01.277+0000] {logging_mixin.py:188} INFO - [2026-04-29T01:05:01.276+0000] {dag.py:3096} INFO - Sync 1 DAGs
[2026-04-29T01:05:01.346+0000] {logging_mixin.py:188} INFO - [2026-04-29T01:05:01.345+0000] {dag.py:3954} INFO - Setting next_dagrun for latest_only_with_trigger to 2026-04-28 20:00:00+00:00, run_after=2026-04-29 00:00:00+00:00
[2026-04-29T01:05:01.481+0000] {processor.py:183} INFO - Processing /home/airflow/.local/lib/python3.12/site-packages/airflow/example_dags/example_latest_only_with_trigger.py took 0.299 seconds
[2026-04-29T01:05:32.068+0000] {processor.py:161} INFO - Started process (PID=928) to work on /home/airflow/.local/lib/python3.12/site-packages/airflow/example_dags/example_latest_only_with_trigger.py
[2026-04-29T01:05:32.069+0000] {processor.py:830} INFO - Processing file /home/airflow/.local/lib/python3.12/site-packages/airflow/example_dags/example_latest_only_with_trigger.py for tasks to queue
[2026-04-29T01:05:32.071+0000] {logging_mixin.py:188} INFO - [2026-04-29T01:05:32.070+0000] {dagbag.py:540} INFO - Filling up the DagBag from /home/airflow/.local/lib/python3.12/site-packages/airflow/example_dags/example_latest_only_with_trigger.py
[2026-04-29T01:05:32.078+0000] {processor.py:840} INFO - DAG(s) 'latest_only_with_trigger' retrieved from /home/airflow/.local/lib/python3.12/site-packages/airflow/example_dags/example_latest_only_with_trigger.py
[2026-04-29T01:05:32.104+0000] {logging_mixin.py:188} INFO - [2026-04-29T01:05:32.103+0000] {dag.py:3096} INFO - Sync 1 DAGs
[2026-04-29T01:05:32.145+0000] {logging_mixin.py:188} INFO - [2026-04-29T01:05:32.144+0000] {dag.py:3954} INFO - Setting next_dagrun for latest_only_with_trigger to 2026-04-28 20:00:00+00:00, run_after=2026-04-29 00:00:00+00:00
[2026-04-29T01:05:32.165+0000] {processor.py:183} INFO - Processing /home/airflow/.local/lib/python3.12/site-packages/airflow/example_dags/example_latest_only_with_trigger.py took 0.103 seconds
[2026-04-29T01:06:03.045+0000] {processor.py:161} INFO - Started process (PID=988) to work on /home/airflow/.local/lib/python3.12/site-packages/airflow/example_dags/example_latest_only_with_trigger.py
[2026-04-29T01:06:03.098+0000] {processor.py:830} INFO - Processing file /home/airflow/.local/lib/python3.12/site-packages/airflow/example_dags/example_latest_only_with_trigger.py for tasks to queue
[2026-04-29T01:06:03.102+0000] {logging_mixin.py:188} INFO - [2026-04-29T01:06:03.101+0000] {dagbag.py:540} INFO - Filling up the DagBag from /home/airflow/.local/lib/python3.12/site-packages/airflow/example_dags/example_latest_only_with_trigger.py
[2026-04-29T01:06:03.116+0000] {processor.py:840} INFO - DAG(s) 'latest_only_with_trigger' retrieved from /home/airflow/.local/lib/python3.12/site-packages/airflow/example_dags/example_latest_only_with_trigger.py
[2026-04-29T01:06:03.185+0000] {logging_mixin.py:188} INFO - [2026-04-29T01:06:03.184+0000] {dag.py:3096} INFO - Sync 1 DAGs
[2026-04-29T01:06:03.329+0000] {logging_mixin.py:188} INFO - [2026-04-29T01:06:03.329+0000] {dag.py:3954} INFO - Setting next_dagrun for latest_only_with_trigger to 2026-04-28 20:00:00+00:00, run_after=2026-04-29 00:00:00+00:00
[2026-04-29T01:06:03.388+0000] {processor.py:183} INFO - Processing /home/airflow/.local/lib/python3.12/site-packages/airflow/example_dags/example_latest_only_with_trigger.py took 0.454 seconds
[2026-04-29T01:06:33.650+0000] {processor.py:161} INFO - Started process (PID=1048) to work on /home/airflow/.local/lib/python3.12/site-packages/airflow/example_dags/example_latest_only_with_trigger.py
[2026-04-29T01:06:33.653+0000] {processor.py:830} INFO - Processing file /home/airflow/.local/lib/python3.12/site-packages/airflow/example_dags/example_latest_only_with_trigger.py for tasks to queue
[2026-04-29T01:06:33.658+0000] {logging_mixin.py:188} INFO - [2026-04-29T01:06:33.657+0000] {dagbag.py:540} INFO - Filling up the DagBag from /home/airflow/.local/lib/python3.12/site-packages/airflow/example_dags/example_latest_only_with_trigger.py
[2026-04-29T01:06:33.672+0000] {processor.py:840} INFO - DAG(s) 'latest_only_with_trigger' retrieved from /home/airflow/.local/lib/python3.12/site-packages/airflow/example_dags/example_latest_only_with_trigger.py
[2026-04-29T01:06:33.739+0000] {logging_mixin.py:188} INFO - [2026-04-29T01:06:33.739+0000] {dag.py:3096} INFO - Sync 1 DAGs
[2026-04-29T01:06:34.264+0000] {logging_mixin.py:188} INFO - [2026-04-29T01:06:34.263+0000] {dag.py:3954} INFO - Setting next_dagrun for latest_only_with_trigger to 2026-04-28 20:00:00+00:00, run_after=2026-04-29 00:00:00+00:00
[2026-04-29T01:06:34.321+0000] {processor.py:183} INFO - Processing /home/airflow/.local/lib/python3.12/site-packages/airflow/example_dags/example_latest_only_with_trigger.py took 0.679 seconds
[2026-04-29T01:07:04.928+0000] {processor.py:161} INFO - Started process (PID=1108) to work on /home/airflow/.local/lib/python3.12/site-packages/airflow/example_dags/example_latest_only_with_trigger.py
[2026-04-29T01:07:04.933+0000] {processor.py:830} INFO - Processing file /home/airflow/.local/lib/python3.12/site-packages/airflow/example_dags/example_latest_only_with_trigger.py for tasks to queue
[2026-04-29T01:07:04.935+0000] {logging_mixin.py:188} INFO - [2026-04-29T01:07:04.935+0000] {dagbag.py:540} INFO - Filling up the DagBag from /home/airflow/.local/lib/python3.12/site-packages/airflow/example_dags/example_latest_only_with_trigger.py
[2026-04-29T01:07:04.942+0000] {processor.py:840} INFO - DAG(s) 'latest_only_with_trigger' retrieved from /home/airflow/.local/lib/python3.12/site-packages/airflow/example_dags/example_latest_only_with_trigger.py
[2026-04-29T01:07:04.969+0000] {logging_mixin.py:188} INFO - [2026-04-29T01:07:04.969+0000] {dag.py:3096} INFO - Sync 1 DAGs
[2026-04-29T01:07:05.000+0000] {logging_mixin.py:188} INFO - [2026-04-29T01:07:04.999+0000] {dag.py:3954} INFO - Setting next_dagrun for latest_only_with_trigger to 2026-04-28 20:00:00+00:00, run_after=2026-04-29 00:00:00+00:00
[2026-04-29T01:07:05.021+0000] {processor.py:183} INFO - Processing /home/airflow/.local/lib/python3.12/site-packages/airflow/example_dags/example_latest_only_with_trigger.py took 0.100 seconds
[2026-04-29T01:07:35.267+0000] {processor.py:161} INFO - Started process (PID=1166) to work on /home/airflow/.local/lib/python3.12/site-packages/airflow/example_dags/example_latest_only_with_trigger.py
[2026-04-29T01:07:35.267+0000] {processor.py:830} INFO - Processing file /home/airflow/.local/lib/python3.12/site-packages/airflow/example_dags/example_latest_only_with_trigger.py for tasks to queue
[2026-04-29T01:07:35.269+0000] {logging_mixin.py:188} INFO - [2026-04-29T01:07:35.269+0000] {dagbag.py:540} INFO - Filling up the DagBag from /home/airflow/.local/lib/python3.12/site-packages/airflow/example_dags/example_latest_only_with_trigger.py
[2026-04-29T01:07:35.276+0000] {processor.py:840} INFO - DAG(s) 'latest_only_with_trigger' retrieved from /home/airflow/.local/lib/python3.12/site-packages/airflow/example_dags/example_latest_only_with_trigger.py
[2026-04-29T01:07:35.301+0000] {logging_mixin.py:188} INFO - [2026-04-29T01:07:35.301+0000] {dag.py:3096} INFO - Sync 1 DAGs
[2026-04-29T01:07:35.330+0000] {logging_mixin.py:188} INFO - [2026-04-29T01:07:35.330+0000] {dag.py:3954} INFO - Setting next_dagrun for latest_only_with_trigger to 2026-04-28 20:00:00+00:00, run_after=2026-04-29 00:00:00+00:00
[2026-04-29T01:07:35.352+0000] {processor.py:183} INFO - Processing /home/airflow/.local/lib/python3.12/site-packages/airflow/example_dags/example_latest_only_with_trigger.py took 0.092 seconds
[2026-04-29T01:08:05.445+0000] {processor.py:161} INFO - Started process (PID=1226) to work on /home/airflow/.local/lib/python3.12/site-packages/airflow/example_dags/example_latest_only_with_trigger.py
[2026-04-29T01:08:05.445+0000] {processor.py:830} INFO - Processing file /home/airflow/.local/lib/python3.12/site-packages/airflow/example_dags/example_latest_only_with_trigger.py for tasks to queue
[2026-04-29T01:08:05.450+0000] {logging_mixin.py:188} INFO - [2026-04-29T01:08:05.449+0000] {dagbag.py:540} INFO - Filling up the DagBag from /home/airflow/.local/lib/python3.12/site-packages/airflow/example_dags/example_latest_only_with_trigger.py
[2026-04-29T01:08:05.459+0000] {processor.py:840} INFO - DAG(s) 'latest_only_with_trigger' retrieved from /home/airflow/.local/lib/python3.12/site-packages/airflow/example_dags/example_latest_only_with_trigger.py
[2026-04-29T01:08:05.617+0000] {logging_mixin.py:188} INFO - [2026-04-29T01:08:05.617+0000] {dag.py:3096} INFO - Sync 1 DAGs
[2026-04-29T01:08:05.697+0000] {logging_mixin.py:188} INFO - [2026-04-29T01:08:05.697+0000] {dag.py:3954} INFO - Setting next_dagrun for latest_only_with_trigger to 2026-04-28 20:00:00+00:00, run_after=2026-04-29 00:00:00+00:00
[2026-04-29T01:08:05.718+0000] {processor.py:183} INFO - Processing /home/airflow/.local/lib/python3.12/site-packages/airflow/example_dags/example_latest_only_with_trigger.py took 0.284 seconds
[2026-04-29T01:08:35.851+0000] {processor.py:161} INFO - Started process (PID=1286) to work on /home/airflow/.local/lib/python3.12/site-packages/airflow/example_dags/example_latest_only_with_trigger.py
[2026-04-29T01:08:35.859+0000] {processor.py:830} INFO - Processing file /home/airflow/.local/lib/python3.12/site-packages/airflow/example_dags/example_latest_only_with_trigger.py for tasks to queue
[2026-04-29T01:08:35.868+0000] {logging_mixin.py:188} INFO - [2026-04-29T01:08:35.867+0000] {dagbag.py:540} INFO - Filling up the DagBag from /home/airflow/.local/lib/python3.12/site-packages/airflow/example_dags/example_latest_only_with_trigger.py
[2026-04-29T01:08:35.901+0000] {processor.py:840} INFO - DAG(s) 'latest_only_with_trigger' retrieved from /home/airflow/.local/lib/python3.12/site-packages/airflow/example_dags/example_latest_only_with_trigger.py
[2026-04-29T01:08:35.970+0000] {logging_mixin.py:188} INFO - [2026-04-29T01:08:35.970+0000] {dag.py:3096} INFO - Sync 1 DAGs
[2026-04-29T01:08:36.045+0000] {logging_mixin.py:188} INFO - [2026-04-29T01:08:36.044+0000] {dag.py:3954} INFO - Setting next_dagrun for latest_only_with_trigger to 2026-04-28 20:00:00+00:00, run_after=2026-04-29 00:00:00+00:00
[2026-04-29T01:08:36.104+0000] {processor.py:183} INFO - Processing /home/airflow/.local/lib/python3.12/site-packages/airflow/example_dags/example_latest_only_with_trigger.py took 0.282 seconds
[2026-04-29T01:09:06.705+0000] {processor.py:161} INFO - Started process (PID=1346) to work on /home/airflow/.local/lib/python3.12/site-packages/airflow/example_dags/example_latest_only_with_trigger.py
[2026-04-29T01:09:06.751+0000] {processor.py:830} INFO - Processing file /home/airflow/.local/lib/python3.12/site-packages/airflow/example_dags/example_latest_only_with_trigger.py for tasks to queue
[2026-04-29T01:09:06.756+0000] {logging_mixin.py:188} INFO - [2026-04-29T01:09:06.756+0000] {dagbag.py:540} INFO - Filling up the DagBag from /home/airflow/.local/lib/python3.12/site-packages/airflow/example_dags/example_latest_only_with_trigger.py
[2026-04-29T01:09:06.765+0000] {processor.py:840} INFO - DAG(s) 'latest_only_with_trigger' retrieved from /home/airflow/.local/lib/python3.12/site-packages/airflow/example_dags/example_latest_only_with_trigger.py
[2026-04-29T01:09:06.803+0000] {logging_mixin.py:188} INFO - [2026-04-29T01:09:06.803+0000] {dag.py:3096} INFO - Sync 1 DAGs
[2026-04-29T01:09:06.826+0000] {logging_mixin.py:188} INFO - [2026-04-29T01:09:06.825+0000] {dag.py:3954} INFO - Setting next_dagrun for latest_only_with_trigger to 2026-04-28 20:00:00+00:00, run_after=2026-04-29 00:00:00+00:00
[2026-04-29T01:09:06.884+0000] {processor.py:183} INFO - Processing /home/airflow/.local/lib/python3.12/site-packages/airflow/example_dags/example_latest_only_with_trigger.py took 0.186 seconds
[2026-04-29T01:09:37.421+0000] {processor.py:161} INFO - Started process (PID=1404) to work on /home/airflow/.local/lib/python3.12/site-packages/airflow/example_dags/example_latest_only_with_trigger.py
[2026-04-29T01:09:37.427+0000] {processor.py:830} INFO - Processing file /home/airflow/.local/lib/python3.12/site-packages/airflow/example_dags/example_latest_only_with_trigger.py for tasks to queue
[2026-04-29T01:09:37.430+0000] {logging_mixin.py:188} INFO - [2026-04-29T01:09:37.430+0000] {dagbag.py:540} INFO - Filling up the DagBag from /home/airflow/.local/lib/python3.12/site-packages/airflow/example_dags/example_latest_only_with_trigger.py
[2026-04-29T01:09:37.445+0000] {processor.py:840} INFO - DAG(s) 'latest_only_with_trigger' retrieved from /home/airflow/.local/lib/python3.12/site-packages/airflow/example_dags/example_latest_only_with_trigger.py
[2026-04-29T01:09:37.479+0000] {logging_mixin.py:188} INFO - [2026-04-29T01:09:37.479+0000] {dag.py:3096} INFO - Sync 1 DAGs
[2026-04-29T01:09:37.508+0000] {logging_mixin.py:188} INFO - [2026-04-29T01:09:37.507+0000] {dag.py:3954} INFO - Setting next_dagrun for latest_only_with_trigger to 2026-04-28 20:00:00+00:00, run_after=2026-04-29 00:00:00+00:00
[2026-04-29T01:09:37.528+0000] {processor.py:183} INFO - Processing /home/airflow/.local/lib/python3.12/site-packages/airflow/example_dags/example_latest_only_with_trigger.py took 0.119 seconds
[2026-04-29T01:10:07.641+0000] {processor.py:161} INFO - Started process (PID=1464) to work on /home/airflow/.local/lib/python3.12/site-packages/airflow/example_dags/example_latest_only_with_trigger.py
[2026-04-29T01:10:07.642+0000] {processor.py:830} INFO - Processing file /home/airflow/.local/lib/python3.12/site-packages/airflow/example_dags/example_latest_only_with_trigger.py for tasks to queue
[2026-04-29T01:10:07.644+0000] {logging_mixin.py:188} INFO - [2026-04-29T01:10:07.643+0000] {dagbag.py:540} INFO - Filling up the DagBag from /home/airflow/.local/lib/python3.12/site-packages/airflow/example_dags/example_latest_only_with_trigger.py
[2026-04-29T01:10:07.651+0000] {processor.py:840} INFO - DAG(s) 'latest_only_with_trigger' retrieved from /home/airflow/.local/lib/python3.12/site-packages/airflow/example_dags/example_latest_only_with_trigger.py
[2026-04-29T01:10:07.677+0000] {logging_mixin.py:188} INFO - [2026-04-29T01:10:07.677+0000] {dag.py:3096} INFO - Sync 1 DAGs
[2026-04-29T01:10:07.712+0000] {logging_mixin.py:188} INFO - [2026-04-29T01:10:07.711+0000] {dag.py:3954} INFO - Setting next_dagrun for latest_only_with_trigger to 2026-04-28 20:00:00+00:00, run_after=2026-04-29 00:00:00+00:00
[2026-04-29T01:10:07.775+0000] {processor.py:183} INFO - Processing /home/airflow/.local/lib/python3.12/site-packages/airflow/example_dags/example_latest_only_with_trigger.py took 0.149 seconds
