[2026-04-29T00:54:53.226+0000] {processor.py:161} INFO - Started process (PID=67) to work on /home/airflow/.local/lib/python3.12/site-packages/airflow/example_dags/example_subdag_operator.py
[2026-04-29T00:54:53.227+0000] {processor.py:830} INFO - Processing file /home/airflow/.local/lib/python3.12/site-packages/airflow/example_dags/example_subdag_operator.py for tasks to queue
[2026-04-29T00:54:53.233+0000] {logging_mixin.py:188} INFO - [2026-04-29T00:54:53.233+0000] {dagbag.py:540} INFO - Filling up the DagBag from /home/airflow/.local/lib/python3.12/site-packages/airflow/example_dags/example_subdag_operator.py
[2026-04-29T00:54:53.290+0000] {processor.py:840} INFO - DAG(s) 'example_subdag_operator.section-1', 'example_subdag_operator.section-2', 'example_subdag_operator' retrieved from /home/airflow/.local/lib/python3.12/site-packages/airflow/example_dags/example_subdag_operator.py
[2026-04-29T00:54:53.368+0000] {logging_mixin.py:188} INFO - [2026-04-29T00:54:53.368+0000] {dag.py:3096} INFO - Sync 3 DAGs
[2026-04-29T00:54:53.437+0000] {logging_mixin.py:188} INFO - [2026-04-29T00:54:53.436+0000] {dag.py:3954} INFO - Setting next_dagrun for example_subdag_operator to 2022-01-01 00:00:00+00:00, run_after=2022-01-01 00:00:00+00:00
[2026-04-29T00:54:53.451+0000] {logging_mixin.py:188} INFO - [2026-04-29T00:54:53.449+0000] {dag.py:3954} INFO - Setting next_dagrun for example_subdag_operator.section-1 to None, run_after=None
[2026-04-29T00:54:53.458+0000] {logging_mixin.py:188} INFO - [2026-04-29T00:54:53.458+0000] {dag.py:3954} INFO - Setting next_dagrun for example_subdag_operator.section-2 to None, run_after=None
[2026-04-29T00:54:53.480+0000] {logging_mixin.py:188} INFO - [2026-04-29T00:54:53.478+0000] {dag.py:3096} INFO - Sync 2 DAGs
[2026-04-29T00:54:53.495+0000] {logging_mixin.py:188} INFO - [2026-04-29T00:54:53.495+0000] {dag.py:3954} INFO - Setting next_dagrun for example_subdag_operator.section-1 to None, run_after=None
[2026-04-29T00:54:53.496+0000] {logging_mixin.py:188} INFO - [2026-04-29T00:54:53.495+0000] {dag.py:3954} INFO - Setting next_dagrun for example_subdag_operator.section-2 to None, run_after=None
[2026-04-29T00:54:53.510+0000] {processor.py:183} INFO - Processing /home/airflow/.local/lib/python3.12/site-packages/airflow/example_dags/example_subdag_operator.py took 0.306 seconds
[2026-04-29T00:58:15.427+0000] {processor.py:161} INFO - Started process (PID=75) to work on /home/airflow/.local/lib/python3.12/site-packages/airflow/example_dags/example_subdag_operator.py
[2026-04-29T00:58:15.434+0000] {processor.py:830} INFO - Processing file /home/airflow/.local/lib/python3.12/site-packages/airflow/example_dags/example_subdag_operator.py for tasks to queue
[2026-04-29T00:58:15.442+0000] {logging_mixin.py:188} INFO - [2026-04-29T00:58:15.440+0000] {dagbag.py:540} INFO - Filling up the DagBag from /home/airflow/.local/lib/python3.12/site-packages/airflow/example_dags/example_subdag_operator.py
[2026-04-29T00:58:15.549+0000] {processor.py:840} INFO - DAG(s) 'example_subdag_operator.section-1', 'example_subdag_operator.section-2', 'example_subdag_operator' retrieved from /home/airflow/.local/lib/python3.12/site-packages/airflow/example_dags/example_subdag_operator.py
[2026-04-29T00:58:16.118+0000] {logging_mixin.py:188} INFO - [2026-04-29T00:58:16.116+0000] {override.py:1829} INFO - Created Permission View: can edit on DAG:example_subdag_operator
[2026-04-29T00:58:16.152+0000] {logging_mixin.py:188} INFO - [2026-04-29T00:58:16.152+0000] {override.py:1829} INFO - Created Permission View: can delete on DAG:example_subdag_operator
[2026-04-29T00:58:16.181+0000] {logging_mixin.py:188} INFO - [2026-04-29T00:58:16.181+0000] {override.py:1829} INFO - Created Permission View: can read on DAG:example_subdag_operator
[2026-04-29T00:58:16.182+0000] {logging_mixin.py:188} INFO - [2026-04-29T00:58:16.182+0000] {dag.py:3096} INFO - Sync 3 DAGs
[2026-04-29T00:58:16.215+0000] {logging_mixin.py:188} INFO - [2026-04-29T00:58:16.215+0000] {dag.py:3118} INFO - Creating ORM DAG for example_subdag_operator.section-2
[2026-04-29T00:58:16.216+0000] {logging_mixin.py:188} INFO - [2026-04-29T00:58:16.216+0000] {dag.py:3118} INFO - Creating ORM DAG for example_subdag_operator.section-1
[2026-04-29T00:58:16.217+0000] {logging_mixin.py:188} INFO - [2026-04-29T00:58:16.217+0000] {dag.py:3118} INFO - Creating ORM DAG for example_subdag_operator
[2026-04-29T00:58:16.240+0000] {logging_mixin.py:188} INFO - [2026-04-29T00:58:16.238+0000] {dag.py:3954} INFO - Setting next_dagrun for example_subdag_operator to 2022-01-01 00:00:00+00:00, run_after=2022-01-01 00:00:00+00:00
[2026-04-29T00:58:16.241+0000] {logging_mixin.py:188} INFO - [2026-04-29T00:58:16.241+0000] {dag.py:3954} INFO - Setting next_dagrun for example_subdag_operator.section-1 to None, run_after=None
[2026-04-29T00:58:16.244+0000] {logging_mixin.py:188} INFO - [2026-04-29T00:58:16.244+0000] {dag.py:3954} INFO - Setting next_dagrun for example_subdag_operator.section-2 to None, run_after=None
[2026-04-29T00:58:16.269+0000] {logging_mixin.py:188} INFO - [2026-04-29T00:58:16.268+0000] {dag.py:3096} INFO - Sync 2 DAGs
[2026-04-29T00:58:16.275+0000] {logging_mixin.py:188} INFO - [2026-04-29T00:58:16.275+0000] {dag.py:3954} INFO - Setting next_dagrun for example_subdag_operator.section-1 to None, run_after=None
[2026-04-29T00:58:16.281+0000] {logging_mixin.py:188} INFO - [2026-04-29T00:58:16.281+0000] {dag.py:3954} INFO - Setting next_dagrun for example_subdag_operator.section-2 to None, run_after=None
[2026-04-29T00:58:16.342+0000] {processor.py:183} INFO - Processing /home/airflow/.local/lib/python3.12/site-packages/airflow/example_dags/example_subdag_operator.py took 0.955 seconds
[2026-04-29T00:58:47.033+0000] {processor.py:161} INFO - Started process (PID=135) to work on /home/airflow/.local/lib/python3.12/site-packages/airflow/example_dags/example_subdag_operator.py
[2026-04-29T00:58:47.035+0000] {processor.py:830} INFO - Processing file /home/airflow/.local/lib/python3.12/site-packages/airflow/example_dags/example_subdag_operator.py for tasks to queue
[2026-04-29T00:58:47.039+0000] {logging_mixin.py:188} INFO - [2026-04-29T00:58:47.039+0000] {dagbag.py:540} INFO - Filling up the DagBag from /home/airflow/.local/lib/python3.12/site-packages/airflow/example_dags/example_subdag_operator.py
[2026-04-29T00:58:47.151+0000] {processor.py:840} INFO - DAG(s) 'example_subdag_operator.section-1', 'example_subdag_operator.section-2', 'example_subdag_operator' retrieved from /home/airflow/.local/lib/python3.12/site-packages/airflow/example_dags/example_subdag_operator.py
[2026-04-29T00:58:47.308+0000] {logging_mixin.py:188} INFO - [2026-04-29T00:58:47.307+0000] {dag.py:3096} INFO - Sync 3 DAGs
[2026-04-29T00:58:47.348+0000] {logging_mixin.py:188} INFO - [2026-04-29T00:58:47.348+0000] {dag.py:3954} INFO - Setting next_dagrun for example_subdag_operator to 2022-01-01 00:00:00+00:00, run_after=2022-01-01 00:00:00+00:00
[2026-04-29T00:58:47.352+0000] {logging_mixin.py:188} INFO - [2026-04-29T00:58:47.352+0000] {dag.py:3954} INFO - Setting next_dagrun for example_subdag_operator.section-1 to None, run_after=None
[2026-04-29T00:58:47.354+0000] {logging_mixin.py:188} INFO - [2026-04-29T00:58:47.354+0000] {dag.py:3954} INFO - Setting next_dagrun for example_subdag_operator.section-2 to None, run_after=None
[2026-04-29T00:58:47.362+0000] {logging_mixin.py:188} INFO - [2026-04-29T00:58:47.362+0000] {dag.py:3096} INFO - Sync 2 DAGs
[2026-04-29T00:58:47.367+0000] {logging_mixin.py:188} INFO - [2026-04-29T00:58:47.367+0000] {dag.py:3954} INFO - Setting next_dagrun for example_subdag_operator.section-1 to None, run_after=None
[2026-04-29T00:58:47.368+0000] {logging_mixin.py:188} INFO - [2026-04-29T00:58:47.368+0000] {dag.py:3954} INFO - Setting next_dagrun for example_subdag_operator.section-2 to None, run_after=None
[2026-04-29T00:58:47.390+0000] {processor.py:183} INFO - Processing /home/airflow/.local/lib/python3.12/site-packages/airflow/example_dags/example_subdag_operator.py took 0.405 seconds
[2026-04-29T00:59:18.230+0000] {processor.py:161} INFO - Started process (PID=195) to work on /home/airflow/.local/lib/python3.12/site-packages/airflow/example_dags/example_subdag_operator.py
[2026-04-29T00:59:18.233+0000] {processor.py:830} INFO - Processing file /home/airflow/.local/lib/python3.12/site-packages/airflow/example_dags/example_subdag_operator.py for tasks to queue
[2026-04-29T00:59:18.250+0000] {logging_mixin.py:188} INFO - [2026-04-29T00:59:18.249+0000] {dagbag.py:540} INFO - Filling up the DagBag from /home/airflow/.local/lib/python3.12/site-packages/airflow/example_dags/example_subdag_operator.py
[2026-04-29T00:59:18.333+0000] {processor.py:840} INFO - DAG(s) 'example_subdag_operator.section-1', 'example_subdag_operator.section-2', 'example_subdag_operator' retrieved from /home/airflow/.local/lib/python3.12/site-packages/airflow/example_dags/example_subdag_operator.py
[2026-04-29T00:59:18.379+0000] {logging_mixin.py:188} INFO - [2026-04-29T00:59:18.378+0000] {dag.py:3096} INFO - Sync 3 DAGs
[2026-04-29T00:59:18.422+0000] {logging_mixin.py:188} INFO - [2026-04-29T00:59:18.422+0000] {dag.py:3954} INFO - Setting next_dagrun for example_subdag_operator to 2022-01-01 00:00:00+00:00, run_after=2022-01-01 00:00:00+00:00
[2026-04-29T00:59:18.438+0000] {logging_mixin.py:188} INFO - [2026-04-29T00:59:18.437+0000] {dag.py:3954} INFO - Setting next_dagrun for example_subdag_operator.section-1 to None, run_after=None
[2026-04-29T00:59:18.444+0000] {logging_mixin.py:188} INFO - [2026-04-29T00:59:18.444+0000] {dag.py:3954} INFO - Setting next_dagrun for example_subdag_operator.section-2 to None, run_after=None
[2026-04-29T00:59:18.461+0000] {logging_mixin.py:188} INFO - [2026-04-29T00:59:18.461+0000] {dag.py:3096} INFO - Sync 2 DAGs
[2026-04-29T00:59:18.486+0000] {logging_mixin.py:188} INFO - [2026-04-29T00:59:18.486+0000] {dag.py:3954} INFO - Setting next_dagrun for example_subdag_operator.section-1 to None, run_after=None
[2026-04-29T00:59:18.490+0000] {logging_mixin.py:188} INFO - [2026-04-29T00:59:18.490+0000] {dag.py:3954} INFO - Setting next_dagrun for example_subdag_operator.section-2 to None, run_after=None
[2026-04-29T00:59:18.554+0000] {processor.py:183} INFO - Processing /home/airflow/.local/lib/python3.12/site-packages/airflow/example_dags/example_subdag_operator.py took 0.356 seconds
[2026-04-29T00:59:48.616+0000] {processor.py:161} INFO - Started process (PID=254) to work on /home/airflow/.local/lib/python3.12/site-packages/airflow/example_dags/example_subdag_operator.py
[2026-04-29T00:59:48.617+0000] {processor.py:830} INFO - Processing file /home/airflow/.local/lib/python3.12/site-packages/airflow/example_dags/example_subdag_operator.py for tasks to queue
[2026-04-29T00:59:48.619+0000] {logging_mixin.py:188} INFO - [2026-04-29T00:59:48.619+0000] {dagbag.py:540} INFO - Filling up the DagBag from /home/airflow/.local/lib/python3.12/site-packages/airflow/example_dags/example_subdag_operator.py
[2026-04-29T00:59:48.654+0000] {processor.py:840} INFO - DAG(s) 'example_subdag_operator.section-1', 'example_subdag_operator.section-2', 'example_subdag_operator' retrieved from /home/airflow/.local/lib/python3.12/site-packages/airflow/example_dags/example_subdag_operator.py
[2026-04-29T00:59:48.674+0000] {logging_mixin.py:188} INFO - [2026-04-29T00:59:48.673+0000] {dag.py:3096} INFO - Sync 3 DAGs
[2026-04-29T00:59:48.702+0000] {logging_mixin.py:188} INFO - [2026-04-29T00:59:48.702+0000] {dag.py:3954} INFO - Setting next_dagrun for example_subdag_operator to 2022-01-01 00:00:00+00:00, run_after=2022-01-01 00:00:00+00:00
[2026-04-29T00:59:48.707+0000] {logging_mixin.py:188} INFO - [2026-04-29T00:59:48.707+0000] {dag.py:3954} INFO - Setting next_dagrun for example_subdag_operator.section-1 to None, run_after=None
[2026-04-29T00:59:48.709+0000] {logging_mixin.py:188} INFO - [2026-04-29T00:59:48.709+0000] {dag.py:3954} INFO - Setting next_dagrun for example_subdag_operator.section-2 to None, run_after=None
[2026-04-29T00:59:48.717+0000] {logging_mixin.py:188} INFO - [2026-04-29T00:59:48.717+0000] {dag.py:3096} INFO - Sync 2 DAGs
[2026-04-29T00:59:48.724+0000] {logging_mixin.py:188} INFO - [2026-04-29T00:59:48.723+0000] {dag.py:3954} INFO - Setting next_dagrun for example_subdag_operator.section-1 to None, run_after=None
[2026-04-29T00:59:48.724+0000] {logging_mixin.py:188} INFO - [2026-04-29T00:59:48.724+0000] {dag.py:3954} INFO - Setting next_dagrun for example_subdag_operator.section-2 to None, run_after=None
[2026-04-29T00:59:48.736+0000] {processor.py:183} INFO - Processing /home/airflow/.local/lib/python3.12/site-packages/airflow/example_dags/example_subdag_operator.py took 0.127 seconds
[2026-04-29T01:00:19.283+0000] {processor.py:161} INFO - Started process (PID=313) to work on /home/airflow/.local/lib/python3.12/site-packages/airflow/example_dags/example_subdag_operator.py
[2026-04-29T01:00:19.291+0000] {processor.py:830} INFO - Processing file /home/airflow/.local/lib/python3.12/site-packages/airflow/example_dags/example_subdag_operator.py for tasks to queue
[2026-04-29T01:00:19.312+0000] {logging_mixin.py:188} INFO - [2026-04-29T01:00:19.299+0000] {dagbag.py:540} INFO - Filling up the DagBag from /home/airflow/.local/lib/python3.12/site-packages/airflow/example_dags/example_subdag_operator.py
[2026-04-29T01:00:19.360+0000] {processor.py:840} INFO - DAG(s) 'example_subdag_operator.section-1', 'example_subdag_operator.section-2', 'example_subdag_operator' retrieved from /home/airflow/.local/lib/python3.12/site-packages/airflow/example_dags/example_subdag_operator.py
[2026-04-29T01:00:19.440+0000] {logging_mixin.py:188} INFO - [2026-04-29T01:00:19.439+0000] {dag.py:3096} INFO - Sync 3 DAGs
[2026-04-29T01:00:19.529+0000] {logging_mixin.py:188} INFO - [2026-04-29T01:00:19.529+0000] {dag.py:3954} INFO - Setting next_dagrun for example_subdag_operator to 2022-01-01 00:00:00+00:00, run_after=2022-01-01 00:00:00+00:00
[2026-04-29T01:00:19.535+0000] {logging_mixin.py:188} INFO - [2026-04-29T01:00:19.535+0000] {dag.py:3954} INFO - Setting next_dagrun for example_subdag_operator.section-1 to None, run_after=None
[2026-04-29T01:00:19.537+0000] {logging_mixin.py:188} INFO - [2026-04-29T01:00:19.537+0000] {dag.py:3954} INFO - Setting next_dagrun for example_subdag_operator.section-2 to None, run_after=None
[2026-04-29T01:00:19.549+0000] {logging_mixin.py:188} INFO - [2026-04-29T01:00:19.549+0000] {dag.py:3096} INFO - Sync 2 DAGs
[2026-04-29T01:00:19.556+0000] {logging_mixin.py:188} INFO - [2026-04-29T01:00:19.555+0000] {dag.py:3954} INFO - Setting next_dagrun for example_subdag_operator.section-1 to None, run_after=None
[2026-04-29T01:00:19.556+0000] {logging_mixin.py:188} INFO - [2026-04-29T01:00:19.556+0000] {dag.py:3954} INFO - Setting next_dagrun for example_subdag_operator.section-2 to None, run_after=None
[2026-04-29T01:00:19.580+0000] {processor.py:183} INFO - Processing /home/airflow/.local/lib/python3.12/site-packages/airflow/example_dags/example_subdag_operator.py took 0.329 seconds
[2026-04-29T01:00:50.612+0000] {processor.py:161} INFO - Started process (PID=374) to work on /home/airflow/.local/lib/python3.12/site-packages/airflow/example_dags/example_subdag_operator.py
[2026-04-29T01:00:50.619+0000] {processor.py:830} INFO - Processing file /home/airflow/.local/lib/python3.12/site-packages/airflow/example_dags/example_subdag_operator.py for tasks to queue
[2026-04-29T01:00:50.629+0000] {logging_mixin.py:188} INFO - [2026-04-29T01:00:50.628+0000] {dagbag.py:540} INFO - Filling up the DagBag from /home/airflow/.local/lib/python3.12/site-packages/airflow/example_dags/example_subdag_operator.py
[2026-04-29T01:00:51.031+0000] {processor.py:840} INFO - DAG(s) 'example_subdag_operator.section-1', 'example_subdag_operator.section-2', 'example_subdag_operator' retrieved from /home/airflow/.local/lib/python3.12/site-packages/airflow/example_dags/example_subdag_operator.py
[2026-04-29T01:00:51.116+0000] {logging_mixin.py:188} INFO - [2026-04-29T01:00:51.116+0000] {dag.py:3096} INFO - Sync 3 DAGs
[2026-04-29T01:00:51.199+0000] {logging_mixin.py:188} INFO - [2026-04-29T01:00:51.199+0000] {dag.py:3954} INFO - Setting next_dagrun for example_subdag_operator to 2022-01-01 00:00:00+00:00, run_after=2022-01-01 00:00:00+00:00
[2026-04-29T01:00:51.231+0000] {logging_mixin.py:188} INFO - [2026-04-29T01:00:51.230+0000] {dag.py:3954} INFO - Setting next_dagrun for example_subdag_operator.section-1 to None, run_after=None
[2026-04-29T01:00:51.234+0000] {logging_mixin.py:188} INFO - [2026-04-29T01:00:51.233+0000] {dag.py:3954} INFO - Setting next_dagrun for example_subdag_operator.section-2 to None, run_after=None
[2026-04-29T01:00:51.247+0000] {logging_mixin.py:188} INFO - [2026-04-29T01:00:51.247+0000] {dag.py:3096} INFO - Sync 2 DAGs
[2026-04-29T01:00:51.267+0000] {logging_mixin.py:188} INFO - [2026-04-29T01:00:51.267+0000] {dag.py:3954} INFO - Setting next_dagrun for example_subdag_operator.section-1 to None, run_after=None
[2026-04-29T01:00:51.268+0000] {logging_mixin.py:188} INFO - [2026-04-29T01:00:51.268+0000] {dag.py:3954} INFO - Setting next_dagrun for example_subdag_operator.section-2 to None, run_after=None
[2026-04-29T01:00:51.289+0000] {processor.py:183} INFO - Processing /home/airflow/.local/lib/python3.12/site-packages/airflow/example_dags/example_subdag_operator.py took 0.729 seconds
[2026-04-29T01:01:21.518+0000] {processor.py:161} INFO - Started process (PID=434) to work on /home/airflow/.local/lib/python3.12/site-packages/airflow/example_dags/example_subdag_operator.py
[2026-04-29T01:01:21.554+0000] {processor.py:830} INFO - Processing file /home/airflow/.local/lib/python3.12/site-packages/airflow/example_dags/example_subdag_operator.py for tasks to queue
[2026-04-29T01:01:21.560+0000] {logging_mixin.py:188} INFO - [2026-04-29T01:01:21.560+0000] {dagbag.py:540} INFO - Filling up the DagBag from /home/airflow/.local/lib/python3.12/site-packages/airflow/example_dags/example_subdag_operator.py
[2026-04-29T01:01:21.630+0000] {processor.py:840} INFO - DAG(s) 'example_subdag_operator.section-1', 'example_subdag_operator.section-2', 'example_subdag_operator' retrieved from /home/airflow/.local/lib/python3.12/site-packages/airflow/example_dags/example_subdag_operator.py
[2026-04-29T01:01:21.682+0000] {logging_mixin.py:188} INFO - [2026-04-29T01:01:21.682+0000] {dag.py:3096} INFO - Sync 3 DAGs
[2026-04-29T01:01:21.736+0000] {logging_mixin.py:188} INFO - [2026-04-29T01:01:21.736+0000] {dag.py:3954} INFO - Setting next_dagrun for example_subdag_operator to 2022-01-01 00:00:00+00:00, run_after=2022-01-01 00:00:00+00:00
[2026-04-29T01:01:21.746+0000] {logging_mixin.py:188} INFO - [2026-04-29T01:01:21.745+0000] {dag.py:3954} INFO - Setting next_dagrun for example_subdag_operator.section-1 to None, run_after=None
[2026-04-29T01:01:21.750+0000] {logging_mixin.py:188} INFO - [2026-04-29T01:01:21.750+0000] {dag.py:3954} INFO - Setting next_dagrun for example_subdag_operator.section-2 to None, run_after=None
[2026-04-29T01:01:21.759+0000] {logging_mixin.py:188} INFO - [2026-04-29T01:01:21.759+0000] {dag.py:3096} INFO - Sync 2 DAGs
[2026-04-29T01:01:21.767+0000] {logging_mixin.py:188} INFO - [2026-04-29T01:01:21.767+0000] {dag.py:3954} INFO - Setting next_dagrun for example_subdag_operator.section-1 to None, run_after=None
[2026-04-29T01:01:21.767+0000] {logging_mixin.py:188} INFO - [2026-04-29T01:01:21.767+0000] {dag.py:3954} INFO - Setting next_dagrun for example_subdag_operator.section-2 to None, run_after=None
[2026-04-29T01:01:21.792+0000] {processor.py:183} INFO - Processing /home/airflow/.local/lib/python3.12/site-packages/airflow/example_dags/example_subdag_operator.py took 0.281 seconds
[2026-04-29T01:01:52.139+0000] {processor.py:161} INFO - Started process (PID=493) to work on /home/airflow/.local/lib/python3.12/site-packages/airflow/example_dags/example_subdag_operator.py
[2026-04-29T01:01:52.141+0000] {processor.py:830} INFO - Processing file /home/airflow/.local/lib/python3.12/site-packages/airflow/example_dags/example_subdag_operator.py for tasks to queue
[2026-04-29T01:01:52.143+0000] {logging_mixin.py:188} INFO - [2026-04-29T01:01:52.143+0000] {dagbag.py:540} INFO - Filling up the DagBag from /home/airflow/.local/lib/python3.12/site-packages/airflow/example_dags/example_subdag_operator.py
[2026-04-29T01:01:52.182+0000] {processor.py:840} INFO - DAG(s) 'example_subdag_operator.section-1', 'example_subdag_operator.section-2', 'example_subdag_operator' retrieved from /home/airflow/.local/lib/python3.12/site-packages/airflow/example_dags/example_subdag_operator.py
[2026-04-29T01:01:52.202+0000] {logging_mixin.py:188} INFO - [2026-04-29T01:01:52.202+0000] {dag.py:3096} INFO - Sync 3 DAGs
[2026-04-29T01:01:52.233+0000] {logging_mixin.py:188} INFO - [2026-04-29T01:01:52.233+0000] {dag.py:3954} INFO - Setting next_dagrun for example_subdag_operator to 2022-01-01 00:00:00+00:00, run_after=2022-01-01 00:00:00+00:00
[2026-04-29T01:01:52.237+0000] {logging_mixin.py:188} INFO - [2026-04-29T01:01:52.237+0000] {dag.py:3954} INFO - Setting next_dagrun for example_subdag_operator.section-1 to None, run_after=None
[2026-04-29T01:01:52.239+0000] {logging_mixin.py:188} INFO - [2026-04-29T01:01:52.238+0000] {dag.py:3954} INFO - Setting next_dagrun for example_subdag_operator.section-2 to None, run_after=None
[2026-04-29T01:01:52.246+0000] {logging_mixin.py:188} INFO - [2026-04-29T01:01:52.246+0000] {dag.py:3096} INFO - Sync 2 DAGs
[2026-04-29T01:01:52.252+0000] {logging_mixin.py:188} INFO - [2026-04-29T01:01:52.252+0000] {dag.py:3954} INFO - Setting next_dagrun for example_subdag_operator.section-1 to None, run_after=None
[2026-04-29T01:01:52.253+0000] {logging_mixin.py:188} INFO - [2026-04-29T01:01:52.252+0000] {dag.py:3954} INFO - Setting next_dagrun for example_subdag_operator.section-2 to None, run_after=None
[2026-04-29T01:01:52.263+0000] {processor.py:183} INFO - Processing /home/airflow/.local/lib/python3.12/site-packages/airflow/example_dags/example_subdag_operator.py took 0.131 seconds
[2026-04-29T01:02:22.679+0000] {processor.py:161} INFO - Started process (PID=552) to work on /home/airflow/.local/lib/python3.12/site-packages/airflow/example_dags/example_subdag_operator.py
[2026-04-29T01:02:22.680+0000] {processor.py:830} INFO - Processing file /home/airflow/.local/lib/python3.12/site-packages/airflow/example_dags/example_subdag_operator.py for tasks to queue
[2026-04-29T01:02:22.682+0000] {logging_mixin.py:188} INFO - [2026-04-29T01:02:22.682+0000] {dagbag.py:540} INFO - Filling up the DagBag from /home/airflow/.local/lib/python3.12/site-packages/airflow/example_dags/example_subdag_operator.py
[2026-04-29T01:02:22.722+0000] {processor.py:840} INFO - DAG(s) 'example_subdag_operator.section-1', 'example_subdag_operator.section-2', 'example_subdag_operator' retrieved from /home/airflow/.local/lib/python3.12/site-packages/airflow/example_dags/example_subdag_operator.py
[2026-04-29T01:02:22.742+0000] {logging_mixin.py:188} INFO - [2026-04-29T01:02:22.741+0000] {dag.py:3096} INFO - Sync 3 DAGs
[2026-04-29T01:02:22.773+0000] {logging_mixin.py:188} INFO - [2026-04-29T01:02:22.772+0000] {dag.py:3954} INFO - Setting next_dagrun for example_subdag_operator to 2022-01-01 00:00:00+00:00, run_after=2022-01-01 00:00:00+00:00
[2026-04-29T01:02:22.780+0000] {logging_mixin.py:188} INFO - [2026-04-29T01:02:22.780+0000] {dag.py:3954} INFO - Setting next_dagrun for example_subdag_operator.section-1 to None, run_after=None
[2026-04-29T01:02:22.781+0000] {logging_mixin.py:188} INFO - [2026-04-29T01:02:22.781+0000] {dag.py:3954} INFO - Setting next_dagrun for example_subdag_operator.section-2 to None, run_after=None
[2026-04-29T01:02:22.789+0000] {logging_mixin.py:188} INFO - [2026-04-29T01:02:22.789+0000] {dag.py:3096} INFO - Sync 2 DAGs
[2026-04-29T01:02:22.797+0000] {logging_mixin.py:188} INFO - [2026-04-29T01:02:22.796+0000] {dag.py:3954} INFO - Setting next_dagrun for example_subdag_operator.section-1 to None, run_after=None
[2026-04-29T01:02:22.797+0000] {logging_mixin.py:188} INFO - [2026-04-29T01:02:22.797+0000] {dag.py:3954} INFO - Setting next_dagrun for example_subdag_operator.section-2 to None, run_after=None
[2026-04-29T01:02:22.810+0000] {processor.py:183} INFO - Processing /home/airflow/.local/lib/python3.12/site-packages/airflow/example_dags/example_subdag_operator.py took 0.139 seconds
[2026-04-29T01:02:52.915+0000] {processor.py:161} INFO - Started process (PID=610) to work on /home/airflow/.local/lib/python3.12/site-packages/airflow/example_dags/example_subdag_operator.py
[2026-04-29T01:02:52.916+0000] {processor.py:830} INFO - Processing file /home/airflow/.local/lib/python3.12/site-packages/airflow/example_dags/example_subdag_operator.py for tasks to queue
[2026-04-29T01:02:52.918+0000] {logging_mixin.py:188} INFO - [2026-04-29T01:02:52.918+0000] {dagbag.py:540} INFO - Filling up the DagBag from /home/airflow/.local/lib/python3.12/site-packages/airflow/example_dags/example_subdag_operator.py
[2026-04-29T01:02:52.968+0000] {processor.py:840} INFO - DAG(s) 'example_subdag_operator.section-1', 'example_subdag_operator.section-2', 'example_subdag_operator' retrieved from /home/airflow/.local/lib/python3.12/site-packages/airflow/example_dags/example_subdag_operator.py
[2026-04-29T01:02:53.002+0000] {logging_mixin.py:188} INFO - [2026-04-29T01:02:53.002+0000] {dag.py:3096} INFO - Sync 3 DAGs
[2026-04-29T01:02:53.029+0000] {logging_mixin.py:188} INFO - [2026-04-29T01:02:53.028+0000] {dag.py:3954} INFO - Setting next_dagrun for example_subdag_operator to 2022-01-01 00:00:00+00:00, run_after=2022-01-01 00:00:00+00:00
[2026-04-29T01:02:53.036+0000] {logging_mixin.py:188} INFO - [2026-04-29T01:02:53.036+0000] {dag.py:3954} INFO - Setting next_dagrun for example_subdag_operator.section-1 to None, run_after=None
[2026-04-29T01:02:53.040+0000] {logging_mixin.py:188} INFO - [2026-04-29T01:02:53.040+0000] {dag.py:3954} INFO - Setting next_dagrun for example_subdag_operator.section-2 to None, run_after=None
[2026-04-29T01:02:53.067+0000] {logging_mixin.py:188} INFO - [2026-04-29T01:02:53.067+0000] {dag.py:3096} INFO - Sync 2 DAGs
[2026-04-29T01:02:53.074+0000] {logging_mixin.py:188} INFO - [2026-04-29T01:02:53.074+0000] {dag.py:3954} INFO - Setting next_dagrun for example_subdag_operator.section-1 to None, run_after=None
[2026-04-29T01:02:53.075+0000] {logging_mixin.py:188} INFO - [2026-04-29T01:02:53.074+0000] {dag.py:3954} INFO - Setting next_dagrun for example_subdag_operator.section-2 to None, run_after=None
[2026-04-29T01:02:53.097+0000] {processor.py:183} INFO - Processing /home/airflow/.local/lib/python3.12/site-packages/airflow/example_dags/example_subdag_operator.py took 0.200 seconds
[2026-04-29T01:03:24.219+0000] {processor.py:161} INFO - Started process (PID=672) to work on /home/airflow/.local/lib/python3.12/site-packages/airflow/example_dags/example_subdag_operator.py
[2026-04-29T01:03:24.220+0000] {processor.py:830} INFO - Processing file /home/airflow/.local/lib/python3.12/site-packages/airflow/example_dags/example_subdag_operator.py for tasks to queue
[2026-04-29T01:03:24.222+0000] {logging_mixin.py:188} INFO - [2026-04-29T01:03:24.222+0000] {dagbag.py:540} INFO - Filling up the DagBag from /home/airflow/.local/lib/python3.12/site-packages/airflow/example_dags/example_subdag_operator.py
[2026-04-29T01:03:24.251+0000] {processor.py:840} INFO - DAG(s) 'example_subdag_operator.section-1', 'example_subdag_operator.section-2', 'example_subdag_operator' retrieved from /home/airflow/.local/lib/python3.12/site-packages/airflow/example_dags/example_subdag_operator.py
[2026-04-29T01:03:24.270+0000] {logging_mixin.py:188} INFO - [2026-04-29T01:03:24.269+0000] {dag.py:3096} INFO - Sync 3 DAGs
[2026-04-29T01:03:24.295+0000] {logging_mixin.py:188} INFO - [2026-04-29T01:03:24.295+0000] {dag.py:3954} INFO - Setting next_dagrun for example_subdag_operator to 2022-01-01 00:00:00+00:00, run_after=2022-01-01 00:00:00+00:00
[2026-04-29T01:03:24.299+0000] {logging_mixin.py:188} INFO - [2026-04-29T01:03:24.299+0000] {dag.py:3954} INFO - Setting next_dagrun for example_subdag_operator.section-1 to None, run_after=None
[2026-04-29T01:03:24.300+0000] {logging_mixin.py:188} INFO - [2026-04-29T01:03:24.300+0000] {dag.py:3954} INFO - Setting next_dagrun for example_subdag_operator.section-2 to None, run_after=None
[2026-04-29T01:03:24.308+0000] {logging_mixin.py:188} INFO - [2026-04-29T01:03:24.308+0000] {dag.py:3096} INFO - Sync 2 DAGs
[2026-04-29T01:03:24.313+0000] {logging_mixin.py:188} INFO - [2026-04-29T01:03:24.313+0000] {dag.py:3954} INFO - Setting next_dagrun for example_subdag_operator.section-1 to None, run_after=None
[2026-04-29T01:03:24.314+0000] {logging_mixin.py:188} INFO - [2026-04-29T01:03:24.313+0000] {dag.py:3954} INFO - Setting next_dagrun for example_subdag_operator.section-2 to None, run_after=None
[2026-04-29T01:03:24.324+0000] {processor.py:183} INFO - Processing /home/airflow/.local/lib/python3.12/site-packages/airflow/example_dags/example_subdag_operator.py took 0.112 seconds
[2026-04-29T01:03:54.920+0000] {processor.py:161} INFO - Started process (PID=732) to work on /home/airflow/.local/lib/python3.12/site-packages/airflow/example_dags/example_subdag_operator.py
[2026-04-29T01:03:54.921+0000] {processor.py:830} INFO - Processing file /home/airflow/.local/lib/python3.12/site-packages/airflow/example_dags/example_subdag_operator.py for tasks to queue
[2026-04-29T01:03:54.924+0000] {logging_mixin.py:188} INFO - [2026-04-29T01:03:54.924+0000] {dagbag.py:540} INFO - Filling up the DagBag from /home/airflow/.local/lib/python3.12/site-packages/airflow/example_dags/example_subdag_operator.py
[2026-04-29T01:03:54.959+0000] {processor.py:840} INFO - DAG(s) 'example_subdag_operator.section-1', 'example_subdag_operator.section-2', 'example_subdag_operator' retrieved from /home/airflow/.local/lib/python3.12/site-packages/airflow/example_dags/example_subdag_operator.py
[2026-04-29T01:03:55.003+0000] {logging_mixin.py:188} INFO - [2026-04-29T01:03:55.001+0000] {dag.py:3096} INFO - Sync 3 DAGs
[2026-04-29T01:03:55.057+0000] {logging_mixin.py:188} INFO - [2026-04-29T01:03:55.056+0000] {dag.py:3954} INFO - Setting next_dagrun for example_subdag_operator to 2022-01-01 00:00:00+00:00, run_after=2022-01-01 00:00:00+00:00
[2026-04-29T01:03:55.061+0000] {logging_mixin.py:188} INFO - [2026-04-29T01:03:55.061+0000] {dag.py:3954} INFO - Setting next_dagrun for example_subdag_operator.section-1 to None, run_after=None
[2026-04-29T01:03:55.062+0000] {logging_mixin.py:188} INFO - [2026-04-29T01:03:55.062+0000] {dag.py:3954} INFO - Setting next_dagrun for example_subdag_operator.section-2 to None, run_after=None
[2026-04-29T01:03:55.070+0000] {logging_mixin.py:188} INFO - [2026-04-29T01:03:55.070+0000] {dag.py:3096} INFO - Sync 2 DAGs
[2026-04-29T01:03:55.076+0000] {logging_mixin.py:188} INFO - [2026-04-29T01:03:55.075+0000] {dag.py:3954} INFO - Setting next_dagrun for example_subdag_operator.section-1 to None, run_after=None
[2026-04-29T01:03:55.076+0000] {logging_mixin.py:188} INFO - [2026-04-29T01:03:55.076+0000] {dag.py:3954} INFO - Setting next_dagrun for example_subdag_operator.section-2 to None, run_after=None
[2026-04-29T01:03:55.086+0000] {processor.py:183} INFO - Processing /home/airflow/.local/lib/python3.12/site-packages/airflow/example_dags/example_subdag_operator.py took 0.173 seconds
[2026-04-29T01:04:25.210+0000] {processor.py:161} INFO - Started process (PID=791) to work on /home/airflow/.local/lib/python3.12/site-packages/airflow/example_dags/example_subdag_operator.py
[2026-04-29T01:04:25.211+0000] {processor.py:830} INFO - Processing file /home/airflow/.local/lib/python3.12/site-packages/airflow/example_dags/example_subdag_operator.py for tasks to queue
[2026-04-29T01:04:25.213+0000] {logging_mixin.py:188} INFO - [2026-04-29T01:04:25.212+0000] {dagbag.py:540} INFO - Filling up the DagBag from /home/airflow/.local/lib/python3.12/site-packages/airflow/example_dags/example_subdag_operator.py
[2026-04-29T01:04:25.242+0000] {processor.py:840} INFO - DAG(s) 'example_subdag_operator.section-1', 'example_subdag_operator.section-2', 'example_subdag_operator' retrieved from /home/airflow/.local/lib/python3.12/site-packages/airflow/example_dags/example_subdag_operator.py
[2026-04-29T01:04:25.265+0000] {logging_mixin.py:188} INFO - [2026-04-29T01:04:25.264+0000] {dag.py:3096} INFO - Sync 3 DAGs
[2026-04-29T01:04:25.295+0000] {logging_mixin.py:188} INFO - [2026-04-29T01:04:25.295+0000] {dag.py:3954} INFO - Setting next_dagrun for example_subdag_operator to 2022-01-01 00:00:00+00:00, run_after=2022-01-01 00:00:00+00:00
[2026-04-29T01:04:25.300+0000] {logging_mixin.py:188} INFO - [2026-04-29T01:04:25.300+0000] {dag.py:3954} INFO - Setting next_dagrun for example_subdag_operator.section-1 to None, run_after=None
[2026-04-29T01:04:25.301+0000] {logging_mixin.py:188} INFO - [2026-04-29T01:04:25.301+0000] {dag.py:3954} INFO - Setting next_dagrun for example_subdag_operator.section-2 to None, run_after=None
[2026-04-29T01:04:25.309+0000] {logging_mixin.py:188} INFO - [2026-04-29T01:04:25.309+0000] {dag.py:3096} INFO - Sync 2 DAGs
[2026-04-29T01:04:25.317+0000] {logging_mixin.py:188} INFO - [2026-04-29T01:04:25.317+0000] {dag.py:3954} INFO - Setting next_dagrun for example_subdag_operator.section-1 to None, run_after=None
[2026-04-29T01:04:25.318+0000] {logging_mixin.py:188} INFO - [2026-04-29T01:04:25.317+0000] {dag.py:3954} INFO - Setting next_dagrun for example_subdag_operator.section-2 to None, run_after=None
[2026-04-29T01:04:25.329+0000] {processor.py:183} INFO - Processing /home/airflow/.local/lib/python3.12/site-packages/airflow/example_dags/example_subdag_operator.py took 0.126 seconds
[2026-04-29T01:04:55.442+0000] {processor.py:161} INFO - Started process (PID=853) to work on /home/airflow/.local/lib/python3.12/site-packages/airflow/example_dags/example_subdag_operator.py
[2026-04-29T01:04:55.443+0000] {processor.py:830} INFO - Processing file /home/airflow/.local/lib/python3.12/site-packages/airflow/example_dags/example_subdag_operator.py for tasks to queue
[2026-04-29T01:04:55.445+0000] {logging_mixin.py:188} INFO - [2026-04-29T01:04:55.444+0000] {dagbag.py:540} INFO - Filling up the DagBag from /home/airflow/.local/lib/python3.12/site-packages/airflow/example_dags/example_subdag_operator.py
[2026-04-29T01:04:55.469+0000] {processor.py:840} INFO - DAG(s) 'example_subdag_operator.section-1', 'example_subdag_operator.section-2', 'example_subdag_operator' retrieved from /home/airflow/.local/lib/python3.12/site-packages/airflow/example_dags/example_subdag_operator.py
[2026-04-29T01:04:55.482+0000] {logging_mixin.py:188} INFO - [2026-04-29T01:04:55.482+0000] {dag.py:3096} INFO - Sync 3 DAGs
[2026-04-29T01:04:55.500+0000] {logging_mixin.py:188} INFO - [2026-04-29T01:04:55.500+0000] {dag.py:3954} INFO - Setting next_dagrun for example_subdag_operator to 2022-01-01 00:00:00+00:00, run_after=2022-01-01 00:00:00+00:00
[2026-04-29T01:04:55.503+0000] {logging_mixin.py:188} INFO - [2026-04-29T01:04:55.503+0000] {dag.py:3954} INFO - Setting next_dagrun for example_subdag_operator.section-1 to None, run_after=None
[2026-04-29T01:04:55.504+0000] {logging_mixin.py:188} INFO - [2026-04-29T01:04:55.504+0000] {dag.py:3954} INFO - Setting next_dagrun for example_subdag_operator.section-2 to None, run_after=None
[2026-04-29T01:04:55.510+0000] {logging_mixin.py:188} INFO - [2026-04-29T01:04:55.510+0000] {dag.py:3096} INFO - Sync 2 DAGs
[2026-04-29T01:04:55.514+0000] {logging_mixin.py:188} INFO - [2026-04-29T01:04:55.514+0000] {dag.py:3954} INFO - Setting next_dagrun for example_subdag_operator.section-1 to None, run_after=None
[2026-04-29T01:04:55.514+0000] {logging_mixin.py:188} INFO - [2026-04-29T01:04:55.514+0000] {dag.py:3954} INFO - Setting next_dagrun for example_subdag_operator.section-2 to None, run_after=None
[2026-04-29T01:04:55.524+0000] {processor.py:183} INFO - Processing /home/airflow/.local/lib/python3.12/site-packages/airflow/example_dags/example_subdag_operator.py took 0.090 seconds
[2026-04-29T01:05:25.803+0000] {processor.py:161} INFO - Started process (PID=913) to work on /home/airflow/.local/lib/python3.12/site-packages/airflow/example_dags/example_subdag_operator.py
[2026-04-29T01:05:25.807+0000] {processor.py:830} INFO - Processing file /home/airflow/.local/lib/python3.12/site-packages/airflow/example_dags/example_subdag_operator.py for tasks to queue
[2026-04-29T01:05:25.814+0000] {logging_mixin.py:188} INFO - [2026-04-29T01:05:25.813+0000] {dagbag.py:540} INFO - Filling up the DagBag from /home/airflow/.local/lib/python3.12/site-packages/airflow/example_dags/example_subdag_operator.py
[2026-04-29T01:05:25.844+0000] {processor.py:840} INFO - DAG(s) 'example_subdag_operator.section-1', 'example_subdag_operator.section-2', 'example_subdag_operator' retrieved from /home/airflow/.local/lib/python3.12/site-packages/airflow/example_dags/example_subdag_operator.py
[2026-04-29T01:05:25.864+0000] {logging_mixin.py:188} INFO - [2026-04-29T01:05:25.864+0000] {dag.py:3096} INFO - Sync 3 DAGs
[2026-04-29T01:05:25.893+0000] {logging_mixin.py:188} INFO - [2026-04-29T01:05:25.893+0000] {dag.py:3954} INFO - Setting next_dagrun for example_subdag_operator to 2022-01-01 00:00:00+00:00, run_after=2022-01-01 00:00:00+00:00
[2026-04-29T01:05:25.905+0000] {logging_mixin.py:188} INFO - [2026-04-29T01:05:25.905+0000] {dag.py:3954} INFO - Setting next_dagrun for example_subdag_operator.section-1 to None, run_after=None
[2026-04-29T01:05:25.908+0000] {logging_mixin.py:188} INFO - [2026-04-29T01:05:25.907+0000] {dag.py:3954} INFO - Setting next_dagrun for example_subdag_operator.section-2 to None, run_after=None
[2026-04-29T01:05:25.917+0000] {logging_mixin.py:188} INFO - [2026-04-29T01:05:25.917+0000] {dag.py:3096} INFO - Sync 2 DAGs
[2026-04-29T01:05:25.930+0000] {logging_mixin.py:188} INFO - [2026-04-29T01:05:25.930+0000] {dag.py:3954} INFO - Setting next_dagrun for example_subdag_operator.section-1 to None, run_after=None
[2026-04-29T01:05:25.932+0000] {logging_mixin.py:188} INFO - [2026-04-29T01:05:25.932+0000] {dag.py:3954} INFO - Setting next_dagrun for example_subdag_operator.section-2 to None, run_after=None
[2026-04-29T01:05:25.998+0000] {processor.py:183} INFO - Processing /home/airflow/.local/lib/python3.12/site-packages/airflow/example_dags/example_subdag_operator.py took 0.207 seconds
[2026-04-29T01:05:56.170+0000] {processor.py:161} INFO - Started process (PID=973) to work on /home/airflow/.local/lib/python3.12/site-packages/airflow/example_dags/example_subdag_operator.py
[2026-04-29T01:05:56.172+0000] {processor.py:830} INFO - Processing file /home/airflow/.local/lib/python3.12/site-packages/airflow/example_dags/example_subdag_operator.py for tasks to queue
[2026-04-29T01:05:56.176+0000] {logging_mixin.py:188} INFO - [2026-04-29T01:05:56.175+0000] {dagbag.py:540} INFO - Filling up the DagBag from /home/airflow/.local/lib/python3.12/site-packages/airflow/example_dags/example_subdag_operator.py
[2026-04-29T01:05:56.253+0000] {processor.py:840} INFO - DAG(s) 'example_subdag_operator.section-1', 'example_subdag_operator.section-2', 'example_subdag_operator' retrieved from /home/airflow/.local/lib/python3.12/site-packages/airflow/example_dags/example_subdag_operator.py
[2026-04-29T01:05:56.320+0000] {logging_mixin.py:188} INFO - [2026-04-29T01:05:56.320+0000] {dag.py:3096} INFO - Sync 3 DAGs
[2026-04-29T01:05:56.418+0000] {logging_mixin.py:188} INFO - [2026-04-29T01:05:56.417+0000] {dag.py:3954} INFO - Setting next_dagrun for example_subdag_operator to 2022-01-01 00:00:00+00:00, run_after=2022-01-01 00:00:00+00:00
[2026-04-29T01:05:56.434+0000] {logging_mixin.py:188} INFO - [2026-04-29T01:05:56.432+0000] {dag.py:3954} INFO - Setting next_dagrun for example_subdag_operator.section-1 to None, run_after=None
[2026-04-29T01:05:56.444+0000] {logging_mixin.py:188} INFO - [2026-04-29T01:05:56.443+0000] {dag.py:3954} INFO - Setting next_dagrun for example_subdag_operator.section-2 to None, run_after=None
[2026-04-29T01:05:56.475+0000] {logging_mixin.py:188} INFO - [2026-04-29T01:05:56.470+0000] {dag.py:3096} INFO - Sync 2 DAGs
[2026-04-29T01:05:56.487+0000] {logging_mixin.py:188} INFO - [2026-04-29T01:05:56.487+0000] {dag.py:3954} INFO - Setting next_dagrun for example_subdag_operator.section-1 to None, run_after=None
[2026-04-29T01:05:56.489+0000] {logging_mixin.py:188} INFO - [2026-04-29T01:05:56.489+0000] {dag.py:3954} INFO - Setting next_dagrun for example_subdag_operator.section-2 to None, run_after=None
[2026-04-29T01:05:56.595+0000] {processor.py:183} INFO - Processing /home/airflow/.local/lib/python3.12/site-packages/airflow/example_dags/example_subdag_operator.py took 0.435 seconds
[2026-04-29T01:06:26.945+0000] {processor.py:161} INFO - Started process (PID=1033) to work on /home/airflow/.local/lib/python3.12/site-packages/airflow/example_dags/example_subdag_operator.py
[2026-04-29T01:06:26.958+0000] {processor.py:830} INFO - Processing file /home/airflow/.local/lib/python3.12/site-packages/airflow/example_dags/example_subdag_operator.py for tasks to queue
[2026-04-29T01:06:26.966+0000] {logging_mixin.py:188} INFO - [2026-04-29T01:06:26.963+0000] {dagbag.py:540} INFO - Filling up the DagBag from /home/airflow/.local/lib/python3.12/site-packages/airflow/example_dags/example_subdag_operator.py
[2026-04-29T01:06:27.023+0000] {processor.py:840} INFO - DAG(s) 'example_subdag_operator.section-1', 'example_subdag_operator.section-2', 'example_subdag_operator' retrieved from /home/airflow/.local/lib/python3.12/site-packages/airflow/example_dags/example_subdag_operator.py
[2026-04-29T01:06:27.063+0000] {logging_mixin.py:188} INFO - [2026-04-29T01:06:27.063+0000] {dag.py:3096} INFO - Sync 3 DAGs
[2026-04-29T01:06:27.129+0000] {logging_mixin.py:188} INFO - [2026-04-29T01:06:27.128+0000] {dag.py:3954} INFO - Setting next_dagrun for example_subdag_operator to 2022-01-01 00:00:00+00:00, run_after=2022-01-01 00:00:00+00:00
[2026-04-29T01:06:27.143+0000] {logging_mixin.py:188} INFO - [2026-04-29T01:06:27.142+0000] {dag.py:3954} INFO - Setting next_dagrun for example_subdag_operator.section-1 to None, run_after=None
[2026-04-29T01:06:27.153+0000] {logging_mixin.py:188} INFO - [2026-04-29T01:06:27.152+0000] {dag.py:3954} INFO - Setting next_dagrun for example_subdag_operator.section-2 to None, run_after=None
[2026-04-29T01:06:27.519+0000] {logging_mixin.py:188} INFO - [2026-04-29T01:06:27.519+0000] {dag.py:3096} INFO - Sync 2 DAGs
[2026-04-29T01:06:27.530+0000] {logging_mixin.py:188} INFO - [2026-04-29T01:06:27.530+0000] {dag.py:3954} INFO - Setting next_dagrun for example_subdag_operator.section-1 to None, run_after=None
[2026-04-29T01:06:27.531+0000] {logging_mixin.py:188} INFO - [2026-04-29T01:06:27.531+0000] {dag.py:3954} INFO - Setting next_dagrun for example_subdag_operator.section-2 to None, run_after=None
[2026-04-29T01:06:27.553+0000] {processor.py:183} INFO - Processing /home/airflow/.local/lib/python3.12/site-packages/airflow/example_dags/example_subdag_operator.py took 0.645 seconds
[2026-04-29T01:06:58.605+0000] {processor.py:161} INFO - Started process (PID=1094) to work on /home/airflow/.local/lib/python3.12/site-packages/airflow/example_dags/example_subdag_operator.py
[2026-04-29T01:06:58.608+0000] {processor.py:830} INFO - Processing file /home/airflow/.local/lib/python3.12/site-packages/airflow/example_dags/example_subdag_operator.py for tasks to queue
[2026-04-29T01:06:58.615+0000] {logging_mixin.py:188} INFO - [2026-04-29T01:06:58.614+0000] {dagbag.py:540} INFO - Filling up the DagBag from /home/airflow/.local/lib/python3.12/site-packages/airflow/example_dags/example_subdag_operator.py
[2026-04-29T01:06:58.659+0000] {processor.py:840} INFO - DAG(s) 'example_subdag_operator.section-1', 'example_subdag_operator.section-2', 'example_subdag_operator' retrieved from /home/airflow/.local/lib/python3.12/site-packages/airflow/example_dags/example_subdag_operator.py
[2026-04-29T01:06:58.710+0000] {logging_mixin.py:188} INFO - [2026-04-29T01:06:58.710+0000] {dag.py:3096} INFO - Sync 3 DAGs
[2026-04-29T01:06:58.770+0000] {logging_mixin.py:188} INFO - [2026-04-29T01:06:58.769+0000] {dag.py:3954} INFO - Setting next_dagrun for example_subdag_operator to 2022-01-01 00:00:00+00:00, run_after=2022-01-01 00:00:00+00:00
[2026-04-29T01:06:58.784+0000] {logging_mixin.py:188} INFO - [2026-04-29T01:06:58.783+0000] {dag.py:3954} INFO - Setting next_dagrun for example_subdag_operator.section-1 to None, run_after=None
[2026-04-29T01:06:58.787+0000] {logging_mixin.py:188} INFO - [2026-04-29T01:06:58.786+0000] {dag.py:3954} INFO - Setting next_dagrun for example_subdag_operator.section-2 to None, run_after=None
[2026-04-29T01:06:58.804+0000] {logging_mixin.py:188} INFO - [2026-04-29T01:06:58.804+0000] {dag.py:3096} INFO - Sync 2 DAGs
[2026-04-29T01:06:58.831+0000] {logging_mixin.py:188} INFO - [2026-04-29T01:06:58.831+0000] {dag.py:3954} INFO - Setting next_dagrun for example_subdag_operator.section-1 to None, run_after=None
[2026-04-29T01:06:58.833+0000] {logging_mixin.py:188} INFO - [2026-04-29T01:06:58.832+0000] {dag.py:3954} INFO - Setting next_dagrun for example_subdag_operator.section-2 to None, run_after=None
[2026-04-29T01:06:58.862+0000] {processor.py:183} INFO - Processing /home/airflow/.local/lib/python3.12/site-packages/airflow/example_dags/example_subdag_operator.py took 0.276 seconds
[2026-04-29T01:07:29.142+0000] {processor.py:161} INFO - Started process (PID=1154) to work on /home/airflow/.local/lib/python3.12/site-packages/airflow/example_dags/example_subdag_operator.py
[2026-04-29T01:07:29.144+0000] {processor.py:830} INFO - Processing file /home/airflow/.local/lib/python3.12/site-packages/airflow/example_dags/example_subdag_operator.py for tasks to queue
[2026-04-29T01:07:29.148+0000] {logging_mixin.py:188} INFO - [2026-04-29T01:07:29.148+0000] {dagbag.py:540} INFO - Filling up the DagBag from /home/airflow/.local/lib/python3.12/site-packages/airflow/example_dags/example_subdag_operator.py
[2026-04-29T01:07:29.208+0000] {processor.py:840} INFO - DAG(s) 'example_subdag_operator.section-1', 'example_subdag_operator.section-2', 'example_subdag_operator' retrieved from /home/airflow/.local/lib/python3.12/site-packages/airflow/example_dags/example_subdag_operator.py
[2026-04-29T01:07:29.261+0000] {logging_mixin.py:188} INFO - [2026-04-29T01:07:29.259+0000] {dag.py:3096} INFO - Sync 3 DAGs
[2026-04-29T01:07:29.320+0000] {logging_mixin.py:188} INFO - [2026-04-29T01:07:29.319+0000] {dag.py:3954} INFO - Setting next_dagrun for example_subdag_operator to 2022-01-01 00:00:00+00:00, run_after=2022-01-01 00:00:00+00:00
[2026-04-29T01:07:29.328+0000] {logging_mixin.py:188} INFO - [2026-04-29T01:07:29.328+0000] {dag.py:3954} INFO - Setting next_dagrun for example_subdag_operator.section-1 to None, run_after=None
[2026-04-29T01:07:29.332+0000] {logging_mixin.py:188} INFO - [2026-04-29T01:07:29.332+0000] {dag.py:3954} INFO - Setting next_dagrun for example_subdag_operator.section-2 to None, run_after=None
[2026-04-29T01:07:29.346+0000] {logging_mixin.py:188} INFO - [2026-04-29T01:07:29.346+0000] {dag.py:3096} INFO - Sync 2 DAGs
[2026-04-29T01:07:29.361+0000] {logging_mixin.py:188} INFO - [2026-04-29T01:07:29.360+0000] {dag.py:3954} INFO - Setting next_dagrun for example_subdag_operator.section-1 to None, run_after=None
[2026-04-29T01:07:29.362+0000] {logging_mixin.py:188} INFO - [2026-04-29T01:07:29.362+0000] {dag.py:3954} INFO - Setting next_dagrun for example_subdag_operator.section-2 to None, run_after=None
[2026-04-29T01:07:29.385+0000] {processor.py:183} INFO - Processing /home/airflow/.local/lib/python3.12/site-packages/airflow/example_dags/example_subdag_operator.py took 0.259 seconds
[2026-04-29T01:08:00.189+0000] {processor.py:161} INFO - Started process (PID=1211) to work on /home/airflow/.local/lib/python3.12/site-packages/airflow/example_dags/example_subdag_operator.py
[2026-04-29T01:08:00.189+0000] {processor.py:830} INFO - Processing file /home/airflow/.local/lib/python3.12/site-packages/airflow/example_dags/example_subdag_operator.py for tasks to queue
[2026-04-29T01:08:00.191+0000] {logging_mixin.py:188} INFO - [2026-04-29T01:08:00.191+0000] {dagbag.py:540} INFO - Filling up the DagBag from /home/airflow/.local/lib/python3.12/site-packages/airflow/example_dags/example_subdag_operator.py
[2026-04-29T01:08:00.219+0000] {processor.py:840} INFO - DAG(s) 'example_subdag_operator.section-1', 'example_subdag_operator.section-2', 'example_subdag_operator' retrieved from /home/airflow/.local/lib/python3.12/site-packages/airflow/example_dags/example_subdag_operator.py
[2026-04-29T01:08:00.541+0000] {logging_mixin.py:188} INFO - [2026-04-29T01:08:00.540+0000] {dag.py:3096} INFO - Sync 3 DAGs
[2026-04-29T01:08:00.627+0000] {logging_mixin.py:188} INFO - [2026-04-29T01:08:00.627+0000] {dag.py:3954} INFO - Setting next_dagrun for example_subdag_operator to 2022-01-01 00:00:00+00:00, run_after=2022-01-01 00:00:00+00:00
[2026-04-29T01:08:00.643+0000] {logging_mixin.py:188} INFO - [2026-04-29T01:08:00.643+0000] {dag.py:3954} INFO - Setting next_dagrun for example_subdag_operator.section-1 to None, run_after=None
[2026-04-29T01:08:00.649+0000] {logging_mixin.py:188} INFO - [2026-04-29T01:08:00.649+0000] {dag.py:3954} INFO - Setting next_dagrun for example_subdag_operator.section-2 to None, run_after=None
[2026-04-29T01:08:00.676+0000] {logging_mixin.py:188} INFO - [2026-04-29T01:08:00.672+0000] {dag.py:3096} INFO - Sync 2 DAGs
[2026-04-29T01:08:00.691+0000] {logging_mixin.py:188} INFO - [2026-04-29T01:08:00.690+0000] {dag.py:3954} INFO - Setting next_dagrun for example_subdag_operator.section-1 to None, run_after=None
[2026-04-29T01:08:00.691+0000] {logging_mixin.py:188} INFO - [2026-04-29T01:08:00.691+0000] {dag.py:3954} INFO - Setting next_dagrun for example_subdag_operator.section-2 to None, run_after=None
[2026-04-29T01:08:00.702+0000] {processor.py:183} INFO - Processing /home/airflow/.local/lib/python3.12/site-packages/airflow/example_dags/example_subdag_operator.py took 0.520 seconds
[2026-04-29T01:08:31.092+0000] {processor.py:161} INFO - Started process (PID=1271) to work on /home/airflow/.local/lib/python3.12/site-packages/airflow/example_dags/example_subdag_operator.py
[2026-04-29T01:08:31.093+0000] {processor.py:830} INFO - Processing file /home/airflow/.local/lib/python3.12/site-packages/airflow/example_dags/example_subdag_operator.py for tasks to queue
[2026-04-29T01:08:31.098+0000] {logging_mixin.py:188} INFO - [2026-04-29T01:08:31.097+0000] {dagbag.py:540} INFO - Filling up the DagBag from /home/airflow/.local/lib/python3.12/site-packages/airflow/example_dags/example_subdag_operator.py
[2026-04-29T01:08:31.243+0000] {processor.py:840} INFO - DAG(s) 'example_subdag_operator.section-1', 'example_subdag_operator.section-2', 'example_subdag_operator' retrieved from /home/airflow/.local/lib/python3.12/site-packages/airflow/example_dags/example_subdag_operator.py
[2026-04-29T01:08:31.317+0000] {logging_mixin.py:188} INFO - [2026-04-29T01:08:31.317+0000] {dag.py:3096} INFO - Sync 3 DAGs
[2026-04-29T01:08:31.491+0000] {logging_mixin.py:188} INFO - [2026-04-29T01:08:31.490+0000] {dag.py:3954} INFO - Setting next_dagrun for example_subdag_operator to 2022-01-01 00:00:00+00:00, run_after=2022-01-01 00:00:00+00:00
[2026-04-29T01:08:31.502+0000] {logging_mixin.py:188} INFO - [2026-04-29T01:08:31.502+0000] {dag.py:3954} INFO - Setting next_dagrun for example_subdag_operator.section-1 to None, run_after=None
[2026-04-29T01:08:31.507+0000] {logging_mixin.py:188} INFO - [2026-04-29T01:08:31.506+0000] {dag.py:3954} INFO - Setting next_dagrun for example_subdag_operator.section-2 to None, run_after=None
[2026-04-29T01:08:31.520+0000] {logging_mixin.py:188} INFO - [2026-04-29T01:08:31.520+0000] {dag.py:3096} INFO - Sync 2 DAGs
[2026-04-29T01:08:31.533+0000] {logging_mixin.py:188} INFO - [2026-04-29T01:08:31.533+0000] {dag.py:3954} INFO - Setting next_dagrun for example_subdag_operator.section-1 to None, run_after=None
[2026-04-29T01:08:31.535+0000] {logging_mixin.py:188} INFO - [2026-04-29T01:08:31.535+0000] {dag.py:3954} INFO - Setting next_dagrun for example_subdag_operator.section-2 to None, run_after=None
[2026-04-29T01:08:31.570+0000] {processor.py:183} INFO - Processing /home/airflow/.local/lib/python3.12/site-packages/airflow/example_dags/example_subdag_operator.py took 0.528 seconds
[2026-04-29T01:09:02.032+0000] {processor.py:161} INFO - Started process (PID=1331) to work on /home/airflow/.local/lib/python3.12/site-packages/airflow/example_dags/example_subdag_operator.py
[2026-04-29T01:09:02.037+0000] {processor.py:830} INFO - Processing file /home/airflow/.local/lib/python3.12/site-packages/airflow/example_dags/example_subdag_operator.py for tasks to queue
[2026-04-29T01:09:02.039+0000] {logging_mixin.py:188} INFO - [2026-04-29T01:09:02.039+0000] {dagbag.py:540} INFO - Filling up the DagBag from /home/airflow/.local/lib/python3.12/site-packages/airflow/example_dags/example_subdag_operator.py
[2026-04-29T01:09:02.071+0000] {processor.py:840} INFO - DAG(s) 'example_subdag_operator.section-1', 'example_subdag_operator.section-2', 'example_subdag_operator' retrieved from /home/airflow/.local/lib/python3.12/site-packages/airflow/example_dags/example_subdag_operator.py
[2026-04-29T01:09:02.085+0000] {logging_mixin.py:188} INFO - [2026-04-29T01:09:02.085+0000] {dag.py:3096} INFO - Sync 3 DAGs
[2026-04-29T01:09:02.109+0000] {logging_mixin.py:188} INFO - [2026-04-29T01:09:02.109+0000] {dag.py:3954} INFO - Setting next_dagrun for example_subdag_operator to 2022-01-01 00:00:00+00:00, run_after=2022-01-01 00:00:00+00:00
[2026-04-29T01:09:02.117+0000] {logging_mixin.py:188} INFO - [2026-04-29T01:09:02.116+0000] {dag.py:3954} INFO - Setting next_dagrun for example_subdag_operator.section-1 to None, run_after=None
[2026-04-29T01:09:02.120+0000] {logging_mixin.py:188} INFO - [2026-04-29T01:09:02.120+0000] {dag.py:3954} INFO - Setting next_dagrun for example_subdag_operator.section-2 to None, run_after=None
[2026-04-29T01:09:02.141+0000] {logging_mixin.py:188} INFO - [2026-04-29T01:09:02.141+0000] {dag.py:3096} INFO - Sync 2 DAGs
[2026-04-29T01:09:02.155+0000] {logging_mixin.py:188} INFO - [2026-04-29T01:09:02.155+0000] {dag.py:3954} INFO - Setting next_dagrun for example_subdag_operator.section-1 to None, run_after=None
[2026-04-29T01:09:02.156+0000] {logging_mixin.py:188} INFO - [2026-04-29T01:09:02.155+0000] {dag.py:3954} INFO - Setting next_dagrun for example_subdag_operator.section-2 to None, run_after=None
[2026-04-29T01:09:02.182+0000] {processor.py:183} INFO - Processing /home/airflow/.local/lib/python3.12/site-packages/airflow/example_dags/example_subdag_operator.py took 0.158 seconds
[2026-04-29T01:09:32.352+0000] {processor.py:161} INFO - Started process (PID=1391) to work on /home/airflow/.local/lib/python3.12/site-packages/airflow/example_dags/example_subdag_operator.py
[2026-04-29T01:09:32.353+0000] {processor.py:830} INFO - Processing file /home/airflow/.local/lib/python3.12/site-packages/airflow/example_dags/example_subdag_operator.py for tasks to queue
[2026-04-29T01:09:32.355+0000] {logging_mixin.py:188} INFO - [2026-04-29T01:09:32.354+0000] {dagbag.py:540} INFO - Filling up the DagBag from /home/airflow/.local/lib/python3.12/site-packages/airflow/example_dags/example_subdag_operator.py
[2026-04-29T01:09:32.386+0000] {processor.py:840} INFO - DAG(s) 'example_subdag_operator.section-1', 'example_subdag_operator.section-2', 'example_subdag_operator' retrieved from /home/airflow/.local/lib/python3.12/site-packages/airflow/example_dags/example_subdag_operator.py
[2026-04-29T01:09:32.405+0000] {logging_mixin.py:188} INFO - [2026-04-29T01:09:32.405+0000] {dag.py:3096} INFO - Sync 3 DAGs
[2026-04-29T01:09:32.435+0000] {logging_mixin.py:188} INFO - [2026-04-29T01:09:32.434+0000] {dag.py:3954} INFO - Setting next_dagrun for example_subdag_operator to 2022-01-01 00:00:00+00:00, run_after=2022-01-01 00:00:00+00:00
[2026-04-29T01:09:32.439+0000] {logging_mixin.py:188} INFO - [2026-04-29T01:09:32.439+0000] {dag.py:3954} INFO - Setting next_dagrun for example_subdag_operator.section-1 to None, run_after=None
[2026-04-29T01:09:32.440+0000] {logging_mixin.py:188} INFO - [2026-04-29T01:09:32.440+0000] {dag.py:3954} INFO - Setting next_dagrun for example_subdag_operator.section-2 to None, run_after=None
[2026-04-29T01:09:32.448+0000] {logging_mixin.py:188} INFO - [2026-04-29T01:09:32.447+0000] {dag.py:3096} INFO - Sync 2 DAGs
[2026-04-29T01:09:32.454+0000] {logging_mixin.py:188} INFO - [2026-04-29T01:09:32.454+0000] {dag.py:3954} INFO - Setting next_dagrun for example_subdag_operator.section-1 to None, run_after=None
[2026-04-29T01:09:32.454+0000] {logging_mixin.py:188} INFO - [2026-04-29T01:09:32.454+0000] {dag.py:3954} INFO - Setting next_dagrun for example_subdag_operator.section-2 to None, run_after=None
[2026-04-29T01:09:32.466+0000] {processor.py:183} INFO - Processing /home/airflow/.local/lib/python3.12/site-packages/airflow/example_dags/example_subdag_operator.py took 0.121 seconds
[2026-04-29T01:10:03.111+0000] {processor.py:161} INFO - Started process (PID=1451) to work on /home/airflow/.local/lib/python3.12/site-packages/airflow/example_dags/example_subdag_operator.py
[2026-04-29T01:10:03.134+0000] {processor.py:830} INFO - Processing file /home/airflow/.local/lib/python3.12/site-packages/airflow/example_dags/example_subdag_operator.py for tasks to queue
[2026-04-29T01:10:03.151+0000] {logging_mixin.py:188} INFO - [2026-04-29T01:10:03.150+0000] {dagbag.py:540} INFO - Filling up the DagBag from /home/airflow/.local/lib/python3.12/site-packages/airflow/example_dags/example_subdag_operator.py
[2026-04-29T01:10:03.357+0000] {processor.py:840} INFO - DAG(s) 'example_subdag_operator.section-1', 'example_subdag_operator.section-2', 'example_subdag_operator' retrieved from /home/airflow/.local/lib/python3.12/site-packages/airflow/example_dags/example_subdag_operator.py
[2026-04-29T01:10:03.421+0000] {logging_mixin.py:188} INFO - [2026-04-29T01:10:03.421+0000] {dag.py:3096} INFO - Sync 3 DAGs
[2026-04-29T01:10:03.621+0000] {logging_mixin.py:188} INFO - [2026-04-29T01:10:03.621+0000] {dag.py:3954} INFO - Setting next_dagrun for example_subdag_operator to 2022-01-01 00:00:00+00:00, run_after=2022-01-01 00:00:00+00:00
[2026-04-29T01:10:03.656+0000] {logging_mixin.py:188} INFO - [2026-04-29T01:10:03.655+0000] {dag.py:3954} INFO - Setting next_dagrun for example_subdag_operator.section-1 to None, run_after=None
[2026-04-29T01:10:03.665+0000] {logging_mixin.py:188} INFO - [2026-04-29T01:10:03.665+0000] {dag.py:3954} INFO - Setting next_dagrun for example_subdag_operator.section-2 to None, run_after=None
[2026-04-29T01:10:03.705+0000] {logging_mixin.py:188} INFO - [2026-04-29T01:10:03.705+0000] {dag.py:3096} INFO - Sync 2 DAGs
[2026-04-29T01:10:03.820+0000] {logging_mixin.py:188} INFO - [2026-04-29T01:10:03.810+0000] {dag.py:3954} INFO - Setting next_dagrun for example_subdag_operator.section-1 to None, run_after=None
[2026-04-29T01:10:03.836+0000] {logging_mixin.py:188} INFO - [2026-04-29T01:10:03.821+0000] {dag.py:3954} INFO - Setting next_dagrun for example_subdag_operator.section-2 to None, run_after=None
[2026-04-29T01:10:03.951+0000] {processor.py:183} INFO - Processing /home/airflow/.local/lib/python3.12/site-packages/airflow/example_dags/example_subdag_operator.py took 0.907 seconds
