[2026-04-29T00:54:52.577+0000] {processor.py:161} INFO - Started process (PID=66) to work on /home/airflow/.local/lib/python3.12/site-packages/airflow/example_dags/example_bash_decorator.py
[2026-04-29T00:54:52.578+0000] {processor.py:830} INFO - Processing file /home/airflow/.local/lib/python3.12/site-packages/airflow/example_dags/example_bash_decorator.py for tasks to queue
[2026-04-29T00:54:52.580+0000] {logging_mixin.py:188} INFO - [2026-04-29T00:54:52.580+0000] {dagbag.py:540} INFO - Filling up the DagBag from /home/airflow/.local/lib/python3.12/site-packages/airflow/example_dags/example_bash_decorator.py
[2026-04-29T00:54:52.606+0000] {processor.py:840} INFO - DAG(s) 'example_bash_decorator' retrieved from /home/airflow/.local/lib/python3.12/site-packages/airflow/example_dags/example_bash_decorator.py
[2026-04-29T00:54:52.874+0000] {logging_mixin.py:188} INFO - [2026-04-29T00:54:52.872+0000] {dag.py:3096} INFO - Sync 1 DAGs
[2026-04-29T00:54:52.906+0000] {logging_mixin.py:188} INFO - [2026-04-29T00:54:52.906+0000] {dag.py:3954} INFO - Setting next_dagrun for example_bash_decorator to None, run_after=None
[2026-04-29T00:54:53.020+0000] {processor.py:183} INFO - Processing /home/airflow/.local/lib/python3.12/site-packages/airflow/example_dags/example_bash_decorator.py took 0.449 seconds
[2026-04-29T00:58:14.088+0000] {processor.py:161} INFO - Started process (PID=74) to work on /home/airflow/.local/lib/python3.12/site-packages/airflow/example_dags/example_bash_decorator.py
[2026-04-29T00:58:14.116+0000] {processor.py:830} INFO - Processing file /home/airflow/.local/lib/python3.12/site-packages/airflow/example_dags/example_bash_decorator.py for tasks to queue
[2026-04-29T00:58:14.126+0000] {logging_mixin.py:188} INFO - [2026-04-29T00:58:14.125+0000] {dagbag.py:540} INFO - Filling up the DagBag from /home/airflow/.local/lib/python3.12/site-packages/airflow/example_dags/example_bash_decorator.py
[2026-04-29T00:58:14.320+0000] {processor.py:840} INFO - DAG(s) 'example_bash_decorator' retrieved from /home/airflow/.local/lib/python3.12/site-packages/airflow/example_dags/example_bash_decorator.py
[2026-04-29T00:58:14.865+0000] {logging_mixin.py:188} INFO - [2026-04-29T00:58:14.864+0000] {override.py:1829} INFO - Created Permission View: can edit on DAG:example_bash_decorator
[2026-04-29T00:58:14.940+0000] {logging_mixin.py:188} INFO - [2026-04-29T00:58:14.940+0000] {override.py:1829} INFO - Created Permission View: can delete on DAG:example_bash_decorator
[2026-04-29T00:58:15.001+0000] {logging_mixin.py:188} INFO - [2026-04-29T00:58:15.000+0000] {override.py:1829} INFO - Created Permission View: can read on DAG:example_bash_decorator
[2026-04-29T00:58:15.008+0000] {logging_mixin.py:188} INFO - [2026-04-29T00:58:15.008+0000] {dag.py:3096} INFO - Sync 1 DAGs
[2026-04-29T00:58:15.099+0000] {logging_mixin.py:188} INFO - [2026-04-29T00:58:15.098+0000] {dag.py:3118} INFO - Creating ORM DAG for example_bash_decorator
[2026-04-29T00:58:15.106+0000] {logging_mixin.py:188} INFO - [2026-04-29T00:58:15.105+0000] {dag.py:3954} INFO - Setting next_dagrun for example_bash_decorator to None, run_after=None
[2026-04-29T00:58:15.223+0000] {processor.py:183} INFO - Processing /home/airflow/.local/lib/python3.12/site-packages/airflow/example_dags/example_bash_decorator.py took 1.207 seconds
[2026-04-29T00:58:46.260+0000] {processor.py:161} INFO - Started process (PID=134) to work on /home/airflow/.local/lib/python3.12/site-packages/airflow/example_dags/example_bash_decorator.py
[2026-04-29T00:58:46.266+0000] {processor.py:830} INFO - Processing file /home/airflow/.local/lib/python3.12/site-packages/airflow/example_dags/example_bash_decorator.py for tasks to queue
[2026-04-29T00:58:46.279+0000] {logging_mixin.py:188} INFO - [2026-04-29T00:58:46.278+0000] {dagbag.py:540} INFO - Filling up the DagBag from /home/airflow/.local/lib/python3.12/site-packages/airflow/example_dags/example_bash_decorator.py
[2026-04-29T00:58:46.351+0000] {processor.py:840} INFO - DAG(s) 'example_bash_decorator' retrieved from /home/airflow/.local/lib/python3.12/site-packages/airflow/example_dags/example_bash_decorator.py
[2026-04-29T00:58:46.455+0000] {logging_mixin.py:188} INFO - [2026-04-29T00:58:46.455+0000] {dag.py:3096} INFO - Sync 1 DAGs
[2026-04-29T00:58:46.528+0000] {logging_mixin.py:188} INFO - [2026-04-29T00:58:46.528+0000] {dag.py:3954} INFO - Setting next_dagrun for example_bash_decorator to None, run_after=None
[2026-04-29T00:58:46.795+0000] {processor.py:183} INFO - Processing /home/airflow/.local/lib/python3.12/site-packages/airflow/example_dags/example_bash_decorator.py took 0.645 seconds
[2026-04-29T00:59:17.135+0000] {processor.py:161} INFO - Started process (PID=193) to work on /home/airflow/.local/lib/python3.12/site-packages/airflow/example_dags/example_bash_decorator.py
[2026-04-29T00:59:17.136+0000] {processor.py:830} INFO - Processing file /home/airflow/.local/lib/python3.12/site-packages/airflow/example_dags/example_bash_decorator.py for tasks to queue
[2026-04-29T00:59:17.138+0000] {logging_mixin.py:188} INFO - [2026-04-29T00:59:17.137+0000] {dagbag.py:540} INFO - Filling up the DagBag from /home/airflow/.local/lib/python3.12/site-packages/airflow/example_dags/example_bash_decorator.py
[2026-04-29T00:59:17.149+0000] {processor.py:840} INFO - DAG(s) 'example_bash_decorator' retrieved from /home/airflow/.local/lib/python3.12/site-packages/airflow/example_dags/example_bash_decorator.py
[2026-04-29T00:59:17.170+0000] {logging_mixin.py:188} INFO - [2026-04-29T00:59:17.170+0000] {dag.py:3096} INFO - Sync 1 DAGs
[2026-04-29T00:59:17.185+0000] {logging_mixin.py:188} INFO - [2026-04-29T00:59:17.184+0000] {dag.py:3954} INFO - Setting next_dagrun for example_bash_decorator to None, run_after=None
[2026-04-29T00:59:17.210+0000] {processor.py:183} INFO - Processing /home/airflow/.local/lib/python3.12/site-packages/airflow/example_dags/example_bash_decorator.py took 0.081 seconds
[2026-04-29T00:59:47.511+0000] {processor.py:161} INFO - Started process (PID=252) to work on /home/airflow/.local/lib/python3.12/site-packages/airflow/example_dags/example_bash_decorator.py
[2026-04-29T00:59:47.511+0000] {processor.py:830} INFO - Processing file /home/airflow/.local/lib/python3.12/site-packages/airflow/example_dags/example_bash_decorator.py for tasks to queue
[2026-04-29T00:59:47.513+0000] {logging_mixin.py:188} INFO - [2026-04-29T00:59:47.513+0000] {dagbag.py:540} INFO - Filling up the DagBag from /home/airflow/.local/lib/python3.12/site-packages/airflow/example_dags/example_bash_decorator.py
[2026-04-29T00:59:47.525+0000] {processor.py:840} INFO - DAG(s) 'example_bash_decorator' retrieved from /home/airflow/.local/lib/python3.12/site-packages/airflow/example_dags/example_bash_decorator.py
[2026-04-29T00:59:47.547+0000] {logging_mixin.py:188} INFO - [2026-04-29T00:59:47.546+0000] {dag.py:3096} INFO - Sync 1 DAGs
[2026-04-29T00:59:47.559+0000] {logging_mixin.py:188} INFO - [2026-04-29T00:59:47.558+0000] {dag.py:3954} INFO - Setting next_dagrun for example_bash_decorator to None, run_after=None
[2026-04-29T00:59:47.574+0000] {processor.py:183} INFO - Processing /home/airflow/.local/lib/python3.12/site-packages/airflow/example_dags/example_bash_decorator.py took 0.068 seconds
[2026-04-29T01:00:18.226+0000] {processor.py:161} INFO - Started process (PID=311) to work on /home/airflow/.local/lib/python3.12/site-packages/airflow/example_dags/example_bash_decorator.py
[2026-04-29T01:00:18.227+0000] {processor.py:830} INFO - Processing file /home/airflow/.local/lib/python3.12/site-packages/airflow/example_dags/example_bash_decorator.py for tasks to queue
[2026-04-29T01:00:18.230+0000] {logging_mixin.py:188} INFO - [2026-04-29T01:00:18.230+0000] {dagbag.py:540} INFO - Filling up the DagBag from /home/airflow/.local/lib/python3.12/site-packages/airflow/example_dags/example_bash_decorator.py
[2026-04-29T01:00:18.252+0000] {processor.py:840} INFO - DAG(s) 'example_bash_decorator' retrieved from /home/airflow/.local/lib/python3.12/site-packages/airflow/example_dags/example_bash_decorator.py
[2026-04-29T01:00:18.291+0000] {logging_mixin.py:188} INFO - [2026-04-29T01:00:18.290+0000] {dag.py:3096} INFO - Sync 1 DAGs
[2026-04-29T01:00:18.312+0000] {logging_mixin.py:188} INFO - [2026-04-29T01:00:18.311+0000] {dag.py:3954} INFO - Setting next_dagrun for example_bash_decorator to None, run_after=None
[2026-04-29T01:00:18.333+0000] {processor.py:183} INFO - Processing /home/airflow/.local/lib/python3.12/site-packages/airflow/example_dags/example_bash_decorator.py took 0.114 seconds
[2026-04-29T01:00:48.473+0000] {processor.py:161} INFO - Started process (PID=372) to work on /home/airflow/.local/lib/python3.12/site-packages/airflow/example_dags/example_bash_decorator.py
[2026-04-29T01:00:48.475+0000] {processor.py:830} INFO - Processing file /home/airflow/.local/lib/python3.12/site-packages/airflow/example_dags/example_bash_decorator.py for tasks to queue
[2026-04-29T01:00:48.477+0000] {logging_mixin.py:188} INFO - [2026-04-29T01:00:48.476+0000] {dagbag.py:540} INFO - Filling up the DagBag from /home/airflow/.local/lib/python3.12/site-packages/airflow/example_dags/example_bash_decorator.py
[2026-04-29T01:00:48.498+0000] {processor.py:840} INFO - DAG(s) 'example_bash_decorator' retrieved from /home/airflow/.local/lib/python3.12/site-packages/airflow/example_dags/example_bash_decorator.py
[2026-04-29T01:00:48.529+0000] {logging_mixin.py:188} INFO - [2026-04-29T01:00:48.529+0000] {dag.py:3096} INFO - Sync 1 DAGs
[2026-04-29T01:00:48.546+0000] {logging_mixin.py:188} INFO - [2026-04-29T01:00:48.546+0000] {dag.py:3954} INFO - Setting next_dagrun for example_bash_decorator to None, run_after=None
[2026-04-29T01:00:48.574+0000] {processor.py:183} INFO - Processing /home/airflow/.local/lib/python3.12/site-packages/airflow/example_dags/example_bash_decorator.py took 0.108 seconds
[2026-04-29T01:01:19.119+0000] {processor.py:161} INFO - Started process (PID=432) to work on /home/airflow/.local/lib/python3.12/site-packages/airflow/example_dags/example_bash_decorator.py
[2026-04-29T01:01:19.147+0000] {processor.py:830} INFO - Processing file /home/airflow/.local/lib/python3.12/site-packages/airflow/example_dags/example_bash_decorator.py for tasks to queue
[2026-04-29T01:01:19.155+0000] {logging_mixin.py:188} INFO - [2026-04-29T01:01:19.152+0000] {dagbag.py:540} INFO - Filling up the DagBag from /home/airflow/.local/lib/python3.12/site-packages/airflow/example_dags/example_bash_decorator.py
[2026-04-29T01:01:19.210+0000] {processor.py:840} INFO - DAG(s) 'example_bash_decorator' retrieved from /home/airflow/.local/lib/python3.12/site-packages/airflow/example_dags/example_bash_decorator.py
[2026-04-29T01:01:19.317+0000] {logging_mixin.py:188} INFO - [2026-04-29T01:01:19.313+0000] {dag.py:3096} INFO - Sync 1 DAGs
[2026-04-29T01:01:19.386+0000] {logging_mixin.py:188} INFO - [2026-04-29T01:01:19.385+0000] {dag.py:3954} INFO - Setting next_dagrun for example_bash_decorator to None, run_after=None
[2026-04-29T01:01:19.412+0000] {processor.py:183} INFO - Processing /home/airflow/.local/lib/python3.12/site-packages/airflow/example_dags/example_bash_decorator.py took 0.334 seconds
[2026-04-29T01:01:50.279+0000] {processor.py:161} INFO - Started process (PID=491) to work on /home/airflow/.local/lib/python3.12/site-packages/airflow/example_dags/example_bash_decorator.py
[2026-04-29T01:01:50.279+0000] {processor.py:830} INFO - Processing file /home/airflow/.local/lib/python3.12/site-packages/airflow/example_dags/example_bash_decorator.py for tasks to queue
[2026-04-29T01:01:50.286+0000] {logging_mixin.py:188} INFO - [2026-04-29T01:01:50.286+0000] {dagbag.py:540} INFO - Filling up the DagBag from /home/airflow/.local/lib/python3.12/site-packages/airflow/example_dags/example_bash_decorator.py
[2026-04-29T01:01:50.352+0000] {processor.py:840} INFO - DAG(s) 'example_bash_decorator' retrieved from /home/airflow/.local/lib/python3.12/site-packages/airflow/example_dags/example_bash_decorator.py
[2026-04-29T01:01:50.410+0000] {logging_mixin.py:188} INFO - [2026-04-29T01:01:50.409+0000] {dag.py:3096} INFO - Sync 1 DAGs
[2026-04-29T01:01:50.473+0000] {logging_mixin.py:188} INFO - [2026-04-29T01:01:50.470+0000] {dag.py:3954} INFO - Setting next_dagrun for example_bash_decorator to None, run_after=None
[2026-04-29T01:01:50.540+0000] {processor.py:183} INFO - Processing /home/airflow/.local/lib/python3.12/site-packages/airflow/example_dags/example_bash_decorator.py took 0.273 seconds
[2026-04-29T01:02:21.510+0000] {processor.py:161} INFO - Started process (PID=550) to work on /home/airflow/.local/lib/python3.12/site-packages/airflow/example_dags/example_bash_decorator.py
[2026-04-29T01:02:21.512+0000] {processor.py:830} INFO - Processing file /home/airflow/.local/lib/python3.12/site-packages/airflow/example_dags/example_bash_decorator.py for tasks to queue
[2026-04-29T01:02:21.517+0000] {logging_mixin.py:188} INFO - [2026-04-29T01:02:21.517+0000] {dagbag.py:540} INFO - Filling up the DagBag from /home/airflow/.local/lib/python3.12/site-packages/airflow/example_dags/example_bash_decorator.py
[2026-04-29T01:02:21.547+0000] {processor.py:840} INFO - DAG(s) 'example_bash_decorator' retrieved from /home/airflow/.local/lib/python3.12/site-packages/airflow/example_dags/example_bash_decorator.py
[2026-04-29T01:02:21.583+0000] {logging_mixin.py:188} INFO - [2026-04-29T01:02:21.583+0000] {dag.py:3096} INFO - Sync 1 DAGs
[2026-04-29T01:02:21.602+0000] {logging_mixin.py:188} INFO - [2026-04-29T01:02:21.602+0000] {dag.py:3954} INFO - Setting next_dagrun for example_bash_decorator to None, run_after=None
[2026-04-29T01:02:21.627+0000] {processor.py:183} INFO - Processing /home/airflow/.local/lib/python3.12/site-packages/airflow/example_dags/example_bash_decorator.py took 0.129 seconds
[2026-04-29T01:02:51.753+0000] {processor.py:161} INFO - Started process (PID=608) to work on /home/airflow/.local/lib/python3.12/site-packages/airflow/example_dags/example_bash_decorator.py
[2026-04-29T01:02:51.754+0000] {processor.py:830} INFO - Processing file /home/airflow/.local/lib/python3.12/site-packages/airflow/example_dags/example_bash_decorator.py for tasks to queue
[2026-04-29T01:02:51.756+0000] {logging_mixin.py:188} INFO - [2026-04-29T01:02:51.756+0000] {dagbag.py:540} INFO - Filling up the DagBag from /home/airflow/.local/lib/python3.12/site-packages/airflow/example_dags/example_bash_decorator.py
[2026-04-29T01:02:51.775+0000] {processor.py:840} INFO - DAG(s) 'example_bash_decorator' retrieved from /home/airflow/.local/lib/python3.12/site-packages/airflow/example_dags/example_bash_decorator.py
[2026-04-29T01:02:51.812+0000] {logging_mixin.py:188} INFO - [2026-04-29T01:02:51.811+0000] {dag.py:3096} INFO - Sync 1 DAGs
[2026-04-29T01:02:51.831+0000] {logging_mixin.py:188} INFO - [2026-04-29T01:02:51.831+0000] {dag.py:3954} INFO - Setting next_dagrun for example_bash_decorator to None, run_after=None
[2026-04-29T01:02:51.855+0000] {processor.py:183} INFO - Processing /home/airflow/.local/lib/python3.12/site-packages/airflow/example_dags/example_bash_decorator.py took 0.112 seconds
[2026-04-29T01:03:21.910+0000] {processor.py:161} INFO - Started process (PID=668) to work on /home/airflow/.local/lib/python3.12/site-packages/airflow/example_dags/example_bash_decorator.py
[2026-04-29T01:03:21.911+0000] {processor.py:830} INFO - Processing file /home/airflow/.local/lib/python3.12/site-packages/airflow/example_dags/example_bash_decorator.py for tasks to queue
[2026-04-29T01:03:21.913+0000] {logging_mixin.py:188} INFO - [2026-04-29T01:03:21.913+0000] {dagbag.py:540} INFO - Filling up the DagBag from /home/airflow/.local/lib/python3.12/site-packages/airflow/example_dags/example_bash_decorator.py
[2026-04-29T01:03:21.924+0000] {processor.py:840} INFO - DAG(s) 'example_bash_decorator' retrieved from /home/airflow/.local/lib/python3.12/site-packages/airflow/example_dags/example_bash_decorator.py
[2026-04-29T01:03:21.949+0000] {logging_mixin.py:188} INFO - [2026-04-29T01:03:21.948+0000] {dag.py:3096} INFO - Sync 1 DAGs
[2026-04-29T01:03:21.960+0000] {logging_mixin.py:188} INFO - [2026-04-29T01:03:21.960+0000] {dag.py:3954} INFO - Setting next_dagrun for example_bash_decorator to None, run_after=None
[2026-04-29T01:03:21.976+0000] {processor.py:183} INFO - Processing /home/airflow/.local/lib/python3.12/site-packages/airflow/example_dags/example_bash_decorator.py took 0.071 seconds
[2026-04-29T01:03:52.559+0000] {processor.py:161} INFO - Started process (PID=728) to work on /home/airflow/.local/lib/python3.12/site-packages/airflow/example_dags/example_bash_decorator.py
[2026-04-29T01:03:52.560+0000] {processor.py:830} INFO - Processing file /home/airflow/.local/lib/python3.12/site-packages/airflow/example_dags/example_bash_decorator.py for tasks to queue
[2026-04-29T01:03:52.561+0000] {logging_mixin.py:188} INFO - [2026-04-29T01:03:52.561+0000] {dagbag.py:540} INFO - Filling up the DagBag from /home/airflow/.local/lib/python3.12/site-packages/airflow/example_dags/example_bash_decorator.py
[2026-04-29T01:03:52.573+0000] {processor.py:840} INFO - DAG(s) 'example_bash_decorator' retrieved from /home/airflow/.local/lib/python3.12/site-packages/airflow/example_dags/example_bash_decorator.py
[2026-04-29T01:03:52.594+0000] {logging_mixin.py:188} INFO - [2026-04-29T01:03:52.593+0000] {dag.py:3096} INFO - Sync 1 DAGs
[2026-04-29T01:03:52.605+0000] {logging_mixin.py:188} INFO - [2026-04-29T01:03:52.604+0000] {dag.py:3954} INFO - Setting next_dagrun for example_bash_decorator to None, run_after=None
[2026-04-29T01:03:52.620+0000] {processor.py:183} INFO - Processing /home/airflow/.local/lib/python3.12/site-packages/airflow/example_dags/example_bash_decorator.py took 0.067 seconds
[2026-04-29T01:04:23.178+0000] {processor.py:161} INFO - Started process (PID=789) to work on /home/airflow/.local/lib/python3.12/site-packages/airflow/example_dags/example_bash_decorator.py
[2026-04-29T01:04:23.179+0000] {processor.py:830} INFO - Processing file /home/airflow/.local/lib/python3.12/site-packages/airflow/example_dags/example_bash_decorator.py for tasks to queue
[2026-04-29T01:04:23.180+0000] {logging_mixin.py:188} INFO - [2026-04-29T01:04:23.180+0000] {dagbag.py:540} INFO - Filling up the DagBag from /home/airflow/.local/lib/python3.12/site-packages/airflow/example_dags/example_bash_decorator.py
[2026-04-29T01:04:23.191+0000] {processor.py:840} INFO - DAG(s) 'example_bash_decorator' retrieved from /home/airflow/.local/lib/python3.12/site-packages/airflow/example_dags/example_bash_decorator.py
[2026-04-29T01:04:23.218+0000] {logging_mixin.py:188} INFO - [2026-04-29T01:04:23.218+0000] {dag.py:3096} INFO - Sync 1 DAGs
[2026-04-29T01:04:23.229+0000] {logging_mixin.py:188} INFO - [2026-04-29T01:04:23.228+0000] {dag.py:3954} INFO - Setting next_dagrun for example_bash_decorator to None, run_after=None
[2026-04-29T01:04:23.243+0000] {processor.py:183} INFO - Processing /home/airflow/.local/lib/python3.12/site-packages/airflow/example_dags/example_bash_decorator.py took 0.073 seconds
[2026-04-29T01:04:53.366+0000] {processor.py:161} INFO - Started process (PID=852) to work on /home/airflow/.local/lib/python3.12/site-packages/airflow/example_dags/example_bash_decorator.py
[2026-04-29T01:04:53.368+0000] {processor.py:830} INFO - Processing file /home/airflow/.local/lib/python3.12/site-packages/airflow/example_dags/example_bash_decorator.py for tasks to queue
[2026-04-29T01:04:53.375+0000] {logging_mixin.py:188} INFO - [2026-04-29T01:04:53.372+0000] {dagbag.py:540} INFO - Filling up the DagBag from /home/airflow/.local/lib/python3.12/site-packages/airflow/example_dags/example_bash_decorator.py
[2026-04-29T01:04:53.415+0000] {processor.py:840} INFO - DAG(s) 'example_bash_decorator' retrieved from /home/airflow/.local/lib/python3.12/site-packages/airflow/example_dags/example_bash_decorator.py
[2026-04-29T01:04:53.489+0000] {logging_mixin.py:188} INFO - [2026-04-29T01:04:53.489+0000] {dag.py:3096} INFO - Sync 1 DAGs
[2026-04-29T01:04:53.549+0000] {logging_mixin.py:188} INFO - [2026-04-29T01:04:53.549+0000] {dag.py:3954} INFO - Setting next_dagrun for example_bash_decorator to None, run_after=None
[2026-04-29T01:04:53.630+0000] {processor.py:183} INFO - Processing /home/airflow/.local/lib/python3.12/site-packages/airflow/example_dags/example_bash_decorator.py took 0.285 seconds
[2026-04-29T01:05:23.774+0000] {processor.py:161} INFO - Started process (PID=912) to work on /home/airflow/.local/lib/python3.12/site-packages/airflow/example_dags/example_bash_decorator.py
[2026-04-29T01:05:23.775+0000] {processor.py:830} INFO - Processing file /home/airflow/.local/lib/python3.12/site-packages/airflow/example_dags/example_bash_decorator.py for tasks to queue
[2026-04-29T01:05:23.776+0000] {logging_mixin.py:188} INFO - [2026-04-29T01:05:23.776+0000] {dagbag.py:540} INFO - Filling up the DagBag from /home/airflow/.local/lib/python3.12/site-packages/airflow/example_dags/example_bash_decorator.py
[2026-04-29T01:05:23.788+0000] {processor.py:840} INFO - DAG(s) 'example_bash_decorator' retrieved from /home/airflow/.local/lib/python3.12/site-packages/airflow/example_dags/example_bash_decorator.py
[2026-04-29T01:05:23.810+0000] {logging_mixin.py:188} INFO - [2026-04-29T01:05:23.809+0000] {dag.py:3096} INFO - Sync 1 DAGs
[2026-04-29T01:05:23.821+0000] {logging_mixin.py:188} INFO - [2026-04-29T01:05:23.821+0000] {dag.py:3954} INFO - Setting next_dagrun for example_bash_decorator to None, run_after=None
[2026-04-29T01:05:23.837+0000] {processor.py:183} INFO - Processing /home/airflow/.local/lib/python3.12/site-packages/airflow/example_dags/example_bash_decorator.py took 0.068 seconds
[2026-04-29T01:05:54.031+0000] {processor.py:161} INFO - Started process (PID=972) to work on /home/airflow/.local/lib/python3.12/site-packages/airflow/example_dags/example_bash_decorator.py
[2026-04-29T01:05:54.033+0000] {processor.py:830} INFO - Processing file /home/airflow/.local/lib/python3.12/site-packages/airflow/example_dags/example_bash_decorator.py for tasks to queue
[2026-04-29T01:05:54.037+0000] {logging_mixin.py:188} INFO - [2026-04-29T01:05:54.036+0000] {dagbag.py:540} INFO - Filling up the DagBag from /home/airflow/.local/lib/python3.12/site-packages/airflow/example_dags/example_bash_decorator.py
[2026-04-29T01:05:54.085+0000] {processor.py:840} INFO - DAG(s) 'example_bash_decorator' retrieved from /home/airflow/.local/lib/python3.12/site-packages/airflow/example_dags/example_bash_decorator.py
[2026-04-29T01:05:54.120+0000] {logging_mixin.py:188} INFO - [2026-04-29T01:05:54.120+0000] {dag.py:3096} INFO - Sync 1 DAGs
[2026-04-29T01:05:54.135+0000] {logging_mixin.py:188} INFO - [2026-04-29T01:05:54.135+0000] {dag.py:3954} INFO - Setting next_dagrun for example_bash_decorator to None, run_after=None
[2026-04-29T01:05:54.155+0000] {processor.py:183} INFO - Processing /home/airflow/.local/lib/python3.12/site-packages/airflow/example_dags/example_bash_decorator.py took 0.132 seconds
[2026-04-29T01:06:24.525+0000] {processor.py:161} INFO - Started process (PID=1032) to work on /home/airflow/.local/lib/python3.12/site-packages/airflow/example_dags/example_bash_decorator.py
[2026-04-29T01:06:24.530+0000] {processor.py:830} INFO - Processing file /home/airflow/.local/lib/python3.12/site-packages/airflow/example_dags/example_bash_decorator.py for tasks to queue
[2026-04-29T01:06:24.533+0000] {logging_mixin.py:188} INFO - [2026-04-29T01:06:24.532+0000] {dagbag.py:540} INFO - Filling up the DagBag from /home/airflow/.local/lib/python3.12/site-packages/airflow/example_dags/example_bash_decorator.py
[2026-04-29T01:06:24.585+0000] {processor.py:840} INFO - DAG(s) 'example_bash_decorator' retrieved from /home/airflow/.local/lib/python3.12/site-packages/airflow/example_dags/example_bash_decorator.py
[2026-04-29T01:06:24.650+0000] {logging_mixin.py:188} INFO - [2026-04-29T01:06:24.650+0000] {dag.py:3096} INFO - Sync 1 DAGs
[2026-04-29T01:06:24.675+0000] {logging_mixin.py:188} INFO - [2026-04-29T01:06:24.674+0000] {dag.py:3954} INFO - Setting next_dagrun for example_bash_decorator to None, run_after=None
[2026-04-29T01:06:24.735+0000] {processor.py:183} INFO - Processing /home/airflow/.local/lib/python3.12/site-packages/airflow/example_dags/example_bash_decorator.py took 0.223 seconds
[2026-04-29T01:06:55.409+0000] {processor.py:161} INFO - Started process (PID=1090) to work on /home/airflow/.local/lib/python3.12/site-packages/airflow/example_dags/example_bash_decorator.py
[2026-04-29T01:06:55.416+0000] {processor.py:830} INFO - Processing file /home/airflow/.local/lib/python3.12/site-packages/airflow/example_dags/example_bash_decorator.py for tasks to queue
[2026-04-29T01:06:55.419+0000] {logging_mixin.py:188} INFO - [2026-04-29T01:06:55.419+0000] {dagbag.py:540} INFO - Filling up the DagBag from /home/airflow/.local/lib/python3.12/site-packages/airflow/example_dags/example_bash_decorator.py
[2026-04-29T01:06:55.438+0000] {processor.py:840} INFO - DAG(s) 'example_bash_decorator' retrieved from /home/airflow/.local/lib/python3.12/site-packages/airflow/example_dags/example_bash_decorator.py
[2026-04-29T01:06:55.477+0000] {logging_mixin.py:188} INFO - [2026-04-29T01:06:55.476+0000] {dag.py:3096} INFO - Sync 1 DAGs
[2026-04-29T01:06:55.493+0000] {logging_mixin.py:188} INFO - [2026-04-29T01:06:55.493+0000] {dag.py:3954} INFO - Setting next_dagrun for example_bash_decorator to None, run_after=None
[2026-04-29T01:06:55.525+0000] {processor.py:183} INFO - Processing /home/airflow/.local/lib/python3.12/site-packages/airflow/example_dags/example_bash_decorator.py took 0.123 seconds
[2026-04-29T01:07:25.689+0000] {processor.py:161} INFO - Started process (PID=1150) to work on /home/airflow/.local/lib/python3.12/site-packages/airflow/example_dags/example_bash_decorator.py
[2026-04-29T01:07:25.690+0000] {processor.py:830} INFO - Processing file /home/airflow/.local/lib/python3.12/site-packages/airflow/example_dags/example_bash_decorator.py for tasks to queue
[2026-04-29T01:07:25.692+0000] {logging_mixin.py:188} INFO - [2026-04-29T01:07:25.691+0000] {dagbag.py:540} INFO - Filling up the DagBag from /home/airflow/.local/lib/python3.12/site-packages/airflow/example_dags/example_bash_decorator.py
[2026-04-29T01:07:25.703+0000] {processor.py:840} INFO - DAG(s) 'example_bash_decorator' retrieved from /home/airflow/.local/lib/python3.12/site-packages/airflow/example_dags/example_bash_decorator.py
[2026-04-29T01:07:25.725+0000] {logging_mixin.py:188} INFO - [2026-04-29T01:07:25.725+0000] {dag.py:3096} INFO - Sync 1 DAGs
[2026-04-29T01:07:25.737+0000] {logging_mixin.py:188} INFO - [2026-04-29T01:07:25.737+0000] {dag.py:3954} INFO - Setting next_dagrun for example_bash_decorator to None, run_after=None
[2026-04-29T01:07:25.754+0000] {processor.py:183} INFO - Processing /home/airflow/.local/lib/python3.12/site-packages/airflow/example_dags/example_bash_decorator.py took 0.070 seconds
[2026-04-29T01:07:55.922+0000] {processor.py:161} INFO - Started process (PID=1209) to work on /home/airflow/.local/lib/python3.12/site-packages/airflow/example_dags/example_bash_decorator.py
[2026-04-29T01:07:55.923+0000] {processor.py:830} INFO - Processing file /home/airflow/.local/lib/python3.12/site-packages/airflow/example_dags/example_bash_decorator.py for tasks to queue
[2026-04-29T01:07:55.924+0000] {logging_mixin.py:188} INFO - [2026-04-29T01:07:55.924+0000] {dagbag.py:540} INFO - Filling up the DagBag from /home/airflow/.local/lib/python3.12/site-packages/airflow/example_dags/example_bash_decorator.py
[2026-04-29T01:07:55.936+0000] {processor.py:840} INFO - DAG(s) 'example_bash_decorator' retrieved from /home/airflow/.local/lib/python3.12/site-packages/airflow/example_dags/example_bash_decorator.py
[2026-04-29T01:07:56.113+0000] {logging_mixin.py:188} INFO - [2026-04-29T01:07:56.112+0000] {dag.py:3096} INFO - Sync 1 DAGs
[2026-04-29T01:07:56.122+0000] {logging_mixin.py:188} INFO - [2026-04-29T01:07:56.122+0000] {dag.py:3954} INFO - Setting next_dagrun for example_bash_decorator to None, run_after=None
[2026-04-29T01:07:56.137+0000] {processor.py:183} INFO - Processing /home/airflow/.local/lib/python3.12/site-packages/airflow/example_dags/example_bash_decorator.py took 0.220 seconds
[2026-04-29T01:08:26.281+0000] {processor.py:161} INFO - Started process (PID=1269) to work on /home/airflow/.local/lib/python3.12/site-packages/airflow/example_dags/example_bash_decorator.py
[2026-04-29T01:08:26.282+0000] {processor.py:830} INFO - Processing file /home/airflow/.local/lib/python3.12/site-packages/airflow/example_dags/example_bash_decorator.py for tasks to queue
[2026-04-29T01:08:26.284+0000] {logging_mixin.py:188} INFO - [2026-04-29T01:08:26.284+0000] {dagbag.py:540} INFO - Filling up the DagBag from /home/airflow/.local/lib/python3.12/site-packages/airflow/example_dags/example_bash_decorator.py
[2026-04-29T01:08:26.307+0000] {processor.py:840} INFO - DAG(s) 'example_bash_decorator' retrieved from /home/airflow/.local/lib/python3.12/site-packages/airflow/example_dags/example_bash_decorator.py
[2026-04-29T01:08:26.343+0000] {logging_mixin.py:188} INFO - [2026-04-29T01:08:26.342+0000] {dag.py:3096} INFO - Sync 1 DAGs
[2026-04-29T01:08:26.359+0000] {logging_mixin.py:188} INFO - [2026-04-29T01:08:26.359+0000] {dag.py:3954} INFO - Setting next_dagrun for example_bash_decorator to None, run_after=None
[2026-04-29T01:08:26.396+0000] {processor.py:183} INFO - Processing /home/airflow/.local/lib/python3.12/site-packages/airflow/example_dags/example_bash_decorator.py took 0.123 seconds
[2026-04-29T01:08:56.737+0000] {processor.py:161} INFO - Started process (PID=1329) to work on /home/airflow/.local/lib/python3.12/site-packages/airflow/example_dags/example_bash_decorator.py
[2026-04-29T01:08:56.739+0000] {processor.py:830} INFO - Processing file /home/airflow/.local/lib/python3.12/site-packages/airflow/example_dags/example_bash_decorator.py for tasks to queue
[2026-04-29T01:08:56.743+0000] {logging_mixin.py:188} INFO - [2026-04-29T01:08:56.742+0000] {dagbag.py:540} INFO - Filling up the DagBag from /home/airflow/.local/lib/python3.12/site-packages/airflow/example_dags/example_bash_decorator.py
[2026-04-29T01:08:56.773+0000] {processor.py:840} INFO - DAG(s) 'example_bash_decorator' retrieved from /home/airflow/.local/lib/python3.12/site-packages/airflow/example_dags/example_bash_decorator.py
[2026-04-29T01:08:56.844+0000] {logging_mixin.py:188} INFO - [2026-04-29T01:08:56.844+0000] {dag.py:3096} INFO - Sync 1 DAGs
[2026-04-29T01:08:56.876+0000] {logging_mixin.py:188} INFO - [2026-04-29T01:08:56.875+0000] {dag.py:3954} INFO - Setting next_dagrun for example_bash_decorator to None, run_after=None
[2026-04-29T01:08:56.902+0000] {processor.py:183} INFO - Processing /home/airflow/.local/lib/python3.12/site-packages/airflow/example_dags/example_bash_decorator.py took 0.176 seconds
[2026-04-29T01:09:27.167+0000] {processor.py:161} INFO - Started process (PID=1389) to work on /home/airflow/.local/lib/python3.12/site-packages/airflow/example_dags/example_bash_decorator.py
[2026-04-29T01:09:27.169+0000] {processor.py:830} INFO - Processing file /home/airflow/.local/lib/python3.12/site-packages/airflow/example_dags/example_bash_decorator.py for tasks to queue
[2026-04-29T01:09:27.171+0000] {logging_mixin.py:188} INFO - [2026-04-29T01:09:27.171+0000] {dagbag.py:540} INFO - Filling up the DagBag from /home/airflow/.local/lib/python3.12/site-packages/airflow/example_dags/example_bash_decorator.py
[2026-04-29T01:09:27.230+0000] {processor.py:840} INFO - DAG(s) 'example_bash_decorator' retrieved from /home/airflow/.local/lib/python3.12/site-packages/airflow/example_dags/example_bash_decorator.py
[2026-04-29T01:09:27.269+0000] {logging_mixin.py:188} INFO - [2026-04-29T01:09:27.269+0000] {dag.py:3096} INFO - Sync 1 DAGs
[2026-04-29T01:09:27.286+0000] {logging_mixin.py:188} INFO - [2026-04-29T01:09:27.286+0000] {dag.py:3954} INFO - Setting next_dagrun for example_bash_decorator to None, run_after=None
[2026-04-29T01:09:27.309+0000] {processor.py:183} INFO - Processing /home/airflow/.local/lib/python3.12/site-packages/airflow/example_dags/example_bash_decorator.py took 0.157 seconds
[2026-04-29T01:09:57.830+0000] {processor.py:161} INFO - Started process (PID=1449) to work on /home/airflow/.local/lib/python3.12/site-packages/airflow/example_dags/example_bash_decorator.py
[2026-04-29T01:09:57.831+0000] {processor.py:830} INFO - Processing file /home/airflow/.local/lib/python3.12/site-packages/airflow/example_dags/example_bash_decorator.py for tasks to queue
[2026-04-29T01:09:57.833+0000] {logging_mixin.py:188} INFO - [2026-04-29T01:09:57.833+0000] {dagbag.py:540} INFO - Filling up the DagBag from /home/airflow/.local/lib/python3.12/site-packages/airflow/example_dags/example_bash_decorator.py
[2026-04-29T01:09:57.859+0000] {processor.py:840} INFO - DAG(s) 'example_bash_decorator' retrieved from /home/airflow/.local/lib/python3.12/site-packages/airflow/example_dags/example_bash_decorator.py
[2026-04-29T01:09:57.988+0000] {logging_mixin.py:188} INFO - [2026-04-29T01:09:57.988+0000] {dag.py:3096} INFO - Sync 1 DAGs
[2026-04-29T01:09:58.065+0000] {logging_mixin.py:188} INFO - [2026-04-29T01:09:58.064+0000] {dag.py:3954} INFO - Setting next_dagrun for example_bash_decorator to None, run_after=None
[2026-04-29T01:09:58.200+0000] {processor.py:183} INFO - Processing /home/airflow/.local/lib/python3.12/site-packages/airflow/example_dags/example_bash_decorator.py took 0.380 seconds
[2026-04-29T01:10:28.424+0000] {processor.py:161} INFO - Started process (PID=1509) to work on /home/airflow/.local/lib/python3.12/site-packages/airflow/example_dags/example_bash_decorator.py
[2026-04-29T01:10:28.426+0000] {processor.py:830} INFO - Processing file /home/airflow/.local/lib/python3.12/site-packages/airflow/example_dags/example_bash_decorator.py for tasks to queue
[2026-04-29T01:10:28.432+0000] {logging_mixin.py:188} INFO - [2026-04-29T01:10:28.429+0000] {dagbag.py:540} INFO - Filling up the DagBag from /home/airflow/.local/lib/python3.12/site-packages/airflow/example_dags/example_bash_decorator.py
[2026-04-29T01:10:28.528+0000] {processor.py:840} INFO - DAG(s) 'example_bash_decorator' retrieved from /home/airflow/.local/lib/python3.12/site-packages/airflow/example_dags/example_bash_decorator.py
[2026-04-29T01:10:28.750+0000] {logging_mixin.py:188} INFO - [2026-04-29T01:10:28.749+0000] {dag.py:3096} INFO - Sync 1 DAGs
[2026-04-29T01:10:28.795+0000] {logging_mixin.py:188} INFO - [2026-04-29T01:10:28.794+0000] {dag.py:3954} INFO - Setting next_dagrun for example_bash_decorator to None, run_after=None
[2026-04-29T01:10:28.848+0000] {processor.py:183} INFO - Processing /home/airflow/.local/lib/python3.12/site-packages/airflow/example_dags/example_bash_decorator.py took 0.501 seconds
[2026-04-29T01:10:59.541+0000] {processor.py:161} INFO - Started process (PID=1569) to work on /home/airflow/.local/lib/python3.12/site-packages/airflow/example_dags/example_bash_decorator.py
[2026-04-29T01:10:59.544+0000] {processor.py:830} INFO - Processing file /home/airflow/.local/lib/python3.12/site-packages/airflow/example_dags/example_bash_decorator.py for tasks to queue
[2026-04-29T01:10:59.546+0000] {logging_mixin.py:188} INFO - [2026-04-29T01:10:59.545+0000] {dagbag.py:540} INFO - Filling up the DagBag from /home/airflow/.local/lib/python3.12/site-packages/airflow/example_dags/example_bash_decorator.py
[2026-04-29T01:10:59.566+0000] {processor.py:840} INFO - DAG(s) 'example_bash_decorator' retrieved from /home/airflow/.local/lib/python3.12/site-packages/airflow/example_dags/example_bash_decorator.py
[2026-04-29T01:10:59.598+0000] {logging_mixin.py:188} INFO - [2026-04-29T01:10:59.597+0000] {dag.py:3096} INFO - Sync 1 DAGs
[2026-04-29T01:10:59.613+0000] {logging_mixin.py:188} INFO - [2026-04-29T01:10:59.613+0000] {dag.py:3954} INFO - Setting next_dagrun for example_bash_decorator to None, run_after=None
[2026-04-29T01:10:59.630+0000] {processor.py:183} INFO - Processing /home/airflow/.local/lib/python3.12/site-packages/airflow/example_dags/example_bash_decorator.py took 0.096 seconds
[2026-04-29T01:11:29.727+0000] {processor.py:161} INFO - Started process (PID=1628) to work on /home/airflow/.local/lib/python3.12/site-packages/airflow/example_dags/example_bash_decorator.py
[2026-04-29T01:11:29.728+0000] {processor.py:830} INFO - Processing file /home/airflow/.local/lib/python3.12/site-packages/airflow/example_dags/example_bash_decorator.py for tasks to queue
[2026-04-29T01:11:29.730+0000] {logging_mixin.py:188} INFO - [2026-04-29T01:11:29.730+0000] {dagbag.py:540} INFO - Filling up the DagBag from /home/airflow/.local/lib/python3.12/site-packages/airflow/example_dags/example_bash_decorator.py
[2026-04-29T01:11:29.750+0000] {processor.py:840} INFO - DAG(s) 'example_bash_decorator' retrieved from /home/airflow/.local/lib/python3.12/site-packages/airflow/example_dags/example_bash_decorator.py
[2026-04-29T01:11:29.793+0000] {logging_mixin.py:188} INFO - [2026-04-29T01:11:29.792+0000] {dag.py:3096} INFO - Sync 1 DAGs
[2026-04-29T01:11:29.805+0000] {logging_mixin.py:188} INFO - [2026-04-29T01:11:29.805+0000] {dag.py:3954} INFO - Setting next_dagrun for example_bash_decorator to None, run_after=None
[2026-04-29T01:11:29.821+0000] {processor.py:183} INFO - Processing /home/airflow/.local/lib/python3.12/site-packages/airflow/example_dags/example_bash_decorator.py took 0.101 seconds
[2026-04-29T01:12:01.347+0000] {processor.py:161} INFO - Started process (PID=1688) to work on /home/airflow/.local/lib/python3.12/site-packages/airflow/example_dags/example_bash_decorator.py
[2026-04-29T01:12:01.348+0000] {processor.py:830} INFO - Processing file /home/airflow/.local/lib/python3.12/site-packages/airflow/example_dags/example_bash_decorator.py for tasks to queue
[2026-04-29T01:12:01.350+0000] {logging_mixin.py:188} INFO - [2026-04-29T01:12:01.350+0000] {dagbag.py:540} INFO - Filling up the DagBag from /home/airflow/.local/lib/python3.12/site-packages/airflow/example_dags/example_bash_decorator.py
[2026-04-29T01:12:01.367+0000] {processor.py:840} INFO - DAG(s) 'example_bash_decorator' retrieved from /home/airflow/.local/lib/python3.12/site-packages/airflow/example_dags/example_bash_decorator.py
[2026-04-29T01:12:01.428+0000] {logging_mixin.py:188} INFO - [2026-04-29T01:12:01.428+0000] {dag.py:3096} INFO - Sync 1 DAGs
[2026-04-29T01:12:01.451+0000] {logging_mixin.py:188} INFO - [2026-04-29T01:12:01.450+0000] {dag.py:3954} INFO - Setting next_dagrun for example_bash_decorator to None, run_after=None
[2026-04-29T01:12:01.508+0000] {processor.py:183} INFO - Processing /home/airflow/.local/lib/python3.12/site-packages/airflow/example_dags/example_bash_decorator.py took 0.177 seconds
[2026-04-29T01:12:31.767+0000] {processor.py:161} INFO - Started process (PID=1748) to work on /home/airflow/.local/lib/python3.12/site-packages/airflow/example_dags/example_bash_decorator.py
[2026-04-29T01:12:31.768+0000] {processor.py:830} INFO - Processing file /home/airflow/.local/lib/python3.12/site-packages/airflow/example_dags/example_bash_decorator.py for tasks to queue
[2026-04-29T01:12:31.770+0000] {logging_mixin.py:188} INFO - [2026-04-29T01:12:31.769+0000] {dagbag.py:540} INFO - Filling up the DagBag from /home/airflow/.local/lib/python3.12/site-packages/airflow/example_dags/example_bash_decorator.py
[2026-04-29T01:12:31.799+0000] {processor.py:840} INFO - DAG(s) 'example_bash_decorator' retrieved from /home/airflow/.local/lib/python3.12/site-packages/airflow/example_dags/example_bash_decorator.py
[2026-04-29T01:12:31.888+0000] {logging_mixin.py:188} INFO - [2026-04-29T01:12:31.888+0000] {dag.py:3096} INFO - Sync 1 DAGs
[2026-04-29T01:12:31.916+0000] {logging_mixin.py:188} INFO - [2026-04-29T01:12:31.915+0000] {dag.py:3954} INFO - Setting next_dagrun for example_bash_decorator to None, run_after=None
[2026-04-29T01:12:31.955+0000] {processor.py:183} INFO - Processing /home/airflow/.local/lib/python3.12/site-packages/airflow/example_dags/example_bash_decorator.py took 0.197 seconds
[2026-04-29T01:13:02.782+0000] {processor.py:161} INFO - Started process (PID=1808) to work on /home/airflow/.local/lib/python3.12/site-packages/airflow/example_dags/example_bash_decorator.py
[2026-04-29T01:13:02.785+0000] {processor.py:830} INFO - Processing file /home/airflow/.local/lib/python3.12/site-packages/airflow/example_dags/example_bash_decorator.py for tasks to queue
[2026-04-29T01:13:02.796+0000] {logging_mixin.py:188} INFO - [2026-04-29T01:13:02.794+0000] {dagbag.py:540} INFO - Filling up the DagBag from /home/airflow/.local/lib/python3.12/site-packages/airflow/example_dags/example_bash_decorator.py
[2026-04-29T01:13:02.824+0000] {processor.py:840} INFO - DAG(s) 'example_bash_decorator' retrieved from /home/airflow/.local/lib/python3.12/site-packages/airflow/example_dags/example_bash_decorator.py
[2026-04-29T01:13:02.948+0000] {logging_mixin.py:188} INFO - [2026-04-29T01:13:02.947+0000] {dag.py:3096} INFO - Sync 1 DAGs
[2026-04-29T01:13:03.005+0000] {logging_mixin.py:188} INFO - [2026-04-29T01:13:03.002+0000] {dag.py:3954} INFO - Setting next_dagrun for example_bash_decorator to None, run_after=None
[2026-04-29T01:13:03.090+0000] {processor.py:183} INFO - Processing /home/airflow/.local/lib/python3.12/site-packages/airflow/example_dags/example_bash_decorator.py took 0.336 seconds
[2026-04-29T01:13:33.746+0000] {processor.py:161} INFO - Started process (PID=1868) to work on /home/airflow/.local/lib/python3.12/site-packages/airflow/example_dags/example_bash_decorator.py
[2026-04-29T01:13:33.748+0000] {processor.py:830} INFO - Processing file /home/airflow/.local/lib/python3.12/site-packages/airflow/example_dags/example_bash_decorator.py for tasks to queue
[2026-04-29T01:13:33.760+0000] {logging_mixin.py:188} INFO - [2026-04-29T01:13:33.753+0000] {dagbag.py:540} INFO - Filling up the DagBag from /home/airflow/.local/lib/python3.12/site-packages/airflow/example_dags/example_bash_decorator.py
[2026-04-29T01:13:33.840+0000] {processor.py:840} INFO - DAG(s) 'example_bash_decorator' retrieved from /home/airflow/.local/lib/python3.12/site-packages/airflow/example_dags/example_bash_decorator.py
[2026-04-29T01:13:33.980+0000] {logging_mixin.py:188} INFO - [2026-04-29T01:13:33.980+0000] {dag.py:3096} INFO - Sync 1 DAGs
[2026-04-29T01:13:34.018+0000] {logging_mixin.py:188} INFO - [2026-04-29T01:13:34.018+0000] {dag.py:3954} INFO - Setting next_dagrun for example_bash_decorator to None, run_after=None
[2026-04-29T01:13:34.061+0000] {processor.py:183} INFO - Processing /home/airflow/.local/lib/python3.12/site-packages/airflow/example_dags/example_bash_decorator.py took 0.367 seconds
[2026-04-29T01:14:11.114+0000] {processor.py:161} INFO - Started process (PID=1924) to work on /home/airflow/.local/lib/python3.12/site-packages/airflow/example_dags/example_bash_decorator.py
[2026-04-29T01:14:11.126+0000] {processor.py:830} INFO - Processing file /home/airflow/.local/lib/python3.12/site-packages/airflow/example_dags/example_bash_decorator.py for tasks to queue
[2026-04-29T01:14:11.128+0000] {logging_mixin.py:188} INFO - [2026-04-29T01:14:11.128+0000] {dagbag.py:540} INFO - Filling up the DagBag from /home/airflow/.local/lib/python3.12/site-packages/airflow/example_dags/example_bash_decorator.py
[2026-04-29T01:14:11.163+0000] {processor.py:840} INFO - DAG(s) 'example_bash_decorator' retrieved from /home/airflow/.local/lib/python3.12/site-packages/airflow/example_dags/example_bash_decorator.py
[2026-04-29T01:14:11.230+0000] {logging_mixin.py:188} INFO - [2026-04-29T01:14:11.230+0000] {dag.py:3096} INFO - Sync 1 DAGs
[2026-04-29T01:14:11.255+0000] {logging_mixin.py:188} INFO - [2026-04-29T01:14:11.255+0000] {dag.py:3954} INFO - Setting next_dagrun for example_bash_decorator to None, run_after=None
[2026-04-29T01:14:11.300+0000] {processor.py:183} INFO - Processing /home/airflow/.local/lib/python3.12/site-packages/airflow/example_dags/example_bash_decorator.py took 0.195 seconds
[2026-04-29T01:14:41.637+0000] {processor.py:161} INFO - Started process (PID=1982) to work on /home/airflow/.local/lib/python3.12/site-packages/airflow/example_dags/example_bash_decorator.py
[2026-04-29T01:14:41.643+0000] {processor.py:830} INFO - Processing file /home/airflow/.local/lib/python3.12/site-packages/airflow/example_dags/example_bash_decorator.py for tasks to queue
[2026-04-29T01:14:41.645+0000] {logging_mixin.py:188} INFO - [2026-04-29T01:14:41.645+0000] {dagbag.py:540} INFO - Filling up the DagBag from /home/airflow/.local/lib/python3.12/site-packages/airflow/example_dags/example_bash_decorator.py
[2026-04-29T01:14:41.664+0000] {processor.py:840} INFO - DAG(s) 'example_bash_decorator' retrieved from /home/airflow/.local/lib/python3.12/site-packages/airflow/example_dags/example_bash_decorator.py
[2026-04-29T01:14:41.699+0000] {logging_mixin.py:188} INFO - [2026-04-29T01:14:41.698+0000] {dag.py:3096} INFO - Sync 1 DAGs
[2026-04-29T01:14:41.716+0000] {logging_mixin.py:188} INFO - [2026-04-29T01:14:41.715+0000] {dag.py:3954} INFO - Setting next_dagrun for example_bash_decorator to None, run_after=None
[2026-04-29T01:14:41.740+0000] {processor.py:183} INFO - Processing /home/airflow/.local/lib/python3.12/site-packages/airflow/example_dags/example_bash_decorator.py took 0.112 seconds
[2026-04-29T01:15:12.768+0000] {processor.py:161} INFO - Started process (PID=2041) to work on /home/airflow/.local/lib/python3.12/site-packages/airflow/example_dags/example_bash_decorator.py
[2026-04-29T01:15:12.769+0000] {processor.py:830} INFO - Processing file /home/airflow/.local/lib/python3.12/site-packages/airflow/example_dags/example_bash_decorator.py for tasks to queue
[2026-04-29T01:15:12.771+0000] {logging_mixin.py:188} INFO - [2026-04-29T01:15:12.771+0000] {dagbag.py:540} INFO - Filling up the DagBag from /home/airflow/.local/lib/python3.12/site-packages/airflow/example_dags/example_bash_decorator.py
[2026-04-29T01:15:12.791+0000] {processor.py:840} INFO - DAG(s) 'example_bash_decorator' retrieved from /home/airflow/.local/lib/python3.12/site-packages/airflow/example_dags/example_bash_decorator.py
[2026-04-29T01:15:12.832+0000] {logging_mixin.py:188} INFO - [2026-04-29T01:15:12.832+0000] {dag.py:3096} INFO - Sync 1 DAGs
[2026-04-29T01:15:12.863+0000] {logging_mixin.py:188} INFO - [2026-04-29T01:15:12.863+0000] {dag.py:3954} INFO - Setting next_dagrun for example_bash_decorator to None, run_after=None
[2026-04-29T01:15:12.921+0000] {processor.py:183} INFO - Processing /home/airflow/.local/lib/python3.12/site-packages/airflow/example_dags/example_bash_decorator.py took 0.162 seconds
[2026-04-29T01:15:43.093+0000] {processor.py:161} INFO - Started process (PID=2101) to work on /home/airflow/.local/lib/python3.12/site-packages/airflow/example_dags/example_bash_decorator.py
[2026-04-29T01:15:43.096+0000] {processor.py:830} INFO - Processing file /home/airflow/.local/lib/python3.12/site-packages/airflow/example_dags/example_bash_decorator.py for tasks to queue
[2026-04-29T01:15:43.101+0000] {logging_mixin.py:188} INFO - [2026-04-29T01:15:43.100+0000] {dagbag.py:540} INFO - Filling up the DagBag from /home/airflow/.local/lib/python3.12/site-packages/airflow/example_dags/example_bash_decorator.py
[2026-04-29T01:15:43.151+0000] {processor.py:840} INFO - DAG(s) 'example_bash_decorator' retrieved from /home/airflow/.local/lib/python3.12/site-packages/airflow/example_dags/example_bash_decorator.py
[2026-04-29T01:15:43.188+0000] {logging_mixin.py:188} INFO - [2026-04-29T01:15:43.188+0000] {dag.py:3096} INFO - Sync 1 DAGs
[2026-04-29T01:15:43.227+0000] {logging_mixin.py:188} INFO - [2026-04-29T01:15:43.226+0000] {dag.py:3954} INFO - Setting next_dagrun for example_bash_decorator to None, run_after=None
[2026-04-29T01:15:43.264+0000] {processor.py:183} INFO - Processing /home/airflow/.local/lib/python3.12/site-packages/airflow/example_dags/example_bash_decorator.py took 0.181 seconds
[2026-04-29T01:16:13.528+0000] {processor.py:161} INFO - Started process (PID=2161) to work on /home/airflow/.local/lib/python3.12/site-packages/airflow/example_dags/example_bash_decorator.py
[2026-04-29T01:16:13.529+0000] {processor.py:830} INFO - Processing file /home/airflow/.local/lib/python3.12/site-packages/airflow/example_dags/example_bash_decorator.py for tasks to queue
[2026-04-29T01:16:13.531+0000] {logging_mixin.py:188} INFO - [2026-04-29T01:16:13.531+0000] {dagbag.py:540} INFO - Filling up the DagBag from /home/airflow/.local/lib/python3.12/site-packages/airflow/example_dags/example_bash_decorator.py
[2026-04-29T01:16:13.551+0000] {processor.py:840} INFO - DAG(s) 'example_bash_decorator' retrieved from /home/airflow/.local/lib/python3.12/site-packages/airflow/example_dags/example_bash_decorator.py
[2026-04-29T01:16:13.583+0000] {logging_mixin.py:188} INFO - [2026-04-29T01:16:13.583+0000] {dag.py:3096} INFO - Sync 1 DAGs
[2026-04-29T01:16:13.598+0000] {logging_mixin.py:188} INFO - [2026-04-29T01:16:13.597+0000] {dag.py:3954} INFO - Setting next_dagrun for example_bash_decorator to None, run_after=None
[2026-04-29T01:16:13.617+0000] {processor.py:183} INFO - Processing /home/airflow/.local/lib/python3.12/site-packages/airflow/example_dags/example_bash_decorator.py took 0.096 seconds
[2026-04-29T01:16:44.412+0000] {processor.py:161} INFO - Started process (PID=2220) to work on /home/airflow/.local/lib/python3.12/site-packages/airflow/example_dags/example_bash_decorator.py
[2026-04-29T01:16:44.413+0000] {processor.py:830} INFO - Processing file /home/airflow/.local/lib/python3.12/site-packages/airflow/example_dags/example_bash_decorator.py for tasks to queue
[2026-04-29T01:16:44.415+0000] {logging_mixin.py:188} INFO - [2026-04-29T01:16:44.415+0000] {dagbag.py:540} INFO - Filling up the DagBag from /home/airflow/.local/lib/python3.12/site-packages/airflow/example_dags/example_bash_decorator.py
[2026-04-29T01:16:44.442+0000] {processor.py:840} INFO - DAG(s) 'example_bash_decorator' retrieved from /home/airflow/.local/lib/python3.12/site-packages/airflow/example_dags/example_bash_decorator.py
[2026-04-29T01:16:44.472+0000] {logging_mixin.py:188} INFO - [2026-04-29T01:16:44.471+0000] {dag.py:3096} INFO - Sync 1 DAGs
[2026-04-29T01:16:44.487+0000] {logging_mixin.py:188} INFO - [2026-04-29T01:16:44.487+0000] {dag.py:3954} INFO - Setting next_dagrun for example_bash_decorator to None, run_after=None
[2026-04-29T01:16:44.508+0000] {processor.py:183} INFO - Processing /home/airflow/.local/lib/python3.12/site-packages/airflow/example_dags/example_bash_decorator.py took 0.104 seconds
[2026-04-29T01:17:15.269+0000] {processor.py:161} INFO - Started process (PID=2280) to work on /home/airflow/.local/lib/python3.12/site-packages/airflow/example_dags/example_bash_decorator.py
[2026-04-29T01:17:15.271+0000] {processor.py:830} INFO - Processing file /home/airflow/.local/lib/python3.12/site-packages/airflow/example_dags/example_bash_decorator.py for tasks to queue
[2026-04-29T01:17:15.273+0000] {logging_mixin.py:188} INFO - [2026-04-29T01:17:15.273+0000] {dagbag.py:540} INFO - Filling up the DagBag from /home/airflow/.local/lib/python3.12/site-packages/airflow/example_dags/example_bash_decorator.py
[2026-04-29T01:17:15.293+0000] {processor.py:840} INFO - DAG(s) 'example_bash_decorator' retrieved from /home/airflow/.local/lib/python3.12/site-packages/airflow/example_dags/example_bash_decorator.py
[2026-04-29T01:17:15.334+0000] {logging_mixin.py:188} INFO - [2026-04-29T01:17:15.334+0000] {dag.py:3096} INFO - Sync 1 DAGs
[2026-04-29T01:17:15.351+0000] {logging_mixin.py:188} INFO - [2026-04-29T01:17:15.351+0000] {dag.py:3954} INFO - Setting next_dagrun for example_bash_decorator to None, run_after=None
[2026-04-29T01:17:15.372+0000] {processor.py:183} INFO - Processing /home/airflow/.local/lib/python3.12/site-packages/airflow/example_dags/example_bash_decorator.py took 0.111 seconds
[2026-04-29T01:17:45.569+0000] {processor.py:161} INFO - Started process (PID=2340) to work on /home/airflow/.local/lib/python3.12/site-packages/airflow/example_dags/example_bash_decorator.py
[2026-04-29T01:17:45.570+0000] {processor.py:830} INFO - Processing file /home/airflow/.local/lib/python3.12/site-packages/airflow/example_dags/example_bash_decorator.py for tasks to queue
[2026-04-29T01:17:45.572+0000] {logging_mixin.py:188} INFO - [2026-04-29T01:17:45.571+0000] {dagbag.py:540} INFO - Filling up the DagBag from /home/airflow/.local/lib/python3.12/site-packages/airflow/example_dags/example_bash_decorator.py
[2026-04-29T01:17:45.584+0000] {processor.py:840} INFO - DAG(s) 'example_bash_decorator' retrieved from /home/airflow/.local/lib/python3.12/site-packages/airflow/example_dags/example_bash_decorator.py
[2026-04-29T01:17:45.606+0000] {logging_mixin.py:188} INFO - [2026-04-29T01:17:45.606+0000] {dag.py:3096} INFO - Sync 1 DAGs
[2026-04-29T01:17:45.618+0000] {logging_mixin.py:188} INFO - [2026-04-29T01:17:45.618+0000] {dag.py:3954} INFO - Setting next_dagrun for example_bash_decorator to None, run_after=None
[2026-04-29T01:17:45.634+0000] {processor.py:183} INFO - Processing /home/airflow/.local/lib/python3.12/site-packages/airflow/example_dags/example_bash_decorator.py took 0.072 seconds
[2026-04-29T01:18:16.501+0000] {processor.py:161} INFO - Started process (PID=2400) to work on /home/airflow/.local/lib/python3.12/site-packages/airflow/example_dags/example_bash_decorator.py
[2026-04-29T01:18:16.502+0000] {processor.py:830} INFO - Processing file /home/airflow/.local/lib/python3.12/site-packages/airflow/example_dags/example_bash_decorator.py for tasks to queue
[2026-04-29T01:18:16.504+0000] {logging_mixin.py:188} INFO - [2026-04-29T01:18:16.504+0000] {dagbag.py:540} INFO - Filling up the DagBag from /home/airflow/.local/lib/python3.12/site-packages/airflow/example_dags/example_bash_decorator.py
[2026-04-29T01:18:16.521+0000] {processor.py:840} INFO - DAG(s) 'example_bash_decorator' retrieved from /home/airflow/.local/lib/python3.12/site-packages/airflow/example_dags/example_bash_decorator.py
[2026-04-29T01:18:16.554+0000] {logging_mixin.py:188} INFO - [2026-04-29T01:18:16.553+0000] {dag.py:3096} INFO - Sync 1 DAGs
[2026-04-29T01:18:16.572+0000] {logging_mixin.py:188} INFO - [2026-04-29T01:18:16.571+0000] {dag.py:3954} INFO - Setting next_dagrun for example_bash_decorator to None, run_after=None
[2026-04-29T01:18:16.592+0000] {processor.py:183} INFO - Processing /home/airflow/.local/lib/python3.12/site-packages/airflow/example_dags/example_bash_decorator.py took 0.099 seconds
[2026-04-29T01:18:46.896+0000] {processor.py:161} INFO - Started process (PID=2459) to work on /home/airflow/.local/lib/python3.12/site-packages/airflow/example_dags/example_bash_decorator.py
[2026-04-29T01:18:46.897+0000] {processor.py:830} INFO - Processing file /home/airflow/.local/lib/python3.12/site-packages/airflow/example_dags/example_bash_decorator.py for tasks to queue
[2026-04-29T01:18:46.899+0000] {logging_mixin.py:188} INFO - [2026-04-29T01:18:46.899+0000] {dagbag.py:540} INFO - Filling up the DagBag from /home/airflow/.local/lib/python3.12/site-packages/airflow/example_dags/example_bash_decorator.py
[2026-04-29T01:18:46.916+0000] {processor.py:840} INFO - DAG(s) 'example_bash_decorator' retrieved from /home/airflow/.local/lib/python3.12/site-packages/airflow/example_dags/example_bash_decorator.py
[2026-04-29T01:18:46.942+0000] {logging_mixin.py:188} INFO - [2026-04-29T01:18:46.941+0000] {dag.py:3096} INFO - Sync 1 DAGs
[2026-04-29T01:18:46.958+0000] {logging_mixin.py:188} INFO - [2026-04-29T01:18:46.958+0000] {dag.py:3954} INFO - Setting next_dagrun for example_bash_decorator to None, run_after=None
[2026-04-29T01:18:46.975+0000] {processor.py:183} INFO - Processing /home/airflow/.local/lib/python3.12/site-packages/airflow/example_dags/example_bash_decorator.py took 0.087 seconds
[2026-04-29T01:19:17.767+0000] {processor.py:161} INFO - Started process (PID=2519) to work on /home/airflow/.local/lib/python3.12/site-packages/airflow/example_dags/example_bash_decorator.py
[2026-04-29T01:19:17.770+0000] {processor.py:830} INFO - Processing file /home/airflow/.local/lib/python3.12/site-packages/airflow/example_dags/example_bash_decorator.py for tasks to queue
[2026-04-29T01:19:17.774+0000] {logging_mixin.py:188} INFO - [2026-04-29T01:19:17.774+0000] {dagbag.py:540} INFO - Filling up the DagBag from /home/airflow/.local/lib/python3.12/site-packages/airflow/example_dags/example_bash_decorator.py
[2026-04-29T01:19:17.812+0000] {processor.py:840} INFO - DAG(s) 'example_bash_decorator' retrieved from /home/airflow/.local/lib/python3.12/site-packages/airflow/example_dags/example_bash_decorator.py
[2026-04-29T01:19:17.875+0000] {logging_mixin.py:188} INFO - [2026-04-29T01:19:17.874+0000] {dag.py:3096} INFO - Sync 1 DAGs
[2026-04-29T01:19:17.894+0000] {logging_mixin.py:188} INFO - [2026-04-29T01:19:17.893+0000] {dag.py:3954} INFO - Setting next_dagrun for example_bash_decorator to None, run_after=None
[2026-04-29T01:19:17.913+0000] {processor.py:183} INFO - Processing /home/airflow/.local/lib/python3.12/site-packages/airflow/example_dags/example_bash_decorator.py took 0.170 seconds
[2026-04-29T01:19:48.886+0000] {processor.py:161} INFO - Started process (PID=2579) to work on /home/airflow/.local/lib/python3.12/site-packages/airflow/example_dags/example_bash_decorator.py
[2026-04-29T01:19:48.889+0000] {processor.py:830} INFO - Processing file /home/airflow/.local/lib/python3.12/site-packages/airflow/example_dags/example_bash_decorator.py for tasks to queue
[2026-04-29T01:19:48.893+0000] {logging_mixin.py:188} INFO - [2026-04-29T01:19:48.893+0000] {dagbag.py:540} INFO - Filling up the DagBag from /home/airflow/.local/lib/python3.12/site-packages/airflow/example_dags/example_bash_decorator.py
[2026-04-29T01:19:48.912+0000] {processor.py:840} INFO - DAG(s) 'example_bash_decorator' retrieved from /home/airflow/.local/lib/python3.12/site-packages/airflow/example_dags/example_bash_decorator.py
[2026-04-29T01:19:48.949+0000] {logging_mixin.py:188} INFO - [2026-04-29T01:19:48.949+0000] {dag.py:3096} INFO - Sync 1 DAGs
[2026-04-29T01:19:48.967+0000] {logging_mixin.py:188} INFO - [2026-04-29T01:19:48.967+0000] {dag.py:3954} INFO - Setting next_dagrun for example_bash_decorator to None, run_after=None
[2026-04-29T01:19:48.991+0000] {processor.py:183} INFO - Processing /home/airflow/.local/lib/python3.12/site-packages/airflow/example_dags/example_bash_decorator.py took 0.120 seconds
[2026-04-29T01:20:19.121+0000] {processor.py:161} INFO - Started process (PID=2639) to work on /home/airflow/.local/lib/python3.12/site-packages/airflow/example_dags/example_bash_decorator.py
[2026-04-29T01:20:19.122+0000] {processor.py:830} INFO - Processing file /home/airflow/.local/lib/python3.12/site-packages/airflow/example_dags/example_bash_decorator.py for tasks to queue
[2026-04-29T01:20:19.123+0000] {logging_mixin.py:188} INFO - [2026-04-29T01:20:19.123+0000] {dagbag.py:540} INFO - Filling up the DagBag from /home/airflow/.local/lib/python3.12/site-packages/airflow/example_dags/example_bash_decorator.py
[2026-04-29T01:20:19.135+0000] {processor.py:840} INFO - DAG(s) 'example_bash_decorator' retrieved from /home/airflow/.local/lib/python3.12/site-packages/airflow/example_dags/example_bash_decorator.py
[2026-04-29T01:20:19.156+0000] {logging_mixin.py:188} INFO - [2026-04-29T01:20:19.156+0000] {dag.py:3096} INFO - Sync 1 DAGs
[2026-04-29T01:20:19.167+0000] {logging_mixin.py:188} INFO - [2026-04-29T01:20:19.166+0000] {dag.py:3954} INFO - Setting next_dagrun for example_bash_decorator to None, run_after=None
[2026-04-29T01:20:19.182+0000] {processor.py:183} INFO - Processing /home/airflow/.local/lib/python3.12/site-packages/airflow/example_dags/example_bash_decorator.py took 0.067 seconds
[2026-04-29T01:20:49.859+0000] {processor.py:161} INFO - Started process (PID=2699) to work on /home/airflow/.local/lib/python3.12/site-packages/airflow/example_dags/example_bash_decorator.py
[2026-04-29T01:20:49.865+0000] {processor.py:830} INFO - Processing file /home/airflow/.local/lib/python3.12/site-packages/airflow/example_dags/example_bash_decorator.py for tasks to queue
[2026-04-29T01:20:49.868+0000] {logging_mixin.py:188} INFO - [2026-04-29T01:20:49.868+0000] {dagbag.py:540} INFO - Filling up the DagBag from /home/airflow/.local/lib/python3.12/site-packages/airflow/example_dags/example_bash_decorator.py
[2026-04-29T01:20:49.886+0000] {processor.py:840} INFO - DAG(s) 'example_bash_decorator' retrieved from /home/airflow/.local/lib/python3.12/site-packages/airflow/example_dags/example_bash_decorator.py
[2026-04-29T01:20:49.930+0000] {logging_mixin.py:188} INFO - [2026-04-29T01:20:49.929+0000] {dag.py:3096} INFO - Sync 1 DAGs
[2026-04-29T01:20:49.955+0000] {logging_mixin.py:188} INFO - [2026-04-29T01:20:49.954+0000] {dag.py:3954} INFO - Setting next_dagrun for example_bash_decorator to None, run_after=None
[2026-04-29T01:20:49.982+0000] {processor.py:183} INFO - Processing /home/airflow/.local/lib/python3.12/site-packages/airflow/example_dags/example_bash_decorator.py took 0.139 seconds
[2026-04-29T01:21:20.057+0000] {processor.py:161} INFO - Started process (PID=2759) to work on /home/airflow/.local/lib/python3.12/site-packages/airflow/example_dags/example_bash_decorator.py
[2026-04-29T01:21:20.058+0000] {processor.py:830} INFO - Processing file /home/airflow/.local/lib/python3.12/site-packages/airflow/example_dags/example_bash_decorator.py for tasks to queue
[2026-04-29T01:21:20.059+0000] {logging_mixin.py:188} INFO - [2026-04-29T01:21:20.059+0000] {dagbag.py:540} INFO - Filling up the DagBag from /home/airflow/.local/lib/python3.12/site-packages/airflow/example_dags/example_bash_decorator.py
[2026-04-29T01:21:20.072+0000] {processor.py:840} INFO - DAG(s) 'example_bash_decorator' retrieved from /home/airflow/.local/lib/python3.12/site-packages/airflow/example_dags/example_bash_decorator.py
[2026-04-29T01:21:20.096+0000] {logging_mixin.py:188} INFO - [2026-04-29T01:21:20.095+0000] {dag.py:3096} INFO - Sync 1 DAGs
[2026-04-29T01:21:20.111+0000] {logging_mixin.py:188} INFO - [2026-04-29T01:21:20.111+0000] {dag.py:3954} INFO - Setting next_dagrun for example_bash_decorator to None, run_after=None
[2026-04-29T01:21:20.129+0000] {processor.py:183} INFO - Processing /home/airflow/.local/lib/python3.12/site-packages/airflow/example_dags/example_bash_decorator.py took 0.078 seconds
[2026-04-29T01:21:50.198+0000] {processor.py:161} INFO - Started process (PID=2819) to work on /home/airflow/.local/lib/python3.12/site-packages/airflow/example_dags/example_bash_decorator.py
[2026-04-29T01:21:50.199+0000] {processor.py:830} INFO - Processing file /home/airflow/.local/lib/python3.12/site-packages/airflow/example_dags/example_bash_decorator.py for tasks to queue
[2026-04-29T01:21:50.202+0000] {logging_mixin.py:188} INFO - [2026-04-29T01:21:50.201+0000] {dagbag.py:540} INFO - Filling up the DagBag from /home/airflow/.local/lib/python3.12/site-packages/airflow/example_dags/example_bash_decorator.py
[2026-04-29T01:21:50.220+0000] {processor.py:840} INFO - DAG(s) 'example_bash_decorator' retrieved from /home/airflow/.local/lib/python3.12/site-packages/airflow/example_dags/example_bash_decorator.py
[2026-04-29T01:21:50.288+0000] {logging_mixin.py:188} INFO - [2026-04-29T01:21:50.288+0000] {dag.py:3096} INFO - Sync 1 DAGs
[2026-04-29T01:21:50.319+0000] {logging_mixin.py:188} INFO - [2026-04-29T01:21:50.319+0000] {dag.py:3954} INFO - Setting next_dagrun for example_bash_decorator to None, run_after=None
[2026-04-29T01:21:50.345+0000] {processor.py:183} INFO - Processing /home/airflow/.local/lib/python3.12/site-packages/airflow/example_dags/example_bash_decorator.py took 0.154 seconds
[2026-04-29T01:22:20.514+0000] {processor.py:161} INFO - Started process (PID=2879) to work on /home/airflow/.local/lib/python3.12/site-packages/airflow/example_dags/example_bash_decorator.py
[2026-04-29T01:22:20.515+0000] {processor.py:830} INFO - Processing file /home/airflow/.local/lib/python3.12/site-packages/airflow/example_dags/example_bash_decorator.py for tasks to queue
[2026-04-29T01:22:20.517+0000] {logging_mixin.py:188} INFO - [2026-04-29T01:22:20.517+0000] {dagbag.py:540} INFO - Filling up the DagBag from /home/airflow/.local/lib/python3.12/site-packages/airflow/example_dags/example_bash_decorator.py
[2026-04-29T01:22:20.534+0000] {processor.py:840} INFO - DAG(s) 'example_bash_decorator' retrieved from /home/airflow/.local/lib/python3.12/site-packages/airflow/example_dags/example_bash_decorator.py
[2026-04-29T01:22:20.565+0000] {logging_mixin.py:188} INFO - [2026-04-29T01:22:20.565+0000] {dag.py:3096} INFO - Sync 1 DAGs
[2026-04-29T01:22:20.581+0000] {logging_mixin.py:188} INFO - [2026-04-29T01:22:20.581+0000] {dag.py:3954} INFO - Setting next_dagrun for example_bash_decorator to None, run_after=None
[2026-04-29T01:22:20.603+0000] {processor.py:183} INFO - Processing /home/airflow/.local/lib/python3.12/site-packages/airflow/example_dags/example_bash_decorator.py took 0.096 seconds
[2026-04-29T01:22:51.263+0000] {processor.py:161} INFO - Started process (PID=2939) to work on /home/airflow/.local/lib/python3.12/site-packages/airflow/example_dags/example_bash_decorator.py
[2026-04-29T01:22:51.263+0000] {processor.py:830} INFO - Processing file /home/airflow/.local/lib/python3.12/site-packages/airflow/example_dags/example_bash_decorator.py for tasks to queue
[2026-04-29T01:22:51.265+0000] {logging_mixin.py:188} INFO - [2026-04-29T01:22:51.265+0000] {dagbag.py:540} INFO - Filling up the DagBag from /home/airflow/.local/lib/python3.12/site-packages/airflow/example_dags/example_bash_decorator.py
[2026-04-29T01:22:51.283+0000] {processor.py:840} INFO - DAG(s) 'example_bash_decorator' retrieved from /home/airflow/.local/lib/python3.12/site-packages/airflow/example_dags/example_bash_decorator.py
[2026-04-29T01:22:51.319+0000] {logging_mixin.py:188} INFO - [2026-04-29T01:22:51.319+0000] {dag.py:3096} INFO - Sync 1 DAGs
[2026-04-29T01:22:51.347+0000] {logging_mixin.py:188} INFO - [2026-04-29T01:22:51.347+0000] {dag.py:3954} INFO - Setting next_dagrun for example_bash_decorator to None, run_after=None
[2026-04-29T01:22:51.385+0000] {processor.py:183} INFO - Processing /home/airflow/.local/lib/python3.12/site-packages/airflow/example_dags/example_bash_decorator.py took 0.129 seconds
[2026-04-29T01:23:21.729+0000] {processor.py:161} INFO - Started process (PID=2999) to work on /home/airflow/.local/lib/python3.12/site-packages/airflow/example_dags/example_bash_decorator.py
[2026-04-29T01:23:21.733+0000] {processor.py:830} INFO - Processing file /home/airflow/.local/lib/python3.12/site-packages/airflow/example_dags/example_bash_decorator.py for tasks to queue
[2026-04-29T01:23:21.736+0000] {logging_mixin.py:188} INFO - [2026-04-29T01:23:21.735+0000] {dagbag.py:540} INFO - Filling up the DagBag from /home/airflow/.local/lib/python3.12/site-packages/airflow/example_dags/example_bash_decorator.py
[2026-04-29T01:23:21.775+0000] {processor.py:840} INFO - DAG(s) 'example_bash_decorator' retrieved from /home/airflow/.local/lib/python3.12/site-packages/airflow/example_dags/example_bash_decorator.py
[2026-04-29T01:23:21.829+0000] {logging_mixin.py:188} INFO - [2026-04-29T01:23:21.829+0000] {dag.py:3096} INFO - Sync 1 DAGs
[2026-04-29T01:23:21.843+0000] {logging_mixin.py:188} INFO - [2026-04-29T01:23:21.843+0000] {dag.py:3954} INFO - Setting next_dagrun for example_bash_decorator to None, run_after=None
[2026-04-29T01:23:21.859+0000] {processor.py:183} INFO - Processing /home/airflow/.local/lib/python3.12/site-packages/airflow/example_dags/example_bash_decorator.py took 0.153 seconds
[2026-04-29T01:23:52.027+0000] {processor.py:161} INFO - Started process (PID=3059) to work on /home/airflow/.local/lib/python3.12/site-packages/airflow/example_dags/example_bash_decorator.py
[2026-04-29T01:23:52.028+0000] {processor.py:830} INFO - Processing file /home/airflow/.local/lib/python3.12/site-packages/airflow/example_dags/example_bash_decorator.py for tasks to queue
[2026-04-29T01:23:52.032+0000] {logging_mixin.py:188} INFO - [2026-04-29T01:23:52.032+0000] {dagbag.py:540} INFO - Filling up the DagBag from /home/airflow/.local/lib/python3.12/site-packages/airflow/example_dags/example_bash_decorator.py
[2026-04-29T01:23:52.064+0000] {processor.py:840} INFO - DAG(s) 'example_bash_decorator' retrieved from /home/airflow/.local/lib/python3.12/site-packages/airflow/example_dags/example_bash_decorator.py
[2026-04-29T01:23:52.108+0000] {logging_mixin.py:188} INFO - [2026-04-29T01:23:52.107+0000] {dag.py:3096} INFO - Sync 1 DAGs
[2026-04-29T01:23:52.125+0000] {logging_mixin.py:188} INFO - [2026-04-29T01:23:52.125+0000] {dag.py:3954} INFO - Setting next_dagrun for example_bash_decorator to None, run_after=None
[2026-04-29T01:23:52.146+0000] {processor.py:183} INFO - Processing /home/airflow/.local/lib/python3.12/site-packages/airflow/example_dags/example_bash_decorator.py took 0.134 seconds
[2026-04-29T01:24:22.912+0000] {processor.py:161} INFO - Started process (PID=3116) to work on /home/airflow/.local/lib/python3.12/site-packages/airflow/example_dags/example_bash_decorator.py
[2026-04-29T01:24:22.914+0000] {processor.py:830} INFO - Processing file /home/airflow/.local/lib/python3.12/site-packages/airflow/example_dags/example_bash_decorator.py for tasks to queue
[2026-04-29T01:24:22.923+0000] {logging_mixin.py:188} INFO - [2026-04-29T01:24:22.920+0000] {dagbag.py:540} INFO - Filling up the DagBag from /home/airflow/.local/lib/python3.12/site-packages/airflow/example_dags/example_bash_decorator.py
[2026-04-29T01:24:22.973+0000] {processor.py:840} INFO - DAG(s) 'example_bash_decorator' retrieved from /home/airflow/.local/lib/python3.12/site-packages/airflow/example_dags/example_bash_decorator.py
[2026-04-29T01:24:23.058+0000] {logging_mixin.py:188} INFO - [2026-04-29T01:24:23.056+0000] {dag.py:3096} INFO - Sync 1 DAGs
[2026-04-29T01:24:23.108+0000] {logging_mixin.py:188} INFO - [2026-04-29T01:24:23.108+0000] {dag.py:3954} INFO - Setting next_dagrun for example_bash_decorator to None, run_after=None
[2026-04-29T01:24:23.200+0000] {processor.py:183} INFO - Processing /home/airflow/.local/lib/python3.12/site-packages/airflow/example_dags/example_bash_decorator.py took 0.311 seconds
[2026-04-29T01:24:54.549+0000] {processor.py:161} INFO - Started process (PID=3175) to work on /home/airflow/.local/lib/python3.12/site-packages/airflow/example_dags/example_bash_decorator.py
[2026-04-29T01:24:54.556+0000] {processor.py:830} INFO - Processing file /home/airflow/.local/lib/python3.12/site-packages/airflow/example_dags/example_bash_decorator.py for tasks to queue
[2026-04-29T01:24:54.563+0000] {logging_mixin.py:188} INFO - [2026-04-29T01:24:54.562+0000] {dagbag.py:540} INFO - Filling up the DagBag from /home/airflow/.local/lib/python3.12/site-packages/airflow/example_dags/example_bash_decorator.py
[2026-04-29T01:24:54.631+0000] {processor.py:840} INFO - DAG(s) 'example_bash_decorator' retrieved from /home/airflow/.local/lib/python3.12/site-packages/airflow/example_dags/example_bash_decorator.py
[2026-04-29T01:24:54.711+0000] {logging_mixin.py:188} INFO - [2026-04-29T01:24:54.711+0000] {dag.py:3096} INFO - Sync 1 DAGs
[2026-04-29T01:24:54.739+0000] {logging_mixin.py:188} INFO - [2026-04-29T01:24:54.738+0000] {dag.py:3954} INFO - Setting next_dagrun for example_bash_decorator to None, run_after=None
[2026-04-29T01:24:54.781+0000] {processor.py:183} INFO - Processing /home/airflow/.local/lib/python3.12/site-packages/airflow/example_dags/example_bash_decorator.py took 0.254 seconds
[2026-04-29T01:25:25.627+0000] {processor.py:161} INFO - Started process (PID=3234) to work on /home/airflow/.local/lib/python3.12/site-packages/airflow/example_dags/example_bash_decorator.py
[2026-04-29T01:25:25.657+0000] {processor.py:830} INFO - Processing file /home/airflow/.local/lib/python3.12/site-packages/airflow/example_dags/example_bash_decorator.py for tasks to queue
[2026-04-29T01:25:25.709+0000] {logging_mixin.py:188} INFO - [2026-04-29T01:25:25.696+0000] {dagbag.py:540} INFO - Filling up the DagBag from /home/airflow/.local/lib/python3.12/site-packages/airflow/example_dags/example_bash_decorator.py
[2026-04-29T01:25:25.796+0000] {processor.py:840} INFO - DAG(s) 'example_bash_decorator' retrieved from /home/airflow/.local/lib/python3.12/site-packages/airflow/example_dags/example_bash_decorator.py
[2026-04-29T01:25:26.040+0000] {logging_mixin.py:188} INFO - [2026-04-29T01:25:26.040+0000] {dag.py:3096} INFO - Sync 1 DAGs
[2026-04-29T01:25:26.142+0000] {logging_mixin.py:188} INFO - [2026-04-29T01:25:26.139+0000] {dag.py:3954} INFO - Setting next_dagrun for example_bash_decorator to None, run_after=None
[2026-04-29T01:25:26.230+0000] {processor.py:183} INFO - Processing /home/airflow/.local/lib/python3.12/site-packages/airflow/example_dags/example_bash_decorator.py took 0.649 seconds
[2026-04-29T01:25:56.640+0000] {processor.py:161} INFO - Started process (PID=3294) to work on /home/airflow/.local/lib/python3.12/site-packages/airflow/example_dags/example_bash_decorator.py
[2026-04-29T01:25:56.641+0000] {processor.py:830} INFO - Processing file /home/airflow/.local/lib/python3.12/site-packages/airflow/example_dags/example_bash_decorator.py for tasks to queue
[2026-04-29T01:25:56.646+0000] {logging_mixin.py:188} INFO - [2026-04-29T01:25:56.643+0000] {dagbag.py:540} INFO - Filling up the DagBag from /home/airflow/.local/lib/python3.12/site-packages/airflow/example_dags/example_bash_decorator.py
[2026-04-29T01:25:56.698+0000] {processor.py:840} INFO - DAG(s) 'example_bash_decorator' retrieved from /home/airflow/.local/lib/python3.12/site-packages/airflow/example_dags/example_bash_decorator.py
[2026-04-29T01:25:56.793+0000] {logging_mixin.py:188} INFO - [2026-04-29T01:25:56.792+0000] {dag.py:3096} INFO - Sync 1 DAGs
[2026-04-29T01:25:56.859+0000] {logging_mixin.py:188} INFO - [2026-04-29T01:25:56.859+0000] {dag.py:3954} INFO - Setting next_dagrun for example_bash_decorator to None, run_after=None
[2026-04-29T01:25:56.956+0000] {processor.py:183} INFO - Processing /home/airflow/.local/lib/python3.12/site-packages/airflow/example_dags/example_bash_decorator.py took 0.327 seconds
[2026-04-29T01:26:27.855+0000] {processor.py:161} INFO - Started process (PID=3354) to work on /home/airflow/.local/lib/python3.12/site-packages/airflow/example_dags/example_bash_decorator.py
[2026-04-29T01:26:27.859+0000] {processor.py:830} INFO - Processing file /home/airflow/.local/lib/python3.12/site-packages/airflow/example_dags/example_bash_decorator.py for tasks to queue
[2026-04-29T01:26:27.864+0000] {logging_mixin.py:188} INFO - [2026-04-29T01:26:27.863+0000] {dagbag.py:540} INFO - Filling up the DagBag from /home/airflow/.local/lib/python3.12/site-packages/airflow/example_dags/example_bash_decorator.py
[2026-04-29T01:26:27.892+0000] {processor.py:840} INFO - DAG(s) 'example_bash_decorator' retrieved from /home/airflow/.local/lib/python3.12/site-packages/airflow/example_dags/example_bash_decorator.py
[2026-04-29T01:26:27.937+0000] {logging_mixin.py:188} INFO - [2026-04-29T01:26:27.936+0000] {dag.py:3096} INFO - Sync 1 DAGs
[2026-04-29T01:26:27.953+0000] {logging_mixin.py:188} INFO - [2026-04-29T01:26:27.953+0000] {dag.py:3954} INFO - Setting next_dagrun for example_bash_decorator to None, run_after=None
[2026-04-29T01:26:27.998+0000] {processor.py:183} INFO - Processing /home/airflow/.local/lib/python3.12/site-packages/airflow/example_dags/example_bash_decorator.py took 0.156 seconds
