[2026-04-29T00:55:00.852+0000] {processor.py:161} INFO - Started process (PID=90) to work on /home/airflow/.local/lib/python3.12/site-packages/airflow/example_dags/example_local_kubernetes_executor.py
[2026-04-29T00:55:00.853+0000] {processor.py:830} INFO - Processing file /home/airflow/.local/lib/python3.12/site-packages/airflow/example_dags/example_local_kubernetes_executor.py for tasks to queue
[2026-04-29T00:55:00.858+0000] {logging_mixin.py:188} INFO - [2026-04-29T00:55:00.857+0000] {dagbag.py:540} INFO - Filling up the DagBag from /home/airflow/.local/lib/python3.12/site-packages/airflow/example_dags/example_local_kubernetes_executor.py
[2026-04-29T00:55:00.880+0000] {processor.py:840} INFO - DAG(s) 'example_local_kubernetes_executor' retrieved from /home/airflow/.local/lib/python3.12/site-packages/airflow/example_dags/example_local_kubernetes_executor.py
[2026-04-29T00:55:00.975+0000] {logging_mixin.py:188} INFO - [2026-04-29T00:55:00.975+0000] {dag.py:3096} INFO - Sync 1 DAGs
[2026-04-29T00:55:01.030+0000] {logging_mixin.py:188} INFO - [2026-04-29T00:55:01.030+0000] {dag.py:3954} INFO - Setting next_dagrun for example_local_kubernetes_executor to None, run_after=None
[2026-04-29T00:55:01.126+0000] {processor.py:183} INFO - Processing /home/airflow/.local/lib/python3.12/site-packages/airflow/example_dags/example_local_kubernetes_executor.py took 0.291 seconds
[2026-04-29T00:58:25.240+0000] {processor.py:161} INFO - Started process (PID=98) to work on /home/airflow/.local/lib/python3.12/site-packages/airflow/example_dags/example_local_kubernetes_executor.py
[2026-04-29T00:58:25.241+0000] {processor.py:830} INFO - Processing file /home/airflow/.local/lib/python3.12/site-packages/airflow/example_dags/example_local_kubernetes_executor.py for tasks to queue
[2026-04-29T00:58:25.244+0000] {logging_mixin.py:188} INFO - [2026-04-29T00:58:25.243+0000] {dagbag.py:540} INFO - Filling up the DagBag from /home/airflow/.local/lib/python3.12/site-packages/airflow/example_dags/example_local_kubernetes_executor.py
[2026-04-29T00:58:25.269+0000] {processor.py:840} INFO - DAG(s) 'example_local_kubernetes_executor' retrieved from /home/airflow/.local/lib/python3.12/site-packages/airflow/example_dags/example_local_kubernetes_executor.py
[2026-04-29T00:58:25.654+0000] {logging_mixin.py:188} INFO - [2026-04-29T00:58:25.653+0000] {override.py:1829} INFO - Created Permission View: can edit on DAG:example_local_kubernetes_executor
[2026-04-29T00:58:25.675+0000] {logging_mixin.py:188} INFO - [2026-04-29T00:58:25.675+0000] {override.py:1829} INFO - Created Permission View: can delete on DAG:example_local_kubernetes_executor
[2026-04-29T00:58:25.688+0000] {logging_mixin.py:188} INFO - [2026-04-29T00:58:25.688+0000] {override.py:1829} INFO - Created Permission View: can read on DAG:example_local_kubernetes_executor
[2026-04-29T00:58:25.689+0000] {logging_mixin.py:188} INFO - [2026-04-29T00:58:25.689+0000] {dag.py:3096} INFO - Sync 1 DAGs
[2026-04-29T00:58:25.707+0000] {logging_mixin.py:188} INFO - [2026-04-29T00:58:25.706+0000] {dag.py:3118} INFO - Creating ORM DAG for example_local_kubernetes_executor
[2026-04-29T00:58:25.707+0000] {logging_mixin.py:188} INFO - [2026-04-29T00:58:25.707+0000] {dag.py:3954} INFO - Setting next_dagrun for example_local_kubernetes_executor to None, run_after=None
[2026-04-29T00:58:25.734+0000] {processor.py:183} INFO - Processing /home/airflow/.local/lib/python3.12/site-packages/airflow/example_dags/example_local_kubernetes_executor.py took 0.510 seconds
[2026-04-29T00:58:56.614+0000] {processor.py:161} INFO - Started process (PID=158) to work on /home/airflow/.local/lib/python3.12/site-packages/airflow/example_dags/example_local_kubernetes_executor.py
[2026-04-29T00:58:56.615+0000] {processor.py:830} INFO - Processing file /home/airflow/.local/lib/python3.12/site-packages/airflow/example_dags/example_local_kubernetes_executor.py for tasks to queue
[2026-04-29T00:58:56.617+0000] {logging_mixin.py:188} INFO - [2026-04-29T00:58:56.617+0000] {dagbag.py:540} INFO - Filling up the DagBag from /home/airflow/.local/lib/python3.12/site-packages/airflow/example_dags/example_local_kubernetes_executor.py
[2026-04-29T00:58:56.626+0000] {processor.py:840} INFO - DAG(s) 'example_local_kubernetes_executor' retrieved from /home/airflow/.local/lib/python3.12/site-packages/airflow/example_dags/example_local_kubernetes_executor.py
[2026-04-29T00:58:56.672+0000] {logging_mixin.py:188} INFO - [2026-04-29T00:58:56.672+0000] {dag.py:3096} INFO - Sync 1 DAGs
[2026-04-29T00:58:56.690+0000] {logging_mixin.py:188} INFO - [2026-04-29T00:58:56.689+0000] {dag.py:3954} INFO - Setting next_dagrun for example_local_kubernetes_executor to None, run_after=None
[2026-04-29T00:58:56.713+0000] {processor.py:183} INFO - Processing /home/airflow/.local/lib/python3.12/site-packages/airflow/example_dags/example_local_kubernetes_executor.py took 0.106 seconds
[2026-04-29T00:59:26.814+0000] {processor.py:161} INFO - Started process (PID=218) to work on /home/airflow/.local/lib/python3.12/site-packages/airflow/example_dags/example_local_kubernetes_executor.py
[2026-04-29T00:59:26.815+0000] {processor.py:830} INFO - Processing file /home/airflow/.local/lib/python3.12/site-packages/airflow/example_dags/example_local_kubernetes_executor.py for tasks to queue
[2026-04-29T00:59:26.818+0000] {logging_mixin.py:188} INFO - [2026-04-29T00:59:26.818+0000] {dagbag.py:540} INFO - Filling up the DagBag from /home/airflow/.local/lib/python3.12/site-packages/airflow/example_dags/example_local_kubernetes_executor.py
[2026-04-29T00:59:26.834+0000] {processor.py:840} INFO - DAG(s) 'example_local_kubernetes_executor' retrieved from /home/airflow/.local/lib/python3.12/site-packages/airflow/example_dags/example_local_kubernetes_executor.py
[2026-04-29T00:59:26.899+0000] {logging_mixin.py:188} INFO - [2026-04-29T00:59:26.899+0000] {dag.py:3096} INFO - Sync 1 DAGs
[2026-04-29T00:59:26.929+0000] {logging_mixin.py:188} INFO - [2026-04-29T00:59:26.929+0000] {dag.py:3954} INFO - Setting next_dagrun for example_local_kubernetes_executor to None, run_after=None
[2026-04-29T00:59:26.978+0000] {processor.py:183} INFO - Processing /home/airflow/.local/lib/python3.12/site-packages/airflow/example_dags/example_local_kubernetes_executor.py took 0.172 seconds
[2026-04-29T00:59:57.949+0000] {processor.py:161} INFO - Started process (PID=277) to work on /home/airflow/.local/lib/python3.12/site-packages/airflow/example_dags/example_local_kubernetes_executor.py
[2026-04-29T00:59:57.950+0000] {processor.py:830} INFO - Processing file /home/airflow/.local/lib/python3.12/site-packages/airflow/example_dags/example_local_kubernetes_executor.py for tasks to queue
[2026-04-29T00:59:57.953+0000] {logging_mixin.py:188} INFO - [2026-04-29T00:59:57.952+0000] {dagbag.py:540} INFO - Filling up the DagBag from /home/airflow/.local/lib/python3.12/site-packages/airflow/example_dags/example_local_kubernetes_executor.py
[2026-04-29T00:59:57.962+0000] {processor.py:840} INFO - DAG(s) 'example_local_kubernetes_executor' retrieved from /home/airflow/.local/lib/python3.12/site-packages/airflow/example_dags/example_local_kubernetes_executor.py
[2026-04-29T00:59:58.008+0000] {logging_mixin.py:188} INFO - [2026-04-29T00:59:58.008+0000] {dag.py:3096} INFO - Sync 1 DAGs
[2026-04-29T00:59:58.024+0000] {logging_mixin.py:188} INFO - [2026-04-29T00:59:58.023+0000] {dag.py:3954} INFO - Setting next_dagrun for example_local_kubernetes_executor to None, run_after=None
[2026-04-29T00:59:58.044+0000] {processor.py:183} INFO - Processing /home/airflow/.local/lib/python3.12/site-packages/airflow/example_dags/example_local_kubernetes_executor.py took 0.102 seconds
[2026-04-29T01:00:29.027+0000] {processor.py:161} INFO - Started process (PID=336) to work on /home/airflow/.local/lib/python3.12/site-packages/airflow/example_dags/example_local_kubernetes_executor.py
[2026-04-29T01:00:29.028+0000] {processor.py:830} INFO - Processing file /home/airflow/.local/lib/python3.12/site-packages/airflow/example_dags/example_local_kubernetes_executor.py for tasks to queue
[2026-04-29T01:00:29.034+0000] {logging_mixin.py:188} INFO - [2026-04-29T01:00:29.033+0000] {dagbag.py:540} INFO - Filling up the DagBag from /home/airflow/.local/lib/python3.12/site-packages/airflow/example_dags/example_local_kubernetes_executor.py
[2026-04-29T01:00:29.121+0000] {processor.py:840} INFO - DAG(s) 'example_local_kubernetes_executor' retrieved from /home/airflow/.local/lib/python3.12/site-packages/airflow/example_dags/example_local_kubernetes_executor.py
[2026-04-29T01:00:29.465+0000] {logging_mixin.py:188} INFO - [2026-04-29T01:00:29.465+0000] {dag.py:3096} INFO - Sync 1 DAGs
[2026-04-29T01:00:29.556+0000] {logging_mixin.py:188} INFO - [2026-04-29T01:00:29.555+0000] {dag.py:3954} INFO - Setting next_dagrun for example_local_kubernetes_executor to None, run_after=None
[2026-04-29T01:00:29.655+0000] {processor.py:183} INFO - Processing /home/airflow/.local/lib/python3.12/site-packages/airflow/example_dags/example_local_kubernetes_executor.py took 0.661 seconds
[2026-04-29T01:01:00.298+0000] {processor.py:161} INFO - Started process (PID=403) to work on /home/airflow/.local/lib/python3.12/site-packages/airflow/example_dags/example_local_kubernetes_executor.py
[2026-04-29T01:01:00.300+0000] {processor.py:830} INFO - Processing file /home/airflow/.local/lib/python3.12/site-packages/airflow/example_dags/example_local_kubernetes_executor.py for tasks to queue
[2026-04-29T01:01:00.304+0000] {logging_mixin.py:188} INFO - [2026-04-29T01:01:00.303+0000] {dagbag.py:540} INFO - Filling up the DagBag from /home/airflow/.local/lib/python3.12/site-packages/airflow/example_dags/example_local_kubernetes_executor.py
[2026-04-29T01:01:00.314+0000] {processor.py:840} INFO - DAG(s) 'example_local_kubernetes_executor' retrieved from /home/airflow/.local/lib/python3.12/site-packages/airflow/example_dags/example_local_kubernetes_executor.py
[2026-04-29T01:01:00.425+0000] {logging_mixin.py:188} INFO - [2026-04-29T01:01:00.422+0000] {dag.py:3096} INFO - Sync 1 DAGs
[2026-04-29T01:01:00.452+0000] {logging_mixin.py:188} INFO - [2026-04-29T01:01:00.451+0000] {dag.py:3954} INFO - Setting next_dagrun for example_local_kubernetes_executor to None, run_after=None
[2026-04-29T01:01:00.480+0000] {processor.py:183} INFO - Processing /home/airflow/.local/lib/python3.12/site-packages/airflow/example_dags/example_local_kubernetes_executor.py took 0.195 seconds
[2026-04-29T01:01:31.609+0000] {processor.py:161} INFO - Started process (PID=462) to work on /home/airflow/.local/lib/python3.12/site-packages/airflow/example_dags/example_local_kubernetes_executor.py
[2026-04-29T01:01:31.612+0000] {processor.py:830} INFO - Processing file /home/airflow/.local/lib/python3.12/site-packages/airflow/example_dags/example_local_kubernetes_executor.py for tasks to queue
[2026-04-29T01:01:31.621+0000] {logging_mixin.py:188} INFO - [2026-04-29T01:01:31.620+0000] {dagbag.py:540} INFO - Filling up the DagBag from /home/airflow/.local/lib/python3.12/site-packages/airflow/example_dags/example_local_kubernetes_executor.py
[2026-04-29T01:01:31.652+0000] {processor.py:840} INFO - DAG(s) 'example_local_kubernetes_executor' retrieved from /home/airflow/.local/lib/python3.12/site-packages/airflow/example_dags/example_local_kubernetes_executor.py
[2026-04-29T01:01:31.775+0000] {logging_mixin.py:188} INFO - [2026-04-29T01:01:31.774+0000] {dag.py:3096} INFO - Sync 1 DAGs
[2026-04-29T01:01:31.811+0000] {logging_mixin.py:188} INFO - [2026-04-29T01:01:31.811+0000] {dag.py:3954} INFO - Setting next_dagrun for example_local_kubernetes_executor to None, run_after=None
[2026-04-29T01:01:31.860+0000] {processor.py:183} INFO - Processing /home/airflow/.local/lib/python3.12/site-packages/airflow/example_dags/example_local_kubernetes_executor.py took 0.275 seconds
[2026-04-29T01:02:02.398+0000] {processor.py:161} INFO - Started process (PID=521) to work on /home/airflow/.local/lib/python3.12/site-packages/airflow/example_dags/example_local_kubernetes_executor.py
[2026-04-29T01:02:02.399+0000] {processor.py:830} INFO - Processing file /home/airflow/.local/lib/python3.12/site-packages/airflow/example_dags/example_local_kubernetes_executor.py for tasks to queue
[2026-04-29T01:02:02.403+0000] {logging_mixin.py:188} INFO - [2026-04-29T01:02:02.403+0000] {dagbag.py:540} INFO - Filling up the DagBag from /home/airflow/.local/lib/python3.12/site-packages/airflow/example_dags/example_local_kubernetes_executor.py
[2026-04-29T01:02:02.412+0000] {processor.py:840} INFO - DAG(s) 'example_local_kubernetes_executor' retrieved from /home/airflow/.local/lib/python3.12/site-packages/airflow/example_dags/example_local_kubernetes_executor.py
[2026-04-29T01:02:02.456+0000] {logging_mixin.py:188} INFO - [2026-04-29T01:02:02.456+0000] {dag.py:3096} INFO - Sync 1 DAGs
[2026-04-29T01:02:02.473+0000] {logging_mixin.py:188} INFO - [2026-04-29T01:02:02.473+0000] {dag.py:3954} INFO - Setting next_dagrun for example_local_kubernetes_executor to None, run_after=None
[2026-04-29T01:02:02.499+0000] {processor.py:183} INFO - Processing /home/airflow/.local/lib/python3.12/site-packages/airflow/example_dags/example_local_kubernetes_executor.py took 0.109 seconds
[2026-04-29T01:02:33.463+0000] {processor.py:161} INFO - Started process (PID=580) to work on /home/airflow/.local/lib/python3.12/site-packages/airflow/example_dags/example_local_kubernetes_executor.py
[2026-04-29T01:02:33.465+0000] {processor.py:830} INFO - Processing file /home/airflow/.local/lib/python3.12/site-packages/airflow/example_dags/example_local_kubernetes_executor.py for tasks to queue
[2026-04-29T01:02:33.469+0000] {logging_mixin.py:188} INFO - [2026-04-29T01:02:33.468+0000] {dagbag.py:540} INFO - Filling up the DagBag from /home/airflow/.local/lib/python3.12/site-packages/airflow/example_dags/example_local_kubernetes_executor.py
[2026-04-29T01:02:33.482+0000] {processor.py:840} INFO - DAG(s) 'example_local_kubernetes_executor' retrieved from /home/airflow/.local/lib/python3.12/site-packages/airflow/example_dags/example_local_kubernetes_executor.py
[2026-04-29T01:02:33.554+0000] {logging_mixin.py:188} INFO - [2026-04-29T01:02:33.553+0000] {dag.py:3096} INFO - Sync 1 DAGs
[2026-04-29T01:02:33.579+0000] {logging_mixin.py:188} INFO - [2026-04-29T01:02:33.578+0000] {dag.py:3954} INFO - Setting next_dagrun for example_local_kubernetes_executor to None, run_after=None
[2026-04-29T01:02:33.610+0000] {processor.py:183} INFO - Processing /home/airflow/.local/lib/python3.12/site-packages/airflow/example_dags/example_local_kubernetes_executor.py took 0.159 seconds
[2026-04-29T01:03:04.291+0000] {processor.py:161} INFO - Started process (PID=641) to work on /home/airflow/.local/lib/python3.12/site-packages/airflow/example_dags/example_local_kubernetes_executor.py
[2026-04-29T01:03:04.292+0000] {processor.py:830} INFO - Processing file /home/airflow/.local/lib/python3.12/site-packages/airflow/example_dags/example_local_kubernetes_executor.py for tasks to queue
[2026-04-29T01:03:04.294+0000] {logging_mixin.py:188} INFO - [2026-04-29T01:03:04.293+0000] {dagbag.py:540} INFO - Filling up the DagBag from /home/airflow/.local/lib/python3.12/site-packages/airflow/example_dags/example_local_kubernetes_executor.py
[2026-04-29T01:03:04.302+0000] {processor.py:840} INFO - DAG(s) 'example_local_kubernetes_executor' retrieved from /home/airflow/.local/lib/python3.12/site-packages/airflow/example_dags/example_local_kubernetes_executor.py
[2026-04-29T01:03:04.333+0000] {logging_mixin.py:188} INFO - [2026-04-29T01:03:04.333+0000] {dag.py:3096} INFO - Sync 1 DAGs
[2026-04-29T01:03:04.345+0000] {logging_mixin.py:188} INFO - [2026-04-29T01:03:04.345+0000] {dag.py:3954} INFO - Setting next_dagrun for example_local_kubernetes_executor to None, run_after=None
[2026-04-29T01:03:04.361+0000] {processor.py:183} INFO - Processing /home/airflow/.local/lib/python3.12/site-packages/airflow/example_dags/example_local_kubernetes_executor.py took 0.075 seconds
[2026-04-29T01:03:35.207+0000] {processor.py:161} INFO - Started process (PID=701) to work on /home/airflow/.local/lib/python3.12/site-packages/airflow/example_dags/example_local_kubernetes_executor.py
[2026-04-29T01:03:35.208+0000] {processor.py:830} INFO - Processing file /home/airflow/.local/lib/python3.12/site-packages/airflow/example_dags/example_local_kubernetes_executor.py for tasks to queue
[2026-04-29T01:03:35.212+0000] {logging_mixin.py:188} INFO - [2026-04-29T01:03:35.212+0000] {dagbag.py:540} INFO - Filling up the DagBag from /home/airflow/.local/lib/python3.12/site-packages/airflow/example_dags/example_local_kubernetes_executor.py
[2026-04-29T01:03:35.228+0000] {processor.py:840} INFO - DAG(s) 'example_local_kubernetes_executor' retrieved from /home/airflow/.local/lib/python3.12/site-packages/airflow/example_dags/example_local_kubernetes_executor.py
[2026-04-29T01:03:35.292+0000] {logging_mixin.py:188} INFO - [2026-04-29T01:03:35.291+0000] {dag.py:3096} INFO - Sync 1 DAGs
[2026-04-29T01:03:35.320+0000] {logging_mixin.py:188} INFO - [2026-04-29T01:03:35.320+0000] {dag.py:3954} INFO - Setting next_dagrun for example_local_kubernetes_executor to None, run_after=None
[2026-04-29T01:03:35.370+0000] {processor.py:183} INFO - Processing /home/airflow/.local/lib/python3.12/site-packages/airflow/example_dags/example_local_kubernetes_executor.py took 0.173 seconds
[2026-04-29T01:04:06.224+0000] {processor.py:161} INFO - Started process (PID=761) to work on /home/airflow/.local/lib/python3.12/site-packages/airflow/example_dags/example_local_kubernetes_executor.py
[2026-04-29T01:04:06.225+0000] {processor.py:830} INFO - Processing file /home/airflow/.local/lib/python3.12/site-packages/airflow/example_dags/example_local_kubernetes_executor.py for tasks to queue
[2026-04-29T01:04:06.227+0000] {logging_mixin.py:188} INFO - [2026-04-29T01:04:06.227+0000] {dagbag.py:540} INFO - Filling up the DagBag from /home/airflow/.local/lib/python3.12/site-packages/airflow/example_dags/example_local_kubernetes_executor.py
[2026-04-29T01:04:06.237+0000] {processor.py:840} INFO - DAG(s) 'example_local_kubernetes_executor' retrieved from /home/airflow/.local/lib/python3.12/site-packages/airflow/example_dags/example_local_kubernetes_executor.py
[2026-04-29T01:04:06.300+0000] {logging_mixin.py:188} INFO - [2026-04-29T01:04:06.300+0000] {dag.py:3096} INFO - Sync 1 DAGs
[2026-04-29T01:04:06.335+0000] {logging_mixin.py:188} INFO - [2026-04-29T01:04:06.335+0000] {dag.py:3954} INFO - Setting next_dagrun for example_local_kubernetes_executor to None, run_after=None
[2026-04-29T01:04:06.397+0000] {processor.py:183} INFO - Processing /home/airflow/.local/lib/python3.12/site-packages/airflow/example_dags/example_local_kubernetes_executor.py took 0.181 seconds
[2026-04-29T01:04:37.136+0000] {processor.py:161} INFO - Started process (PID=821) to work on /home/airflow/.local/lib/python3.12/site-packages/airflow/example_dags/example_local_kubernetes_executor.py
[2026-04-29T01:04:37.137+0000] {processor.py:830} INFO - Processing file /home/airflow/.local/lib/python3.12/site-packages/airflow/example_dags/example_local_kubernetes_executor.py for tasks to queue
[2026-04-29T01:04:37.139+0000] {logging_mixin.py:188} INFO - [2026-04-29T01:04:37.139+0000] {dagbag.py:540} INFO - Filling up the DagBag from /home/airflow/.local/lib/python3.12/site-packages/airflow/example_dags/example_local_kubernetes_executor.py
[2026-04-29T01:04:37.148+0000] {processor.py:840} INFO - DAG(s) 'example_local_kubernetes_executor' retrieved from /home/airflow/.local/lib/python3.12/site-packages/airflow/example_dags/example_local_kubernetes_executor.py
[2026-04-29T01:04:37.186+0000] {logging_mixin.py:188} INFO - [2026-04-29T01:04:37.185+0000] {dag.py:3096} INFO - Sync 1 DAGs
[2026-04-29T01:04:37.197+0000] {logging_mixin.py:188} INFO - [2026-04-29T01:04:37.197+0000] {dag.py:3954} INFO - Setting next_dagrun for example_local_kubernetes_executor to None, run_after=None
[2026-04-29T01:04:37.213+0000] {processor.py:183} INFO - Processing /home/airflow/.local/lib/python3.12/site-packages/airflow/example_dags/example_local_kubernetes_executor.py took 0.082 seconds
[2026-04-29T01:05:07.853+0000] {processor.py:161} INFO - Started process (PID=884) to work on /home/airflow/.local/lib/python3.12/site-packages/airflow/example_dags/example_local_kubernetes_executor.py
[2026-04-29T01:05:07.855+0000] {processor.py:830} INFO - Processing file /home/airflow/.local/lib/python3.12/site-packages/airflow/example_dags/example_local_kubernetes_executor.py for tasks to queue
[2026-04-29T01:05:07.860+0000] {logging_mixin.py:188} INFO - [2026-04-29T01:05:07.859+0000] {dagbag.py:540} INFO - Filling up the DagBag from /home/airflow/.local/lib/python3.12/site-packages/airflow/example_dags/example_local_kubernetes_executor.py
[2026-04-29T01:05:07.874+0000] {processor.py:840} INFO - DAG(s) 'example_local_kubernetes_executor' retrieved from /home/airflow/.local/lib/python3.12/site-packages/airflow/example_dags/example_local_kubernetes_executor.py
[2026-04-29T01:05:07.959+0000] {logging_mixin.py:188} INFO - [2026-04-29T01:05:07.959+0000] {dag.py:3096} INFO - Sync 1 DAGs
[2026-04-29T01:05:08.029+0000] {logging_mixin.py:188} INFO - [2026-04-29T01:05:08.029+0000] {dag.py:3954} INFO - Setting next_dagrun for example_local_kubernetes_executor to None, run_after=None
[2026-04-29T01:05:08.139+0000] {processor.py:183} INFO - Processing /home/airflow/.local/lib/python3.12/site-packages/airflow/example_dags/example_local_kubernetes_executor.py took 0.301 seconds
[2026-04-29T01:05:38.501+0000] {processor.py:161} INFO - Started process (PID=944) to work on /home/airflow/.local/lib/python3.12/site-packages/airflow/example_dags/example_local_kubernetes_executor.py
[2026-04-29T01:05:38.502+0000] {processor.py:830} INFO - Processing file /home/airflow/.local/lib/python3.12/site-packages/airflow/example_dags/example_local_kubernetes_executor.py for tasks to queue
[2026-04-29T01:05:38.504+0000] {logging_mixin.py:188} INFO - [2026-04-29T01:05:38.503+0000] {dagbag.py:540} INFO - Filling up the DagBag from /home/airflow/.local/lib/python3.12/site-packages/airflow/example_dags/example_local_kubernetes_executor.py
[2026-04-29T01:05:38.518+0000] {processor.py:840} INFO - DAG(s) 'example_local_kubernetes_executor' retrieved from /home/airflow/.local/lib/python3.12/site-packages/airflow/example_dags/example_local_kubernetes_executor.py
[2026-04-29T01:05:38.585+0000] {logging_mixin.py:188} INFO - [2026-04-29T01:05:38.584+0000] {dag.py:3096} INFO - Sync 1 DAGs
[2026-04-29T01:05:38.606+0000] {logging_mixin.py:188} INFO - [2026-04-29T01:05:38.606+0000] {dag.py:3954} INFO - Setting next_dagrun for example_local_kubernetes_executor to None, run_after=None
[2026-04-29T01:05:38.629+0000] {processor.py:183} INFO - Processing /home/airflow/.local/lib/python3.12/site-packages/airflow/example_dags/example_local_kubernetes_executor.py took 0.135 seconds
[2026-04-29T01:06:09.328+0000] {processor.py:161} INFO - Started process (PID=1003) to work on /home/airflow/.local/lib/python3.12/site-packages/airflow/example_dags/example_local_kubernetes_executor.py
[2026-04-29T01:06:09.339+0000] {processor.py:830} INFO - Processing file /home/airflow/.local/lib/python3.12/site-packages/airflow/example_dags/example_local_kubernetes_executor.py for tasks to queue
[2026-04-29T01:06:09.346+0000] {logging_mixin.py:188} INFO - [2026-04-29T01:06:09.346+0000] {dagbag.py:540} INFO - Filling up the DagBag from /home/airflow/.local/lib/python3.12/site-packages/airflow/example_dags/example_local_kubernetes_executor.py
[2026-04-29T01:06:09.377+0000] {processor.py:840} INFO - DAG(s) 'example_local_kubernetes_executor' retrieved from /home/airflow/.local/lib/python3.12/site-packages/airflow/example_dags/example_local_kubernetes_executor.py
[2026-04-29T01:06:09.503+0000] {logging_mixin.py:188} INFO - [2026-04-29T01:06:09.503+0000] {dag.py:3096} INFO - Sync 1 DAGs
[2026-04-29T01:06:09.524+0000] {logging_mixin.py:188} INFO - [2026-04-29T01:06:09.522+0000] {dag.py:3954} INFO - Setting next_dagrun for example_local_kubernetes_executor to None, run_after=None
[2026-04-29T01:06:09.547+0000] {processor.py:183} INFO - Processing /home/airflow/.local/lib/python3.12/site-packages/airflow/example_dags/example_local_kubernetes_executor.py took 0.248 seconds
[2026-04-29T01:06:41.316+0000] {processor.py:161} INFO - Started process (PID=1064) to work on /home/airflow/.local/lib/python3.12/site-packages/airflow/example_dags/example_local_kubernetes_executor.py
[2026-04-29T01:06:41.321+0000] {processor.py:830} INFO - Processing file /home/airflow/.local/lib/python3.12/site-packages/airflow/example_dags/example_local_kubernetes_executor.py for tasks to queue
[2026-04-29T01:06:41.325+0000] {logging_mixin.py:188} INFO - [2026-04-29T01:06:41.325+0000] {dagbag.py:540} INFO - Filling up the DagBag from /home/airflow/.local/lib/python3.12/site-packages/airflow/example_dags/example_local_kubernetes_executor.py
[2026-04-29T01:06:41.353+0000] {processor.py:840} INFO - DAG(s) 'example_local_kubernetes_executor' retrieved from /home/airflow/.local/lib/python3.12/site-packages/airflow/example_dags/example_local_kubernetes_executor.py
[2026-04-29T01:06:41.506+0000] {logging_mixin.py:188} INFO - [2026-04-29T01:06:41.505+0000] {dag.py:3096} INFO - Sync 1 DAGs
[2026-04-29T01:06:41.547+0000] {logging_mixin.py:188} INFO - [2026-04-29T01:06:41.546+0000] {dag.py:3954} INFO - Setting next_dagrun for example_local_kubernetes_executor to None, run_after=None
[2026-04-29T01:06:41.731+0000] {processor.py:183} INFO - Processing /home/airflow/.local/lib/python3.12/site-packages/airflow/example_dags/example_local_kubernetes_executor.py took 0.429 seconds
[2026-04-29T01:07:12.577+0000] {processor.py:161} INFO - Started process (PID=1124) to work on /home/airflow/.local/lib/python3.12/site-packages/airflow/example_dags/example_local_kubernetes_executor.py
[2026-04-29T01:07:12.578+0000] {processor.py:830} INFO - Processing file /home/airflow/.local/lib/python3.12/site-packages/airflow/example_dags/example_local_kubernetes_executor.py for tasks to queue
[2026-04-29T01:07:12.579+0000] {logging_mixin.py:188} INFO - [2026-04-29T01:07:12.579+0000] {dagbag.py:540} INFO - Filling up the DagBag from /home/airflow/.local/lib/python3.12/site-packages/airflow/example_dags/example_local_kubernetes_executor.py
[2026-04-29T01:07:12.586+0000] {processor.py:840} INFO - DAG(s) 'example_local_kubernetes_executor' retrieved from /home/airflow/.local/lib/python3.12/site-packages/airflow/example_dags/example_local_kubernetes_executor.py
[2026-04-29T01:07:12.617+0000] {logging_mixin.py:188} INFO - [2026-04-29T01:07:12.617+0000] {dag.py:3096} INFO - Sync 1 DAGs
[2026-04-29T01:07:12.776+0000] {logging_mixin.py:188} INFO - [2026-04-29T01:07:12.776+0000] {dag.py:3954} INFO - Setting next_dagrun for example_local_kubernetes_executor to None, run_after=None
[2026-04-29T01:07:12.790+0000] {processor.py:183} INFO - Processing /home/airflow/.local/lib/python3.12/site-packages/airflow/example_dags/example_local_kubernetes_executor.py took 0.219 seconds
[2026-04-29T01:07:43.880+0000] {processor.py:161} INFO - Started process (PID=1183) to work on /home/airflow/.local/lib/python3.12/site-packages/airflow/example_dags/example_local_kubernetes_executor.py
[2026-04-29T01:07:43.882+0000] {processor.py:830} INFO - Processing file /home/airflow/.local/lib/python3.12/site-packages/airflow/example_dags/example_local_kubernetes_executor.py for tasks to queue
[2026-04-29T01:07:43.884+0000] {logging_mixin.py:188} INFO - [2026-04-29T01:07:43.883+0000] {dagbag.py:540} INFO - Filling up the DagBag from /home/airflow/.local/lib/python3.12/site-packages/airflow/example_dags/example_local_kubernetes_executor.py
[2026-04-29T01:07:43.893+0000] {processor.py:840} INFO - DAG(s) 'example_local_kubernetes_executor' retrieved from /home/airflow/.local/lib/python3.12/site-packages/airflow/example_dags/example_local_kubernetes_executor.py
[2026-04-29T01:07:43.970+0000] {logging_mixin.py:188} INFO - [2026-04-29T01:07:43.970+0000] {dag.py:3096} INFO - Sync 1 DAGs
[2026-04-29T01:07:44.008+0000] {logging_mixin.py:188} INFO - [2026-04-29T01:07:44.008+0000] {dag.py:3954} INFO - Setting next_dagrun for example_local_kubernetes_executor to None, run_after=None
[2026-04-29T01:07:44.400+0000] {processor.py:183} INFO - Processing /home/airflow/.local/lib/python3.12/site-packages/airflow/example_dags/example_local_kubernetes_executor.py took 0.543 seconds
[2026-04-29T01:08:14.848+0000] {processor.py:161} INFO - Started process (PID=1243) to work on /home/airflow/.local/lib/python3.12/site-packages/airflow/example_dags/example_local_kubernetes_executor.py
[2026-04-29T01:08:14.849+0000] {processor.py:830} INFO - Processing file /home/airflow/.local/lib/python3.12/site-packages/airflow/example_dags/example_local_kubernetes_executor.py for tasks to queue
[2026-04-29T01:08:14.852+0000] {logging_mixin.py:188} INFO - [2026-04-29T01:08:14.851+0000] {dagbag.py:540} INFO - Filling up the DagBag from /home/airflow/.local/lib/python3.12/site-packages/airflow/example_dags/example_local_kubernetes_executor.py
[2026-04-29T01:08:14.861+0000] {processor.py:840} INFO - DAG(s) 'example_local_kubernetes_executor' retrieved from /home/airflow/.local/lib/python3.12/site-packages/airflow/example_dags/example_local_kubernetes_executor.py
[2026-04-29T01:08:14.904+0000] {logging_mixin.py:188} INFO - [2026-04-29T01:08:14.904+0000] {dag.py:3096} INFO - Sync 1 DAGs
[2026-04-29T01:08:14.920+0000] {logging_mixin.py:188} INFO - [2026-04-29T01:08:14.920+0000] {dag.py:3954} INFO - Setting next_dagrun for example_local_kubernetes_executor to None, run_after=None
[2026-04-29T01:08:14.940+0000] {processor.py:183} INFO - Processing /home/airflow/.local/lib/python3.12/site-packages/airflow/example_dags/example_local_kubernetes_executor.py took 0.098 seconds
[2026-04-29T01:08:46.813+0000] {processor.py:161} INFO - Started process (PID=1303) to work on /home/airflow/.local/lib/python3.12/site-packages/airflow/example_dags/example_local_kubernetes_executor.py
[2026-04-29T01:08:46.820+0000] {processor.py:830} INFO - Processing file /home/airflow/.local/lib/python3.12/site-packages/airflow/example_dags/example_local_kubernetes_executor.py for tasks to queue
[2026-04-29T01:08:46.831+0000] {logging_mixin.py:188} INFO - [2026-04-29T01:08:46.830+0000] {dagbag.py:540} INFO - Filling up the DagBag from /home/airflow/.local/lib/python3.12/site-packages/airflow/example_dags/example_local_kubernetes_executor.py
[2026-04-29T01:08:46.866+0000] {processor.py:840} INFO - DAG(s) 'example_local_kubernetes_executor' retrieved from /home/airflow/.local/lib/python3.12/site-packages/airflow/example_dags/example_local_kubernetes_executor.py
[2026-04-29T01:08:47.029+0000] {logging_mixin.py:188} INFO - [2026-04-29T01:08:47.029+0000] {dag.py:3096} INFO - Sync 1 DAGs
[2026-04-29T01:08:47.089+0000] {logging_mixin.py:188} INFO - [2026-04-29T01:08:47.089+0000] {dag.py:3954} INFO - Setting next_dagrun for example_local_kubernetes_executor to None, run_after=None
[2026-04-29T01:08:47.248+0000] {processor.py:183} INFO - Processing /home/airflow/.local/lib/python3.12/site-packages/airflow/example_dags/example_local_kubernetes_executor.py took 0.462 seconds
[2026-04-29T01:09:18.137+0000] {processor.py:161} INFO - Started process (PID=1363) to work on /home/airflow/.local/lib/python3.12/site-packages/airflow/example_dags/example_local_kubernetes_executor.py
[2026-04-29T01:09:18.172+0000] {processor.py:830} INFO - Processing file /home/airflow/.local/lib/python3.12/site-packages/airflow/example_dags/example_local_kubernetes_executor.py for tasks to queue
[2026-04-29T01:09:18.175+0000] {logging_mixin.py:188} INFO - [2026-04-29T01:09:18.174+0000] {dagbag.py:540} INFO - Filling up the DagBag from /home/airflow/.local/lib/python3.12/site-packages/airflow/example_dags/example_local_kubernetes_executor.py
[2026-04-29T01:09:18.195+0000] {processor.py:840} INFO - DAG(s) 'example_local_kubernetes_executor' retrieved from /home/airflow/.local/lib/python3.12/site-packages/airflow/example_dags/example_local_kubernetes_executor.py
[2026-04-29T01:09:18.407+0000] {logging_mixin.py:188} INFO - [2026-04-29T01:09:18.405+0000] {dag.py:3096} INFO - Sync 1 DAGs
[2026-04-29T01:09:18.458+0000] {logging_mixin.py:188} INFO - [2026-04-29T01:09:18.456+0000] {dag.py:3954} INFO - Setting next_dagrun for example_local_kubernetes_executor to None, run_after=None
[2026-04-29T01:09:18.546+0000] {processor.py:183} INFO - Processing /home/airflow/.local/lib/python3.12/site-packages/airflow/example_dags/example_local_kubernetes_executor.py took 0.423 seconds
[2026-04-29T01:09:49.203+0000] {processor.py:161} INFO - Started process (PID=1423) to work on /home/airflow/.local/lib/python3.12/site-packages/airflow/example_dags/example_local_kubernetes_executor.py
[2026-04-29T01:09:49.205+0000] {processor.py:830} INFO - Processing file /home/airflow/.local/lib/python3.12/site-packages/airflow/example_dags/example_local_kubernetes_executor.py for tasks to queue
[2026-04-29T01:09:49.207+0000] {logging_mixin.py:188} INFO - [2026-04-29T01:09:49.207+0000] {dagbag.py:540} INFO - Filling up the DagBag from /home/airflow/.local/lib/python3.12/site-packages/airflow/example_dags/example_local_kubernetes_executor.py
[2026-04-29T01:09:49.216+0000] {processor.py:840} INFO - DAG(s) 'example_local_kubernetes_executor' retrieved from /home/airflow/.local/lib/python3.12/site-packages/airflow/example_dags/example_local_kubernetes_executor.py
[2026-04-29T01:09:49.296+0000] {logging_mixin.py:188} INFO - [2026-04-29T01:09:49.296+0000] {dag.py:3096} INFO - Sync 1 DAGs
[2026-04-29T01:09:49.314+0000] {logging_mixin.py:188} INFO - [2026-04-29T01:09:49.314+0000] {dag.py:3954} INFO - Setting next_dagrun for example_local_kubernetes_executor to None, run_after=None
[2026-04-29T01:09:49.331+0000] {processor.py:183} INFO - Processing /home/airflow/.local/lib/python3.12/site-packages/airflow/example_dags/example_local_kubernetes_executor.py took 0.135 seconds
