[2026-04-29T00:55:00.871+0000] {processor.py:161} INFO - Started process (PID=91) to work on /home/airflow/.local/lib/python3.12/site-packages/airflow/example_dags/example_task_group.py
[2026-04-29T00:55:00.874+0000] {processor.py:830} INFO - Processing file /home/airflow/.local/lib/python3.12/site-packages/airflow/example_dags/example_task_group.py for tasks to queue
[2026-04-29T00:55:00.879+0000] {logging_mixin.py:188} INFO - [2026-04-29T00:55:00.878+0000] {dagbag.py:540} INFO - Filling up the DagBag from /home/airflow/.local/lib/python3.12/site-packages/airflow/example_dags/example_task_group.py
[2026-04-29T00:55:00.894+0000] {processor.py:840} INFO - DAG(s) 'example_task_group' retrieved from /home/airflow/.local/lib/python3.12/site-packages/airflow/example_dags/example_task_group.py
[2026-04-29T00:55:00.960+0000] {logging_mixin.py:188} INFO - [2026-04-29T00:55:00.958+0000] {dag.py:3096} INFO - Sync 1 DAGs
[2026-04-29T00:55:01.063+0000] {logging_mixin.py:188} INFO - [2026-04-29T00:55:01.063+0000] {dag.py:3954} INFO - Setting next_dagrun for example_task_group to 2026-04-28 00:00:00+00:00, run_after=2026-04-29 00:00:00+00:00
[2026-04-29T00:55:01.264+0000] {processor.py:183} INFO - Processing /home/airflow/.local/lib/python3.12/site-packages/airflow/example_dags/example_task_group.py took 0.410 seconds
[2026-04-29T00:58:25.258+0000] {processor.py:161} INFO - Started process (PID=99) to work on /home/airflow/.local/lib/python3.12/site-packages/airflow/example_dags/example_task_group.py
[2026-04-29T00:58:25.261+0000] {processor.py:830} INFO - Processing file /home/airflow/.local/lib/python3.12/site-packages/airflow/example_dags/example_task_group.py for tasks to queue
[2026-04-29T00:58:25.265+0000] {logging_mixin.py:188} INFO - [2026-04-29T00:58:25.263+0000] {dagbag.py:540} INFO - Filling up the DagBag from /home/airflow/.local/lib/python3.12/site-packages/airflow/example_dags/example_task_group.py
[2026-04-29T00:58:25.296+0000] {processor.py:840} INFO - DAG(s) 'example_task_group' retrieved from /home/airflow/.local/lib/python3.12/site-packages/airflow/example_dags/example_task_group.py
[2026-04-29T00:58:25.678+0000] {logging_mixin.py:188} INFO - [2026-04-29T00:58:25.677+0000] {override.py:1829} INFO - Created Permission View: can edit on DAG:example_task_group
[2026-04-29T00:58:25.705+0000] {logging_mixin.py:188} INFO - [2026-04-29T00:58:25.705+0000] {override.py:1829} INFO - Created Permission View: can delete on DAG:example_task_group
[2026-04-29T00:58:25.720+0000] {logging_mixin.py:188} INFO - [2026-04-29T00:58:25.720+0000] {override.py:1829} INFO - Created Permission View: can read on DAG:example_task_group
[2026-04-29T00:58:25.722+0000] {logging_mixin.py:188} INFO - [2026-04-29T00:58:25.721+0000] {dag.py:3096} INFO - Sync 1 DAGs
[2026-04-29T00:58:25.760+0000] {logging_mixin.py:188} INFO - [2026-04-29T00:58:25.758+0000] {dag.py:3118} INFO - Creating ORM DAG for example_task_group
[2026-04-29T00:58:25.784+0000] {logging_mixin.py:188} INFO - [2026-04-29T00:58:25.783+0000] {dag.py:3954} INFO - Setting next_dagrun for example_task_group to 2026-04-28 00:00:00+00:00, run_after=2026-04-29 00:00:00+00:00
[2026-04-29T00:58:25.810+0000] {processor.py:183} INFO - Processing /home/airflow/.local/lib/python3.12/site-packages/airflow/example_dags/example_task_group.py took 0.560 seconds
[2026-04-29T00:58:56.623+0000] {processor.py:161} INFO - Started process (PID=159) to work on /home/airflow/.local/lib/python3.12/site-packages/airflow/example_dags/example_task_group.py
[2026-04-29T00:58:56.624+0000] {processor.py:830} INFO - Processing file /home/airflow/.local/lib/python3.12/site-packages/airflow/example_dags/example_task_group.py for tasks to queue
[2026-04-29T00:58:56.626+0000] {logging_mixin.py:188} INFO - [2026-04-29T00:58:56.626+0000] {dagbag.py:540} INFO - Filling up the DagBag from /home/airflow/.local/lib/python3.12/site-packages/airflow/example_dags/example_task_group.py
[2026-04-29T00:58:56.637+0000] {processor.py:840} INFO - DAG(s) 'example_task_group' retrieved from /home/airflow/.local/lib/python3.12/site-packages/airflow/example_dags/example_task_group.py
[2026-04-29T00:58:56.664+0000] {logging_mixin.py:188} INFO - [2026-04-29T00:58:56.664+0000] {dag.py:3096} INFO - Sync 1 DAGs
[2026-04-29T00:58:56.699+0000] {logging_mixin.py:188} INFO - [2026-04-29T00:58:56.699+0000] {dag.py:3954} INFO - Setting next_dagrun for example_task_group to 2026-04-28 00:00:00+00:00, run_after=2026-04-29 00:00:00+00:00
[2026-04-29T00:58:56.718+0000] {processor.py:183} INFO - Processing /home/airflow/.local/lib/python3.12/site-packages/airflow/example_dags/example_task_group.py took 0.102 seconds
[2026-04-29T00:59:26.846+0000] {processor.py:161} INFO - Started process (PID=219) to work on /home/airflow/.local/lib/python3.12/site-packages/airflow/example_dags/example_task_group.py
[2026-04-29T00:59:26.849+0000] {processor.py:830} INFO - Processing file /home/airflow/.local/lib/python3.12/site-packages/airflow/example_dags/example_task_group.py for tasks to queue
[2026-04-29T00:59:26.852+0000] {logging_mixin.py:188} INFO - [2026-04-29T00:59:26.852+0000] {dagbag.py:540} INFO - Filling up the DagBag from /home/airflow/.local/lib/python3.12/site-packages/airflow/example_dags/example_task_group.py
[2026-04-29T00:59:26.872+0000] {processor.py:840} INFO - DAG(s) 'example_task_group' retrieved from /home/airflow/.local/lib/python3.12/site-packages/airflow/example_dags/example_task_group.py
[2026-04-29T00:59:26.937+0000] {logging_mixin.py:188} INFO - [2026-04-29T00:59:26.937+0000] {dag.py:3096} INFO - Sync 1 DAGs
[2026-04-29T00:59:26.976+0000] {logging_mixin.py:188} INFO - [2026-04-29T00:59:26.975+0000] {dag.py:3954} INFO - Setting next_dagrun for example_task_group to 2026-04-28 00:00:00+00:00, run_after=2026-04-29 00:00:00+00:00
[2026-04-29T00:59:27.053+0000] {processor.py:183} INFO - Processing /home/airflow/.local/lib/python3.12/site-packages/airflow/example_dags/example_task_group.py took 0.221 seconds
[2026-04-29T00:59:58.033+0000] {processor.py:161} INFO - Started process (PID=278) to work on /home/airflow/.local/lib/python3.12/site-packages/airflow/example_dags/example_task_group.py
[2026-04-29T00:59:58.034+0000] {processor.py:830} INFO - Processing file /home/airflow/.local/lib/python3.12/site-packages/airflow/example_dags/example_task_group.py for tasks to queue
[2026-04-29T00:59:58.036+0000] {logging_mixin.py:188} INFO - [2026-04-29T00:59:58.036+0000] {dagbag.py:540} INFO - Filling up the DagBag from /home/airflow/.local/lib/python3.12/site-packages/airflow/example_dags/example_task_group.py
[2026-04-29T00:59:58.046+0000] {processor.py:840} INFO - DAG(s) 'example_task_group' retrieved from /home/airflow/.local/lib/python3.12/site-packages/airflow/example_dags/example_task_group.py
[2026-04-29T00:59:58.072+0000] {logging_mixin.py:188} INFO - [2026-04-29T00:59:58.072+0000] {dag.py:3096} INFO - Sync 1 DAGs
[2026-04-29T00:59:58.102+0000] {logging_mixin.py:188} INFO - [2026-04-29T00:59:58.102+0000] {dag.py:3954} INFO - Setting next_dagrun for example_task_group to 2026-04-28 00:00:00+00:00, run_after=2026-04-29 00:00:00+00:00
[2026-04-29T00:59:58.124+0000] {processor.py:183} INFO - Processing /home/airflow/.local/lib/python3.12/site-packages/airflow/example_dags/example_task_group.py took 0.099 seconds
[2026-04-29T01:00:29.323+0000] {processor.py:161} INFO - Started process (PID=338) to work on /home/airflow/.local/lib/python3.12/site-packages/airflow/example_dags/example_task_group.py
[2026-04-29T01:00:29.334+0000] {processor.py:830} INFO - Processing file /home/airflow/.local/lib/python3.12/site-packages/airflow/example_dags/example_task_group.py for tasks to queue
[2026-04-29T01:00:29.345+0000] {logging_mixin.py:188} INFO - [2026-04-29T01:00:29.344+0000] {dagbag.py:540} INFO - Filling up the DagBag from /home/airflow/.local/lib/python3.12/site-packages/airflow/example_dags/example_task_group.py
[2026-04-29T01:00:29.416+0000] {processor.py:840} INFO - DAG(s) 'example_task_group' retrieved from /home/airflow/.local/lib/python3.12/site-packages/airflow/example_dags/example_task_group.py
[2026-04-29T01:00:29.506+0000] {logging_mixin.py:188} INFO - [2026-04-29T01:00:29.505+0000] {dag.py:3096} INFO - Sync 1 DAGs
[2026-04-29T01:00:29.576+0000] {logging_mixin.py:188} INFO - [2026-04-29T01:00:29.576+0000] {dag.py:3954} INFO - Setting next_dagrun for example_task_group to 2026-04-28 00:00:00+00:00, run_after=2026-04-29 00:00:00+00:00
[2026-04-29T01:00:29.693+0000] {processor.py:183} INFO - Processing /home/airflow/.local/lib/python3.12/site-packages/airflow/example_dags/example_task_group.py took 0.455 seconds
[2026-04-29T01:01:00.321+0000] {processor.py:161} INFO - Started process (PID=404) to work on /home/airflow/.local/lib/python3.12/site-packages/airflow/example_dags/example_task_group.py
[2026-04-29T01:01:00.324+0000] {processor.py:830} INFO - Processing file /home/airflow/.local/lib/python3.12/site-packages/airflow/example_dags/example_task_group.py for tasks to queue
[2026-04-29T01:01:00.338+0000] {logging_mixin.py:188} INFO - [2026-04-29T01:01:00.334+0000] {dagbag.py:540} INFO - Filling up the DagBag from /home/airflow/.local/lib/python3.12/site-packages/airflow/example_dags/example_task_group.py
[2026-04-29T01:01:00.354+0000] {processor.py:840} INFO - DAG(s) 'example_task_group' retrieved from /home/airflow/.local/lib/python3.12/site-packages/airflow/example_dags/example_task_group.py
[2026-04-29T01:01:00.439+0000] {logging_mixin.py:188} INFO - [2026-04-29T01:01:00.438+0000] {dag.py:3096} INFO - Sync 1 DAGs
[2026-04-29T01:01:00.518+0000] {logging_mixin.py:188} INFO - [2026-04-29T01:01:00.518+0000] {dag.py:3954} INFO - Setting next_dagrun for example_task_group to 2026-04-28 00:00:00+00:00, run_after=2026-04-29 00:00:00+00:00
[2026-04-29T01:01:00.564+0000] {processor.py:183} INFO - Processing /home/airflow/.local/lib/python3.12/site-packages/airflow/example_dags/example_task_group.py took 0.258 seconds
[2026-04-29T01:01:31.736+0000] {processor.py:161} INFO - Started process (PID=463) to work on /home/airflow/.local/lib/python3.12/site-packages/airflow/example_dags/example_task_group.py
[2026-04-29T01:01:31.739+0000] {processor.py:830} INFO - Processing file /home/airflow/.local/lib/python3.12/site-packages/airflow/example_dags/example_task_group.py for tasks to queue
[2026-04-29T01:01:31.742+0000] {logging_mixin.py:188} INFO - [2026-04-29T01:01:31.742+0000] {dagbag.py:540} INFO - Filling up the DagBag from /home/airflow/.local/lib/python3.12/site-packages/airflow/example_dags/example_task_group.py
[2026-04-29T01:01:31.755+0000] {processor.py:840} INFO - DAG(s) 'example_task_group' retrieved from /home/airflow/.local/lib/python3.12/site-packages/airflow/example_dags/example_task_group.py
[2026-04-29T01:01:31.815+0000] {logging_mixin.py:188} INFO - [2026-04-29T01:01:31.814+0000] {dag.py:3096} INFO - Sync 1 DAGs
[2026-04-29T01:01:31.866+0000] {logging_mixin.py:188} INFO - [2026-04-29T01:01:31.866+0000] {dag.py:3954} INFO - Setting next_dagrun for example_task_group to 2026-04-28 00:00:00+00:00, run_after=2026-04-29 00:00:00+00:00
[2026-04-29T01:01:31.908+0000] {processor.py:183} INFO - Processing /home/airflow/.local/lib/python3.12/site-packages/airflow/example_dags/example_task_group.py took 0.183 seconds
[2026-04-29T01:02:02.583+0000] {processor.py:161} INFO - Started process (PID=522) to work on /home/airflow/.local/lib/python3.12/site-packages/airflow/example_dags/example_task_group.py
[2026-04-29T01:02:02.585+0000] {processor.py:830} INFO - Processing file /home/airflow/.local/lib/python3.12/site-packages/airflow/example_dags/example_task_group.py for tasks to queue
[2026-04-29T01:02:02.590+0000] {logging_mixin.py:188} INFO - [2026-04-29T01:02:02.588+0000] {dagbag.py:540} INFO - Filling up the DagBag from /home/airflow/.local/lib/python3.12/site-packages/airflow/example_dags/example_task_group.py
[2026-04-29T01:02:02.623+0000] {processor.py:840} INFO - DAG(s) 'example_task_group' retrieved from /home/airflow/.local/lib/python3.12/site-packages/airflow/example_dags/example_task_group.py
[2026-04-29T01:02:02.698+0000] {logging_mixin.py:188} INFO - [2026-04-29T01:02:02.698+0000] {dag.py:3096} INFO - Sync 1 DAGs
[2026-04-29T01:02:02.736+0000] {logging_mixin.py:188} INFO - [2026-04-29T01:02:02.736+0000] {dag.py:3954} INFO - Setting next_dagrun for example_task_group to 2026-04-28 00:00:00+00:00, run_after=2026-04-29 00:00:00+00:00
[2026-04-29T01:02:02.796+0000] {processor.py:183} INFO - Processing /home/airflow/.local/lib/python3.12/site-packages/airflow/example_dags/example_task_group.py took 0.232 seconds
[2026-04-29T01:02:33.640+0000] {processor.py:161} INFO - Started process (PID=581) to work on /home/airflow/.local/lib/python3.12/site-packages/airflow/example_dags/example_task_group.py
[2026-04-29T01:02:33.642+0000] {processor.py:830} INFO - Processing file /home/airflow/.local/lib/python3.12/site-packages/airflow/example_dags/example_task_group.py for tasks to queue
[2026-04-29T01:02:33.645+0000] {logging_mixin.py:188} INFO - [2026-04-29T01:02:33.644+0000] {dagbag.py:540} INFO - Filling up the DagBag from /home/airflow/.local/lib/python3.12/site-packages/airflow/example_dags/example_task_group.py
[2026-04-29T01:02:33.657+0000] {processor.py:840} INFO - DAG(s) 'example_task_group' retrieved from /home/airflow/.local/lib/python3.12/site-packages/airflow/example_dags/example_task_group.py
[2026-04-29T01:02:33.684+0000] {logging_mixin.py:188} INFO - [2026-04-29T01:02:33.684+0000] {dag.py:3096} INFO - Sync 1 DAGs
[2026-04-29T01:02:33.712+0000] {logging_mixin.py:188} INFO - [2026-04-29T01:02:33.711+0000] {dag.py:3954} INFO - Setting next_dagrun for example_task_group to 2026-04-28 00:00:00+00:00, run_after=2026-04-29 00:00:00+00:00
[2026-04-29T01:02:33.731+0000] {processor.py:183} INFO - Processing /home/airflow/.local/lib/python3.12/site-packages/airflow/example_dags/example_task_group.py took 0.098 seconds
[2026-04-29T01:03:04.386+0000] {processor.py:161} INFO - Started process (PID=642) to work on /home/airflow/.local/lib/python3.12/site-packages/airflow/example_dags/example_task_group.py
[2026-04-29T01:03:04.387+0000] {processor.py:830} INFO - Processing file /home/airflow/.local/lib/python3.12/site-packages/airflow/example_dags/example_task_group.py for tasks to queue
[2026-04-29T01:03:04.390+0000] {logging_mixin.py:188} INFO - [2026-04-29T01:03:04.389+0000] {dagbag.py:540} INFO - Filling up the DagBag from /home/airflow/.local/lib/python3.12/site-packages/airflow/example_dags/example_task_group.py
[2026-04-29T01:03:04.413+0000] {processor.py:840} INFO - DAG(s) 'example_task_group' retrieved from /home/airflow/.local/lib/python3.12/site-packages/airflow/example_dags/example_task_group.py
[2026-04-29T01:03:04.458+0000] {logging_mixin.py:188} INFO - [2026-04-29T01:03:04.457+0000] {dag.py:3096} INFO - Sync 1 DAGs
[2026-04-29T01:03:04.485+0000] {logging_mixin.py:188} INFO - [2026-04-29T01:03:04.485+0000] {dag.py:3954} INFO - Setting next_dagrun for example_task_group to 2026-04-28 00:00:00+00:00, run_after=2026-04-29 00:00:00+00:00
[2026-04-29T01:03:04.505+0000] {processor.py:183} INFO - Processing /home/airflow/.local/lib/python3.12/site-packages/airflow/example_dags/example_task_group.py took 0.125 seconds
[2026-04-29T01:03:35.294+0000] {processor.py:161} INFO - Started process (PID=702) to work on /home/airflow/.local/lib/python3.12/site-packages/airflow/example_dags/example_task_group.py
[2026-04-29T01:03:35.294+0000] {processor.py:830} INFO - Processing file /home/airflow/.local/lib/python3.12/site-packages/airflow/example_dags/example_task_group.py for tasks to queue
[2026-04-29T01:03:35.297+0000] {logging_mixin.py:188} INFO - [2026-04-29T01:03:35.296+0000] {dagbag.py:540} INFO - Filling up the DagBag from /home/airflow/.local/lib/python3.12/site-packages/airflow/example_dags/example_task_group.py
[2026-04-29T01:03:35.305+0000] {processor.py:840} INFO - DAG(s) 'example_task_group' retrieved from /home/airflow/.local/lib/python3.12/site-packages/airflow/example_dags/example_task_group.py
[2026-04-29T01:03:35.353+0000] {logging_mixin.py:188} INFO - [2026-04-29T01:03:35.353+0000] {dag.py:3096} INFO - Sync 1 DAGs
[2026-04-29T01:03:35.403+0000] {logging_mixin.py:188} INFO - [2026-04-29T01:03:35.403+0000] {dag.py:3954} INFO - Setting next_dagrun for example_task_group to 2026-04-28 00:00:00+00:00, run_after=2026-04-29 00:00:00+00:00
[2026-04-29T01:03:35.450+0000] {processor.py:183} INFO - Processing /home/airflow/.local/lib/python3.12/site-packages/airflow/example_dags/example_task_group.py took 0.166 seconds
[2026-04-29T01:04:06.362+0000] {processor.py:161} INFO - Started process (PID=762) to work on /home/airflow/.local/lib/python3.12/site-packages/airflow/example_dags/example_task_group.py
[2026-04-29T01:04:06.367+0000] {processor.py:830} INFO - Processing file /home/airflow/.local/lib/python3.12/site-packages/airflow/example_dags/example_task_group.py for tasks to queue
[2026-04-29T01:04:06.375+0000] {logging_mixin.py:188} INFO - [2026-04-29T01:04:06.374+0000] {dagbag.py:540} INFO - Filling up the DagBag from /home/airflow/.local/lib/python3.12/site-packages/airflow/example_dags/example_task_group.py
[2026-04-29T01:04:06.396+0000] {processor.py:840} INFO - DAG(s) 'example_task_group' retrieved from /home/airflow/.local/lib/python3.12/site-packages/airflow/example_dags/example_task_group.py
[2026-04-29T01:04:06.452+0000] {logging_mixin.py:188} INFO - [2026-04-29T01:04:06.452+0000] {dag.py:3096} INFO - Sync 1 DAGs
[2026-04-29T01:04:06.536+0000] {logging_mixin.py:188} INFO - [2026-04-29T01:04:06.536+0000] {dag.py:3954} INFO - Setting next_dagrun for example_task_group to 2026-04-28 00:00:00+00:00, run_after=2026-04-29 00:00:00+00:00
[2026-04-29T01:04:06.599+0000] {processor.py:183} INFO - Processing /home/airflow/.local/lib/python3.12/site-packages/airflow/example_dags/example_task_group.py took 0.257 seconds
[2026-04-29T01:04:37.244+0000] {processor.py:161} INFO - Started process (PID=822) to work on /home/airflow/.local/lib/python3.12/site-packages/airflow/example_dags/example_task_group.py
[2026-04-29T01:04:37.245+0000] {processor.py:830} INFO - Processing file /home/airflow/.local/lib/python3.12/site-packages/airflow/example_dags/example_task_group.py for tasks to queue
[2026-04-29T01:04:37.247+0000] {logging_mixin.py:188} INFO - [2026-04-29T01:04:37.246+0000] {dagbag.py:540} INFO - Filling up the DagBag from /home/airflow/.local/lib/python3.12/site-packages/airflow/example_dags/example_task_group.py
[2026-04-29T01:04:37.260+0000] {processor.py:840} INFO - DAG(s) 'example_task_group' retrieved from /home/airflow/.local/lib/python3.12/site-packages/airflow/example_dags/example_task_group.py
[2026-04-29T01:04:37.310+0000] {logging_mixin.py:188} INFO - [2026-04-29T01:04:37.308+0000] {dag.py:3096} INFO - Sync 1 DAGs
[2026-04-29T01:04:37.376+0000] {logging_mixin.py:188} INFO - [2026-04-29T01:04:37.376+0000] {dag.py:3954} INFO - Setting next_dagrun for example_task_group to 2026-04-28 00:00:00+00:00, run_after=2026-04-29 00:00:00+00:00
[2026-04-29T01:04:37.443+0000] {processor.py:183} INFO - Processing /home/airflow/.local/lib/python3.12/site-packages/airflow/example_dags/example_task_group.py took 0.207 seconds
[2026-04-29T01:05:07.893+0000] {processor.py:161} INFO - Started process (PID=885) to work on /home/airflow/.local/lib/python3.12/site-packages/airflow/example_dags/example_task_group.py
[2026-04-29T01:05:07.894+0000] {processor.py:830} INFO - Processing file /home/airflow/.local/lib/python3.12/site-packages/airflow/example_dags/example_task_group.py for tasks to queue
[2026-04-29T01:05:07.896+0000] {logging_mixin.py:188} INFO - [2026-04-29T01:05:07.896+0000] {dagbag.py:540} INFO - Filling up the DagBag from /home/airflow/.local/lib/python3.12/site-packages/airflow/example_dags/example_task_group.py
[2026-04-29T01:05:07.907+0000] {processor.py:840} INFO - DAG(s) 'example_task_group' retrieved from /home/airflow/.local/lib/python3.12/site-packages/airflow/example_dags/example_task_group.py
[2026-04-29T01:05:07.986+0000] {logging_mixin.py:188} INFO - [2026-04-29T01:05:07.986+0000] {dag.py:3096} INFO - Sync 1 DAGs
[2026-04-29T01:05:08.084+0000] {logging_mixin.py:188} INFO - [2026-04-29T01:05:08.084+0000] {dag.py:3954} INFO - Setting next_dagrun for example_task_group to 2026-04-28 00:00:00+00:00, run_after=2026-04-29 00:00:00+00:00
[2026-04-29T01:05:08.163+0000] {processor.py:183} INFO - Processing /home/airflow/.local/lib/python3.12/site-packages/airflow/example_dags/example_task_group.py took 0.283 seconds
[2026-04-29T01:05:38.666+0000] {processor.py:161} INFO - Started process (PID=945) to work on /home/airflow/.local/lib/python3.12/site-packages/airflow/example_dags/example_task_group.py
[2026-04-29T01:05:38.667+0000] {processor.py:830} INFO - Processing file /home/airflow/.local/lib/python3.12/site-packages/airflow/example_dags/example_task_group.py for tasks to queue
[2026-04-29T01:05:38.669+0000] {logging_mixin.py:188} INFO - [2026-04-29T01:05:38.669+0000] {dagbag.py:540} INFO - Filling up the DagBag from /home/airflow/.local/lib/python3.12/site-packages/airflow/example_dags/example_task_group.py
[2026-04-29T01:05:38.677+0000] {processor.py:840} INFO - DAG(s) 'example_task_group' retrieved from /home/airflow/.local/lib/python3.12/site-packages/airflow/example_dags/example_task_group.py
[2026-04-29T01:05:38.702+0000] {logging_mixin.py:188} INFO - [2026-04-29T01:05:38.701+0000] {dag.py:3096} INFO - Sync 1 DAGs
[2026-04-29T01:05:38.727+0000] {logging_mixin.py:188} INFO - [2026-04-29T01:05:38.727+0000] {dag.py:3954} INFO - Setting next_dagrun for example_task_group to 2026-04-28 00:00:00+00:00, run_after=2026-04-29 00:00:00+00:00
[2026-04-29T01:05:38.962+0000] {processor.py:183} INFO - Processing /home/airflow/.local/lib/python3.12/site-packages/airflow/example_dags/example_task_group.py took 0.303 seconds
[2026-04-29T01:06:09.736+0000] {processor.py:161} INFO - Started process (PID=1005) to work on /home/airflow/.local/lib/python3.12/site-packages/airflow/example_dags/example_task_group.py
[2026-04-29T01:06:09.743+0000] {processor.py:830} INFO - Processing file /home/airflow/.local/lib/python3.12/site-packages/airflow/example_dags/example_task_group.py for tasks to queue
[2026-04-29T01:06:09.749+0000] {logging_mixin.py:188} INFO - [2026-04-29T01:06:09.749+0000] {dagbag.py:540} INFO - Filling up the DagBag from /home/airflow/.local/lib/python3.12/site-packages/airflow/example_dags/example_task_group.py
[2026-04-29T01:06:09.774+0000] {processor.py:840} INFO - DAG(s) 'example_task_group' retrieved from /home/airflow/.local/lib/python3.12/site-packages/airflow/example_dags/example_task_group.py
[2026-04-29T01:06:09.856+0000] {logging_mixin.py:188} INFO - [2026-04-29T01:06:09.851+0000] {dag.py:3096} INFO - Sync 1 DAGs
[2026-04-29T01:06:09.937+0000] {logging_mixin.py:188} INFO - [2026-04-29T01:06:09.934+0000] {dag.py:3954} INFO - Setting next_dagrun for example_task_group to 2026-04-28 00:00:00+00:00, run_after=2026-04-29 00:00:00+00:00
[2026-04-29T01:06:09.981+0000] {processor.py:183} INFO - Processing /home/airflow/.local/lib/python3.12/site-packages/airflow/example_dags/example_task_group.py took 0.254 seconds
[2026-04-29T01:06:41.514+0000] {processor.py:161} INFO - Started process (PID=1065) to work on /home/airflow/.local/lib/python3.12/site-packages/airflow/example_dags/example_task_group.py
[2026-04-29T01:06:41.519+0000] {processor.py:830} INFO - Processing file /home/airflow/.local/lib/python3.12/site-packages/airflow/example_dags/example_task_group.py for tasks to queue
[2026-04-29T01:06:41.524+0000] {logging_mixin.py:188} INFO - [2026-04-29T01:06:41.524+0000] {dagbag.py:540} INFO - Filling up the DagBag from /home/airflow/.local/lib/python3.12/site-packages/airflow/example_dags/example_task_group.py
[2026-04-29T01:06:41.553+0000] {processor.py:840} INFO - DAG(s) 'example_task_group' retrieved from /home/airflow/.local/lib/python3.12/site-packages/airflow/example_dags/example_task_group.py
[2026-04-29T01:06:41.697+0000] {logging_mixin.py:188} INFO - [2026-04-29T01:06:41.694+0000] {dag.py:3096} INFO - Sync 1 DAGs
[2026-04-29T01:06:41.803+0000] {logging_mixin.py:188} INFO - [2026-04-29T01:06:41.802+0000] {dag.py:3954} INFO - Setting next_dagrun for example_task_group to 2026-04-28 00:00:00+00:00, run_after=2026-04-29 00:00:00+00:00
[2026-04-29T01:06:41.853+0000] {processor.py:183} INFO - Processing /home/airflow/.local/lib/python3.12/site-packages/airflow/example_dags/example_task_group.py took 0.356 seconds
[2026-04-29T01:07:12.820+0000] {processor.py:161} INFO - Started process (PID=1125) to work on /home/airflow/.local/lib/python3.12/site-packages/airflow/example_dags/example_task_group.py
[2026-04-29T01:07:12.822+0000] {processor.py:830} INFO - Processing file /home/airflow/.local/lib/python3.12/site-packages/airflow/example_dags/example_task_group.py for tasks to queue
[2026-04-29T01:07:12.824+0000] {logging_mixin.py:188} INFO - [2026-04-29T01:07:12.823+0000] {dagbag.py:540} INFO - Filling up the DagBag from /home/airflow/.local/lib/python3.12/site-packages/airflow/example_dags/example_task_group.py
[2026-04-29T01:07:12.832+0000] {processor.py:840} INFO - DAG(s) 'example_task_group' retrieved from /home/airflow/.local/lib/python3.12/site-packages/airflow/example_dags/example_task_group.py
[2026-04-29T01:07:12.860+0000] {logging_mixin.py:188} INFO - [2026-04-29T01:07:12.860+0000] {dag.py:3096} INFO - Sync 1 DAGs
[2026-04-29T01:07:13.063+0000] {logging_mixin.py:188} INFO - [2026-04-29T01:07:13.063+0000] {dag.py:3954} INFO - Setting next_dagrun for example_task_group to 2026-04-28 00:00:00+00:00, run_after=2026-04-29 00:00:00+00:00
[2026-04-29T01:07:13.081+0000] {processor.py:183} INFO - Processing /home/airflow/.local/lib/python3.12/site-packages/airflow/example_dags/example_task_group.py took 0.267 seconds
[2026-04-29T01:07:43.933+0000] {processor.py:161} INFO - Started process (PID=1184) to work on /home/airflow/.local/lib/python3.12/site-packages/airflow/example_dags/example_task_group.py
[2026-04-29T01:07:43.936+0000] {processor.py:830} INFO - Processing file /home/airflow/.local/lib/python3.12/site-packages/airflow/example_dags/example_task_group.py for tasks to queue
[2026-04-29T01:07:43.938+0000] {logging_mixin.py:188} INFO - [2026-04-29T01:07:43.938+0000] {dagbag.py:540} INFO - Filling up the DagBag from /home/airflow/.local/lib/python3.12/site-packages/airflow/example_dags/example_task_group.py
[2026-04-29T01:07:43.958+0000] {processor.py:840} INFO - DAG(s) 'example_task_group' retrieved from /home/airflow/.local/lib/python3.12/site-packages/airflow/example_dags/example_task_group.py
[2026-04-29T01:07:44.014+0000] {logging_mixin.py:188} INFO - [2026-04-29T01:07:44.013+0000] {dag.py:3096} INFO - Sync 1 DAGs
[2026-04-29T01:07:44.084+0000] {logging_mixin.py:188} INFO - [2026-04-29T01:07:44.084+0000] {dag.py:3954} INFO - Setting next_dagrun for example_task_group to 2026-04-28 00:00:00+00:00, run_after=2026-04-29 00:00:00+00:00
[2026-04-29T01:07:44.607+0000] {processor.py:183} INFO - Processing /home/airflow/.local/lib/python3.12/site-packages/airflow/example_dags/example_task_group.py took 0.689 seconds
[2026-04-29T01:08:14.862+0000] {processor.py:161} INFO - Started process (PID=1244) to work on /home/airflow/.local/lib/python3.12/site-packages/airflow/example_dags/example_task_group.py
[2026-04-29T01:08:14.863+0000] {processor.py:830} INFO - Processing file /home/airflow/.local/lib/python3.12/site-packages/airflow/example_dags/example_task_group.py for tasks to queue
[2026-04-29T01:08:14.865+0000] {logging_mixin.py:188} INFO - [2026-04-29T01:08:14.865+0000] {dagbag.py:540} INFO - Filling up the DagBag from /home/airflow/.local/lib/python3.12/site-packages/airflow/example_dags/example_task_group.py
[2026-04-29T01:08:14.875+0000] {processor.py:840} INFO - DAG(s) 'example_task_group' retrieved from /home/airflow/.local/lib/python3.12/site-packages/airflow/example_dags/example_task_group.py
[2026-04-29T01:08:14.902+0000] {logging_mixin.py:188} INFO - [2026-04-29T01:08:14.902+0000] {dag.py:3096} INFO - Sync 1 DAGs
[2026-04-29T01:08:14.928+0000] {logging_mixin.py:188} INFO - [2026-04-29T01:08:14.928+0000] {dag.py:3954} INFO - Setting next_dagrun for example_task_group to 2026-04-28 00:00:00+00:00, run_after=2026-04-29 00:00:00+00:00
[2026-04-29T01:08:14.948+0000] {processor.py:183} INFO - Processing /home/airflow/.local/lib/python3.12/site-packages/airflow/example_dags/example_task_group.py took 0.095 seconds
[2026-04-29T01:08:47.250+0000] {processor.py:161} INFO - Started process (PID=1304) to work on /home/airflow/.local/lib/python3.12/site-packages/airflow/example_dags/example_task_group.py
[2026-04-29T01:08:47.272+0000] {processor.py:830} INFO - Processing file /home/airflow/.local/lib/python3.12/site-packages/airflow/example_dags/example_task_group.py for tasks to queue
[2026-04-29T01:08:47.289+0000] {logging_mixin.py:188} INFO - [2026-04-29T01:08:47.287+0000] {dagbag.py:540} INFO - Filling up the DagBag from /home/airflow/.local/lib/python3.12/site-packages/airflow/example_dags/example_task_group.py
[2026-04-29T01:08:47.398+0000] {processor.py:840} INFO - DAG(s) 'example_task_group' retrieved from /home/airflow/.local/lib/python3.12/site-packages/airflow/example_dags/example_task_group.py
[2026-04-29T01:08:47.704+0000] {logging_mixin.py:188} INFO - [2026-04-29T01:08:47.703+0000] {dag.py:3096} INFO - Sync 1 DAGs
[2026-04-29T01:08:47.923+0000] {logging_mixin.py:188} INFO - [2026-04-29T01:08:47.923+0000] {dag.py:3954} INFO - Setting next_dagrun for example_task_group to 2026-04-28 00:00:00+00:00, run_after=2026-04-29 00:00:00+00:00
[2026-04-29T01:08:48.012+0000] {processor.py:183} INFO - Processing /home/airflow/.local/lib/python3.12/site-packages/airflow/example_dags/example_task_group.py took 0.824 seconds
[2026-04-29T01:09:18.689+0000] {processor.py:161} INFO - Started process (PID=1364) to work on /home/airflow/.local/lib/python3.12/site-packages/airflow/example_dags/example_task_group.py
[2026-04-29T01:09:18.755+0000] {processor.py:830} INFO - Processing file /home/airflow/.local/lib/python3.12/site-packages/airflow/example_dags/example_task_group.py for tasks to queue
[2026-04-29T01:09:18.766+0000] {logging_mixin.py:188} INFO - [2026-04-29T01:09:18.761+0000] {dagbag.py:540} INFO - Filling up the DagBag from /home/airflow/.local/lib/python3.12/site-packages/airflow/example_dags/example_task_group.py
[2026-04-29T01:09:18.811+0000] {processor.py:840} INFO - DAG(s) 'example_task_group' retrieved from /home/airflow/.local/lib/python3.12/site-packages/airflow/example_dags/example_task_group.py
[2026-04-29T01:09:18.897+0000] {logging_mixin.py:188} INFO - [2026-04-29T01:09:18.897+0000] {dag.py:3096} INFO - Sync 1 DAGs
[2026-04-29T01:09:18.949+0000] {logging_mixin.py:188} INFO - [2026-04-29T01:09:18.948+0000] {dag.py:3954} INFO - Setting next_dagrun for example_task_group to 2026-04-28 00:00:00+00:00, run_after=2026-04-29 00:00:00+00:00
[2026-04-29T01:09:19.006+0000] {processor.py:183} INFO - Processing /home/airflow/.local/lib/python3.12/site-packages/airflow/example_dags/example_task_group.py took 0.328 seconds
[2026-04-29T01:09:49.212+0000] {processor.py:161} INFO - Started process (PID=1424) to work on /home/airflow/.local/lib/python3.12/site-packages/airflow/example_dags/example_task_group.py
[2026-04-29T01:09:49.216+0000] {processor.py:830} INFO - Processing file /home/airflow/.local/lib/python3.12/site-packages/airflow/example_dags/example_task_group.py for tasks to queue
[2026-04-29T01:09:49.218+0000] {logging_mixin.py:188} INFO - [2026-04-29T01:09:49.218+0000] {dagbag.py:540} INFO - Filling up the DagBag from /home/airflow/.local/lib/python3.12/site-packages/airflow/example_dags/example_task_group.py
[2026-04-29T01:09:49.232+0000] {processor.py:840} INFO - DAG(s) 'example_task_group' retrieved from /home/airflow/.local/lib/python3.12/site-packages/airflow/example_dags/example_task_group.py
[2026-04-29T01:09:49.260+0000] {logging_mixin.py:188} INFO - [2026-04-29T01:09:49.259+0000] {dag.py:3096} INFO - Sync 1 DAGs
[2026-04-29T01:09:49.288+0000] {logging_mixin.py:188} INFO - [2026-04-29T01:09:49.288+0000] {dag.py:3954} INFO - Setting next_dagrun for example_task_group to 2026-04-28 00:00:00+00:00, run_after=2026-04-29 00:00:00+00:00
[2026-04-29T01:09:49.308+0000] {processor.py:183} INFO - Processing /home/airflow/.local/lib/python3.12/site-packages/airflow/example_dags/example_task_group.py took 0.103 seconds
