[2026-04-29T00:54:53.556+0000] {processor.py:161} INFO - Started process (PID=68) to work on /home/airflow/.local/lib/python3.12/site-packages/airflow/example_dags/example_branch_labels.py
[2026-04-29T00:54:53.557+0000] {processor.py:830} INFO - Processing file /home/airflow/.local/lib/python3.12/site-packages/airflow/example_dags/example_branch_labels.py for tasks to queue
[2026-04-29T00:54:53.565+0000] {logging_mixin.py:188} INFO - [2026-04-29T00:54:53.565+0000] {dagbag.py:540} INFO - Filling up the DagBag from /home/airflow/.local/lib/python3.12/site-packages/airflow/example_dags/example_branch_labels.py
[2026-04-29T00:54:53.585+0000] {processor.py:840} INFO - DAG(s) 'example_branch_labels' retrieved from /home/airflow/.local/lib/python3.12/site-packages/airflow/example_dags/example_branch_labels.py
[2026-04-29T00:54:53.631+0000] {logging_mixin.py:188} INFO - [2026-04-29T00:54:53.630+0000] {dag.py:3096} INFO - Sync 1 DAGs
[2026-04-29T00:54:53.683+0000] {logging_mixin.py:188} INFO - [2026-04-29T00:54:53.683+0000] {dag.py:3954} INFO - Setting next_dagrun for example_branch_labels to 2026-04-28 00:00:00+00:00, run_after=2026-04-29 00:00:00+00:00
[2026-04-29T00:54:53.745+0000] {processor.py:183} INFO - Processing /home/airflow/.local/lib/python3.12/site-packages/airflow/example_dags/example_branch_labels.py took 0.221 seconds
[2026-04-29T00:58:15.561+0000] {processor.py:161} INFO - Started process (PID=76) to work on /home/airflow/.local/lib/python3.12/site-packages/airflow/example_dags/example_branch_labels.py
[2026-04-29T00:58:15.567+0000] {processor.py:830} INFO - Processing file /home/airflow/.local/lib/python3.12/site-packages/airflow/example_dags/example_branch_labels.py for tasks to queue
[2026-04-29T00:58:15.572+0000] {logging_mixin.py:188} INFO - [2026-04-29T00:58:15.571+0000] {dagbag.py:540} INFO - Filling up the DagBag from /home/airflow/.local/lib/python3.12/site-packages/airflow/example_dags/example_branch_labels.py
[2026-04-29T00:58:15.615+0000] {processor.py:840} INFO - DAG(s) 'example_branch_labels' retrieved from /home/airflow/.local/lib/python3.12/site-packages/airflow/example_dags/example_branch_labels.py
[2026-04-29T00:58:16.409+0000] {logging_mixin.py:188} INFO - [2026-04-29T00:58:16.408+0000] {override.py:1829} INFO - Created Permission View: can edit on DAG:example_branch_labels
[2026-04-29T00:58:16.450+0000] {logging_mixin.py:188} INFO - [2026-04-29T00:58:16.449+0000] {override.py:1829} INFO - Created Permission View: can delete on DAG:example_branch_labels
[2026-04-29T00:58:16.459+0000] {logging_mixin.py:188} INFO - [2026-04-29T00:58:16.458+0000] {override.py:1829} INFO - Created Permission View: can read on DAG:example_branch_labels
[2026-04-29T00:58:16.460+0000] {logging_mixin.py:188} INFO - [2026-04-29T00:58:16.460+0000] {dag.py:3096} INFO - Sync 1 DAGs
[2026-04-29T00:58:16.492+0000] {logging_mixin.py:188} INFO - [2026-04-29T00:58:16.492+0000] {dag.py:3118} INFO - Creating ORM DAG for example_branch_labels
[2026-04-29T00:58:16.511+0000] {logging_mixin.py:188} INFO - [2026-04-29T00:58:16.511+0000] {dag.py:3954} INFO - Setting next_dagrun for example_branch_labels to 2026-04-28 00:00:00+00:00, run_after=2026-04-29 00:00:00+00:00
[2026-04-29T00:58:16.563+0000] {processor.py:183} INFO - Processing /home/airflow/.local/lib/python3.12/site-packages/airflow/example_dags/example_branch_labels.py took 1.030 seconds
[2026-04-29T00:58:47.444+0000] {processor.py:161} INFO - Started process (PID=136) to work on /home/airflow/.local/lib/python3.12/site-packages/airflow/example_dags/example_branch_labels.py
[2026-04-29T00:58:47.445+0000] {processor.py:830} INFO - Processing file /home/airflow/.local/lib/python3.12/site-packages/airflow/example_dags/example_branch_labels.py for tasks to queue
[2026-04-29T00:58:47.450+0000] {logging_mixin.py:188} INFO - [2026-04-29T00:58:47.449+0000] {dagbag.py:540} INFO - Filling up the DagBag from /home/airflow/.local/lib/python3.12/site-packages/airflow/example_dags/example_branch_labels.py
[2026-04-29T00:58:47.486+0000] {processor.py:840} INFO - DAG(s) 'example_branch_labels' retrieved from /home/airflow/.local/lib/python3.12/site-packages/airflow/example_dags/example_branch_labels.py
[2026-04-29T00:58:47.573+0000] {logging_mixin.py:188} INFO - [2026-04-29T00:58:47.572+0000] {dag.py:3096} INFO - Sync 1 DAGs
[2026-04-29T00:58:47.619+0000] {logging_mixin.py:188} INFO - [2026-04-29T00:58:47.619+0000] {dag.py:3954} INFO - Setting next_dagrun for example_branch_labels to 2026-04-28 00:00:00+00:00, run_after=2026-04-29 00:00:00+00:00
[2026-04-29T00:58:47.639+0000] {processor.py:183} INFO - Processing /home/airflow/.local/lib/python3.12/site-packages/airflow/example_dags/example_branch_labels.py took 0.205 seconds
[2026-04-29T00:59:18.626+0000] {processor.py:161} INFO - Started process (PID=196) to work on /home/airflow/.local/lib/python3.12/site-packages/airflow/example_dags/example_branch_labels.py
[2026-04-29T00:59:18.627+0000] {processor.py:830} INFO - Processing file /home/airflow/.local/lib/python3.12/site-packages/airflow/example_dags/example_branch_labels.py for tasks to queue
[2026-04-29T00:59:18.640+0000] {logging_mixin.py:188} INFO - [2026-04-29T00:59:18.637+0000] {dagbag.py:540} INFO - Filling up the DagBag from /home/airflow/.local/lib/python3.12/site-packages/airflow/example_dags/example_branch_labels.py
[2026-04-29T00:59:18.661+0000] {processor.py:840} INFO - DAG(s) 'example_branch_labels' retrieved from /home/airflow/.local/lib/python3.12/site-packages/airflow/example_dags/example_branch_labels.py
[2026-04-29T00:59:18.724+0000] {logging_mixin.py:188} INFO - [2026-04-29T00:59:18.724+0000] {dag.py:3096} INFO - Sync 1 DAGs
[2026-04-29T00:59:18.840+0000] {logging_mixin.py:188} INFO - [2026-04-29T00:59:18.839+0000] {dag.py:3954} INFO - Setting next_dagrun for example_branch_labels to 2026-04-28 00:00:00+00:00, run_after=2026-04-29 00:00:00+00:00
[2026-04-29T00:59:18.872+0000] {processor.py:183} INFO - Processing /home/airflow/.local/lib/python3.12/site-packages/airflow/example_dags/example_branch_labels.py took 0.279 seconds
[2026-04-29T00:59:49.626+0000] {processor.py:161} INFO - Started process (PID=255) to work on /home/airflow/.local/lib/python3.12/site-packages/airflow/example_dags/example_branch_labels.py
[2026-04-29T00:59:49.627+0000] {processor.py:830} INFO - Processing file /home/airflow/.local/lib/python3.12/site-packages/airflow/example_dags/example_branch_labels.py for tasks to queue
[2026-04-29T00:59:49.630+0000] {logging_mixin.py:188} INFO - [2026-04-29T00:59:49.630+0000] {dagbag.py:540} INFO - Filling up the DagBag from /home/airflow/.local/lib/python3.12/site-packages/airflow/example_dags/example_branch_labels.py
[2026-04-29T00:59:49.642+0000] {processor.py:840} INFO - DAG(s) 'example_branch_labels' retrieved from /home/airflow/.local/lib/python3.12/site-packages/airflow/example_dags/example_branch_labels.py
[2026-04-29T00:59:49.670+0000] {logging_mixin.py:188} INFO - [2026-04-29T00:59:49.670+0000] {dag.py:3096} INFO - Sync 1 DAGs
[2026-04-29T00:59:49.699+0000] {logging_mixin.py:188} INFO - [2026-04-29T00:59:49.699+0000] {dag.py:3954} INFO - Setting next_dagrun for example_branch_labels to 2026-04-28 00:00:00+00:00, run_after=2026-04-29 00:00:00+00:00
[2026-04-29T00:59:49.720+0000] {processor.py:183} INFO - Processing /home/airflow/.local/lib/python3.12/site-packages/airflow/example_dags/example_branch_labels.py took 0.101 seconds
[2026-04-29T01:00:19.767+0000] {processor.py:161} INFO - Started process (PID=314) to work on /home/airflow/.local/lib/python3.12/site-packages/airflow/example_dags/example_branch_labels.py
[2026-04-29T01:00:19.769+0000] {processor.py:830} INFO - Processing file /home/airflow/.local/lib/python3.12/site-packages/airflow/example_dags/example_branch_labels.py for tasks to queue
[2026-04-29T01:00:19.775+0000] {logging_mixin.py:188} INFO - [2026-04-29T01:00:19.775+0000] {dagbag.py:540} INFO - Filling up the DagBag from /home/airflow/.local/lib/python3.12/site-packages/airflow/example_dags/example_branch_labels.py
[2026-04-29T01:00:19.789+0000] {processor.py:840} INFO - DAG(s) 'example_branch_labels' retrieved from /home/airflow/.local/lib/python3.12/site-packages/airflow/example_dags/example_branch_labels.py
[2026-04-29T01:00:19.859+0000] {logging_mixin.py:188} INFO - [2026-04-29T01:00:19.858+0000] {dag.py:3096} INFO - Sync 1 DAGs
[2026-04-29T01:00:19.947+0000] {logging_mixin.py:188} INFO - [2026-04-29T01:00:19.946+0000] {dag.py:3954} INFO - Setting next_dagrun for example_branch_labels to 2026-04-28 00:00:00+00:00, run_after=2026-04-29 00:00:00+00:00
[2026-04-29T01:00:20.038+0000] {processor.py:183} INFO - Processing /home/airflow/.local/lib/python3.12/site-packages/airflow/example_dags/example_branch_labels.py took 0.288 seconds
[2026-04-29T01:00:51.317+0000] {processor.py:161} INFO - Started process (PID=375) to work on /home/airflow/.local/lib/python3.12/site-packages/airflow/example_dags/example_branch_labels.py
[2026-04-29T01:00:51.359+0000] {processor.py:830} INFO - Processing file /home/airflow/.local/lib/python3.12/site-packages/airflow/example_dags/example_branch_labels.py for tasks to queue
[2026-04-29T01:00:51.365+0000] {logging_mixin.py:188} INFO - [2026-04-29T01:00:51.365+0000] {dagbag.py:540} INFO - Filling up the DagBag from /home/airflow/.local/lib/python3.12/site-packages/airflow/example_dags/example_branch_labels.py
[2026-04-29T01:00:51.398+0000] {processor.py:840} INFO - DAG(s) 'example_branch_labels' retrieved from /home/airflow/.local/lib/python3.12/site-packages/airflow/example_dags/example_branch_labels.py
[2026-04-29T01:00:51.457+0000] {logging_mixin.py:188} INFO - [2026-04-29T01:00:51.457+0000] {dag.py:3096} INFO - Sync 1 DAGs
[2026-04-29T01:00:51.538+0000] {logging_mixin.py:188} INFO - [2026-04-29T01:00:51.538+0000] {dag.py:3954} INFO - Setting next_dagrun for example_branch_labels to 2026-04-28 00:00:00+00:00, run_after=2026-04-29 00:00:00+00:00
[2026-04-29T01:00:51.614+0000] {processor.py:183} INFO - Processing /home/airflow/.local/lib/python3.12/site-packages/airflow/example_dags/example_branch_labels.py took 0.308 seconds
[2026-04-29T01:01:21.892+0000] {processor.py:161} INFO - Started process (PID=435) to work on /home/airflow/.local/lib/python3.12/site-packages/airflow/example_dags/example_branch_labels.py
[2026-04-29T01:01:21.898+0000] {processor.py:830} INFO - Processing file /home/airflow/.local/lib/python3.12/site-packages/airflow/example_dags/example_branch_labels.py for tasks to queue
[2026-04-29T01:01:21.900+0000] {logging_mixin.py:188} INFO - [2026-04-29T01:01:21.900+0000] {dagbag.py:540} INFO - Filling up the DagBag from /home/airflow/.local/lib/python3.12/site-packages/airflow/example_dags/example_branch_labels.py
[2026-04-29T01:01:21.935+0000] {processor.py:840} INFO - DAG(s) 'example_branch_labels' retrieved from /home/airflow/.local/lib/python3.12/site-packages/airflow/example_dags/example_branch_labels.py
[2026-04-29T01:01:22.045+0000] {logging_mixin.py:188} INFO - [2026-04-29T01:01:22.044+0000] {dag.py:3096} INFO - Sync 1 DAGs
[2026-04-29T01:01:22.170+0000] {logging_mixin.py:188} INFO - [2026-04-29T01:01:22.169+0000] {dag.py:3954} INFO - Setting next_dagrun for example_branch_labels to 2026-04-28 00:00:00+00:00, run_after=2026-04-29 00:00:00+00:00
[2026-04-29T01:01:22.265+0000] {processor.py:183} INFO - Processing /home/airflow/.local/lib/python3.12/site-packages/airflow/example_dags/example_branch_labels.py took 0.388 seconds
[2026-04-29T01:01:53.289+0000] {processor.py:161} INFO - Started process (PID=494) to work on /home/airflow/.local/lib/python3.12/site-packages/airflow/example_dags/example_branch_labels.py
[2026-04-29T01:01:53.292+0000] {processor.py:830} INFO - Processing file /home/airflow/.local/lib/python3.12/site-packages/airflow/example_dags/example_branch_labels.py for tasks to queue
[2026-04-29T01:01:53.297+0000] {logging_mixin.py:188} INFO - [2026-04-29T01:01:53.297+0000] {dagbag.py:540} INFO - Filling up the DagBag from /home/airflow/.local/lib/python3.12/site-packages/airflow/example_dags/example_branch_labels.py
[2026-04-29T01:01:53.306+0000] {processor.py:840} INFO - DAG(s) 'example_branch_labels' retrieved from /home/airflow/.local/lib/python3.12/site-packages/airflow/example_dags/example_branch_labels.py
[2026-04-29T01:01:53.332+0000] {logging_mixin.py:188} INFO - [2026-04-29T01:01:53.332+0000] {dag.py:3096} INFO - Sync 1 DAGs
[2026-04-29T01:01:53.382+0000] {logging_mixin.py:188} INFO - [2026-04-29T01:01:53.382+0000] {dag.py:3954} INFO - Setting next_dagrun for example_branch_labels to 2026-04-28 00:00:00+00:00, run_after=2026-04-29 00:00:00+00:00
[2026-04-29T01:01:53.407+0000] {processor.py:183} INFO - Processing /home/airflow/.local/lib/python3.12/site-packages/airflow/example_dags/example_branch_labels.py took 0.124 seconds
[2026-04-29T01:02:23.861+0000] {processor.py:161} INFO - Started process (PID=553) to work on /home/airflow/.local/lib/python3.12/site-packages/airflow/example_dags/example_branch_labels.py
[2026-04-29T01:02:23.863+0000] {processor.py:830} INFO - Processing file /home/airflow/.local/lib/python3.12/site-packages/airflow/example_dags/example_branch_labels.py for tasks to queue
[2026-04-29T01:02:23.865+0000] {logging_mixin.py:188} INFO - [2026-04-29T01:02:23.865+0000] {dagbag.py:540} INFO - Filling up the DagBag from /home/airflow/.local/lib/python3.12/site-packages/airflow/example_dags/example_branch_labels.py
[2026-04-29T01:02:23.874+0000] {processor.py:840} INFO - DAG(s) 'example_branch_labels' retrieved from /home/airflow/.local/lib/python3.12/site-packages/airflow/example_dags/example_branch_labels.py
[2026-04-29T01:02:23.955+0000] {logging_mixin.py:188} INFO - [2026-04-29T01:02:23.955+0000] {dag.py:3096} INFO - Sync 1 DAGs
[2026-04-29T01:02:24.002+0000] {logging_mixin.py:188} INFO - [2026-04-29T01:02:24.001+0000] {dag.py:3954} INFO - Setting next_dagrun for example_branch_labels to 2026-04-28 00:00:00+00:00, run_after=2026-04-29 00:00:00+00:00
[2026-04-29T01:02:24.045+0000] {processor.py:183} INFO - Processing /home/airflow/.local/lib/python3.12/site-packages/airflow/example_dags/example_branch_labels.py took 0.192 seconds
[2026-04-29T01:02:54.629+0000] {processor.py:161} INFO - Started process (PID=613) to work on /home/airflow/.local/lib/python3.12/site-packages/airflow/example_dags/example_branch_labels.py
[2026-04-29T01:02:54.633+0000] {processor.py:830} INFO - Processing file /home/airflow/.local/lib/python3.12/site-packages/airflow/example_dags/example_branch_labels.py for tasks to queue
[2026-04-29T01:02:54.643+0000] {logging_mixin.py:188} INFO - [2026-04-29T01:02:54.641+0000] {dagbag.py:540} INFO - Filling up the DagBag from /home/airflow/.local/lib/python3.12/site-packages/airflow/example_dags/example_branch_labels.py
[2026-04-29T01:02:54.714+0000] {processor.py:840} INFO - DAG(s) 'example_branch_labels' retrieved from /home/airflow/.local/lib/python3.12/site-packages/airflow/example_dags/example_branch_labels.py
[2026-04-29T01:02:54.825+0000] {logging_mixin.py:188} INFO - [2026-04-29T01:02:54.825+0000] {dag.py:3096} INFO - Sync 1 DAGs
[2026-04-29T01:02:54.975+0000] {logging_mixin.py:188} INFO - [2026-04-29T01:02:54.975+0000] {dag.py:3954} INFO - Setting next_dagrun for example_branch_labels to 2026-04-28 00:00:00+00:00, run_after=2026-04-29 00:00:00+00:00
[2026-04-29T01:02:55.075+0000] {processor.py:183} INFO - Processing /home/airflow/.local/lib/python3.12/site-packages/airflow/example_dags/example_branch_labels.py took 0.488 seconds
[2026-04-29T01:03:25.361+0000] {processor.py:161} INFO - Started process (PID=673) to work on /home/airflow/.local/lib/python3.12/site-packages/airflow/example_dags/example_branch_labels.py
[2026-04-29T01:03:25.362+0000] {processor.py:830} INFO - Processing file /home/airflow/.local/lib/python3.12/site-packages/airflow/example_dags/example_branch_labels.py for tasks to queue
[2026-04-29T01:03:25.364+0000] {logging_mixin.py:188} INFO - [2026-04-29T01:03:25.364+0000] {dagbag.py:540} INFO - Filling up the DagBag from /home/airflow/.local/lib/python3.12/site-packages/airflow/example_dags/example_branch_labels.py
[2026-04-29T01:03:25.373+0000] {processor.py:840} INFO - DAG(s) 'example_branch_labels' retrieved from /home/airflow/.local/lib/python3.12/site-packages/airflow/example_dags/example_branch_labels.py
[2026-04-29T01:03:25.401+0000] {logging_mixin.py:188} INFO - [2026-04-29T01:03:25.401+0000] {dag.py:3096} INFO - Sync 1 DAGs
[2026-04-29T01:03:25.430+0000] {logging_mixin.py:188} INFO - [2026-04-29T01:03:25.430+0000] {dag.py:3954} INFO - Setting next_dagrun for example_branch_labels to 2026-04-28 00:00:00+00:00, run_after=2026-04-29 00:00:00+00:00
[2026-04-29T01:03:25.450+0000] {processor.py:183} INFO - Processing /home/airflow/.local/lib/python3.12/site-packages/airflow/example_dags/example_branch_labels.py took 0.096 seconds
[2026-04-29T01:03:56.124+0000] {processor.py:161} INFO - Started process (PID=733) to work on /home/airflow/.local/lib/python3.12/site-packages/airflow/example_dags/example_branch_labels.py
[2026-04-29T01:03:56.125+0000] {processor.py:830} INFO - Processing file /home/airflow/.local/lib/python3.12/site-packages/airflow/example_dags/example_branch_labels.py for tasks to queue
[2026-04-29T01:03:56.127+0000] {logging_mixin.py:188} INFO - [2026-04-29T01:03:56.127+0000] {dagbag.py:540} INFO - Filling up the DagBag from /home/airflow/.local/lib/python3.12/site-packages/airflow/example_dags/example_branch_labels.py
[2026-04-29T01:03:56.136+0000] {processor.py:840} INFO - DAG(s) 'example_branch_labels' retrieved from /home/airflow/.local/lib/python3.12/site-packages/airflow/example_dags/example_branch_labels.py
[2026-04-29T01:03:56.162+0000] {logging_mixin.py:188} INFO - [2026-04-29T01:03:56.161+0000] {dag.py:3096} INFO - Sync 1 DAGs
[2026-04-29T01:03:56.190+0000] {logging_mixin.py:188} INFO - [2026-04-29T01:03:56.189+0000] {dag.py:3954} INFO - Setting next_dagrun for example_branch_labels to 2026-04-28 00:00:00+00:00, run_after=2026-04-29 00:00:00+00:00
[2026-04-29T01:03:56.212+0000] {processor.py:183} INFO - Processing /home/airflow/.local/lib/python3.12/site-packages/airflow/example_dags/example_branch_labels.py took 0.093 seconds
[2026-04-29T01:04:26.691+0000] {processor.py:161} INFO - Started process (PID=793) to work on /home/airflow/.local/lib/python3.12/site-packages/airflow/example_dags/example_branch_labels.py
[2026-04-29T01:04:26.694+0000] {processor.py:830} INFO - Processing file /home/airflow/.local/lib/python3.12/site-packages/airflow/example_dags/example_branch_labels.py for tasks to queue
[2026-04-29T01:04:26.698+0000] {logging_mixin.py:188} INFO - [2026-04-29T01:04:26.698+0000] {dagbag.py:540} INFO - Filling up the DagBag from /home/airflow/.local/lib/python3.12/site-packages/airflow/example_dags/example_branch_labels.py
[2026-04-29T01:04:26.713+0000] {processor.py:840} INFO - DAG(s) 'example_branch_labels' retrieved from /home/airflow/.local/lib/python3.12/site-packages/airflow/example_dags/example_branch_labels.py
[2026-04-29T01:04:26.745+0000] {logging_mixin.py:188} INFO - [2026-04-29T01:04:26.744+0000] {dag.py:3096} INFO - Sync 1 DAGs
[2026-04-29T01:04:26.807+0000] {logging_mixin.py:188} INFO - [2026-04-29T01:04:26.807+0000] {dag.py:3954} INFO - Setting next_dagrun for example_branch_labels to 2026-04-28 00:00:00+00:00, run_after=2026-04-29 00:00:00+00:00
[2026-04-29T01:04:26.827+0000] {processor.py:183} INFO - Processing /home/airflow/.local/lib/python3.12/site-packages/airflow/example_dags/example_branch_labels.py took 0.153 seconds
[2026-04-29T01:04:56.922+0000] {processor.py:161} INFO - Started process (PID=856) to work on /home/airflow/.local/lib/python3.12/site-packages/airflow/example_dags/example_branch_labels.py
[2026-04-29T01:04:56.922+0000] {processor.py:830} INFO - Processing file /home/airflow/.local/lib/python3.12/site-packages/airflow/example_dags/example_branch_labels.py for tasks to queue
[2026-04-29T01:04:56.925+0000] {logging_mixin.py:188} INFO - [2026-04-29T01:04:56.924+0000] {dagbag.py:540} INFO - Filling up the DagBag from /home/airflow/.local/lib/python3.12/site-packages/airflow/example_dags/example_branch_labels.py
[2026-04-29T01:04:56.934+0000] {processor.py:840} INFO - DAG(s) 'example_branch_labels' retrieved from /home/airflow/.local/lib/python3.12/site-packages/airflow/example_dags/example_branch_labels.py
[2026-04-29T01:04:56.961+0000] {logging_mixin.py:188} INFO - [2026-04-29T01:04:56.961+0000] {dag.py:3096} INFO - Sync 1 DAGs
[2026-04-29T01:04:56.990+0000] {logging_mixin.py:188} INFO - [2026-04-29T01:04:56.989+0000] {dag.py:3954} INFO - Setting next_dagrun for example_branch_labels to 2026-04-28 00:00:00+00:00, run_after=2026-04-29 00:00:00+00:00
[2026-04-29T01:04:57.009+0000] {processor.py:183} INFO - Processing /home/airflow/.local/lib/python3.12/site-packages/airflow/example_dags/example_branch_labels.py took 0.094 seconds
[2026-04-29T01:05:27.663+0000] {processor.py:161} INFO - Started process (PID=916) to work on /home/airflow/.local/lib/python3.12/site-packages/airflow/example_dags/example_branch_labels.py
[2026-04-29T01:05:27.664+0000] {processor.py:830} INFO - Processing file /home/airflow/.local/lib/python3.12/site-packages/airflow/example_dags/example_branch_labels.py for tasks to queue
[2026-04-29T01:05:27.667+0000] {logging_mixin.py:188} INFO - [2026-04-29T01:05:27.667+0000] {dagbag.py:540} INFO - Filling up the DagBag from /home/airflow/.local/lib/python3.12/site-packages/airflow/example_dags/example_branch_labels.py
[2026-04-29T01:05:27.683+0000] {processor.py:840} INFO - DAG(s) 'example_branch_labels' retrieved from /home/airflow/.local/lib/python3.12/site-packages/airflow/example_dags/example_branch_labels.py
[2026-04-29T01:05:27.737+0000] {logging_mixin.py:188} INFO - [2026-04-29T01:05:27.736+0000] {dag.py:3096} INFO - Sync 1 DAGs
[2026-04-29T01:05:27.793+0000] {logging_mixin.py:188} INFO - [2026-04-29T01:05:27.789+0000] {dag.py:3954} INFO - Setting next_dagrun for example_branch_labels to 2026-04-28 00:00:00+00:00, run_after=2026-04-29 00:00:00+00:00
[2026-04-29T01:05:27.824+0000] {processor.py:183} INFO - Processing /home/airflow/.local/lib/python3.12/site-packages/airflow/example_dags/example_branch_labels.py took 0.174 seconds
[2026-04-29T01:05:58.278+0000] {processor.py:161} INFO - Started process (PID=976) to work on /home/airflow/.local/lib/python3.12/site-packages/airflow/example_dags/example_branch_labels.py
[2026-04-29T01:05:58.286+0000] {processor.py:830} INFO - Processing file /home/airflow/.local/lib/python3.12/site-packages/airflow/example_dags/example_branch_labels.py for tasks to queue
[2026-04-29T01:05:58.292+0000] {logging_mixin.py:188} INFO - [2026-04-29T01:05:58.291+0000] {dagbag.py:540} INFO - Filling up the DagBag from /home/airflow/.local/lib/python3.12/site-packages/airflow/example_dags/example_branch_labels.py
[2026-04-29T01:05:58.331+0000] {processor.py:840} INFO - DAG(s) 'example_branch_labels' retrieved from /home/airflow/.local/lib/python3.12/site-packages/airflow/example_dags/example_branch_labels.py
[2026-04-29T01:05:58.381+0000] {logging_mixin.py:188} INFO - [2026-04-29T01:05:58.380+0000] {dag.py:3096} INFO - Sync 1 DAGs
[2026-04-29T01:05:58.436+0000] {logging_mixin.py:188} INFO - [2026-04-29T01:05:58.435+0000] {dag.py:3954} INFO - Setting next_dagrun for example_branch_labels to 2026-04-28 00:00:00+00:00, run_after=2026-04-29 00:00:00+00:00
[2026-04-29T01:05:58.498+0000] {processor.py:183} INFO - Processing /home/airflow/.local/lib/python3.12/site-packages/airflow/example_dags/example_branch_labels.py took 0.229 seconds
[2026-04-29T01:06:29.116+0000] {processor.py:161} INFO - Started process (PID=1035) to work on /home/airflow/.local/lib/python3.12/site-packages/airflow/example_dags/example_branch_labels.py
[2026-04-29T01:06:29.120+0000] {processor.py:830} INFO - Processing file /home/airflow/.local/lib/python3.12/site-packages/airflow/example_dags/example_branch_labels.py for tasks to queue
[2026-04-29T01:06:29.127+0000] {logging_mixin.py:188} INFO - [2026-04-29T01:06:29.125+0000] {dagbag.py:540} INFO - Filling up the DagBag from /home/airflow/.local/lib/python3.12/site-packages/airflow/example_dags/example_branch_labels.py
[2026-04-29T01:06:29.148+0000] {processor.py:840} INFO - DAG(s) 'example_branch_labels' retrieved from /home/airflow/.local/lib/python3.12/site-packages/airflow/example_dags/example_branch_labels.py
[2026-04-29T01:06:29.222+0000] {logging_mixin.py:188} INFO - [2026-04-29T01:06:29.221+0000] {dag.py:3096} INFO - Sync 1 DAGs
[2026-04-29T01:06:29.277+0000] {logging_mixin.py:188} INFO - [2026-04-29T01:06:29.276+0000] {dag.py:3954} INFO - Setting next_dagrun for example_branch_labels to 2026-04-28 00:00:00+00:00, run_after=2026-04-29 00:00:00+00:00
[2026-04-29T01:06:30.051+0000] {processor.py:183} INFO - Processing /home/airflow/.local/lib/python3.12/site-packages/airflow/example_dags/example_branch_labels.py took 0.957 seconds
[2026-04-29T01:07:00.641+0000] {processor.py:161} INFO - Started process (PID=1095) to work on /home/airflow/.local/lib/python3.12/site-packages/airflow/example_dags/example_branch_labels.py
[2026-04-29T01:07:00.643+0000] {processor.py:830} INFO - Processing file /home/airflow/.local/lib/python3.12/site-packages/airflow/example_dags/example_branch_labels.py for tasks to queue
[2026-04-29T01:07:00.650+0000] {logging_mixin.py:188} INFO - [2026-04-29T01:07:00.649+0000] {dagbag.py:540} INFO - Filling up the DagBag from /home/airflow/.local/lib/python3.12/site-packages/airflow/example_dags/example_branch_labels.py
[2026-04-29T01:07:00.664+0000] {processor.py:840} INFO - DAG(s) 'example_branch_labels' retrieved from /home/airflow/.local/lib/python3.12/site-packages/airflow/example_dags/example_branch_labels.py
[2026-04-29T01:07:00.732+0000] {logging_mixin.py:188} INFO - [2026-04-29T01:07:00.732+0000] {dag.py:3096} INFO - Sync 1 DAGs
[2026-04-29T01:07:00.793+0000] {logging_mixin.py:188} INFO - [2026-04-29T01:07:00.792+0000] {dag.py:3954} INFO - Setting next_dagrun for example_branch_labels to 2026-04-28 00:00:00+00:00, run_after=2026-04-29 00:00:00+00:00
[2026-04-29T01:07:00.812+0000] {processor.py:183} INFO - Processing /home/airflow/.local/lib/python3.12/site-packages/airflow/example_dags/example_branch_labels.py took 0.196 seconds
[2026-04-29T01:07:31.014+0000] {processor.py:161} INFO - Started process (PID=1155) to work on /home/airflow/.local/lib/python3.12/site-packages/airflow/example_dags/example_branch_labels.py
[2026-04-29T01:07:31.015+0000] {processor.py:830} INFO - Processing file /home/airflow/.local/lib/python3.12/site-packages/airflow/example_dags/example_branch_labels.py for tasks to queue
[2026-04-29T01:07:31.017+0000] {logging_mixin.py:188} INFO - [2026-04-29T01:07:31.017+0000] {dagbag.py:540} INFO - Filling up the DagBag from /home/airflow/.local/lib/python3.12/site-packages/airflow/example_dags/example_branch_labels.py
[2026-04-29T01:07:31.026+0000] {processor.py:840} INFO - DAG(s) 'example_branch_labels' retrieved from /home/airflow/.local/lib/python3.12/site-packages/airflow/example_dags/example_branch_labels.py
[2026-04-29T01:07:31.054+0000] {logging_mixin.py:188} INFO - [2026-04-29T01:07:31.054+0000] {dag.py:3096} INFO - Sync 1 DAGs
[2026-04-29T01:07:31.082+0000] {logging_mixin.py:188} INFO - [2026-04-29T01:07:31.081+0000] {dag.py:3954} INFO - Setting next_dagrun for example_branch_labels to 2026-04-28 00:00:00+00:00, run_after=2026-04-29 00:00:00+00:00
[2026-04-29T01:07:31.103+0000] {processor.py:183} INFO - Processing /home/airflow/.local/lib/python3.12/site-packages/airflow/example_dags/example_branch_labels.py took 0.095 seconds
[2026-04-29T01:08:01.759+0000] {processor.py:161} INFO - Started process (PID=1214) to work on /home/airflow/.local/lib/python3.12/site-packages/airflow/example_dags/example_branch_labels.py
[2026-04-29T01:08:01.760+0000] {processor.py:830} INFO - Processing file /home/airflow/.local/lib/python3.12/site-packages/airflow/example_dags/example_branch_labels.py for tasks to queue
[2026-04-29T01:08:01.762+0000] {logging_mixin.py:188} INFO - [2026-04-29T01:08:01.762+0000] {dagbag.py:540} INFO - Filling up the DagBag from /home/airflow/.local/lib/python3.12/site-packages/airflow/example_dags/example_branch_labels.py
[2026-04-29T01:08:01.772+0000] {processor.py:840} INFO - DAG(s) 'example_branch_labels' retrieved from /home/airflow/.local/lib/python3.12/site-packages/airflow/example_dags/example_branch_labels.py
[2026-04-29T01:08:02.286+0000] {logging_mixin.py:188} INFO - [2026-04-29T01:08:02.285+0000] {dag.py:3096} INFO - Sync 1 DAGs
[2026-04-29T01:08:02.340+0000] {logging_mixin.py:188} INFO - [2026-04-29T01:08:02.340+0000] {dag.py:3954} INFO - Setting next_dagrun for example_branch_labels to 2026-04-28 00:00:00+00:00, run_after=2026-04-29 00:00:00+00:00
[2026-04-29T01:08:02.385+0000] {processor.py:183} INFO - Processing /home/airflow/.local/lib/python3.12/site-packages/airflow/example_dags/example_branch_labels.py took 0.641 seconds
[2026-04-29T01:08:32.774+0000] {processor.py:161} INFO - Started process (PID=1274) to work on /home/airflow/.local/lib/python3.12/site-packages/airflow/example_dags/example_branch_labels.py
[2026-04-29T01:08:32.780+0000] {processor.py:830} INFO - Processing file /home/airflow/.local/lib/python3.12/site-packages/airflow/example_dags/example_branch_labels.py for tasks to queue
[2026-04-29T01:08:32.789+0000] {logging_mixin.py:188} INFO - [2026-04-29T01:08:32.789+0000] {dagbag.py:540} INFO - Filling up the DagBag from /home/airflow/.local/lib/python3.12/site-packages/airflow/example_dags/example_branch_labels.py
[2026-04-29T01:08:32.848+0000] {processor.py:840} INFO - DAG(s) 'example_branch_labels' retrieved from /home/airflow/.local/lib/python3.12/site-packages/airflow/example_dags/example_branch_labels.py
[2026-04-29T01:08:32.996+0000] {logging_mixin.py:188} INFO - [2026-04-29T01:08:32.996+0000] {dag.py:3096} INFO - Sync 1 DAGs
[2026-04-29T01:08:33.125+0000] {logging_mixin.py:188} INFO - [2026-04-29T01:08:33.124+0000] {dag.py:3954} INFO - Setting next_dagrun for example_branch_labels to 2026-04-28 00:00:00+00:00, run_after=2026-04-29 00:00:00+00:00
[2026-04-29T01:08:33.268+0000] {processor.py:183} INFO - Processing /home/airflow/.local/lib/python3.12/site-packages/airflow/example_dags/example_branch_labels.py took 0.549 seconds
[2026-04-29T01:09:04.090+0000] {processor.py:161} INFO - Started process (PID=1334) to work on /home/airflow/.local/lib/python3.12/site-packages/airflow/example_dags/example_branch_labels.py
[2026-04-29T01:09:04.095+0000] {processor.py:830} INFO - Processing file /home/airflow/.local/lib/python3.12/site-packages/airflow/example_dags/example_branch_labels.py for tasks to queue
[2026-04-29T01:09:04.098+0000] {logging_mixin.py:188} INFO - [2026-04-29T01:09:04.098+0000] {dagbag.py:540} INFO - Filling up the DagBag from /home/airflow/.local/lib/python3.12/site-packages/airflow/example_dags/example_branch_labels.py
[2026-04-29T01:09:04.174+0000] {processor.py:840} INFO - DAG(s) 'example_branch_labels' retrieved from /home/airflow/.local/lib/python3.12/site-packages/airflow/example_dags/example_branch_labels.py
[2026-04-29T01:09:04.215+0000] {logging_mixin.py:188} INFO - [2026-04-29T01:09:04.215+0000] {dag.py:3096} INFO - Sync 1 DAGs
[2026-04-29T01:09:04.258+0000] {logging_mixin.py:188} INFO - [2026-04-29T01:09:04.258+0000] {dag.py:3954} INFO - Setting next_dagrun for example_branch_labels to 2026-04-28 00:00:00+00:00, run_after=2026-04-29 00:00:00+00:00
[2026-04-29T01:09:04.278+0000] {processor.py:183} INFO - Processing /home/airflow/.local/lib/python3.12/site-packages/airflow/example_dags/example_branch_labels.py took 0.197 seconds
[2026-04-29T01:09:34.400+0000] {processor.py:161} INFO - Started process (PID=1392) to work on /home/airflow/.local/lib/python3.12/site-packages/airflow/example_dags/example_branch_labels.py
[2026-04-29T01:09:34.407+0000] {processor.py:830} INFO - Processing file /home/airflow/.local/lib/python3.12/site-packages/airflow/example_dags/example_branch_labels.py for tasks to queue
[2026-04-29T01:09:34.412+0000] {logging_mixin.py:188} INFO - [2026-04-29T01:09:34.410+0000] {dagbag.py:540} INFO - Filling up the DagBag from /home/airflow/.local/lib/python3.12/site-packages/airflow/example_dags/example_branch_labels.py
[2026-04-29T01:09:34.423+0000] {processor.py:840} INFO - DAG(s) 'example_branch_labels' retrieved from /home/airflow/.local/lib/python3.12/site-packages/airflow/example_dags/example_branch_labels.py
[2026-04-29T01:09:34.480+0000] {logging_mixin.py:188} INFO - [2026-04-29T01:09:34.480+0000] {dag.py:3096} INFO - Sync 1 DAGs
[2026-04-29T01:09:34.517+0000] {logging_mixin.py:188} INFO - [2026-04-29T01:09:34.516+0000] {dag.py:3954} INFO - Setting next_dagrun for example_branch_labels to 2026-04-28 00:00:00+00:00, run_after=2026-04-29 00:00:00+00:00
[2026-04-29T01:09:34.557+0000] {processor.py:183} INFO - Processing /home/airflow/.local/lib/python3.12/site-packages/airflow/example_dags/example_branch_labels.py took 0.167 seconds
[2026-04-29T01:10:05.062+0000] {processor.py:161} INFO - Started process (PID=1452) to work on /home/airflow/.local/lib/python3.12/site-packages/airflow/example_dags/example_branch_labels.py
[2026-04-29T01:10:05.071+0000] {processor.py:830} INFO - Processing file /home/airflow/.local/lib/python3.12/site-packages/airflow/example_dags/example_branch_labels.py for tasks to queue
[2026-04-29T01:10:05.074+0000] {logging_mixin.py:188} INFO - [2026-04-29T01:10:05.074+0000] {dagbag.py:540} INFO - Filling up the DagBag from /home/airflow/.local/lib/python3.12/site-packages/airflow/example_dags/example_branch_labels.py
[2026-04-29T01:10:05.095+0000] {processor.py:840} INFO - DAG(s) 'example_branch_labels' retrieved from /home/airflow/.local/lib/python3.12/site-packages/airflow/example_dags/example_branch_labels.py
[2026-04-29T01:10:05.191+0000] {logging_mixin.py:188} INFO - [2026-04-29T01:10:05.191+0000] {dag.py:3096} INFO - Sync 1 DAGs
[2026-04-29T01:10:05.277+0000] {logging_mixin.py:188} INFO - [2026-04-29T01:10:05.277+0000] {dag.py:3954} INFO - Setting next_dagrun for example_branch_labels to 2026-04-28 00:00:00+00:00, run_after=2026-04-29 00:00:00+00:00
[2026-04-29T01:10:05.329+0000] {processor.py:183} INFO - Processing /home/airflow/.local/lib/python3.12/site-packages/airflow/example_dags/example_branch_labels.py took 0.278 seconds
