[2026-04-29T00:55:02.476+0000] {processor.py:161} INFO - Started process (PID=99) to work on /home/airflow/.local/lib/python3.12/site-packages/airflow/example_dags/example_branch_day_of_week_operator.py
[2026-04-29T00:55:02.477+0000] {processor.py:830} INFO - Processing file /home/airflow/.local/lib/python3.12/site-packages/airflow/example_dags/example_branch_day_of_week_operator.py for tasks to queue
[2026-04-29T00:55:02.480+0000] {logging_mixin.py:188} INFO - [2026-04-29T00:55:02.480+0000] {dagbag.py:540} INFO - Filling up the DagBag from /home/airflow/.local/lib/python3.12/site-packages/airflow/example_dags/example_branch_day_of_week_operator.py
[2026-04-29T00:55:02.490+0000] {processor.py:840} INFO - DAG(s) 'example_weekday_branch_operator' retrieved from /home/airflow/.local/lib/python3.12/site-packages/airflow/example_dags/example_branch_day_of_week_operator.py
[2026-04-29T00:55:02.543+0000] {logging_mixin.py:188} INFO - [2026-04-29T00:55:02.542+0000] {dag.py:3096} INFO - Sync 1 DAGs
[2026-04-29T00:55:02.584+0000] {logging_mixin.py:188} INFO - [2026-04-29T00:55:02.584+0000] {dag.py:3954} INFO - Setting next_dagrun for example_weekday_branch_operator to 2026-04-28 00:00:00+00:00, run_after=2026-04-29 00:00:00+00:00
[2026-04-29T00:55:02.607+0000] {processor.py:183} INFO - Processing /home/airflow/.local/lib/python3.12/site-packages/airflow/example_dags/example_branch_day_of_week_operator.py took 0.140 seconds
[2026-04-29T00:58:27.425+0000] {processor.py:161} INFO - Started process (PID=107) to work on /home/airflow/.local/lib/python3.12/site-packages/airflow/example_dags/example_branch_day_of_week_operator.py
[2026-04-29T00:58:27.426+0000] {processor.py:830} INFO - Processing file /home/airflow/.local/lib/python3.12/site-packages/airflow/example_dags/example_branch_day_of_week_operator.py for tasks to queue
[2026-04-29T00:58:27.428+0000] {logging_mixin.py:188} INFO - [2026-04-29T00:58:27.428+0000] {dagbag.py:540} INFO - Filling up the DagBag from /home/airflow/.local/lib/python3.12/site-packages/airflow/example_dags/example_branch_day_of_week_operator.py
[2026-04-29T00:58:27.449+0000] {processor.py:840} INFO - DAG(s) 'example_weekday_branch_operator' retrieved from /home/airflow/.local/lib/python3.12/site-packages/airflow/example_dags/example_branch_day_of_week_operator.py
[2026-04-29T00:58:27.690+0000] {logging_mixin.py:188} INFO - [2026-04-29T00:58:27.689+0000] {override.py:1829} INFO - Created Permission View: can edit on DAG:example_weekday_branch_operator
[2026-04-29T00:58:27.702+0000] {logging_mixin.py:188} INFO - [2026-04-29T00:58:27.702+0000] {override.py:1829} INFO - Created Permission View: can delete on DAG:example_weekday_branch_operator
[2026-04-29T00:58:27.708+0000] {logging_mixin.py:188} INFO - [2026-04-29T00:58:27.708+0000] {override.py:1829} INFO - Created Permission View: can read on DAG:example_weekday_branch_operator
[2026-04-29T00:58:27.709+0000] {logging_mixin.py:188} INFO - [2026-04-29T00:58:27.709+0000] {dag.py:3096} INFO - Sync 1 DAGs
[2026-04-29T00:58:27.725+0000] {logging_mixin.py:188} INFO - [2026-04-29T00:58:27.725+0000] {dag.py:3118} INFO - Creating ORM DAG for example_weekday_branch_operator
[2026-04-29T00:58:27.739+0000] {logging_mixin.py:188} INFO - [2026-04-29T00:58:27.738+0000] {dag.py:3954} INFO - Setting next_dagrun for example_weekday_branch_operator to 2026-04-28 00:00:00+00:00, run_after=2026-04-29 00:00:00+00:00
[2026-04-29T00:58:27.762+0000] {processor.py:183} INFO - Processing /home/airflow/.local/lib/python3.12/site-packages/airflow/example_dags/example_branch_day_of_week_operator.py took 0.345 seconds
[2026-04-29T00:58:58.365+0000] {processor.py:161} INFO - Started process (PID=167) to work on /home/airflow/.local/lib/python3.12/site-packages/airflow/example_dags/example_branch_day_of_week_operator.py
[2026-04-29T00:58:58.366+0000] {processor.py:830} INFO - Processing file /home/airflow/.local/lib/python3.12/site-packages/airflow/example_dags/example_branch_day_of_week_operator.py for tasks to queue
[2026-04-29T00:58:58.368+0000] {logging_mixin.py:188} INFO - [2026-04-29T00:58:58.367+0000] {dagbag.py:540} INFO - Filling up the DagBag from /home/airflow/.local/lib/python3.12/site-packages/airflow/example_dags/example_branch_day_of_week_operator.py
[2026-04-29T00:58:58.374+0000] {processor.py:840} INFO - DAG(s) 'example_weekday_branch_operator' retrieved from /home/airflow/.local/lib/python3.12/site-packages/airflow/example_dags/example_branch_day_of_week_operator.py
[2026-04-29T00:58:58.403+0000] {logging_mixin.py:188} INFO - [2026-04-29T00:58:58.403+0000] {dag.py:3096} INFO - Sync 1 DAGs
[2026-04-29T00:58:58.426+0000] {logging_mixin.py:188} INFO - [2026-04-29T00:58:58.426+0000] {dag.py:3954} INFO - Setting next_dagrun for example_weekday_branch_operator to 2026-04-28 00:00:00+00:00, run_after=2026-04-29 00:00:00+00:00
[2026-04-29T00:58:58.444+0000] {processor.py:183} INFO - Processing /home/airflow/.local/lib/python3.12/site-packages/airflow/example_dags/example_branch_day_of_week_operator.py took 0.084 seconds
[2026-04-29T00:59:29.184+0000] {processor.py:161} INFO - Started process (PID=232) to work on /home/airflow/.local/lib/python3.12/site-packages/airflow/example_dags/example_branch_day_of_week_operator.py
[2026-04-29T00:59:29.185+0000] {processor.py:830} INFO - Processing file /home/airflow/.local/lib/python3.12/site-packages/airflow/example_dags/example_branch_day_of_week_operator.py for tasks to queue
[2026-04-29T00:59:29.188+0000] {logging_mixin.py:188} INFO - [2026-04-29T00:59:29.187+0000] {dagbag.py:540} INFO - Filling up the DagBag from /home/airflow/.local/lib/python3.12/site-packages/airflow/example_dags/example_branch_day_of_week_operator.py
[2026-04-29T00:59:29.197+0000] {processor.py:840} INFO - DAG(s) 'example_weekday_branch_operator' retrieved from /home/airflow/.local/lib/python3.12/site-packages/airflow/example_dags/example_branch_day_of_week_operator.py
[2026-04-29T00:59:29.227+0000] {logging_mixin.py:188} INFO - [2026-04-29T00:59:29.226+0000] {dag.py:3096} INFO - Sync 1 DAGs
[2026-04-29T00:59:29.258+0000] {logging_mixin.py:188} INFO - [2026-04-29T00:59:29.258+0000] {dag.py:3954} INFO - Setting next_dagrun for example_weekday_branch_operator to 2026-04-28 00:00:00+00:00, run_after=2026-04-29 00:00:00+00:00
[2026-04-29T00:59:29.286+0000] {processor.py:183} INFO - Processing /home/airflow/.local/lib/python3.12/site-packages/airflow/example_dags/example_branch_day_of_week_operator.py took 0.109 seconds
[2026-04-29T00:59:59.654+0000] {processor.py:161} INFO - Started process (PID=291) to work on /home/airflow/.local/lib/python3.12/site-packages/airflow/example_dags/example_branch_day_of_week_operator.py
[2026-04-29T00:59:59.655+0000] {processor.py:830} INFO - Processing file /home/airflow/.local/lib/python3.12/site-packages/airflow/example_dags/example_branch_day_of_week_operator.py for tasks to queue
[2026-04-29T00:59:59.656+0000] {logging_mixin.py:188} INFO - [2026-04-29T00:59:59.656+0000] {dagbag.py:540} INFO - Filling up the DagBag from /home/airflow/.local/lib/python3.12/site-packages/airflow/example_dags/example_branch_day_of_week_operator.py
[2026-04-29T00:59:59.663+0000] {processor.py:840} INFO - DAG(s) 'example_weekday_branch_operator' retrieved from /home/airflow/.local/lib/python3.12/site-packages/airflow/example_dags/example_branch_day_of_week_operator.py
[2026-04-29T00:59:59.688+0000] {logging_mixin.py:188} INFO - [2026-04-29T00:59:59.687+0000] {dag.py:3096} INFO - Sync 1 DAGs
[2026-04-29T00:59:59.712+0000] {logging_mixin.py:188} INFO - [2026-04-29T00:59:59.712+0000] {dag.py:3954} INFO - Setting next_dagrun for example_weekday_branch_operator to 2026-04-28 00:00:00+00:00, run_after=2026-04-29 00:00:00+00:00
[2026-04-29T00:59:59.742+0000] {processor.py:183} INFO - Processing /home/airflow/.local/lib/python3.12/site-packages/airflow/example_dags/example_branch_day_of_week_operator.py took 0.094 seconds
[2026-04-29T01:00:32.980+0000] {processor.py:161} INFO - Started process (PID=352) to work on /home/airflow/.local/lib/python3.12/site-packages/airflow/example_dags/example_branch_day_of_week_operator.py
[2026-04-29T01:00:32.990+0000] {processor.py:830} INFO - Processing file /home/airflow/.local/lib/python3.12/site-packages/airflow/example_dags/example_branch_day_of_week_operator.py for tasks to queue
[2026-04-29T01:00:33.002+0000] {logging_mixin.py:188} INFO - [2026-04-29T01:00:33.001+0000] {dagbag.py:540} INFO - Filling up the DagBag from /home/airflow/.local/lib/python3.12/site-packages/airflow/example_dags/example_branch_day_of_week_operator.py
[2026-04-29T01:00:33.079+0000] {processor.py:840} INFO - DAG(s) 'example_weekday_branch_operator' retrieved from /home/airflow/.local/lib/python3.12/site-packages/airflow/example_dags/example_branch_day_of_week_operator.py
[2026-04-29T01:00:33.206+0000] {logging_mixin.py:188} INFO - [2026-04-29T01:00:33.206+0000] {dag.py:3096} INFO - Sync 1 DAGs
[2026-04-29T01:00:33.274+0000] {logging_mixin.py:188} INFO - [2026-04-29T01:00:33.274+0000] {dag.py:3954} INFO - Setting next_dagrun for example_weekday_branch_operator to 2026-04-28 00:00:00+00:00, run_after=2026-04-29 00:00:00+00:00
[2026-04-29T01:00:33.301+0000] {processor.py:183} INFO - Processing /home/airflow/.local/lib/python3.12/site-packages/airflow/example_dags/example_branch_day_of_week_operator.py took 0.332 seconds
[2026-04-29T01:01:03.526+0000] {processor.py:161} INFO - Started process (PID=412) to work on /home/airflow/.local/lib/python3.12/site-packages/airflow/example_dags/example_branch_day_of_week_operator.py
[2026-04-29T01:01:03.528+0000] {processor.py:830} INFO - Processing file /home/airflow/.local/lib/python3.12/site-packages/airflow/example_dags/example_branch_day_of_week_operator.py for tasks to queue
[2026-04-29T01:01:03.531+0000] {logging_mixin.py:188} INFO - [2026-04-29T01:01:03.531+0000] {dagbag.py:540} INFO - Filling up the DagBag from /home/airflow/.local/lib/python3.12/site-packages/airflow/example_dags/example_branch_day_of_week_operator.py
[2026-04-29T01:01:03.555+0000] {processor.py:840} INFO - DAG(s) 'example_weekday_branch_operator' retrieved from /home/airflow/.local/lib/python3.12/site-packages/airflow/example_dags/example_branch_day_of_week_operator.py
[2026-04-29T01:01:03.610+0000] {logging_mixin.py:188} INFO - [2026-04-29T01:01:03.610+0000] {dag.py:3096} INFO - Sync 1 DAGs
[2026-04-29T01:01:03.650+0000] {logging_mixin.py:188} INFO - [2026-04-29T01:01:03.649+0000] {dag.py:3954} INFO - Setting next_dagrun for example_weekday_branch_operator to 2026-04-28 00:00:00+00:00, run_after=2026-04-29 00:00:00+00:00
[2026-04-29T01:01:03.683+0000] {processor.py:183} INFO - Processing /home/airflow/.local/lib/python3.12/site-packages/airflow/example_dags/example_branch_day_of_week_operator.py took 0.166 seconds
[2026-04-29T01:01:34.171+0000] {processor.py:161} INFO - Started process (PID=471) to work on /home/airflow/.local/lib/python3.12/site-packages/airflow/example_dags/example_branch_day_of_week_operator.py
[2026-04-29T01:01:34.181+0000] {processor.py:830} INFO - Processing file /home/airflow/.local/lib/python3.12/site-packages/airflow/example_dags/example_branch_day_of_week_operator.py for tasks to queue
[2026-04-29T01:01:34.187+0000] {logging_mixin.py:188} INFO - [2026-04-29T01:01:34.187+0000] {dagbag.py:540} INFO - Filling up the DagBag from /home/airflow/.local/lib/python3.12/site-packages/airflow/example_dags/example_branch_day_of_week_operator.py
[2026-04-29T01:01:34.216+0000] {processor.py:840} INFO - DAG(s) 'example_weekday_branch_operator' retrieved from /home/airflow/.local/lib/python3.12/site-packages/airflow/example_dags/example_branch_day_of_week_operator.py
[2026-04-29T01:01:34.272+0000] {logging_mixin.py:188} INFO - [2026-04-29T01:01:34.271+0000] {dag.py:3096} INFO - Sync 1 DAGs
[2026-04-29T01:01:34.342+0000] {logging_mixin.py:188} INFO - [2026-04-29T01:01:34.342+0000] {dag.py:3954} INFO - Setting next_dagrun for example_weekday_branch_operator to 2026-04-28 00:00:00+00:00, run_after=2026-04-29 00:00:00+00:00
[2026-04-29T01:01:34.380+0000] {processor.py:183} INFO - Processing /home/airflow/.local/lib/python3.12/site-packages/airflow/example_dags/example_branch_day_of_week_operator.py took 0.238 seconds
[2026-04-29T01:02:04.591+0000] {processor.py:161} INFO - Started process (PID=530) to work on /home/airflow/.local/lib/python3.12/site-packages/airflow/example_dags/example_branch_day_of_week_operator.py
[2026-04-29T01:02:04.593+0000] {processor.py:830} INFO - Processing file /home/airflow/.local/lib/python3.12/site-packages/airflow/example_dags/example_branch_day_of_week_operator.py for tasks to queue
[2026-04-29T01:02:04.595+0000] {logging_mixin.py:188} INFO - [2026-04-29T01:02:04.594+0000] {dagbag.py:540} INFO - Filling up the DagBag from /home/airflow/.local/lib/python3.12/site-packages/airflow/example_dags/example_branch_day_of_week_operator.py
[2026-04-29T01:02:04.614+0000] {processor.py:840} INFO - DAG(s) 'example_weekday_branch_operator' retrieved from /home/airflow/.local/lib/python3.12/site-packages/airflow/example_dags/example_branch_day_of_week_operator.py
[2026-04-29T01:02:04.643+0000] {logging_mixin.py:188} INFO - [2026-04-29T01:02:04.642+0000] {dag.py:3096} INFO - Sync 1 DAGs
[2026-04-29T01:02:04.676+0000] {logging_mixin.py:188} INFO - [2026-04-29T01:02:04.676+0000] {dag.py:3954} INFO - Setting next_dagrun for example_weekday_branch_operator to 2026-04-28 00:00:00+00:00, run_after=2026-04-29 00:00:00+00:00
[2026-04-29T01:02:04.697+0000] {processor.py:183} INFO - Processing /home/airflow/.local/lib/python3.12/site-packages/airflow/example_dags/example_branch_day_of_week_operator.py took 0.113 seconds
[2026-04-29T01:02:35.148+0000] {processor.py:161} INFO - Started process (PID=589) to work on /home/airflow/.local/lib/python3.12/site-packages/airflow/example_dags/example_branch_day_of_week_operator.py
[2026-04-29T01:02:35.148+0000] {processor.py:830} INFO - Processing file /home/airflow/.local/lib/python3.12/site-packages/airflow/example_dags/example_branch_day_of_week_operator.py for tasks to queue
[2026-04-29T01:02:35.150+0000] {logging_mixin.py:188} INFO - [2026-04-29T01:02:35.150+0000] {dagbag.py:540} INFO - Filling up the DagBag from /home/airflow/.local/lib/python3.12/site-packages/airflow/example_dags/example_branch_day_of_week_operator.py
[2026-04-29T01:02:35.157+0000] {processor.py:840} INFO - DAG(s) 'example_weekday_branch_operator' retrieved from /home/airflow/.local/lib/python3.12/site-packages/airflow/example_dags/example_branch_day_of_week_operator.py
[2026-04-29T01:02:35.181+0000] {logging_mixin.py:188} INFO - [2026-04-29T01:02:35.181+0000] {dag.py:3096} INFO - Sync 1 DAGs
[2026-04-29T01:02:35.207+0000] {logging_mixin.py:188} INFO - [2026-04-29T01:02:35.206+0000] {dag.py:3954} INFO - Setting next_dagrun for example_weekday_branch_operator to 2026-04-28 00:00:00+00:00, run_after=2026-04-29 00:00:00+00:00
[2026-04-29T01:02:35.223+0000] {processor.py:183} INFO - Processing /home/airflow/.local/lib/python3.12/site-packages/airflow/example_dags/example_branch_day_of_week_operator.py took 0.083 seconds
[2026-04-29T01:03:06.489+0000] {processor.py:161} INFO - Started process (PID=650) to work on /home/airflow/.local/lib/python3.12/site-packages/airflow/example_dags/example_branch_day_of_week_operator.py
[2026-04-29T01:03:06.494+0000] {processor.py:830} INFO - Processing file /home/airflow/.local/lib/python3.12/site-packages/airflow/example_dags/example_branch_day_of_week_operator.py for tasks to queue
[2026-04-29T01:03:06.502+0000] {logging_mixin.py:188} INFO - [2026-04-29T01:03:06.501+0000] {dagbag.py:540} INFO - Filling up the DagBag from /home/airflow/.local/lib/python3.12/site-packages/airflow/example_dags/example_branch_day_of_week_operator.py
[2026-04-29T01:03:06.547+0000] {processor.py:840} INFO - DAG(s) 'example_weekday_branch_operator' retrieved from /home/airflow/.local/lib/python3.12/site-packages/airflow/example_dags/example_branch_day_of_week_operator.py
[2026-04-29T01:03:06.659+0000] {logging_mixin.py:188} INFO - [2026-04-29T01:03:06.656+0000] {dag.py:3096} INFO - Sync 1 DAGs
[2026-04-29T01:03:06.731+0000] {logging_mixin.py:188} INFO - [2026-04-29T01:03:06.730+0000] {dag.py:3954} INFO - Setting next_dagrun for example_weekday_branch_operator to 2026-04-28 00:00:00+00:00, run_after=2026-04-29 00:00:00+00:00
[2026-04-29T01:03:06.793+0000] {processor.py:183} INFO - Processing /home/airflow/.local/lib/python3.12/site-packages/airflow/example_dags/example_branch_day_of_week_operator.py took 0.342 seconds
[2026-04-29T01:03:37.033+0000] {processor.py:161} INFO - Started process (PID=711) to work on /home/airflow/.local/lib/python3.12/site-packages/airflow/example_dags/example_branch_day_of_week_operator.py
[2026-04-29T01:03:37.036+0000] {processor.py:830} INFO - Processing file /home/airflow/.local/lib/python3.12/site-packages/airflow/example_dags/example_branch_day_of_week_operator.py for tasks to queue
[2026-04-29T01:03:37.048+0000] {logging_mixin.py:188} INFO - [2026-04-29T01:03:37.047+0000] {dagbag.py:540} INFO - Filling up the DagBag from /home/airflow/.local/lib/python3.12/site-packages/airflow/example_dags/example_branch_day_of_week_operator.py
[2026-04-29T01:03:37.080+0000] {processor.py:840} INFO - DAG(s) 'example_weekday_branch_operator' retrieved from /home/airflow/.local/lib/python3.12/site-packages/airflow/example_dags/example_branch_day_of_week_operator.py
[2026-04-29T01:03:37.113+0000] {logging_mixin.py:188} INFO - [2026-04-29T01:03:37.113+0000] {dag.py:3096} INFO - Sync 1 DAGs
[2026-04-29T01:03:37.151+0000] {logging_mixin.py:188} INFO - [2026-04-29T01:03:37.151+0000] {dag.py:3954} INFO - Setting next_dagrun for example_weekday_branch_operator to 2026-04-28 00:00:00+00:00, run_after=2026-04-29 00:00:00+00:00
[2026-04-29T01:03:37.176+0000] {processor.py:183} INFO - Processing /home/airflow/.local/lib/python3.12/site-packages/airflow/example_dags/example_branch_day_of_week_operator.py took 0.150 seconds
[2026-04-29T01:04:07.787+0000] {processor.py:161} INFO - Started process (PID=770) to work on /home/airflow/.local/lib/python3.12/site-packages/airflow/example_dags/example_branch_day_of_week_operator.py
[2026-04-29T01:04:07.789+0000] {processor.py:830} INFO - Processing file /home/airflow/.local/lib/python3.12/site-packages/airflow/example_dags/example_branch_day_of_week_operator.py for tasks to queue
[2026-04-29T01:04:07.794+0000] {logging_mixin.py:188} INFO - [2026-04-29T01:04:07.794+0000] {dagbag.py:540} INFO - Filling up the DagBag from /home/airflow/.local/lib/python3.12/site-packages/airflow/example_dags/example_branch_day_of_week_operator.py
[2026-04-29T01:04:07.816+0000] {processor.py:840} INFO - DAG(s) 'example_weekday_branch_operator' retrieved from /home/airflow/.local/lib/python3.12/site-packages/airflow/example_dags/example_branch_day_of_week_operator.py
[2026-04-29T01:04:07.879+0000] {logging_mixin.py:188} INFO - [2026-04-29T01:04:07.879+0000] {dag.py:3096} INFO - Sync 1 DAGs
[2026-04-29T01:04:07.948+0000] {logging_mixin.py:188} INFO - [2026-04-29T01:04:07.947+0000] {dag.py:3954} INFO - Setting next_dagrun for example_weekday_branch_operator to 2026-04-28 00:00:00+00:00, run_after=2026-04-29 00:00:00+00:00
[2026-04-29T01:04:07.997+0000] {processor.py:183} INFO - Processing /home/airflow/.local/lib/python3.12/site-packages/airflow/example_dags/example_branch_day_of_week_operator.py took 0.236 seconds
[2026-04-29T01:04:38.114+0000] {processor.py:161} INFO - Started process (PID=831) to work on /home/airflow/.local/lib/python3.12/site-packages/airflow/example_dags/example_branch_day_of_week_operator.py
[2026-04-29T01:04:38.115+0000] {processor.py:830} INFO - Processing file /home/airflow/.local/lib/python3.12/site-packages/airflow/example_dags/example_branch_day_of_week_operator.py for tasks to queue
[2026-04-29T01:04:38.117+0000] {logging_mixin.py:188} INFO - [2026-04-29T01:04:38.117+0000] {dagbag.py:540} INFO - Filling up the DagBag from /home/airflow/.local/lib/python3.12/site-packages/airflow/example_dags/example_branch_day_of_week_operator.py
[2026-04-29T01:04:38.127+0000] {processor.py:840} INFO - DAG(s) 'example_weekday_branch_operator' retrieved from /home/airflow/.local/lib/python3.12/site-packages/airflow/example_dags/example_branch_day_of_week_operator.py
[2026-04-29T01:04:38.154+0000] {logging_mixin.py:188} INFO - [2026-04-29T01:04:38.153+0000] {dag.py:3096} INFO - Sync 1 DAGs
[2026-04-29T01:04:38.213+0000] {logging_mixin.py:188} INFO - [2026-04-29T01:04:38.212+0000] {dag.py:3954} INFO - Setting next_dagrun for example_weekday_branch_operator to 2026-04-28 00:00:00+00:00, run_after=2026-04-29 00:00:00+00:00
[2026-04-29T01:04:38.231+0000] {processor.py:183} INFO - Processing /home/airflow/.local/lib/python3.12/site-packages/airflow/example_dags/example_branch_day_of_week_operator.py took 0.124 seconds
[2026-04-29T01:05:10.144+0000] {processor.py:161} INFO - Started process (PID=893) to work on /home/airflow/.local/lib/python3.12/site-packages/airflow/example_dags/example_branch_day_of_week_operator.py
[2026-04-29T01:05:10.148+0000] {processor.py:830} INFO - Processing file /home/airflow/.local/lib/python3.12/site-packages/airflow/example_dags/example_branch_day_of_week_operator.py for tasks to queue
[2026-04-29T01:05:10.155+0000] {logging_mixin.py:188} INFO - [2026-04-29T01:05:10.155+0000] {dagbag.py:540} INFO - Filling up the DagBag from /home/airflow/.local/lib/python3.12/site-packages/airflow/example_dags/example_branch_day_of_week_operator.py
[2026-04-29T01:05:10.179+0000] {processor.py:840} INFO - DAG(s) 'example_weekday_branch_operator' retrieved from /home/airflow/.local/lib/python3.12/site-packages/airflow/example_dags/example_branch_day_of_week_operator.py
[2026-04-29T01:05:10.263+0000] {logging_mixin.py:188} INFO - [2026-04-29T01:05:10.263+0000] {dag.py:3096} INFO - Sync 1 DAGs
[2026-04-29T01:05:10.353+0000] {logging_mixin.py:188} INFO - [2026-04-29T01:05:10.353+0000] {dag.py:3954} INFO - Setting next_dagrun for example_weekday_branch_operator to 2026-04-28 00:00:00+00:00, run_after=2026-04-29 00:00:00+00:00
[2026-04-29T01:05:10.429+0000] {processor.py:183} INFO - Processing /home/airflow/.local/lib/python3.12/site-packages/airflow/example_dags/example_branch_day_of_week_operator.py took 0.318 seconds
[2026-04-29T01:05:41.439+0000] {processor.py:161} INFO - Started process (PID=953) to work on /home/airflow/.local/lib/python3.12/site-packages/airflow/example_dags/example_branch_day_of_week_operator.py
[2026-04-29T01:05:41.440+0000] {processor.py:830} INFO - Processing file /home/airflow/.local/lib/python3.12/site-packages/airflow/example_dags/example_branch_day_of_week_operator.py for tasks to queue
[2026-04-29T01:05:41.443+0000] {logging_mixin.py:188} INFO - [2026-04-29T01:05:41.442+0000] {dagbag.py:540} INFO - Filling up the DagBag from /home/airflow/.local/lib/python3.12/site-packages/airflow/example_dags/example_branch_day_of_week_operator.py
[2026-04-29T01:05:41.453+0000] {processor.py:840} INFO - DAG(s) 'example_weekday_branch_operator' retrieved from /home/airflow/.local/lib/python3.12/site-packages/airflow/example_dags/example_branch_day_of_week_operator.py
[2026-04-29T01:05:41.486+0000] {logging_mixin.py:188} INFO - [2026-04-29T01:05:41.485+0000] {dag.py:3096} INFO - Sync 1 DAGs
[2026-04-29T01:05:41.514+0000] {logging_mixin.py:188} INFO - [2026-04-29T01:05:41.514+0000] {dag.py:3954} INFO - Setting next_dagrun for example_weekday_branch_operator to 2026-04-28 00:00:00+00:00, run_after=2026-04-29 00:00:00+00:00
[2026-04-29T01:05:41.863+0000] {processor.py:183} INFO - Processing /home/airflow/.local/lib/python3.12/site-packages/airflow/example_dags/example_branch_day_of_week_operator.py took 0.438 seconds
[2026-04-29T01:06:12.393+0000] {processor.py:161} INFO - Started process (PID=1013) to work on /home/airflow/.local/lib/python3.12/site-packages/airflow/example_dags/example_branch_day_of_week_operator.py
[2026-04-29T01:06:12.399+0000] {processor.py:830} INFO - Processing file /home/airflow/.local/lib/python3.12/site-packages/airflow/example_dags/example_branch_day_of_week_operator.py for tasks to queue
[2026-04-29T01:06:12.406+0000] {logging_mixin.py:188} INFO - [2026-04-29T01:06:12.405+0000] {dagbag.py:540} INFO - Filling up the DagBag from /home/airflow/.local/lib/python3.12/site-packages/airflow/example_dags/example_branch_day_of_week_operator.py
[2026-04-29T01:06:12.434+0000] {processor.py:840} INFO - DAG(s) 'example_weekday_branch_operator' retrieved from /home/airflow/.local/lib/python3.12/site-packages/airflow/example_dags/example_branch_day_of_week_operator.py
[2026-04-29T01:06:12.531+0000] {logging_mixin.py:188} INFO - [2026-04-29T01:06:12.531+0000] {dag.py:3096} INFO - Sync 1 DAGs
[2026-04-29T01:06:12.665+0000] {logging_mixin.py:188} INFO - [2026-04-29T01:06:12.661+0000] {dag.py:3954} INFO - Setting next_dagrun for example_weekday_branch_operator to 2026-04-28 00:00:00+00:00, run_after=2026-04-29 00:00:00+00:00
[2026-04-29T01:06:12.893+0000] {processor.py:183} INFO - Processing /home/airflow/.local/lib/python3.12/site-packages/airflow/example_dags/example_branch_day_of_week_operator.py took 0.505 seconds
[2026-04-29T01:06:43.137+0000] {processor.py:161} INFO - Started process (PID=1073) to work on /home/airflow/.local/lib/python3.12/site-packages/airflow/example_dags/example_branch_day_of_week_operator.py
[2026-04-29T01:06:43.147+0000] {processor.py:830} INFO - Processing file /home/airflow/.local/lib/python3.12/site-packages/airflow/example_dags/example_branch_day_of_week_operator.py for tasks to queue
[2026-04-29T01:06:43.150+0000] {logging_mixin.py:188} INFO - [2026-04-29T01:06:43.149+0000] {dagbag.py:540} INFO - Filling up the DagBag from /home/airflow/.local/lib/python3.12/site-packages/airflow/example_dags/example_branch_day_of_week_operator.py
[2026-04-29T01:06:43.179+0000] {processor.py:840} INFO - DAG(s) 'example_weekday_branch_operator' retrieved from /home/airflow/.local/lib/python3.12/site-packages/airflow/example_dags/example_branch_day_of_week_operator.py
[2026-04-29T01:06:43.234+0000] {logging_mixin.py:188} INFO - [2026-04-29T01:06:43.234+0000] {dag.py:3096} INFO - Sync 1 DAGs
[2026-04-29T01:06:43.303+0000] {logging_mixin.py:188} INFO - [2026-04-29T01:06:43.302+0000] {dag.py:3954} INFO - Setting next_dagrun for example_weekday_branch_operator to 2026-04-28 00:00:00+00:00, run_after=2026-04-29 00:00:00+00:00
[2026-04-29T01:06:43.421+0000] {processor.py:183} INFO - Processing /home/airflow/.local/lib/python3.12/site-packages/airflow/example_dags/example_branch_day_of_week_operator.py took 0.305 seconds
[2026-04-29T01:07:14.031+0000] {processor.py:161} INFO - Started process (PID=1133) to work on /home/airflow/.local/lib/python3.12/site-packages/airflow/example_dags/example_branch_day_of_week_operator.py
[2026-04-29T01:07:14.031+0000] {processor.py:830} INFO - Processing file /home/airflow/.local/lib/python3.12/site-packages/airflow/example_dags/example_branch_day_of_week_operator.py for tasks to queue
[2026-04-29T01:07:14.034+0000] {logging_mixin.py:188} INFO - [2026-04-29T01:07:14.033+0000] {dagbag.py:540} INFO - Filling up the DagBag from /home/airflow/.local/lib/python3.12/site-packages/airflow/example_dags/example_branch_day_of_week_operator.py
[2026-04-29T01:07:14.043+0000] {processor.py:840} INFO - DAG(s) 'example_weekday_branch_operator' retrieved from /home/airflow/.local/lib/python3.12/site-packages/airflow/example_dags/example_branch_day_of_week_operator.py
[2026-04-29T01:07:14.067+0000] {logging_mixin.py:188} INFO - [2026-04-29T01:07:14.067+0000] {dag.py:3096} INFO - Sync 1 DAGs
[2026-04-29T01:07:14.287+0000] {logging_mixin.py:188} INFO - [2026-04-29T01:07:14.287+0000] {dag.py:3954} INFO - Setting next_dagrun for example_weekday_branch_operator to 2026-04-28 00:00:00+00:00, run_after=2026-04-29 00:00:00+00:00
[2026-04-29T01:07:14.305+0000] {processor.py:183} INFO - Processing /home/airflow/.local/lib/python3.12/site-packages/airflow/example_dags/example_branch_day_of_week_operator.py took 0.281 seconds
[2026-04-29T01:07:46.491+0000] {processor.py:161} INFO - Started process (PID=1192) to work on /home/airflow/.local/lib/python3.12/site-packages/airflow/example_dags/example_branch_day_of_week_operator.py
[2026-04-29T01:07:46.492+0000] {processor.py:830} INFO - Processing file /home/airflow/.local/lib/python3.12/site-packages/airflow/example_dags/example_branch_day_of_week_operator.py for tasks to queue
[2026-04-29T01:07:46.494+0000] {logging_mixin.py:188} INFO - [2026-04-29T01:07:46.494+0000] {dagbag.py:540} INFO - Filling up the DagBag from /home/airflow/.local/lib/python3.12/site-packages/airflow/example_dags/example_branch_day_of_week_operator.py
[2026-04-29T01:07:46.503+0000] {processor.py:840} INFO - DAG(s) 'example_weekday_branch_operator' retrieved from /home/airflow/.local/lib/python3.12/site-packages/airflow/example_dags/example_branch_day_of_week_operator.py
[2026-04-29T01:07:46.529+0000] {logging_mixin.py:188} INFO - [2026-04-29T01:07:46.528+0000] {dag.py:3096} INFO - Sync 1 DAGs
[2026-04-29T01:07:46.749+0000] {logging_mixin.py:188} INFO - [2026-04-29T01:07:46.749+0000] {dag.py:3954} INFO - Setting next_dagrun for example_weekday_branch_operator to 2026-04-28 00:00:00+00:00, run_after=2026-04-29 00:00:00+00:00
[2026-04-29T01:07:46.768+0000] {processor.py:183} INFO - Processing /home/airflow/.local/lib/python3.12/site-packages/airflow/example_dags/example_branch_day_of_week_operator.py took 0.284 seconds
[2026-04-29T01:08:17.356+0000] {processor.py:161} INFO - Started process (PID=1252) to work on /home/airflow/.local/lib/python3.12/site-packages/airflow/example_dags/example_branch_day_of_week_operator.py
[2026-04-29T01:08:17.358+0000] {processor.py:830} INFO - Processing file /home/airflow/.local/lib/python3.12/site-packages/airflow/example_dags/example_branch_day_of_week_operator.py for tasks to queue
[2026-04-29T01:08:17.360+0000] {logging_mixin.py:188} INFO - [2026-04-29T01:08:17.359+0000] {dagbag.py:540} INFO - Filling up the DagBag from /home/airflow/.local/lib/python3.12/site-packages/airflow/example_dags/example_branch_day_of_week_operator.py
[2026-04-29T01:08:17.369+0000] {processor.py:840} INFO - DAG(s) 'example_weekday_branch_operator' retrieved from /home/airflow/.local/lib/python3.12/site-packages/airflow/example_dags/example_branch_day_of_week_operator.py
[2026-04-29T01:08:17.397+0000] {logging_mixin.py:188} INFO - [2026-04-29T01:08:17.396+0000] {dag.py:3096} INFO - Sync 1 DAGs
[2026-04-29T01:08:17.426+0000] {logging_mixin.py:188} INFO - [2026-04-29T01:08:17.426+0000] {dag.py:3954} INFO - Setting next_dagrun for example_weekday_branch_operator to 2026-04-28 00:00:00+00:00, run_after=2026-04-29 00:00:00+00:00
[2026-04-29T01:08:17.447+0000] {processor.py:183} INFO - Processing /home/airflow/.local/lib/python3.12/site-packages/airflow/example_dags/example_branch_day_of_week_operator.py took 0.098 seconds
[2026-04-29T01:08:49.996+0000] {processor.py:161} INFO - Started process (PID=1312) to work on /home/airflow/.local/lib/python3.12/site-packages/airflow/example_dags/example_branch_day_of_week_operator.py
[2026-04-29T01:08:49.997+0000] {processor.py:830} INFO - Processing file /home/airflow/.local/lib/python3.12/site-packages/airflow/example_dags/example_branch_day_of_week_operator.py for tasks to queue
[2026-04-29T01:08:50.004+0000] {logging_mixin.py:188} INFO - [2026-04-29T01:08:50.004+0000] {dagbag.py:540} INFO - Filling up the DagBag from /home/airflow/.local/lib/python3.12/site-packages/airflow/example_dags/example_branch_day_of_week_operator.py
[2026-04-29T01:08:50.024+0000] {processor.py:840} INFO - DAG(s) 'example_weekday_branch_operator' retrieved from /home/airflow/.local/lib/python3.12/site-packages/airflow/example_dags/example_branch_day_of_week_operator.py
[2026-04-29T01:08:50.101+0000] {logging_mixin.py:188} INFO - [2026-04-29T01:08:50.101+0000] {dag.py:3096} INFO - Sync 1 DAGs
[2026-04-29T01:08:50.141+0000] {logging_mixin.py:188} INFO - [2026-04-29T01:08:50.135+0000] {dag.py:3954} INFO - Setting next_dagrun for example_weekday_branch_operator to 2026-04-28 00:00:00+00:00, run_after=2026-04-29 00:00:00+00:00
[2026-04-29T01:08:50.242+0000] {processor.py:183} INFO - Processing /home/airflow/.local/lib/python3.12/site-packages/airflow/example_dags/example_branch_day_of_week_operator.py took 0.268 seconds
[2026-04-29T01:09:20.763+0000] {processor.py:161} INFO - Started process (PID=1372) to work on /home/airflow/.local/lib/python3.12/site-packages/airflow/example_dags/example_branch_day_of_week_operator.py
[2026-04-29T01:09:20.818+0000] {processor.py:830} INFO - Processing file /home/airflow/.local/lib/python3.12/site-packages/airflow/example_dags/example_branch_day_of_week_operator.py for tasks to queue
[2026-04-29T01:09:20.820+0000] {logging_mixin.py:188} INFO - [2026-04-29T01:09:20.820+0000] {dagbag.py:540} INFO - Filling up the DagBag from /home/airflow/.local/lib/python3.12/site-packages/airflow/example_dags/example_branch_day_of_week_operator.py
[2026-04-29T01:09:20.830+0000] {processor.py:840} INFO - DAG(s) 'example_weekday_branch_operator' retrieved from /home/airflow/.local/lib/python3.12/site-packages/airflow/example_dags/example_branch_day_of_week_operator.py
[2026-04-29T01:09:21.023+0000] {logging_mixin.py:188} INFO - [2026-04-29T01:09:21.022+0000] {dag.py:3096} INFO - Sync 1 DAGs
[2026-04-29T01:09:21.047+0000] {logging_mixin.py:188} INFO - [2026-04-29T01:09:21.047+0000] {dag.py:3954} INFO - Setting next_dagrun for example_weekday_branch_operator to 2026-04-28 00:00:00+00:00, run_after=2026-04-29 00:00:00+00:00
[2026-04-29T01:09:21.068+0000] {processor.py:183} INFO - Processing /home/airflow/.local/lib/python3.12/site-packages/airflow/example_dags/example_branch_day_of_week_operator.py took 0.317 seconds
[2026-04-29T01:09:51.868+0000] {processor.py:161} INFO - Started process (PID=1432) to work on /home/airflow/.local/lib/python3.12/site-packages/airflow/example_dags/example_branch_day_of_week_operator.py
[2026-04-29T01:09:51.870+0000] {processor.py:830} INFO - Processing file /home/airflow/.local/lib/python3.12/site-packages/airflow/example_dags/example_branch_day_of_week_operator.py for tasks to queue
[2026-04-29T01:09:51.872+0000] {logging_mixin.py:188} INFO - [2026-04-29T01:09:51.872+0000] {dagbag.py:540} INFO - Filling up the DagBag from /home/airflow/.local/lib/python3.12/site-packages/airflow/example_dags/example_branch_day_of_week_operator.py
[2026-04-29T01:09:51.882+0000] {processor.py:840} INFO - DAG(s) 'example_weekday_branch_operator' retrieved from /home/airflow/.local/lib/python3.12/site-packages/airflow/example_dags/example_branch_day_of_week_operator.py
[2026-04-29T01:09:51.908+0000] {logging_mixin.py:188} INFO - [2026-04-29T01:09:51.908+0000] {dag.py:3096} INFO - Sync 1 DAGs
[2026-04-29T01:09:51.936+0000] {logging_mixin.py:188} INFO - [2026-04-29T01:09:51.936+0000] {dag.py:3954} INFO - Setting next_dagrun for example_weekday_branch_operator to 2026-04-28 00:00:00+00:00, run_after=2026-04-29 00:00:00+00:00
[2026-04-29T01:09:51.955+0000] {processor.py:183} INFO - Processing /home/airflow/.local/lib/python3.12/site-packages/airflow/example_dags/example_branch_day_of_week_operator.py took 0.096 seconds
[2026-04-29T01:10:22.783+0000] {processor.py:161} INFO - Started process (PID=1492) to work on /home/airflow/.local/lib/python3.12/site-packages/airflow/example_dags/example_branch_day_of_week_operator.py
[2026-04-29T01:10:22.785+0000] {processor.py:830} INFO - Processing file /home/airflow/.local/lib/python3.12/site-packages/airflow/example_dags/example_branch_day_of_week_operator.py for tasks to queue
[2026-04-29T01:10:22.787+0000] {logging_mixin.py:188} INFO - [2026-04-29T01:10:22.787+0000] {dagbag.py:540} INFO - Filling up the DagBag from /home/airflow/.local/lib/python3.12/site-packages/airflow/example_dags/example_branch_day_of_week_operator.py
[2026-04-29T01:10:22.801+0000] {processor.py:840} INFO - DAG(s) 'example_weekday_branch_operator' retrieved from /home/airflow/.local/lib/python3.12/site-packages/airflow/example_dags/example_branch_day_of_week_operator.py
[2026-04-29T01:10:22.851+0000] {logging_mixin.py:188} INFO - [2026-04-29T01:10:22.850+0000] {dag.py:3096} INFO - Sync 1 DAGs
[2026-04-29T01:10:22.934+0000] {logging_mixin.py:188} INFO - [2026-04-29T01:10:22.933+0000] {dag.py:3954} INFO - Setting next_dagrun for example_weekday_branch_operator to 2026-04-28 00:00:00+00:00, run_after=2026-04-29 00:00:00+00:00
[2026-04-29T01:10:22.967+0000] {processor.py:183} INFO - Processing /home/airflow/.local/lib/python3.12/site-packages/airflow/example_dags/example_branch_day_of_week_operator.py took 0.195 seconds
[2026-04-29T01:10:53.611+0000] {processor.py:161} INFO - Started process (PID=1552) to work on /home/airflow/.local/lib/python3.12/site-packages/airflow/example_dags/example_branch_day_of_week_operator.py
[2026-04-29T01:10:53.614+0000] {processor.py:830} INFO - Processing file /home/airflow/.local/lib/python3.12/site-packages/airflow/example_dags/example_branch_day_of_week_operator.py for tasks to queue
[2026-04-29T01:10:53.616+0000] {logging_mixin.py:188} INFO - [2026-04-29T01:10:53.616+0000] {dagbag.py:540} INFO - Filling up the DagBag from /home/airflow/.local/lib/python3.12/site-packages/airflow/example_dags/example_branch_day_of_week_operator.py
[2026-04-29T01:10:53.626+0000] {processor.py:840} INFO - DAG(s) 'example_weekday_branch_operator' retrieved from /home/airflow/.local/lib/python3.12/site-packages/airflow/example_dags/example_branch_day_of_week_operator.py
[2026-04-29T01:10:53.655+0000] {logging_mixin.py:188} INFO - [2026-04-29T01:10:53.655+0000] {dag.py:3096} INFO - Sync 1 DAGs
[2026-04-29T01:10:53.685+0000] {logging_mixin.py:188} INFO - [2026-04-29T01:10:53.685+0000] {dag.py:3954} INFO - Setting next_dagrun for example_weekday_branch_operator to 2026-04-28 00:00:00+00:00, run_after=2026-04-29 00:00:00+00:00
[2026-04-29T01:10:53.700+0000] {processor.py:183} INFO - Processing /home/airflow/.local/lib/python3.12/site-packages/airflow/example_dags/example_branch_day_of_week_operator.py took 0.097 seconds
[2026-04-29T01:11:23.921+0000] {processor.py:161} INFO - Started process (PID=1611) to work on /home/airflow/.local/lib/python3.12/site-packages/airflow/example_dags/example_branch_day_of_week_operator.py
[2026-04-29T01:11:23.924+0000] {processor.py:830} INFO - Processing file /home/airflow/.local/lib/python3.12/site-packages/airflow/example_dags/example_branch_day_of_week_operator.py for tasks to queue
[2026-04-29T01:11:23.929+0000] {logging_mixin.py:188} INFO - [2026-04-29T01:11:23.928+0000] {dagbag.py:540} INFO - Filling up the DagBag from /home/airflow/.local/lib/python3.12/site-packages/airflow/example_dags/example_branch_day_of_week_operator.py
[2026-04-29T01:11:23.948+0000] {processor.py:840} INFO - DAG(s) 'example_weekday_branch_operator' retrieved from /home/airflow/.local/lib/python3.12/site-packages/airflow/example_dags/example_branch_day_of_week_operator.py
[2026-04-29T01:11:24.121+0000] {logging_mixin.py:188} INFO - [2026-04-29T01:11:24.118+0000] {dag.py:3096} INFO - Sync 1 DAGs
[2026-04-29T01:11:24.213+0000] {logging_mixin.py:188} INFO - [2026-04-29T01:11:24.211+0000] {dag.py:3954} INFO - Setting next_dagrun for example_weekday_branch_operator to 2026-04-28 00:00:00+00:00, run_after=2026-04-29 00:00:00+00:00
[2026-04-29T01:11:24.234+0000] {processor.py:183} INFO - Processing /home/airflow/.local/lib/python3.12/site-packages/airflow/example_dags/example_branch_day_of_week_operator.py took 0.337 seconds
[2026-04-29T01:11:54.846+0000] {processor.py:161} INFO - Started process (PID=1671) to work on /home/airflow/.local/lib/python3.12/site-packages/airflow/example_dags/example_branch_day_of_week_operator.py
[2026-04-29T01:11:54.847+0000] {processor.py:830} INFO - Processing file /home/airflow/.local/lib/python3.12/site-packages/airflow/example_dags/example_branch_day_of_week_operator.py for tasks to queue
[2026-04-29T01:11:54.850+0000] {logging_mixin.py:188} INFO - [2026-04-29T01:11:54.849+0000] {dagbag.py:540} INFO - Filling up the DagBag from /home/airflow/.local/lib/python3.12/site-packages/airflow/example_dags/example_branch_day_of_week_operator.py
[2026-04-29T01:11:54.866+0000] {processor.py:840} INFO - DAG(s) 'example_weekday_branch_operator' retrieved from /home/airflow/.local/lib/python3.12/site-packages/airflow/example_dags/example_branch_day_of_week_operator.py
[2026-04-29T01:11:54.903+0000] {logging_mixin.py:188} INFO - [2026-04-29T01:11:54.903+0000] {dag.py:3096} INFO - Sync 1 DAGs
[2026-04-29T01:11:54.935+0000] {logging_mixin.py:188} INFO - [2026-04-29T01:11:54.935+0000] {dag.py:3954} INFO - Setting next_dagrun for example_weekday_branch_operator to 2026-04-28 00:00:00+00:00, run_after=2026-04-29 00:00:00+00:00
[2026-04-29T01:11:54.959+0000] {processor.py:183} INFO - Processing /home/airflow/.local/lib/python3.12/site-packages/airflow/example_dags/example_branch_day_of_week_operator.py took 0.120 seconds
[2026-04-29T01:12:25.110+0000] {processor.py:161} INFO - Started process (PID=1731) to work on /home/airflow/.local/lib/python3.12/site-packages/airflow/example_dags/example_branch_day_of_week_operator.py
[2026-04-29T01:12:25.113+0000] {processor.py:830} INFO - Processing file /home/airflow/.local/lib/python3.12/site-packages/airflow/example_dags/example_branch_day_of_week_operator.py for tasks to queue
[2026-04-29T01:12:25.114+0000] {logging_mixin.py:188} INFO - [2026-04-29T01:12:25.114+0000] {dagbag.py:540} INFO - Filling up the DagBag from /home/airflow/.local/lib/python3.12/site-packages/airflow/example_dags/example_branch_day_of_week_operator.py
[2026-04-29T01:12:25.121+0000] {processor.py:840} INFO - DAG(s) 'example_weekday_branch_operator' retrieved from /home/airflow/.local/lib/python3.12/site-packages/airflow/example_dags/example_branch_day_of_week_operator.py
[2026-04-29T01:12:25.141+0000] {logging_mixin.py:188} INFO - [2026-04-29T01:12:25.141+0000] {dag.py:3096} INFO - Sync 1 DAGs
[2026-04-29T01:12:25.161+0000] {logging_mixin.py:188} INFO - [2026-04-29T01:12:25.161+0000] {dag.py:3954} INFO - Setting next_dagrun for example_weekday_branch_operator to 2026-04-28 00:00:00+00:00, run_after=2026-04-29 00:00:00+00:00
[2026-04-29T01:12:25.177+0000] {processor.py:183} INFO - Processing /home/airflow/.local/lib/python3.12/site-packages/airflow/example_dags/example_branch_day_of_week_operator.py took 0.072 seconds
[2026-04-29T01:12:55.882+0000] {processor.py:161} INFO - Started process (PID=1791) to work on /home/airflow/.local/lib/python3.12/site-packages/airflow/example_dags/example_branch_day_of_week_operator.py
[2026-04-29T01:12:55.883+0000] {processor.py:830} INFO - Processing file /home/airflow/.local/lib/python3.12/site-packages/airflow/example_dags/example_branch_day_of_week_operator.py for tasks to queue
[2026-04-29T01:12:55.885+0000] {logging_mixin.py:188} INFO - [2026-04-29T01:12:55.885+0000] {dagbag.py:540} INFO - Filling up the DagBag from /home/airflow/.local/lib/python3.12/site-packages/airflow/example_dags/example_branch_day_of_week_operator.py
[2026-04-29T01:12:55.893+0000] {processor.py:840} INFO - DAG(s) 'example_weekday_branch_operator' retrieved from /home/airflow/.local/lib/python3.12/site-packages/airflow/example_dags/example_branch_day_of_week_operator.py
[2026-04-29T01:12:55.912+0000] {logging_mixin.py:188} INFO - [2026-04-29T01:12:55.912+0000] {dag.py:3096} INFO - Sync 1 DAGs
[2026-04-29T01:12:55.932+0000] {logging_mixin.py:188} INFO - [2026-04-29T01:12:55.932+0000] {dag.py:3954} INFO - Setting next_dagrun for example_weekday_branch_operator to 2026-04-28 00:00:00+00:00, run_after=2026-04-29 00:00:00+00:00
[2026-04-29T01:12:55.951+0000] {processor.py:183} INFO - Processing /home/airflow/.local/lib/python3.12/site-packages/airflow/example_dags/example_branch_day_of_week_operator.py took 0.074 seconds
[2026-04-29T01:13:27.120+0000] {processor.py:161} INFO - Started process (PID=1851) to work on /home/airflow/.local/lib/python3.12/site-packages/airflow/example_dags/example_branch_day_of_week_operator.py
[2026-04-29T01:13:27.122+0000] {processor.py:830} INFO - Processing file /home/airflow/.local/lib/python3.12/site-packages/airflow/example_dags/example_branch_day_of_week_operator.py for tasks to queue
[2026-04-29T01:13:27.126+0000] {logging_mixin.py:188} INFO - [2026-04-29T01:13:27.125+0000] {dagbag.py:540} INFO - Filling up the DagBag from /home/airflow/.local/lib/python3.12/site-packages/airflow/example_dags/example_branch_day_of_week_operator.py
[2026-04-29T01:13:27.157+0000] {processor.py:840} INFO - DAG(s) 'example_weekday_branch_operator' retrieved from /home/airflow/.local/lib/python3.12/site-packages/airflow/example_dags/example_branch_day_of_week_operator.py
[2026-04-29T01:13:27.222+0000] {logging_mixin.py:188} INFO - [2026-04-29T01:13:27.222+0000] {dag.py:3096} INFO - Sync 1 DAGs
[2026-04-29T01:13:27.305+0000] {logging_mixin.py:188} INFO - [2026-04-29T01:13:27.305+0000] {dag.py:3954} INFO - Setting next_dagrun for example_weekday_branch_operator to 2026-04-28 00:00:00+00:00, run_after=2026-04-29 00:00:00+00:00
[2026-04-29T01:13:27.344+0000] {processor.py:183} INFO - Processing /home/airflow/.local/lib/python3.12/site-packages/airflow/example_dags/example_branch_day_of_week_operator.py took 0.236 seconds
[2026-04-29T01:14:07.570+0000] {processor.py:161} INFO - Started process (PID=1909) to work on /home/airflow/.local/lib/python3.12/site-packages/airflow/example_dags/example_branch_day_of_week_operator.py
[2026-04-29T01:14:07.576+0000] {processor.py:830} INFO - Processing file /home/airflow/.local/lib/python3.12/site-packages/airflow/example_dags/example_branch_day_of_week_operator.py for tasks to queue
[2026-04-29T01:14:07.588+0000] {logging_mixin.py:188} INFO - [2026-04-29T01:14:07.587+0000] {dagbag.py:540} INFO - Filling up the DagBag from /home/airflow/.local/lib/python3.12/site-packages/airflow/example_dags/example_branch_day_of_week_operator.py
[2026-04-29T01:14:07.613+0000] {processor.py:840} INFO - DAG(s) 'example_weekday_branch_operator' retrieved from /home/airflow/.local/lib/python3.12/site-packages/airflow/example_dags/example_branch_day_of_week_operator.py
[2026-04-29T01:14:07.718+0000] {logging_mixin.py:188} INFO - [2026-04-29T01:14:07.718+0000] {dag.py:3096} INFO - Sync 1 DAGs
[2026-04-29T01:14:07.798+0000] {logging_mixin.py:188} INFO - [2026-04-29T01:14:07.797+0000] {dag.py:3954} INFO - Setting next_dagrun for example_weekday_branch_operator to 2026-04-28 00:00:00+00:00, run_after=2026-04-29 00:00:00+00:00
[2026-04-29T01:14:07.930+0000] {processor.py:183} INFO - Processing /home/airflow/.local/lib/python3.12/site-packages/airflow/example_dags/example_branch_day_of_week_operator.py took 0.414 seconds
[2026-04-29T01:14:38.947+0000] {processor.py:161} INFO - Started process (PID=1968) to work on /home/airflow/.local/lib/python3.12/site-packages/airflow/example_dags/example_branch_day_of_week_operator.py
[2026-04-29T01:14:38.957+0000] {processor.py:830} INFO - Processing file /home/airflow/.local/lib/python3.12/site-packages/airflow/example_dags/example_branch_day_of_week_operator.py for tasks to queue
[2026-04-29T01:14:38.963+0000] {logging_mixin.py:188} INFO - [2026-04-29T01:14:38.963+0000] {dagbag.py:540} INFO - Filling up the DagBag from /home/airflow/.local/lib/python3.12/site-packages/airflow/example_dags/example_branch_day_of_week_operator.py
[2026-04-29T01:14:38.976+0000] {processor.py:840} INFO - DAG(s) 'example_weekday_branch_operator' retrieved from /home/airflow/.local/lib/python3.12/site-packages/airflow/example_dags/example_branch_day_of_week_operator.py
[2026-04-29T01:14:39.015+0000] {logging_mixin.py:188} INFO - [2026-04-29T01:14:39.015+0000] {dag.py:3096} INFO - Sync 1 DAGs
[2026-04-29T01:14:39.074+0000] {logging_mixin.py:188} INFO - [2026-04-29T01:14:39.073+0000] {dag.py:3954} INFO - Setting next_dagrun for example_weekday_branch_operator to 2026-04-28 00:00:00+00:00, run_after=2026-04-29 00:00:00+00:00
[2026-04-29T01:14:39.107+0000] {processor.py:183} INFO - Processing /home/airflow/.local/lib/python3.12/site-packages/airflow/example_dags/example_branch_day_of_week_operator.py took 0.171 seconds
[2026-04-29T01:15:09.935+0000] {processor.py:161} INFO - Started process (PID=2027) to work on /home/airflow/.local/lib/python3.12/site-packages/airflow/example_dags/example_branch_day_of_week_operator.py
[2026-04-29T01:15:09.938+0000] {processor.py:830} INFO - Processing file /home/airflow/.local/lib/python3.12/site-packages/airflow/example_dags/example_branch_day_of_week_operator.py for tasks to queue
[2026-04-29T01:15:09.948+0000] {logging_mixin.py:188} INFO - [2026-04-29T01:15:09.946+0000] {dagbag.py:540} INFO - Filling up the DagBag from /home/airflow/.local/lib/python3.12/site-packages/airflow/example_dags/example_branch_day_of_week_operator.py
[2026-04-29T01:15:09.972+0000] {processor.py:840} INFO - DAG(s) 'example_weekday_branch_operator' retrieved from /home/airflow/.local/lib/python3.12/site-packages/airflow/example_dags/example_branch_day_of_week_operator.py
[2026-04-29T01:15:10.012+0000] {logging_mixin.py:188} INFO - [2026-04-29T01:15:10.012+0000] {dag.py:3096} INFO - Sync 1 DAGs
[2026-04-29T01:15:10.052+0000] {logging_mixin.py:188} INFO - [2026-04-29T01:15:10.052+0000] {dag.py:3954} INFO - Setting next_dagrun for example_weekday_branch_operator to 2026-04-28 00:00:00+00:00, run_after=2026-04-29 00:00:00+00:00
[2026-04-29T01:15:10.109+0000] {processor.py:183} INFO - Processing /home/airflow/.local/lib/python3.12/site-packages/airflow/example_dags/example_branch_day_of_week_operator.py took 0.183 seconds
[2026-04-29T01:15:40.269+0000] {processor.py:161} INFO - Started process (PID=2093) to work on /home/airflow/.local/lib/python3.12/site-packages/airflow/example_dags/example_branch_day_of_week_operator.py
[2026-04-29T01:15:40.274+0000] {processor.py:830} INFO - Processing file /home/airflow/.local/lib/python3.12/site-packages/airflow/example_dags/example_branch_day_of_week_operator.py for tasks to queue
[2026-04-29T01:15:40.285+0000] {logging_mixin.py:188} INFO - [2026-04-29T01:15:40.282+0000] {dagbag.py:540} INFO - Filling up the DagBag from /home/airflow/.local/lib/python3.12/site-packages/airflow/example_dags/example_branch_day_of_week_operator.py
[2026-04-29T01:15:40.318+0000] {processor.py:840} INFO - DAG(s) 'example_weekday_branch_operator' retrieved from /home/airflow/.local/lib/python3.12/site-packages/airflow/example_dags/example_branch_day_of_week_operator.py
[2026-04-29T01:15:40.352+0000] {logging_mixin.py:188} INFO - [2026-04-29T01:15:40.352+0000] {dag.py:3096} INFO - Sync 1 DAGs
[2026-04-29T01:15:40.386+0000] {logging_mixin.py:188} INFO - [2026-04-29T01:15:40.385+0000] {dag.py:3954} INFO - Setting next_dagrun for example_weekday_branch_operator to 2026-04-28 00:00:00+00:00, run_after=2026-04-29 00:00:00+00:00
[2026-04-29T01:15:40.412+0000] {processor.py:183} INFO - Processing /home/airflow/.local/lib/python3.12/site-packages/airflow/example_dags/example_branch_day_of_week_operator.py took 0.172 seconds
[2026-04-29T01:16:10.669+0000] {processor.py:161} INFO - Started process (PID=2153) to work on /home/airflow/.local/lib/python3.12/site-packages/airflow/example_dags/example_branch_day_of_week_operator.py
[2026-04-29T01:16:10.669+0000] {processor.py:830} INFO - Processing file /home/airflow/.local/lib/python3.12/site-packages/airflow/example_dags/example_branch_day_of_week_operator.py for tasks to queue
[2026-04-29T01:16:10.671+0000] {logging_mixin.py:188} INFO - [2026-04-29T01:16:10.671+0000] {dagbag.py:540} INFO - Filling up the DagBag from /home/airflow/.local/lib/python3.12/site-packages/airflow/example_dags/example_branch_day_of_week_operator.py
[2026-04-29T01:16:10.680+0000] {processor.py:840} INFO - DAG(s) 'example_weekday_branch_operator' retrieved from /home/airflow/.local/lib/python3.12/site-packages/airflow/example_dags/example_branch_day_of_week_operator.py
[2026-04-29T01:16:10.701+0000] {logging_mixin.py:188} INFO - [2026-04-29T01:16:10.700+0000] {dag.py:3096} INFO - Sync 1 DAGs
[2026-04-29T01:16:10.721+0000] {logging_mixin.py:188} INFO - [2026-04-29T01:16:10.721+0000] {dag.py:3954} INFO - Setting next_dagrun for example_weekday_branch_operator to 2026-04-28 00:00:00+00:00, run_after=2026-04-29 00:00:00+00:00
[2026-04-29T01:16:10.737+0000] {processor.py:183} INFO - Processing /home/airflow/.local/lib/python3.12/site-packages/airflow/example_dags/example_branch_day_of_week_operator.py took 0.074 seconds
[2026-04-29T01:16:40.971+0000] {processor.py:161} INFO - Started process (PID=2212) to work on /home/airflow/.local/lib/python3.12/site-packages/airflow/example_dags/example_branch_day_of_week_operator.py
[2026-04-29T01:16:40.972+0000] {processor.py:830} INFO - Processing file /home/airflow/.local/lib/python3.12/site-packages/airflow/example_dags/example_branch_day_of_week_operator.py for tasks to queue
[2026-04-29T01:16:40.974+0000] {logging_mixin.py:188} INFO - [2026-04-29T01:16:40.973+0000] {dagbag.py:540} INFO - Filling up the DagBag from /home/airflow/.local/lib/python3.12/site-packages/airflow/example_dags/example_branch_day_of_week_operator.py
[2026-04-29T01:16:40.981+0000] {processor.py:840} INFO - DAG(s) 'example_weekday_branch_operator' retrieved from /home/airflow/.local/lib/python3.12/site-packages/airflow/example_dags/example_branch_day_of_week_operator.py
[2026-04-29T01:16:41.002+0000] {logging_mixin.py:188} INFO - [2026-04-29T01:16:41.001+0000] {dag.py:3096} INFO - Sync 1 DAGs
[2026-04-29T01:16:41.026+0000] {logging_mixin.py:188} INFO - [2026-04-29T01:16:41.025+0000] {dag.py:3954} INFO - Setting next_dagrun for example_weekday_branch_operator to 2026-04-28 00:00:00+00:00, run_after=2026-04-29 00:00:00+00:00
[2026-04-29T01:16:41.042+0000] {processor.py:183} INFO - Processing /home/airflow/.local/lib/python3.12/site-packages/airflow/example_dags/example_branch_day_of_week_operator.py took 0.078 seconds
[2026-04-29T01:17:11.754+0000] {processor.py:161} INFO - Started process (PID=2272) to work on /home/airflow/.local/lib/python3.12/site-packages/airflow/example_dags/example_branch_day_of_week_operator.py
[2026-04-29T01:17:11.755+0000] {processor.py:830} INFO - Processing file /home/airflow/.local/lib/python3.12/site-packages/airflow/example_dags/example_branch_day_of_week_operator.py for tasks to queue
[2026-04-29T01:17:11.757+0000] {logging_mixin.py:188} INFO - [2026-04-29T01:17:11.757+0000] {dagbag.py:540} INFO - Filling up the DagBag from /home/airflow/.local/lib/python3.12/site-packages/airflow/example_dags/example_branch_day_of_week_operator.py
[2026-04-29T01:17:11.767+0000] {processor.py:840} INFO - DAG(s) 'example_weekday_branch_operator' retrieved from /home/airflow/.local/lib/python3.12/site-packages/airflow/example_dags/example_branch_day_of_week_operator.py
[2026-04-29T01:17:11.795+0000] {logging_mixin.py:188} INFO - [2026-04-29T01:17:11.795+0000] {dag.py:3096} INFO - Sync 1 DAGs
[2026-04-29T01:17:11.826+0000] {logging_mixin.py:188} INFO - [2026-04-29T01:17:11.826+0000] {dag.py:3954} INFO - Setting next_dagrun for example_weekday_branch_operator to 2026-04-28 00:00:00+00:00, run_after=2026-04-29 00:00:00+00:00
[2026-04-29T01:17:11.848+0000] {processor.py:183} INFO - Processing /home/airflow/.local/lib/python3.12/site-packages/airflow/example_dags/example_branch_day_of_week_operator.py took 0.101 seconds
[2026-04-29T01:17:43.028+0000] {processor.py:161} INFO - Started process (PID=2332) to work on /home/airflow/.local/lib/python3.12/site-packages/airflow/example_dags/example_branch_day_of_week_operator.py
[2026-04-29T01:17:43.029+0000] {processor.py:830} INFO - Processing file /home/airflow/.local/lib/python3.12/site-packages/airflow/example_dags/example_branch_day_of_week_operator.py for tasks to queue
[2026-04-29T01:17:43.031+0000] {logging_mixin.py:188} INFO - [2026-04-29T01:17:43.031+0000] {dagbag.py:540} INFO - Filling up the DagBag from /home/airflow/.local/lib/python3.12/site-packages/airflow/example_dags/example_branch_day_of_week_operator.py
[2026-04-29T01:17:43.041+0000] {processor.py:840} INFO - DAG(s) 'example_weekday_branch_operator' retrieved from /home/airflow/.local/lib/python3.12/site-packages/airflow/example_dags/example_branch_day_of_week_operator.py
[2026-04-29T01:17:43.112+0000] {logging_mixin.py:188} INFO - [2026-04-29T01:17:43.111+0000] {dag.py:3096} INFO - Sync 1 DAGs
[2026-04-29T01:17:43.140+0000] {logging_mixin.py:188} INFO - [2026-04-29T01:17:43.139+0000] {dag.py:3954} INFO - Setting next_dagrun for example_weekday_branch_operator to 2026-04-28 00:00:00+00:00, run_after=2026-04-29 00:00:00+00:00
[2026-04-29T01:17:43.161+0000] {processor.py:183} INFO - Processing /home/airflow/.local/lib/python3.12/site-packages/airflow/example_dags/example_branch_day_of_week_operator.py took 0.143 seconds
[2026-04-29T01:18:14.002+0000] {processor.py:161} INFO - Started process (PID=2392) to work on /home/airflow/.local/lib/python3.12/site-packages/airflow/example_dags/example_branch_day_of_week_operator.py
[2026-04-29T01:18:14.002+0000] {processor.py:830} INFO - Processing file /home/airflow/.local/lib/python3.12/site-packages/airflow/example_dags/example_branch_day_of_week_operator.py for tasks to queue
[2026-04-29T01:18:14.004+0000] {logging_mixin.py:188} INFO - [2026-04-29T01:18:14.004+0000] {dagbag.py:540} INFO - Filling up the DagBag from /home/airflow/.local/lib/python3.12/site-packages/airflow/example_dags/example_branch_day_of_week_operator.py
[2026-04-29T01:18:14.011+0000] {processor.py:840} INFO - DAG(s) 'example_weekday_branch_operator' retrieved from /home/airflow/.local/lib/python3.12/site-packages/airflow/example_dags/example_branch_day_of_week_operator.py
[2026-04-29T01:18:14.032+0000] {logging_mixin.py:188} INFO - [2026-04-29T01:18:14.031+0000] {dag.py:3096} INFO - Sync 1 DAGs
[2026-04-29T01:18:14.054+0000] {logging_mixin.py:188} INFO - [2026-04-29T01:18:14.053+0000] {dag.py:3954} INFO - Setting next_dagrun for example_weekday_branch_operator to 2026-04-28 00:00:00+00:00, run_after=2026-04-29 00:00:00+00:00
[2026-04-29T01:18:14.070+0000] {processor.py:183} INFO - Processing /home/airflow/.local/lib/python3.12/site-packages/airflow/example_dags/example_branch_day_of_week_operator.py took 0.074 seconds
[2026-04-29T01:18:44.348+0000] {processor.py:161} INFO - Started process (PID=2451) to work on /home/airflow/.local/lib/python3.12/site-packages/airflow/example_dags/example_branch_day_of_week_operator.py
[2026-04-29T01:18:44.350+0000] {processor.py:830} INFO - Processing file /home/airflow/.local/lib/python3.12/site-packages/airflow/example_dags/example_branch_day_of_week_operator.py for tasks to queue
[2026-04-29T01:18:44.353+0000] {logging_mixin.py:188} INFO - [2026-04-29T01:18:44.352+0000] {dagbag.py:540} INFO - Filling up the DagBag from /home/airflow/.local/lib/python3.12/site-packages/airflow/example_dags/example_branch_day_of_week_operator.py
[2026-04-29T01:18:44.362+0000] {processor.py:840} INFO - DAG(s) 'example_weekday_branch_operator' retrieved from /home/airflow/.local/lib/python3.12/site-packages/airflow/example_dags/example_branch_day_of_week_operator.py
[2026-04-29T01:18:44.389+0000] {logging_mixin.py:188} INFO - [2026-04-29T01:18:44.389+0000] {dag.py:3096} INFO - Sync 1 DAGs
[2026-04-29T01:18:44.432+0000] {logging_mixin.py:188} INFO - [2026-04-29T01:18:44.432+0000] {dag.py:3954} INFO - Setting next_dagrun for example_weekday_branch_operator to 2026-04-28 00:00:00+00:00, run_after=2026-04-29 00:00:00+00:00
[2026-04-29T01:18:44.465+0000] {processor.py:183} INFO - Processing /home/airflow/.local/lib/python3.12/site-packages/airflow/example_dags/example_branch_day_of_week_operator.py took 0.125 seconds
[2026-04-29T01:19:14.837+0000] {processor.py:161} INFO - Started process (PID=2511) to work on /home/airflow/.local/lib/python3.12/site-packages/airflow/example_dags/example_branch_day_of_week_operator.py
[2026-04-29T01:19:14.851+0000] {processor.py:830} INFO - Processing file /home/airflow/.local/lib/python3.12/site-packages/airflow/example_dags/example_branch_day_of_week_operator.py for tasks to queue
[2026-04-29T01:19:14.868+0000] {logging_mixin.py:188} INFO - [2026-04-29T01:19:14.868+0000] {dagbag.py:540} INFO - Filling up the DagBag from /home/airflow/.local/lib/python3.12/site-packages/airflow/example_dags/example_branch_day_of_week_operator.py
[2026-04-29T01:19:14.908+0000] {processor.py:840} INFO - DAG(s) 'example_weekday_branch_operator' retrieved from /home/airflow/.local/lib/python3.12/site-packages/airflow/example_dags/example_branch_day_of_week_operator.py
[2026-04-29T01:19:14.974+0000] {logging_mixin.py:188} INFO - [2026-04-29T01:19:14.974+0000] {dag.py:3096} INFO - Sync 1 DAGs
[2026-04-29T01:19:15.025+0000] {logging_mixin.py:188} INFO - [2026-04-29T01:19:15.025+0000] {dag.py:3954} INFO - Setting next_dagrun for example_weekday_branch_operator to 2026-04-28 00:00:00+00:00, run_after=2026-04-29 00:00:00+00:00
[2026-04-29T01:19:15.063+0000] {processor.py:183} INFO - Processing /home/airflow/.local/lib/python3.12/site-packages/airflow/example_dags/example_branch_day_of_week_operator.py took 0.254 seconds
[2026-04-29T01:19:45.200+0000] {processor.py:161} INFO - Started process (PID=2571) to work on /home/airflow/.local/lib/python3.12/site-packages/airflow/example_dags/example_branch_day_of_week_operator.py
[2026-04-29T01:19:45.201+0000] {processor.py:830} INFO - Processing file /home/airflow/.local/lib/python3.12/site-packages/airflow/example_dags/example_branch_day_of_week_operator.py for tasks to queue
[2026-04-29T01:19:45.203+0000] {logging_mixin.py:188} INFO - [2026-04-29T01:19:45.202+0000] {dagbag.py:540} INFO - Filling up the DagBag from /home/airflow/.local/lib/python3.12/site-packages/airflow/example_dags/example_branch_day_of_week_operator.py
[2026-04-29T01:19:45.209+0000] {processor.py:840} INFO - DAG(s) 'example_weekday_branch_operator' retrieved from /home/airflow/.local/lib/python3.12/site-packages/airflow/example_dags/example_branch_day_of_week_operator.py
[2026-04-29T01:19:45.229+0000] {logging_mixin.py:188} INFO - [2026-04-29T01:19:45.228+0000] {dag.py:3096} INFO - Sync 1 DAGs
[2026-04-29T01:19:45.251+0000] {logging_mixin.py:188} INFO - [2026-04-29T01:19:45.251+0000] {dag.py:3954} INFO - Setting next_dagrun for example_weekday_branch_operator to 2026-04-28 00:00:00+00:00, run_after=2026-04-29 00:00:00+00:00
[2026-04-29T01:19:45.266+0000] {processor.py:183} INFO - Processing /home/airflow/.local/lib/python3.12/site-packages/airflow/example_dags/example_branch_day_of_week_operator.py took 0.072 seconds
[2026-04-29T01:20:15.537+0000] {processor.py:161} INFO - Started process (PID=2631) to work on /home/airflow/.local/lib/python3.12/site-packages/airflow/example_dags/example_branch_day_of_week_operator.py
[2026-04-29T01:20:15.538+0000] {processor.py:830} INFO - Processing file /home/airflow/.local/lib/python3.12/site-packages/airflow/example_dags/example_branch_day_of_week_operator.py for tasks to queue
[2026-04-29T01:20:15.541+0000] {logging_mixin.py:188} INFO - [2026-04-29T01:20:15.540+0000] {dagbag.py:540} INFO - Filling up the DagBag from /home/airflow/.local/lib/python3.12/site-packages/airflow/example_dags/example_branch_day_of_week_operator.py
[2026-04-29T01:20:15.564+0000] {processor.py:840} INFO - DAG(s) 'example_weekday_branch_operator' retrieved from /home/airflow/.local/lib/python3.12/site-packages/airflow/example_dags/example_branch_day_of_week_operator.py
[2026-04-29T01:20:15.598+0000] {logging_mixin.py:188} INFO - [2026-04-29T01:20:15.597+0000] {dag.py:3096} INFO - Sync 1 DAGs
[2026-04-29T01:20:15.639+0000] {logging_mixin.py:188} INFO - [2026-04-29T01:20:15.638+0000] {dag.py:3954} INFO - Setting next_dagrun for example_weekday_branch_operator to 2026-04-28 00:00:00+00:00, run_after=2026-04-29 00:00:00+00:00
[2026-04-29T01:20:15.673+0000] {processor.py:183} INFO - Processing /home/airflow/.local/lib/python3.12/site-packages/airflow/example_dags/example_branch_day_of_week_operator.py took 0.149 seconds
[2026-04-29T01:20:45.980+0000] {processor.py:161} INFO - Started process (PID=2691) to work on /home/airflow/.local/lib/python3.12/site-packages/airflow/example_dags/example_branch_day_of_week_operator.py
[2026-04-29T01:20:45.981+0000] {processor.py:830} INFO - Processing file /home/airflow/.local/lib/python3.12/site-packages/airflow/example_dags/example_branch_day_of_week_operator.py for tasks to queue
[2026-04-29T01:20:45.983+0000] {logging_mixin.py:188} INFO - [2026-04-29T01:20:45.983+0000] {dagbag.py:540} INFO - Filling up the DagBag from /home/airflow/.local/lib/python3.12/site-packages/airflow/example_dags/example_branch_day_of_week_operator.py
[2026-04-29T01:20:45.993+0000] {processor.py:840} INFO - DAG(s) 'example_weekday_branch_operator' retrieved from /home/airflow/.local/lib/python3.12/site-packages/airflow/example_dags/example_branch_day_of_week_operator.py
[2026-04-29T01:20:46.020+0000] {logging_mixin.py:188} INFO - [2026-04-29T01:20:46.020+0000] {dag.py:3096} INFO - Sync 1 DAGs
[2026-04-29T01:20:46.048+0000] {logging_mixin.py:188} INFO - [2026-04-29T01:20:46.048+0000] {dag.py:3954} INFO - Setting next_dagrun for example_weekday_branch_operator to 2026-04-28 00:00:00+00:00, run_after=2026-04-29 00:00:00+00:00
[2026-04-29T01:20:46.068+0000] {processor.py:183} INFO - Processing /home/airflow/.local/lib/python3.12/site-packages/airflow/example_dags/example_branch_day_of_week_operator.py took 0.096 seconds
[2026-04-29T01:21:16.463+0000] {processor.py:161} INFO - Started process (PID=2751) to work on /home/airflow/.local/lib/python3.12/site-packages/airflow/example_dags/example_branch_day_of_week_operator.py
[2026-04-29T01:21:16.466+0000] {processor.py:830} INFO - Processing file /home/airflow/.local/lib/python3.12/site-packages/airflow/example_dags/example_branch_day_of_week_operator.py for tasks to queue
[2026-04-29T01:21:16.468+0000] {logging_mixin.py:188} INFO - [2026-04-29T01:21:16.468+0000] {dagbag.py:540} INFO - Filling up the DagBag from /home/airflow/.local/lib/python3.12/site-packages/airflow/example_dags/example_branch_day_of_week_operator.py
[2026-04-29T01:21:16.479+0000] {processor.py:840} INFO - DAG(s) 'example_weekday_branch_operator' retrieved from /home/airflow/.local/lib/python3.12/site-packages/airflow/example_dags/example_branch_day_of_week_operator.py
[2026-04-29T01:21:16.507+0000] {logging_mixin.py:188} INFO - [2026-04-29T01:21:16.507+0000] {dag.py:3096} INFO - Sync 1 DAGs
[2026-04-29T01:21:16.539+0000] {logging_mixin.py:188} INFO - [2026-04-29T01:21:16.539+0000] {dag.py:3954} INFO - Setting next_dagrun for example_weekday_branch_operator to 2026-04-28 00:00:00+00:00, run_after=2026-04-29 00:00:00+00:00
[2026-04-29T01:21:16.564+0000] {processor.py:183} INFO - Processing /home/airflow/.local/lib/python3.12/site-packages/airflow/example_dags/example_branch_day_of_week_operator.py took 0.110 seconds
[2026-04-29T01:21:47.721+0000] {processor.py:161} INFO - Started process (PID=2811) to work on /home/airflow/.local/lib/python3.12/site-packages/airflow/example_dags/example_branch_day_of_week_operator.py
[2026-04-29T01:21:47.725+0000] {processor.py:830} INFO - Processing file /home/airflow/.local/lib/python3.12/site-packages/airflow/example_dags/example_branch_day_of_week_operator.py for tasks to queue
[2026-04-29T01:21:47.726+0000] {logging_mixin.py:188} INFO - [2026-04-29T01:21:47.726+0000] {dagbag.py:540} INFO - Filling up the DagBag from /home/airflow/.local/lib/python3.12/site-packages/airflow/example_dags/example_branch_day_of_week_operator.py
[2026-04-29T01:21:47.734+0000] {processor.py:840} INFO - DAG(s) 'example_weekday_branch_operator' retrieved from /home/airflow/.local/lib/python3.12/site-packages/airflow/example_dags/example_branch_day_of_week_operator.py
[2026-04-29T01:21:47.755+0000] {logging_mixin.py:188} INFO - [2026-04-29T01:21:47.755+0000] {dag.py:3096} INFO - Sync 1 DAGs
[2026-04-29T01:21:47.776+0000] {logging_mixin.py:188} INFO - [2026-04-29T01:21:47.776+0000] {dag.py:3954} INFO - Setting next_dagrun for example_weekday_branch_operator to 2026-04-28 00:00:00+00:00, run_after=2026-04-29 00:00:00+00:00
[2026-04-29T01:21:47.792+0000] {processor.py:183} INFO - Processing /home/airflow/.local/lib/python3.12/site-packages/airflow/example_dags/example_branch_day_of_week_operator.py took 0.077 seconds
[2026-04-29T01:22:18.076+0000] {processor.py:161} INFO - Started process (PID=2871) to work on /home/airflow/.local/lib/python3.12/site-packages/airflow/example_dags/example_branch_day_of_week_operator.py
[2026-04-29T01:22:18.077+0000] {processor.py:830} INFO - Processing file /home/airflow/.local/lib/python3.12/site-packages/airflow/example_dags/example_branch_day_of_week_operator.py for tasks to queue
[2026-04-29T01:22:18.079+0000] {logging_mixin.py:188} INFO - [2026-04-29T01:22:18.079+0000] {dagbag.py:540} INFO - Filling up the DagBag from /home/airflow/.local/lib/python3.12/site-packages/airflow/example_dags/example_branch_day_of_week_operator.py
[2026-04-29T01:22:18.086+0000] {processor.py:840} INFO - DAG(s) 'example_weekday_branch_operator' retrieved from /home/airflow/.local/lib/python3.12/site-packages/airflow/example_dags/example_branch_day_of_week_operator.py
[2026-04-29T01:22:18.105+0000] {logging_mixin.py:188} INFO - [2026-04-29T01:22:18.105+0000] {dag.py:3096} INFO - Sync 1 DAGs
[2026-04-29T01:22:18.128+0000] {logging_mixin.py:188} INFO - [2026-04-29T01:22:18.127+0000] {dag.py:3954} INFO - Setting next_dagrun for example_weekday_branch_operator to 2026-04-28 00:00:00+00:00, run_after=2026-04-29 00:00:00+00:00
[2026-04-29T01:22:18.143+0000] {processor.py:183} INFO - Processing /home/airflow/.local/lib/python3.12/site-packages/airflow/example_dags/example_branch_day_of_week_operator.py took 0.072 seconds
[2026-04-29T01:22:48.879+0000] {processor.py:161} INFO - Started process (PID=2931) to work on /home/airflow/.local/lib/python3.12/site-packages/airflow/example_dags/example_branch_day_of_week_operator.py
[2026-04-29T01:22:48.881+0000] {processor.py:830} INFO - Processing file /home/airflow/.local/lib/python3.12/site-packages/airflow/example_dags/example_branch_day_of_week_operator.py for tasks to queue
[2026-04-29T01:22:48.883+0000] {logging_mixin.py:188} INFO - [2026-04-29T01:22:48.883+0000] {dagbag.py:540} INFO - Filling up the DagBag from /home/airflow/.local/lib/python3.12/site-packages/airflow/example_dags/example_branch_day_of_week_operator.py
[2026-04-29T01:22:48.893+0000] {processor.py:840} INFO - DAG(s) 'example_weekday_branch_operator' retrieved from /home/airflow/.local/lib/python3.12/site-packages/airflow/example_dags/example_branch_day_of_week_operator.py
[2026-04-29T01:22:48.919+0000] {logging_mixin.py:188} INFO - [2026-04-29T01:22:48.918+0000] {dag.py:3096} INFO - Sync 1 DAGs
[2026-04-29T01:22:48.947+0000] {logging_mixin.py:188} INFO - [2026-04-29T01:22:48.946+0000] {dag.py:3954} INFO - Setting next_dagrun for example_weekday_branch_operator to 2026-04-28 00:00:00+00:00, run_after=2026-04-29 00:00:00+00:00
[2026-04-29T01:22:48.966+0000] {processor.py:183} INFO - Processing /home/airflow/.local/lib/python3.12/site-packages/airflow/example_dags/example_branch_day_of_week_operator.py took 0.094 seconds
[2026-04-29T01:23:20.318+0000] {processor.py:161} INFO - Started process (PID=2994) to work on /home/airflow/.local/lib/python3.12/site-packages/airflow/example_dags/example_branch_day_of_week_operator.py
[2026-04-29T01:23:20.319+0000] {processor.py:830} INFO - Processing file /home/airflow/.local/lib/python3.12/site-packages/airflow/example_dags/example_branch_day_of_week_operator.py for tasks to queue
[2026-04-29T01:23:20.322+0000] {logging_mixin.py:188} INFO - [2026-04-29T01:23:20.321+0000] {dagbag.py:540} INFO - Filling up the DagBag from /home/airflow/.local/lib/python3.12/site-packages/airflow/example_dags/example_branch_day_of_week_operator.py
[2026-04-29T01:23:20.334+0000] {processor.py:840} INFO - DAG(s) 'example_weekday_branch_operator' retrieved from /home/airflow/.local/lib/python3.12/site-packages/airflow/example_dags/example_branch_day_of_week_operator.py
[2026-04-29T01:23:20.371+0000] {logging_mixin.py:188} INFO - [2026-04-29T01:23:20.371+0000] {dag.py:3096} INFO - Sync 1 DAGs
[2026-04-29T01:23:20.408+0000] {logging_mixin.py:188} INFO - [2026-04-29T01:23:20.408+0000] {dag.py:3954} INFO - Setting next_dagrun for example_weekday_branch_operator to 2026-04-28 00:00:00+00:00, run_after=2026-04-29 00:00:00+00:00
[2026-04-29T01:23:20.439+0000] {processor.py:183} INFO - Processing /home/airflow/.local/lib/python3.12/site-packages/airflow/example_dags/example_branch_day_of_week_operator.py took 0.132 seconds
[2026-04-29T01:23:51.617+0000] {processor.py:161} INFO - Started process (PID=3056) to work on /home/airflow/.local/lib/python3.12/site-packages/airflow/example_dags/example_branch_day_of_week_operator.py
[2026-04-29T01:23:51.622+0000] {processor.py:830} INFO - Processing file /home/airflow/.local/lib/python3.12/site-packages/airflow/example_dags/example_branch_day_of_week_operator.py for tasks to queue
[2026-04-29T01:23:51.628+0000] {logging_mixin.py:188} INFO - [2026-04-29T01:23:51.626+0000] {dagbag.py:540} INFO - Filling up the DagBag from /home/airflow/.local/lib/python3.12/site-packages/airflow/example_dags/example_branch_day_of_week_operator.py
[2026-04-29T01:23:51.679+0000] {processor.py:840} INFO - DAG(s) 'example_weekday_branch_operator' retrieved from /home/airflow/.local/lib/python3.12/site-packages/airflow/example_dags/example_branch_day_of_week_operator.py
[2026-04-29T01:23:51.758+0000] {logging_mixin.py:188} INFO - [2026-04-29T01:23:51.756+0000] {dag.py:3096} INFO - Sync 1 DAGs
[2026-04-29T01:23:51.788+0000] {logging_mixin.py:188} INFO - [2026-04-29T01:23:51.788+0000] {dag.py:3954} INFO - Setting next_dagrun for example_weekday_branch_operator to 2026-04-28 00:00:00+00:00, run_after=2026-04-29 00:00:00+00:00
[2026-04-29T01:23:51.819+0000] {processor.py:183} INFO - Processing /home/airflow/.local/lib/python3.12/site-packages/airflow/example_dags/example_branch_day_of_week_operator.py took 0.221 seconds
[2026-04-29T01:24:23.303+0000] {processor.py:161} INFO - Started process (PID=3118) to work on /home/airflow/.local/lib/python3.12/site-packages/airflow/example_dags/example_branch_day_of_week_operator.py
[2026-04-29T01:24:23.306+0000] {processor.py:830} INFO - Processing file /home/airflow/.local/lib/python3.12/site-packages/airflow/example_dags/example_branch_day_of_week_operator.py for tasks to queue
[2026-04-29T01:24:23.308+0000] {logging_mixin.py:188} INFO - [2026-04-29T01:24:23.308+0000] {dagbag.py:540} INFO - Filling up the DagBag from /home/airflow/.local/lib/python3.12/site-packages/airflow/example_dags/example_branch_day_of_week_operator.py
[2026-04-29T01:24:23.346+0000] {processor.py:840} INFO - DAG(s) 'example_weekday_branch_operator' retrieved from /home/airflow/.local/lib/python3.12/site-packages/airflow/example_dags/example_branch_day_of_week_operator.py
[2026-04-29T01:24:23.494+0000] {logging_mixin.py:188} INFO - [2026-04-29T01:24:23.494+0000] {dag.py:3096} INFO - Sync 1 DAGs
[2026-04-29T01:24:23.550+0000] {logging_mixin.py:188} INFO - [2026-04-29T01:24:23.550+0000] {dag.py:3954} INFO - Setting next_dagrun for example_weekday_branch_operator to 2026-04-28 00:00:00+00:00, run_after=2026-04-29 00:00:00+00:00
[2026-04-29T01:24:23.612+0000] {processor.py:183} INFO - Processing /home/airflow/.local/lib/python3.12/site-packages/airflow/example_dags/example_branch_day_of_week_operator.py took 0.322 seconds
[2026-04-29T01:24:55.744+0000] {processor.py:161} INFO - Started process (PID=3178) to work on /home/airflow/.local/lib/python3.12/site-packages/airflow/example_dags/example_branch_day_of_week_operator.py
[2026-04-29T01:24:55.750+0000] {processor.py:830} INFO - Processing file /home/airflow/.local/lib/python3.12/site-packages/airflow/example_dags/example_branch_day_of_week_operator.py for tasks to queue
[2026-04-29T01:24:55.764+0000] {logging_mixin.py:188} INFO - [2026-04-29T01:24:55.763+0000] {dagbag.py:540} INFO - Filling up the DagBag from /home/airflow/.local/lib/python3.12/site-packages/airflow/example_dags/example_branch_day_of_week_operator.py
[2026-04-29T01:24:55.783+0000] {processor.py:840} INFO - DAG(s) 'example_weekday_branch_operator' retrieved from /home/airflow/.local/lib/python3.12/site-packages/airflow/example_dags/example_branch_day_of_week_operator.py
[2026-04-29T01:24:55.949+0000] {logging_mixin.py:188} INFO - [2026-04-29T01:24:55.939+0000] {dag.py:3096} INFO - Sync 1 DAGs
[2026-04-29T01:24:56.135+0000] {logging_mixin.py:188} INFO - [2026-04-29T01:24:56.134+0000] {dag.py:3954} INFO - Setting next_dagrun for example_weekday_branch_operator to 2026-04-28 00:00:00+00:00, run_after=2026-04-29 00:00:00+00:00
[2026-04-29T01:24:56.190+0000] {processor.py:183} INFO - Processing /home/airflow/.local/lib/python3.12/site-packages/airflow/example_dags/example_branch_day_of_week_operator.py took 0.514 seconds
[2026-04-29T01:25:26.971+0000] {processor.py:161} INFO - Started process (PID=3238) to work on /home/airflow/.local/lib/python3.12/site-packages/airflow/example_dags/example_branch_day_of_week_operator.py
[2026-04-29T01:25:26.985+0000] {processor.py:830} INFO - Processing file /home/airflow/.local/lib/python3.12/site-packages/airflow/example_dags/example_branch_day_of_week_operator.py for tasks to queue
[2026-04-29T01:25:26.992+0000] {logging_mixin.py:188} INFO - [2026-04-29T01:25:26.992+0000] {dagbag.py:540} INFO - Filling up the DagBag from /home/airflow/.local/lib/python3.12/site-packages/airflow/example_dags/example_branch_day_of_week_operator.py
[2026-04-29T01:25:27.022+0000] {processor.py:840} INFO - DAG(s) 'example_weekday_branch_operator' retrieved from /home/airflow/.local/lib/python3.12/site-packages/airflow/example_dags/example_branch_day_of_week_operator.py
[2026-04-29T01:25:27.078+0000] {logging_mixin.py:188} INFO - [2026-04-29T01:25:27.078+0000] {dag.py:3096} INFO - Sync 1 DAGs
[2026-04-29T01:25:27.157+0000] {logging_mixin.py:188} INFO - [2026-04-29T01:25:27.157+0000] {dag.py:3954} INFO - Setting next_dagrun for example_weekday_branch_operator to 2026-04-28 00:00:00+00:00, run_after=2026-04-29 00:00:00+00:00
[2026-04-29T01:25:27.219+0000] {processor.py:183} INFO - Processing /home/airflow/.local/lib/python3.12/site-packages/airflow/example_dags/example_branch_day_of_week_operator.py took 0.279 seconds
[2026-04-29T01:25:57.284+0000] {processor.py:161} INFO - Started process (PID=3297) to work on /home/airflow/.local/lib/python3.12/site-packages/airflow/example_dags/example_branch_day_of_week_operator.py
[2026-04-29T01:25:57.285+0000] {processor.py:830} INFO - Processing file /home/airflow/.local/lib/python3.12/site-packages/airflow/example_dags/example_branch_day_of_week_operator.py for tasks to queue
[2026-04-29T01:25:57.288+0000] {logging_mixin.py:188} INFO - [2026-04-29T01:25:57.288+0000] {dagbag.py:540} INFO - Filling up the DagBag from /home/airflow/.local/lib/python3.12/site-packages/airflow/example_dags/example_branch_day_of_week_operator.py
[2026-04-29T01:25:57.299+0000] {processor.py:840} INFO - DAG(s) 'example_weekday_branch_operator' retrieved from /home/airflow/.local/lib/python3.12/site-packages/airflow/example_dags/example_branch_day_of_week_operator.py
[2026-04-29T01:25:57.328+0000] {logging_mixin.py:188} INFO - [2026-04-29T01:25:57.328+0000] {dag.py:3096} INFO - Sync 1 DAGs
[2026-04-29T01:25:57.363+0000] {logging_mixin.py:188} INFO - [2026-04-29T01:25:57.363+0000] {dag.py:3954} INFO - Setting next_dagrun for example_weekday_branch_operator to 2026-04-28 00:00:00+00:00, run_after=2026-04-29 00:00:00+00:00
[2026-04-29T01:25:57.385+0000] {processor.py:183} INFO - Processing /home/airflow/.local/lib/python3.12/site-packages/airflow/example_dags/example_branch_day_of_week_operator.py took 0.110 seconds
[2026-04-29T01:26:28.186+0000] {processor.py:161} INFO - Started process (PID=3357) to work on /home/airflow/.local/lib/python3.12/site-packages/airflow/example_dags/example_branch_day_of_week_operator.py
[2026-04-29T01:26:28.187+0000] {processor.py:830} INFO - Processing file /home/airflow/.local/lib/python3.12/site-packages/airflow/example_dags/example_branch_day_of_week_operator.py for tasks to queue
[2026-04-29T01:26:28.191+0000] {logging_mixin.py:188} INFO - [2026-04-29T01:26:28.190+0000] {dagbag.py:540} INFO - Filling up the DagBag from /home/airflow/.local/lib/python3.12/site-packages/airflow/example_dags/example_branch_day_of_week_operator.py
[2026-04-29T01:26:28.203+0000] {processor.py:840} INFO - DAG(s) 'example_weekday_branch_operator' retrieved from /home/airflow/.local/lib/python3.12/site-packages/airflow/example_dags/example_branch_day_of_week_operator.py
[2026-04-29T01:26:28.234+0000] {logging_mixin.py:188} INFO - [2026-04-29T01:26:28.233+0000] {dag.py:3096} INFO - Sync 1 DAGs
[2026-04-29T01:26:28.268+0000] {logging_mixin.py:188} INFO - [2026-04-29T01:26:28.268+0000] {dag.py:3954} INFO - Setting next_dagrun for example_weekday_branch_operator to 2026-04-28 00:00:00+00:00, run_after=2026-04-29 00:00:00+00:00
[2026-04-29T01:26:28.295+0000] {processor.py:183} INFO - Processing /home/airflow/.local/lib/python3.12/site-packages/airflow/example_dags/example_branch_day_of_week_operator.py took 0.118 seconds
