[2026-04-29T00:54:50.520+0000] {processor.py:161} INFO - Started process (PID=60) to work on /home/airflow/.local/lib/python3.12/site-packages/airflow/example_dags/example_dag_decorator.py
[2026-04-29T00:54:50.521+0000] {processor.py:830} INFO - Processing file /home/airflow/.local/lib/python3.12/site-packages/airflow/example_dags/example_dag_decorator.py for tasks to queue
[2026-04-29T00:54:50.524+0000] {logging_mixin.py:188} INFO - [2026-04-29T00:54:50.523+0000] {dagbag.py:540} INFO - Filling up the DagBag from /home/airflow/.local/lib/python3.12/site-packages/airflow/example_dags/example_dag_decorator.py
[2026-04-29T00:54:50.855+0000] {processor.py:840} INFO - DAG(s) 'example_dag_decorator' retrieved from /home/airflow/.local/lib/python3.12/site-packages/airflow/example_dags/example_dag_decorator.py
[2026-04-29T00:54:51.365+0000] {logging_mixin.py:188} INFO - [2026-04-29T00:54:51.363+0000] {dag.py:3096} INFO - Sync 1 DAGs
[2026-04-29T00:54:51.414+0000] {logging_mixin.py:188} INFO - [2026-04-29T00:54:51.413+0000] {dag.py:3954} INFO - Setting next_dagrun for example_dag_decorator to None, run_after=None
[2026-04-29T00:54:51.444+0000] {processor.py:183} INFO - Processing /home/airflow/.local/lib/python3.12/site-packages/airflow/example_dags/example_dag_decorator.py took 0.930 seconds
[2026-04-29T00:58:08.450+0000] {processor.py:161} INFO - Started process (PID=68) to work on /home/airflow/.local/lib/python3.12/site-packages/airflow/example_dags/example_dag_decorator.py
[2026-04-29T00:58:08.451+0000] {processor.py:830} INFO - Processing file /home/airflow/.local/lib/python3.12/site-packages/airflow/example_dags/example_dag_decorator.py for tasks to queue
[2026-04-29T00:58:08.453+0000] {logging_mixin.py:188} INFO - [2026-04-29T00:58:08.453+0000] {dagbag.py:540} INFO - Filling up the DagBag from /home/airflow/.local/lib/python3.12/site-packages/airflow/example_dags/example_dag_decorator.py
[2026-04-29T00:58:10.660+0000] {processor.py:840} INFO - DAG(s) 'example_dag_decorator' retrieved from /home/airflow/.local/lib/python3.12/site-packages/airflow/example_dags/example_dag_decorator.py
[2026-04-29T00:58:11.727+0000] {logging_mixin.py:188} INFO - [2026-04-29T00:58:11.718+0000] {override.py:1829} INFO - Created Permission View: can edit on DAG:example_dag_decorator
[2026-04-29T00:58:11.843+0000] {logging_mixin.py:188} INFO - [2026-04-29T00:58:11.842+0000] {override.py:1829} INFO - Created Permission View: can delete on DAG:example_dag_decorator
[2026-04-29T00:58:11.870+0000] {logging_mixin.py:188} INFO - [2026-04-29T00:58:11.866+0000] {override.py:1829} INFO - Created Permission View: can read on DAG:example_dag_decorator
[2026-04-29T00:58:11.873+0000] {logging_mixin.py:188} INFO - [2026-04-29T00:58:11.873+0000] {dag.py:3096} INFO - Sync 1 DAGs
[2026-04-29T00:58:11.935+0000] {logging_mixin.py:188} INFO - [2026-04-29T00:58:11.931+0000] {dag.py:3118} INFO - Creating ORM DAG for example_dag_decorator
[2026-04-29T00:58:11.940+0000] {logging_mixin.py:188} INFO - [2026-04-29T00:58:11.940+0000] {dag.py:3954} INFO - Setting next_dagrun for example_dag_decorator to None, run_after=None
[2026-04-29T00:58:12.047+0000] {processor.py:183} INFO - Processing /home/airflow/.local/lib/python3.12/site-packages/airflow/example_dags/example_dag_decorator.py took 3.616 seconds
[2026-04-29T00:58:42.212+0000] {processor.py:161} INFO - Started process (PID=129) to work on /home/airflow/.local/lib/python3.12/site-packages/airflow/example_dags/example_dag_decorator.py
[2026-04-29T00:58:42.213+0000] {processor.py:830} INFO - Processing file /home/airflow/.local/lib/python3.12/site-packages/airflow/example_dags/example_dag_decorator.py for tasks to queue
[2026-04-29T00:58:42.240+0000] {logging_mixin.py:188} INFO - [2026-04-29T00:58:42.230+0000] {dagbag.py:540} INFO - Filling up the DagBag from /home/airflow/.local/lib/python3.12/site-packages/airflow/example_dags/example_dag_decorator.py
[2026-04-29T00:58:42.886+0000] {processor.py:840} INFO - DAG(s) 'example_dag_decorator' retrieved from /home/airflow/.local/lib/python3.12/site-packages/airflow/example_dags/example_dag_decorator.py
[2026-04-29T00:58:43.294+0000] {logging_mixin.py:188} INFO - [2026-04-29T00:58:43.294+0000] {dag.py:3096} INFO - Sync 1 DAGs
[2026-04-29T00:58:43.328+0000] {logging_mixin.py:188} INFO - [2026-04-29T00:58:43.326+0000] {dag.py:3954} INFO - Setting next_dagrun for example_dag_decorator to None, run_after=None
[2026-04-29T00:58:43.608+0000] {processor.py:183} INFO - Processing /home/airflow/.local/lib/python3.12/site-packages/airflow/example_dags/example_dag_decorator.py took 1.419 seconds
[2026-04-29T00:59:13.676+0000] {processor.py:161} INFO - Started process (PID=189) to work on /home/airflow/.local/lib/python3.12/site-packages/airflow/example_dags/example_dag_decorator.py
[2026-04-29T00:59:13.677+0000] {processor.py:830} INFO - Processing file /home/airflow/.local/lib/python3.12/site-packages/airflow/example_dags/example_dag_decorator.py for tasks to queue
[2026-04-29T00:59:13.680+0000] {logging_mixin.py:188} INFO - [2026-04-29T00:59:13.679+0000] {dagbag.py:540} INFO - Filling up the DagBag from /home/airflow/.local/lib/python3.12/site-packages/airflow/example_dags/example_dag_decorator.py
[2026-04-29T00:59:13.830+0000] {processor.py:840} INFO - DAG(s) 'example_dag_decorator' retrieved from /home/airflow/.local/lib/python3.12/site-packages/airflow/example_dags/example_dag_decorator.py
[2026-04-29T00:59:13.935+0000] {logging_mixin.py:188} INFO - [2026-04-29T00:59:13.935+0000] {dag.py:3096} INFO - Sync 1 DAGs
[2026-04-29T00:59:13.945+0000] {logging_mixin.py:188} INFO - [2026-04-29T00:59:13.944+0000] {dag.py:3954} INFO - Setting next_dagrun for example_dag_decorator to None, run_after=None
[2026-04-29T00:59:13.962+0000] {processor.py:183} INFO - Processing /home/airflow/.local/lib/python3.12/site-packages/airflow/example_dags/example_dag_decorator.py took 0.293 seconds
[2026-04-29T00:59:44.052+0000] {processor.py:161} INFO - Started process (PID=249) to work on /home/airflow/.local/lib/python3.12/site-packages/airflow/example_dags/example_dag_decorator.py
[2026-04-29T00:59:44.053+0000] {processor.py:830} INFO - Processing file /home/airflow/.local/lib/python3.12/site-packages/airflow/example_dags/example_dag_decorator.py for tasks to queue
[2026-04-29T00:59:44.055+0000] {logging_mixin.py:188} INFO - [2026-04-29T00:59:44.054+0000] {dagbag.py:540} INFO - Filling up the DagBag from /home/airflow/.local/lib/python3.12/site-packages/airflow/example_dags/example_dag_decorator.py
[2026-04-29T00:59:44.152+0000] {processor.py:840} INFO - DAG(s) 'example_dag_decorator' retrieved from /home/airflow/.local/lib/python3.12/site-packages/airflow/example_dags/example_dag_decorator.py
[2026-04-29T00:59:44.431+0000] {logging_mixin.py:188} INFO - [2026-04-29T00:59:44.431+0000] {dag.py:3096} INFO - Sync 1 DAGs
[2026-04-29T00:59:44.440+0000] {logging_mixin.py:188} INFO - [2026-04-29T00:59:44.440+0000] {dag.py:3954} INFO - Setting next_dagrun for example_dag_decorator to None, run_after=None
[2026-04-29T00:59:44.455+0000] {processor.py:183} INFO - Processing /home/airflow/.local/lib/python3.12/site-packages/airflow/example_dags/example_dag_decorator.py took 0.412 seconds
[2026-04-29T01:00:15.367+0000] {processor.py:161} INFO - Started process (PID=308) to work on /home/airflow/.local/lib/python3.12/site-packages/airflow/example_dags/example_dag_decorator.py
[2026-04-29T01:00:15.368+0000] {processor.py:830} INFO - Processing file /home/airflow/.local/lib/python3.12/site-packages/airflow/example_dags/example_dag_decorator.py for tasks to queue
[2026-04-29T01:00:15.371+0000] {logging_mixin.py:188} INFO - [2026-04-29T01:00:15.370+0000] {dagbag.py:540} INFO - Filling up the DagBag from /home/airflow/.local/lib/python3.12/site-packages/airflow/example_dags/example_dag_decorator.py
[2026-04-29T01:00:15.581+0000] {processor.py:840} INFO - DAG(s) 'example_dag_decorator' retrieved from /home/airflow/.local/lib/python3.12/site-packages/airflow/example_dags/example_dag_decorator.py
[2026-04-29T01:00:15.763+0000] {logging_mixin.py:188} INFO - [2026-04-29T01:00:15.763+0000] {dag.py:3096} INFO - Sync 1 DAGs
[2026-04-29T01:00:16.086+0000] {logging_mixin.py:188} INFO - [2026-04-29T01:00:16.086+0000] {dag.py:3954} INFO - Setting next_dagrun for example_dag_decorator to None, run_after=None
[2026-04-29T01:00:16.111+0000] {processor.py:183} INFO - Processing /home/airflow/.local/lib/python3.12/site-packages/airflow/example_dags/example_dag_decorator.py took 0.757 seconds
[2026-04-29T01:00:46.813+0000] {processor.py:161} INFO - Started process (PID=369) to work on /home/airflow/.local/lib/python3.12/site-packages/airflow/example_dags/example_dag_decorator.py
[2026-04-29T01:00:46.818+0000] {processor.py:830} INFO - Processing file /home/airflow/.local/lib/python3.12/site-packages/airflow/example_dags/example_dag_decorator.py for tasks to queue
[2026-04-29T01:00:46.833+0000] {logging_mixin.py:188} INFO - [2026-04-29T01:00:46.832+0000] {dagbag.py:540} INFO - Filling up the DagBag from /home/airflow/.local/lib/python3.12/site-packages/airflow/example_dags/example_dag_decorator.py
[2026-04-29T01:00:47.131+0000] {processor.py:840} INFO - DAG(s) 'example_dag_decorator' retrieved from /home/airflow/.local/lib/python3.12/site-packages/airflow/example_dags/example_dag_decorator.py
[2026-04-29T01:00:47.675+0000] {logging_mixin.py:188} INFO - [2026-04-29T01:00:47.675+0000] {dag.py:3096} INFO - Sync 1 DAGs
[2026-04-29T01:00:47.684+0000] {logging_mixin.py:188} INFO - [2026-04-29T01:00:47.684+0000] {dag.py:3954} INFO - Setting next_dagrun for example_dag_decorator to None, run_after=None
[2026-04-29T01:00:47.703+0000] {processor.py:183} INFO - Processing /home/airflow/.local/lib/python3.12/site-packages/airflow/example_dags/example_dag_decorator.py took 0.911 seconds
[2026-04-29T01:01:18.006+0000] {processor.py:161} INFO - Started process (PID=431) to work on /home/airflow/.local/lib/python3.12/site-packages/airflow/example_dags/example_dag_decorator.py
[2026-04-29T01:01:18.007+0000] {processor.py:830} INFO - Processing file /home/airflow/.local/lib/python3.12/site-packages/airflow/example_dags/example_dag_decorator.py for tasks to queue
[2026-04-29T01:01:18.012+0000] {logging_mixin.py:188} INFO - [2026-04-29T01:01:18.012+0000] {dagbag.py:540} INFO - Filling up the DagBag from /home/airflow/.local/lib/python3.12/site-packages/airflow/example_dags/example_dag_decorator.py
[2026-04-29T01:01:18.386+0000] {processor.py:840} INFO - DAG(s) 'example_dag_decorator' retrieved from /home/airflow/.local/lib/python3.12/site-packages/airflow/example_dags/example_dag_decorator.py
[2026-04-29T01:01:19.670+0000] {logging_mixin.py:188} INFO - [2026-04-29T01:01:19.669+0000] {dag.py:3096} INFO - Sync 1 DAGs
[2026-04-29T01:01:19.700+0000] {logging_mixin.py:188} INFO - [2026-04-29T01:01:19.698+0000] {dag.py:3954} INFO - Setting next_dagrun for example_dag_decorator to None, run_after=None
[2026-04-29T01:01:19.741+0000] {processor.py:183} INFO - Processing /home/airflow/.local/lib/python3.12/site-packages/airflow/example_dags/example_dag_decorator.py took 1.762 seconds
[2026-04-29T01:01:50.264+0000] {processor.py:161} INFO - Started process (PID=490) to work on /home/airflow/.local/lib/python3.12/site-packages/airflow/example_dags/example_dag_decorator.py
[2026-04-29T01:01:50.266+0000] {processor.py:830} INFO - Processing file /home/airflow/.local/lib/python3.12/site-packages/airflow/example_dags/example_dag_decorator.py for tasks to queue
[2026-04-29T01:01:50.271+0000] {logging_mixin.py:188} INFO - [2026-04-29T01:01:50.271+0000] {dagbag.py:540} INFO - Filling up the DagBag from /home/airflow/.local/lib/python3.12/site-packages/airflow/example_dags/example_dag_decorator.py
[2026-04-29T01:01:50.592+0000] {processor.py:840} INFO - DAG(s) 'example_dag_decorator' retrieved from /home/airflow/.local/lib/python3.12/site-packages/airflow/example_dags/example_dag_decorator.py
[2026-04-29T01:01:51.037+0000] {logging_mixin.py:188} INFO - [2026-04-29T01:01:51.036+0000] {dag.py:3096} INFO - Sync 1 DAGs
[2026-04-29T01:01:51.050+0000] {logging_mixin.py:188} INFO - [2026-04-29T01:01:51.050+0000] {dag.py:3954} INFO - Setting next_dagrun for example_dag_decorator to None, run_after=None
[2026-04-29T01:01:51.077+0000] {processor.py:183} INFO - Processing /home/airflow/.local/lib/python3.12/site-packages/airflow/example_dags/example_dag_decorator.py took 0.831 seconds
[2026-04-29T01:02:21.491+0000] {processor.py:161} INFO - Started process (PID=549) to work on /home/airflow/.local/lib/python3.12/site-packages/airflow/example_dags/example_dag_decorator.py
[2026-04-29T01:02:21.492+0000] {processor.py:830} INFO - Processing file /home/airflow/.local/lib/python3.12/site-packages/airflow/example_dags/example_dag_decorator.py for tasks to queue
[2026-04-29T01:02:21.494+0000] {logging_mixin.py:188} INFO - [2026-04-29T01:02:21.494+0000] {dagbag.py:540} INFO - Filling up the DagBag from /home/airflow/.local/lib/python3.12/site-packages/airflow/example_dags/example_dag_decorator.py
[2026-04-29T01:02:21.637+0000] {processor.py:840} INFO - DAG(s) 'example_dag_decorator' retrieved from /home/airflow/.local/lib/python3.12/site-packages/airflow/example_dags/example_dag_decorator.py
[2026-04-29T01:02:21.996+0000] {logging_mixin.py:188} INFO - [2026-04-29T01:02:21.996+0000] {dag.py:3096} INFO - Sync 1 DAGs
[2026-04-29T01:02:22.011+0000] {logging_mixin.py:188} INFO - [2026-04-29T01:02:22.011+0000] {dag.py:3954} INFO - Setting next_dagrun for example_dag_decorator to None, run_after=None
[2026-04-29T01:02:22.032+0000] {processor.py:183} INFO - Processing /home/airflow/.local/lib/python3.12/site-packages/airflow/example_dags/example_dag_decorator.py took 0.547 seconds
[2026-04-29T01:02:52.769+0000] {processor.py:161} INFO - Started process (PID=609) to work on /home/airflow/.local/lib/python3.12/site-packages/airflow/example_dags/example_dag_decorator.py
[2026-04-29T01:02:52.770+0000] {processor.py:830} INFO - Processing file /home/airflow/.local/lib/python3.12/site-packages/airflow/example_dags/example_dag_decorator.py for tasks to queue
[2026-04-29T01:02:52.772+0000] {logging_mixin.py:188} INFO - [2026-04-29T01:02:52.771+0000] {dagbag.py:540} INFO - Filling up the DagBag from /home/airflow/.local/lib/python3.12/site-packages/airflow/example_dags/example_dag_decorator.py
[2026-04-29T01:02:52.874+0000] {processor.py:840} INFO - DAG(s) 'example_dag_decorator' retrieved from /home/airflow/.local/lib/python3.12/site-packages/airflow/example_dags/example_dag_decorator.py
[2026-04-29T01:02:53.445+0000] {logging_mixin.py:188} INFO - [2026-04-29T01:02:53.444+0000] {dag.py:3096} INFO - Sync 1 DAGs
[2026-04-29T01:02:53.457+0000] {logging_mixin.py:188} INFO - [2026-04-29T01:02:53.457+0000] {dag.py:3954} INFO - Setting next_dagrun for example_dag_decorator to None, run_after=None
[2026-04-29T01:02:53.483+0000] {processor.py:183} INFO - Processing /home/airflow/.local/lib/python3.12/site-packages/airflow/example_dags/example_dag_decorator.py took 0.720 seconds
[2026-04-29T01:03:23.936+0000] {processor.py:161} INFO - Started process (PID=670) to work on /home/airflow/.local/lib/python3.12/site-packages/airflow/example_dags/example_dag_decorator.py
[2026-04-29T01:03:23.937+0000] {processor.py:830} INFO - Processing file /home/airflow/.local/lib/python3.12/site-packages/airflow/example_dags/example_dag_decorator.py for tasks to queue
[2026-04-29T01:03:23.940+0000] {logging_mixin.py:188} INFO - [2026-04-29T01:03:23.939+0000] {dagbag.py:540} INFO - Filling up the DagBag from /home/airflow/.local/lib/python3.12/site-packages/airflow/example_dags/example_dag_decorator.py
[2026-04-29T01:03:24.113+0000] {processor.py:840} INFO - DAG(s) 'example_dag_decorator' retrieved from /home/airflow/.local/lib/python3.12/site-packages/airflow/example_dags/example_dag_decorator.py
[2026-04-29T01:03:24.448+0000] {logging_mixin.py:188} INFO - [2026-04-29T01:03:24.447+0000] {dag.py:3096} INFO - Sync 1 DAGs
[2026-04-29T01:03:24.458+0000] {logging_mixin.py:188} INFO - [2026-04-29T01:03:24.458+0000] {dag.py:3954} INFO - Setting next_dagrun for example_dag_decorator to None, run_after=None
[2026-04-29T01:03:24.474+0000] {processor.py:183} INFO - Processing /home/airflow/.local/lib/python3.12/site-packages/airflow/example_dags/example_dag_decorator.py took 0.545 seconds
[2026-04-29T01:03:54.589+0000] {processor.py:161} INFO - Started process (PID=730) to work on /home/airflow/.local/lib/python3.12/site-packages/airflow/example_dags/example_dag_decorator.py
[2026-04-29T01:03:54.590+0000] {processor.py:830} INFO - Processing file /home/airflow/.local/lib/python3.12/site-packages/airflow/example_dags/example_dag_decorator.py for tasks to queue
[2026-04-29T01:03:54.592+0000] {logging_mixin.py:188} INFO - [2026-04-29T01:03:54.592+0000] {dagbag.py:540} INFO - Filling up the DagBag from /home/airflow/.local/lib/python3.12/site-packages/airflow/example_dags/example_dag_decorator.py
[2026-04-29T01:03:54.762+0000] {processor.py:840} INFO - DAG(s) 'example_dag_decorator' retrieved from /home/airflow/.local/lib/python3.12/site-packages/airflow/example_dags/example_dag_decorator.py
[2026-04-29T01:03:55.175+0000] {logging_mixin.py:188} INFO - [2026-04-29T01:03:55.174+0000] {dag.py:3096} INFO - Sync 1 DAGs
[2026-04-29T01:03:55.187+0000] {logging_mixin.py:188} INFO - [2026-04-29T01:03:55.186+0000] {dag.py:3954} INFO - Setting next_dagrun for example_dag_decorator to None, run_after=None
[2026-04-29T01:03:55.208+0000] {processor.py:183} INFO - Processing /home/airflow/.local/lib/python3.12/site-packages/airflow/example_dags/example_dag_decorator.py took 0.625 seconds
[2026-04-29T01:04:25.398+0000] {processor.py:161} INFO - Started process (PID=792) to work on /home/airflow/.local/lib/python3.12/site-packages/airflow/example_dags/example_dag_decorator.py
[2026-04-29T01:04:25.399+0000] {processor.py:830} INFO - Processing file /home/airflow/.local/lib/python3.12/site-packages/airflow/example_dags/example_dag_decorator.py for tasks to queue
[2026-04-29T01:04:25.402+0000] {logging_mixin.py:188} INFO - [2026-04-29T01:04:25.401+0000] {dagbag.py:540} INFO - Filling up the DagBag from /home/airflow/.local/lib/python3.12/site-packages/airflow/example_dags/example_dag_decorator.py
[2026-04-29T01:04:25.526+0000] {processor.py:840} INFO - DAG(s) 'example_dag_decorator' retrieved from /home/airflow/.local/lib/python3.12/site-packages/airflow/example_dags/example_dag_decorator.py
[2026-04-29T01:04:25.944+0000] {logging_mixin.py:188} INFO - [2026-04-29T01:04:25.943+0000] {dag.py:3096} INFO - Sync 1 DAGs
[2026-04-29T01:04:25.964+0000] {logging_mixin.py:188} INFO - [2026-04-29T01:04:25.964+0000] {dag.py:3954} INFO - Setting next_dagrun for example_dag_decorator to None, run_after=None
[2026-04-29T01:04:26.001+0000] {processor.py:183} INFO - Processing /home/airflow/.local/lib/python3.12/site-packages/airflow/example_dags/example_dag_decorator.py took 0.615 seconds
[2026-04-29T01:04:56.448+0000] {processor.py:161} INFO - Started process (PID=854) to work on /home/airflow/.local/lib/python3.12/site-packages/airflow/example_dags/example_dag_decorator.py
[2026-04-29T01:04:56.449+0000] {processor.py:830} INFO - Processing file /home/airflow/.local/lib/python3.12/site-packages/airflow/example_dags/example_dag_decorator.py for tasks to queue
[2026-04-29T01:04:56.450+0000] {logging_mixin.py:188} INFO - [2026-04-29T01:04:56.450+0000] {dagbag.py:540} INFO - Filling up the DagBag from /home/airflow/.local/lib/python3.12/site-packages/airflow/example_dags/example_dag_decorator.py
[2026-04-29T01:04:56.610+0000] {processor.py:840} INFO - DAG(s) 'example_dag_decorator' retrieved from /home/airflow/.local/lib/python3.12/site-packages/airflow/example_dags/example_dag_decorator.py
[2026-04-29T01:04:56.865+0000] {logging_mixin.py:188} INFO - [2026-04-29T01:04:56.865+0000] {dag.py:3096} INFO - Sync 1 DAGs
[2026-04-29T01:04:56.874+0000] {logging_mixin.py:188} INFO - [2026-04-29T01:04:56.874+0000] {dag.py:3954} INFO - Setting next_dagrun for example_dag_decorator to None, run_after=None
[2026-04-29T01:04:56.890+0000] {processor.py:183} INFO - Processing /home/airflow/.local/lib/python3.12/site-packages/airflow/example_dags/example_dag_decorator.py took 0.448 seconds
[2026-04-29T01:05:27.071+0000] {processor.py:161} INFO - Started process (PID=915) to work on /home/airflow/.local/lib/python3.12/site-packages/airflow/example_dags/example_dag_decorator.py
[2026-04-29T01:05:27.073+0000] {processor.py:830} INFO - Processing file /home/airflow/.local/lib/python3.12/site-packages/airflow/example_dags/example_dag_decorator.py for tasks to queue
[2026-04-29T01:05:27.075+0000] {logging_mixin.py:188} INFO - [2026-04-29T01:05:27.074+0000] {dagbag.py:540} INFO - Filling up the DagBag from /home/airflow/.local/lib/python3.12/site-packages/airflow/example_dags/example_dag_decorator.py
[2026-04-29T01:05:27.200+0000] {processor.py:840} INFO - DAG(s) 'example_dag_decorator' retrieved from /home/airflow/.local/lib/python3.12/site-packages/airflow/example_dags/example_dag_decorator.py
[2026-04-29T01:05:27.578+0000] {logging_mixin.py:188} INFO - [2026-04-29T01:05:27.578+0000] {dag.py:3096} INFO - Sync 1 DAGs
[2026-04-29T01:05:27.590+0000] {logging_mixin.py:188} INFO - [2026-04-29T01:05:27.589+0000] {dag.py:3954} INFO - Setting next_dagrun for example_dag_decorator to None, run_after=None
[2026-04-29T01:05:27.609+0000] {processor.py:183} INFO - Processing /home/airflow/.local/lib/python3.12/site-packages/airflow/example_dags/example_dag_decorator.py took 0.547 seconds
[2026-04-29T01:05:58.284+0000] {processor.py:161} INFO - Started process (PID=975) to work on /home/airflow/.local/lib/python3.12/site-packages/airflow/example_dags/example_dag_decorator.py
[2026-04-29T01:05:58.290+0000] {processor.py:830} INFO - Processing file /home/airflow/.local/lib/python3.12/site-packages/airflow/example_dags/example_dag_decorator.py for tasks to queue
[2026-04-29T01:05:58.295+0000] {logging_mixin.py:188} INFO - [2026-04-29T01:05:58.295+0000] {dagbag.py:540} INFO - Filling up the DagBag from /home/airflow/.local/lib/python3.12/site-packages/airflow/example_dags/example_dag_decorator.py
[2026-04-29T01:05:58.980+0000] {processor.py:840} INFO - DAG(s) 'example_dag_decorator' retrieved from /home/airflow/.local/lib/python3.12/site-packages/airflow/example_dags/example_dag_decorator.py
[2026-04-29T01:06:01.007+0000] {logging_mixin.py:188} INFO - [2026-04-29T01:06:01.006+0000] {dag.py:3096} INFO - Sync 1 DAGs
[2026-04-29T01:06:01.059+0000] {logging_mixin.py:188} INFO - [2026-04-29T01:06:01.058+0000] {dag.py:3954} INFO - Setting next_dagrun for example_dag_decorator to None, run_after=None
[2026-04-29T01:06:01.244+0000] {processor.py:183} INFO - Processing /home/airflow/.local/lib/python3.12/site-packages/airflow/example_dags/example_dag_decorator.py took 2.987 seconds
[2026-04-29T01:06:31.587+0000] {processor.py:161} INFO - Started process (PID=1039) to work on /home/airflow/.local/lib/python3.12/site-packages/airflow/example_dags/example_dag_decorator.py
[2026-04-29T01:06:31.595+0000] {processor.py:830} INFO - Processing file /home/airflow/.local/lib/python3.12/site-packages/airflow/example_dags/example_dag_decorator.py for tasks to queue
[2026-04-29T01:06:31.612+0000] {logging_mixin.py:188} INFO - [2026-04-29T01:06:31.612+0000] {dagbag.py:540} INFO - Filling up the DagBag from /home/airflow/.local/lib/python3.12/site-packages/airflow/example_dags/example_dag_decorator.py
[2026-04-29T01:06:32.803+0000] {processor.py:840} INFO - DAG(s) 'example_dag_decorator' retrieved from /home/airflow/.local/lib/python3.12/site-packages/airflow/example_dags/example_dag_decorator.py
[2026-04-29T01:06:33.921+0000] {logging_mixin.py:188} INFO - [2026-04-29T01:06:33.920+0000] {dag.py:3096} INFO - Sync 1 DAGs
[2026-04-29T01:06:33.958+0000] {logging_mixin.py:188} INFO - [2026-04-29T01:06:33.958+0000] {dag.py:3954} INFO - Setting next_dagrun for example_dag_decorator to None, run_after=None
[2026-04-29T01:06:34.022+0000] {processor.py:183} INFO - Processing /home/airflow/.local/lib/python3.12/site-packages/airflow/example_dags/example_dag_decorator.py took 2.589 seconds
[2026-04-29T01:07:04.919+0000] {processor.py:161} INFO - Started process (PID=1107) to work on /home/airflow/.local/lib/python3.12/site-packages/airflow/example_dags/example_dag_decorator.py
[2026-04-29T01:07:04.923+0000] {processor.py:830} INFO - Processing file /home/airflow/.local/lib/python3.12/site-packages/airflow/example_dags/example_dag_decorator.py for tasks to queue
[2026-04-29T01:07:04.925+0000] {logging_mixin.py:188} INFO - [2026-04-29T01:07:04.924+0000] {dagbag.py:540} INFO - Filling up the DagBag from /home/airflow/.local/lib/python3.12/site-packages/airflow/example_dags/example_dag_decorator.py
[2026-04-29T01:07:05.340+0000] {processor.py:840} INFO - DAG(s) 'example_dag_decorator' retrieved from /home/airflow/.local/lib/python3.12/site-packages/airflow/example_dags/example_dag_decorator.py
[2026-04-29T01:07:05.521+0000] {logging_mixin.py:188} INFO - [2026-04-29T01:07:05.521+0000] {dag.py:3096} INFO - Sync 1 DAGs
[2026-04-29T01:07:05.530+0000] {logging_mixin.py:188} INFO - [2026-04-29T01:07:05.530+0000] {dag.py:3954} INFO - Setting next_dagrun for example_dag_decorator to None, run_after=None
[2026-04-29T01:07:05.549+0000] {processor.py:183} INFO - Processing /home/airflow/.local/lib/python3.12/site-packages/airflow/example_dags/example_dag_decorator.py took 0.637 seconds
[2026-04-29T01:07:36.388+0000] {processor.py:161} INFO - Started process (PID=1168) to work on /home/airflow/.local/lib/python3.12/site-packages/airflow/example_dags/example_dag_decorator.py
[2026-04-29T01:07:36.391+0000] {processor.py:830} INFO - Processing file /home/airflow/.local/lib/python3.12/site-packages/airflow/example_dags/example_dag_decorator.py for tasks to queue
[2026-04-29T01:07:36.393+0000] {logging_mixin.py:188} INFO - [2026-04-29T01:07:36.393+0000] {dagbag.py:540} INFO - Filling up the DagBag from /home/airflow/.local/lib/python3.12/site-packages/airflow/example_dags/example_dag_decorator.py
[2026-04-29T01:07:36.683+0000] {processor.py:840} INFO - DAG(s) 'example_dag_decorator' retrieved from /home/airflow/.local/lib/python3.12/site-packages/airflow/example_dags/example_dag_decorator.py
[2026-04-29T01:07:36.776+0000] {logging_mixin.py:188} INFO - [2026-04-29T01:07:36.775+0000] {dag.py:3096} INFO - Sync 1 DAGs
[2026-04-29T01:07:36.784+0000] {logging_mixin.py:188} INFO - [2026-04-29T01:07:36.784+0000] {dag.py:3954} INFO - Setting next_dagrun for example_dag_decorator to None, run_after=None
[2026-04-29T01:07:36.799+0000] {processor.py:183} INFO - Processing /home/airflow/.local/lib/python3.12/site-packages/airflow/example_dags/example_dag_decorator.py took 0.417 seconds
[2026-04-29T01:08:06.856+0000] {processor.py:161} INFO - Started process (PID=1229) to work on /home/airflow/.local/lib/python3.12/site-packages/airflow/example_dags/example_dag_decorator.py
[2026-04-29T01:08:06.857+0000] {processor.py:830} INFO - Processing file /home/airflow/.local/lib/python3.12/site-packages/airflow/example_dags/example_dag_decorator.py for tasks to queue
[2026-04-29T01:08:06.860+0000] {logging_mixin.py:188} INFO - [2026-04-29T01:08:06.859+0000] {dagbag.py:540} INFO - Filling up the DagBag from /home/airflow/.local/lib/python3.12/site-packages/airflow/example_dags/example_dag_decorator.py
[2026-04-29T01:08:06.977+0000] {processor.py:840} INFO - DAG(s) 'example_dag_decorator' retrieved from /home/airflow/.local/lib/python3.12/site-packages/airflow/example_dags/example_dag_decorator.py
[2026-04-29T01:08:07.092+0000] {logging_mixin.py:188} INFO - [2026-04-29T01:08:07.091+0000] {dag.py:3096} INFO - Sync 1 DAGs
[2026-04-29T01:08:07.106+0000] {logging_mixin.py:188} INFO - [2026-04-29T01:08:07.105+0000] {dag.py:3954} INFO - Setting next_dagrun for example_dag_decorator to None, run_after=None
[2026-04-29T01:08:07.123+0000] {processor.py:183} INFO - Processing /home/airflow/.local/lib/python3.12/site-packages/airflow/example_dags/example_dag_decorator.py took 0.275 seconds
[2026-04-29T01:08:37.287+0000] {processor.py:161} INFO - Started process (PID=1288) to work on /home/airflow/.local/lib/python3.12/site-packages/airflow/example_dags/example_dag_decorator.py
[2026-04-29T01:08:37.295+0000] {processor.py:830} INFO - Processing file /home/airflow/.local/lib/python3.12/site-packages/airflow/example_dags/example_dag_decorator.py for tasks to queue
[2026-04-29T01:08:37.308+0000] {logging_mixin.py:188} INFO - [2026-04-29T01:08:37.304+0000] {dagbag.py:540} INFO - Filling up the DagBag from /home/airflow/.local/lib/python3.12/site-packages/airflow/example_dags/example_dag_decorator.py
[2026-04-29T01:08:38.101+0000] {processor.py:840} INFO - DAG(s) 'example_dag_decorator' retrieved from /home/airflow/.local/lib/python3.12/site-packages/airflow/example_dags/example_dag_decorator.py
[2026-04-29T01:08:39.047+0000] {logging_mixin.py:188} INFO - [2026-04-29T01:08:39.044+0000] {dag.py:3096} INFO - Sync 1 DAGs
[2026-04-29T01:08:39.081+0000] {logging_mixin.py:188} INFO - [2026-04-29T01:08:39.080+0000] {dag.py:3954} INFO - Setting next_dagrun for example_dag_decorator to None, run_after=None
[2026-04-29T01:08:39.196+0000] {processor.py:183} INFO - Processing /home/airflow/.local/lib/python3.12/site-packages/airflow/example_dags/example_dag_decorator.py took 1.971 seconds
[2026-04-29T01:09:10.145+0000] {processor.py:161} INFO - Started process (PID=1350) to work on /home/airflow/.local/lib/python3.12/site-packages/airflow/example_dags/example_dag_decorator.py
[2026-04-29T01:09:10.150+0000] {processor.py:830} INFO - Processing file /home/airflow/.local/lib/python3.12/site-packages/airflow/example_dags/example_dag_decorator.py for tasks to queue
[2026-04-29T01:09:10.155+0000] {logging_mixin.py:188} INFO - [2026-04-29T01:09:10.154+0000] {dagbag.py:540} INFO - Filling up the DagBag from /home/airflow/.local/lib/python3.12/site-packages/airflow/example_dags/example_dag_decorator.py
[2026-04-29T01:09:10.966+0000] {processor.py:840} INFO - DAG(s) 'example_dag_decorator' retrieved from /home/airflow/.local/lib/python3.12/site-packages/airflow/example_dags/example_dag_decorator.py
[2026-04-29T01:09:11.668+0000] {logging_mixin.py:188} INFO - [2026-04-29T01:09:11.668+0000] {dag.py:3096} INFO - Sync 1 DAGs
[2026-04-29T01:09:11.684+0000] {logging_mixin.py:188} INFO - [2026-04-29T01:09:11.684+0000] {dag.py:3954} INFO - Setting next_dagrun for example_dag_decorator to None, run_after=None
[2026-04-29T01:09:11.729+0000] {processor.py:183} INFO - Processing /home/airflow/.local/lib/python3.12/site-packages/airflow/example_dags/example_dag_decorator.py took 1.595 seconds
[2026-04-29T01:09:41.907+0000] {processor.py:161} INFO - Started process (PID=1412) to work on /home/airflow/.local/lib/python3.12/site-packages/airflow/example_dags/example_dag_decorator.py
[2026-04-29T01:09:41.910+0000] {processor.py:830} INFO - Processing file /home/airflow/.local/lib/python3.12/site-packages/airflow/example_dags/example_dag_decorator.py for tasks to queue
[2026-04-29T01:09:41.914+0000] {logging_mixin.py:188} INFO - [2026-04-29T01:09:41.914+0000] {dagbag.py:540} INFO - Filling up the DagBag from /home/airflow/.local/lib/python3.12/site-packages/airflow/example_dags/example_dag_decorator.py
[2026-04-29T01:09:42.288+0000] {processor.py:840} INFO - DAG(s) 'example_dag_decorator' retrieved from /home/airflow/.local/lib/python3.12/site-packages/airflow/example_dags/example_dag_decorator.py
[2026-04-29T01:09:42.624+0000] {logging_mixin.py:188} INFO - [2026-04-29T01:09:42.624+0000] {dag.py:3096} INFO - Sync 1 DAGs
[2026-04-29T01:09:42.635+0000] {logging_mixin.py:188} INFO - [2026-04-29T01:09:42.635+0000] {dag.py:3954} INFO - Setting next_dagrun for example_dag_decorator to None, run_after=None
[2026-04-29T01:09:42.651+0000] {processor.py:183} INFO - Processing /home/airflow/.local/lib/python3.12/site-packages/airflow/example_dags/example_dag_decorator.py took 0.759 seconds
[2026-04-29T01:10:12.799+0000] {processor.py:161} INFO - Started process (PID=1472) to work on /home/airflow/.local/lib/python3.12/site-packages/airflow/example_dags/example_dag_decorator.py
[2026-04-29T01:10:12.802+0000] {processor.py:830} INFO - Processing file /home/airflow/.local/lib/python3.12/site-packages/airflow/example_dags/example_dag_decorator.py for tasks to queue
[2026-04-29T01:10:12.805+0000] {logging_mixin.py:188} INFO - [2026-04-29T01:10:12.804+0000] {dagbag.py:540} INFO - Filling up the DagBag from /home/airflow/.local/lib/python3.12/site-packages/airflow/example_dags/example_dag_decorator.py
[2026-04-29T01:10:13.194+0000] {processor.py:840} INFO - DAG(s) 'example_dag_decorator' retrieved from /home/airflow/.local/lib/python3.12/site-packages/airflow/example_dags/example_dag_decorator.py
[2026-04-29T01:10:13.607+0000] {logging_mixin.py:188} INFO - [2026-04-29T01:10:13.606+0000] {dag.py:3096} INFO - Sync 1 DAGs
[2026-04-29T01:10:13.626+0000] {logging_mixin.py:188} INFO - [2026-04-29T01:10:13.626+0000] {dag.py:3954} INFO - Setting next_dagrun for example_dag_decorator to None, run_after=None
[2026-04-29T01:10:13.652+0000] {processor.py:183} INFO - Processing /home/airflow/.local/lib/python3.12/site-packages/airflow/example_dags/example_dag_decorator.py took 0.874 seconds
