[2026-04-29T00:55:02.656+0000] {processor.py:161} INFO - Started process (PID=101) to work on /home/airflow/.local/lib/python3.12/site-packages/airflow/example_dags/example_branch_datetime_operator.py
[2026-04-29T00:55:02.657+0000] {processor.py:830} INFO - Processing file /home/airflow/.local/lib/python3.12/site-packages/airflow/example_dags/example_branch_datetime_operator.py for tasks to queue
[2026-04-29T00:55:02.665+0000] {logging_mixin.py:188} INFO - [2026-04-29T00:55:02.665+0000] {dagbag.py:540} INFO - Filling up the DagBag from /home/airflow/.local/lib/python3.12/site-packages/airflow/example_dags/example_branch_datetime_operator.py
[2026-04-29T00:55:02.694+0000] {processor.py:840} INFO - DAG(s) 'example_branch_datetime_operator', 'example_branch_datetime_operator_3', 'example_branch_datetime_operator_2' retrieved from /home/airflow/.local/lib/python3.12/site-packages/airflow/example_dags/example_branch_datetime_operator.py
[2026-04-29T00:55:02.732+0000] {logging_mixin.py:188} INFO - [2026-04-29T00:55:02.732+0000] {dag.py:3096} INFO - Sync 3 DAGs
[2026-04-29T00:55:02.781+0000] {logging_mixin.py:188} INFO - [2026-04-29T00:55:02.781+0000] {dag.py:3954} INFO - Setting next_dagrun for example_branch_datetime_operator to 2026-04-28 00:00:00+00:00, run_after=2026-04-29 00:00:00+00:00
[2026-04-29T00:55:02.787+0000] {logging_mixin.py:188} INFO - [2026-04-29T00:55:02.787+0000] {dag.py:3954} INFO - Setting next_dagrun for example_branch_datetime_operator_2 to 2026-04-28 00:00:00+00:00, run_after=2026-04-29 00:00:00+00:00
[2026-04-29T00:55:02.790+0000] {logging_mixin.py:188} INFO - [2026-04-29T00:55:02.790+0000] {dag.py:3954} INFO - Setting next_dagrun for example_branch_datetime_operator_3 to 2026-04-28 00:00:00+00:00, run_after=2026-04-29 00:00:00+00:00
[2026-04-29T00:55:02.840+0000] {processor.py:183} INFO - Processing /home/airflow/.local/lib/python3.12/site-packages/airflow/example_dags/example_branch_datetime_operator.py took 0.191 seconds
[2026-04-29T00:58:27.836+0000] {processor.py:161} INFO - Started process (PID=109) to work on /home/airflow/.local/lib/python3.12/site-packages/airflow/example_dags/example_branch_datetime_operator.py
[2026-04-29T00:58:27.842+0000] {processor.py:830} INFO - Processing file /home/airflow/.local/lib/python3.12/site-packages/airflow/example_dags/example_branch_datetime_operator.py for tasks to queue
[2026-04-29T00:58:27.845+0000] {logging_mixin.py:188} INFO - [2026-04-29T00:58:27.845+0000] {dagbag.py:540} INFO - Filling up the DagBag from /home/airflow/.local/lib/python3.12/site-packages/airflow/example_dags/example_branch_datetime_operator.py
[2026-04-29T00:58:27.867+0000] {processor.py:840} INFO - DAG(s) 'example_branch_datetime_operator_2', 'example_branch_datetime_operator', 'example_branch_datetime_operator_3' retrieved from /home/airflow/.local/lib/python3.12/site-packages/airflow/example_dags/example_branch_datetime_operator.py
[2026-04-29T00:58:28.139+0000] {logging_mixin.py:188} INFO - [2026-04-29T00:58:28.137+0000] {override.py:1829} INFO - Created Permission View: can edit on DAG:example_branch_datetime_operator_2
[2026-04-29T00:58:28.185+0000] {logging_mixin.py:188} INFO - [2026-04-29T00:58:28.184+0000] {override.py:1829} INFO - Created Permission View: can delete on DAG:example_branch_datetime_operator_2
[2026-04-29T00:58:28.206+0000] {logging_mixin.py:188} INFO - [2026-04-29T00:58:28.206+0000] {override.py:1829} INFO - Created Permission View: can read on DAG:example_branch_datetime_operator_2
[2026-04-29T00:58:28.288+0000] {logging_mixin.py:188} INFO - [2026-04-29T00:58:28.288+0000] {override.py:1829} INFO - Created Permission View: can edit on DAG:example_branch_datetime_operator
[2026-04-29T00:58:28.350+0000] {logging_mixin.py:188} INFO - [2026-04-29T00:58:28.350+0000] {override.py:1829} INFO - Created Permission View: can delete on DAG:example_branch_datetime_operator
[2026-04-29T00:58:28.404+0000] {logging_mixin.py:188} INFO - [2026-04-29T00:58:28.399+0000] {override.py:1829} INFO - Created Permission View: can read on DAG:example_branch_datetime_operator
[2026-04-29T00:58:28.439+0000] {logging_mixin.py:188} INFO - [2026-04-29T00:58:28.438+0000] {override.py:1829} INFO - Created Permission View: can edit on DAG:example_branch_datetime_operator_3
[2026-04-29T00:58:28.459+0000] {logging_mixin.py:188} INFO - [2026-04-29T00:58:28.459+0000] {override.py:1829} INFO - Created Permission View: can delete on DAG:example_branch_datetime_operator_3
[2026-04-29T00:58:28.481+0000] {logging_mixin.py:188} INFO - [2026-04-29T00:58:28.480+0000] {override.py:1829} INFO - Created Permission View: can read on DAG:example_branch_datetime_operator_3
[2026-04-29T00:58:28.481+0000] {logging_mixin.py:188} INFO - [2026-04-29T00:58:28.481+0000] {dag.py:3096} INFO - Sync 3 DAGs
[2026-04-29T00:58:28.505+0000] {logging_mixin.py:188} INFO - [2026-04-29T00:58:28.505+0000] {dag.py:3118} INFO - Creating ORM DAG for example_branch_datetime_operator_2
[2026-04-29T00:58:28.507+0000] {logging_mixin.py:188} INFO - [2026-04-29T00:58:28.507+0000] {dag.py:3118} INFO - Creating ORM DAG for example_branch_datetime_operator
[2026-04-29T00:58:28.511+0000] {logging_mixin.py:188} INFO - [2026-04-29T00:58:28.510+0000] {dag.py:3118} INFO - Creating ORM DAG for example_branch_datetime_operator_3
[2026-04-29T00:58:28.544+0000] {logging_mixin.py:188} INFO - [2026-04-29T00:58:28.543+0000] {dag.py:3954} INFO - Setting next_dagrun for example_branch_datetime_operator to 2026-04-28 00:00:00+00:00, run_after=2026-04-29 00:00:00+00:00
[2026-04-29T00:58:28.550+0000] {logging_mixin.py:188} INFO - [2026-04-29T00:58:28.550+0000] {dag.py:3954} INFO - Setting next_dagrun for example_branch_datetime_operator_2 to 2026-04-28 00:00:00+00:00, run_after=2026-04-29 00:00:00+00:00
[2026-04-29T00:58:28.566+0000] {logging_mixin.py:188} INFO - [2026-04-29T00:58:28.566+0000] {dag.py:3954} INFO - Setting next_dagrun for example_branch_datetime_operator_3 to 2026-04-28 00:00:00+00:00, run_after=2026-04-29 00:00:00+00:00
[2026-04-29T00:58:28.624+0000] {processor.py:183} INFO - Processing /home/airflow/.local/lib/python3.12/site-packages/airflow/example_dags/example_branch_datetime_operator.py took 0.802 seconds
[2026-04-29T00:58:59.384+0000] {processor.py:161} INFO - Started process (PID=175) to work on /home/airflow/.local/lib/python3.12/site-packages/airflow/example_dags/example_branch_datetime_operator.py
[2026-04-29T00:58:59.385+0000] {processor.py:830} INFO - Processing file /home/airflow/.local/lib/python3.12/site-packages/airflow/example_dags/example_branch_datetime_operator.py for tasks to queue
[2026-04-29T00:58:59.387+0000] {logging_mixin.py:188} INFO - [2026-04-29T00:58:59.387+0000] {dagbag.py:540} INFO - Filling up the DagBag from /home/airflow/.local/lib/python3.12/site-packages/airflow/example_dags/example_branch_datetime_operator.py
[2026-04-29T00:58:59.403+0000] {processor.py:840} INFO - DAG(s) 'example_branch_datetime_operator_3', 'example_branch_datetime_operator', 'example_branch_datetime_operator_2' retrieved from /home/airflow/.local/lib/python3.12/site-packages/airflow/example_dags/example_branch_datetime_operator.py
[2026-04-29T00:58:59.460+0000] {logging_mixin.py:188} INFO - [2026-04-29T00:58:59.459+0000] {dag.py:3096} INFO - Sync 3 DAGs
[2026-04-29T00:58:59.491+0000] {logging_mixin.py:188} INFO - [2026-04-29T00:58:59.490+0000] {dag.py:3954} INFO - Setting next_dagrun for example_branch_datetime_operator to 2026-04-28 00:00:00+00:00, run_after=2026-04-29 00:00:00+00:00
[2026-04-29T00:58:59.497+0000] {logging_mixin.py:188} INFO - [2026-04-29T00:58:59.497+0000] {dag.py:3954} INFO - Setting next_dagrun for example_branch_datetime_operator_2 to 2026-04-28 00:00:00+00:00, run_after=2026-04-29 00:00:00+00:00
[2026-04-29T00:58:59.500+0000] {logging_mixin.py:188} INFO - [2026-04-29T00:58:59.500+0000] {dag.py:3954} INFO - Setting next_dagrun for example_branch_datetime_operator_3 to 2026-04-28 00:00:00+00:00, run_after=2026-04-29 00:00:00+00:00
[2026-04-29T00:58:59.525+0000] {processor.py:183} INFO - Processing /home/airflow/.local/lib/python3.12/site-packages/airflow/example_dags/example_branch_datetime_operator.py took 0.148 seconds
[2026-04-29T00:59:30.201+0000] {processor.py:161} INFO - Started process (PID=234) to work on /home/airflow/.local/lib/python3.12/site-packages/airflow/example_dags/example_branch_datetime_operator.py
[2026-04-29T00:59:30.202+0000] {processor.py:830} INFO - Processing file /home/airflow/.local/lib/python3.12/site-packages/airflow/example_dags/example_branch_datetime_operator.py for tasks to queue
[2026-04-29T00:59:30.204+0000] {logging_mixin.py:188} INFO - [2026-04-29T00:59:30.203+0000] {dagbag.py:540} INFO - Filling up the DagBag from /home/airflow/.local/lib/python3.12/site-packages/airflow/example_dags/example_branch_datetime_operator.py
[2026-04-29T00:59:30.217+0000] {processor.py:840} INFO - DAG(s) 'example_branch_datetime_operator', 'example_branch_datetime_operator_3', 'example_branch_datetime_operator_2' retrieved from /home/airflow/.local/lib/python3.12/site-packages/airflow/example_dags/example_branch_datetime_operator.py
[2026-04-29T00:59:30.253+0000] {logging_mixin.py:188} INFO - [2026-04-29T00:59:30.252+0000] {dag.py:3096} INFO - Sync 3 DAGs
[2026-04-29T00:59:30.285+0000] {logging_mixin.py:188} INFO - [2026-04-29T00:59:30.285+0000] {dag.py:3954} INFO - Setting next_dagrun for example_branch_datetime_operator to 2026-04-28 00:00:00+00:00, run_after=2026-04-29 00:00:00+00:00
[2026-04-29T00:59:30.301+0000] {logging_mixin.py:188} INFO - [2026-04-29T00:59:30.300+0000] {dag.py:3954} INFO - Setting next_dagrun for example_branch_datetime_operator_2 to 2026-04-28 00:00:00+00:00, run_after=2026-04-29 00:00:00+00:00
[2026-04-29T00:59:30.308+0000] {logging_mixin.py:188} INFO - [2026-04-29T00:59:30.307+0000] {dag.py:3954} INFO - Setting next_dagrun for example_branch_datetime_operator_3 to 2026-04-28 00:00:00+00:00, run_after=2026-04-29 00:00:00+00:00
[2026-04-29T00:59:30.334+0000] {processor.py:183} INFO - Processing /home/airflow/.local/lib/python3.12/site-packages/airflow/example_dags/example_branch_datetime_operator.py took 0.140 seconds
[2026-04-29T01:00:00.734+0000] {processor.py:161} INFO - Started process (PID=293) to work on /home/airflow/.local/lib/python3.12/site-packages/airflow/example_dags/example_branch_datetime_operator.py
[2026-04-29T01:00:00.748+0000] {processor.py:830} INFO - Processing file /home/airflow/.local/lib/python3.12/site-packages/airflow/example_dags/example_branch_datetime_operator.py for tasks to queue
[2026-04-29T01:00:00.787+0000] {logging_mixin.py:188} INFO - [2026-04-29T01:00:00.777+0000] {dagbag.py:540} INFO - Filling up the DagBag from /home/airflow/.local/lib/python3.12/site-packages/airflow/example_dags/example_branch_datetime_operator.py
[2026-04-29T01:00:00.835+0000] {processor.py:840} INFO - DAG(s) 'example_branch_datetime_operator_2', 'example_branch_datetime_operator_3', 'example_branch_datetime_operator' retrieved from /home/airflow/.local/lib/python3.12/site-packages/airflow/example_dags/example_branch_datetime_operator.py
[2026-04-29T01:00:01.004+0000] {logging_mixin.py:188} INFO - [2026-04-29T01:00:01.003+0000] {dag.py:3096} INFO - Sync 3 DAGs
[2026-04-29T01:00:01.073+0000] {logging_mixin.py:188} INFO - [2026-04-29T01:00:01.073+0000] {dag.py:3954} INFO - Setting next_dagrun for example_branch_datetime_operator to 2026-04-28 00:00:00+00:00, run_after=2026-04-29 00:00:00+00:00
[2026-04-29T01:00:01.081+0000] {logging_mixin.py:188} INFO - [2026-04-29T01:00:01.081+0000] {dag.py:3954} INFO - Setting next_dagrun for example_branch_datetime_operator_2 to 2026-04-28 00:00:00+00:00, run_after=2026-04-29 00:00:00+00:00
[2026-04-29T01:00:01.085+0000] {logging_mixin.py:188} INFO - [2026-04-29T01:00:01.084+0000] {dag.py:3954} INFO - Setting next_dagrun for example_branch_datetime_operator_3 to 2026-04-28 00:00:00+00:00, run_after=2026-04-29 00:00:00+00:00
[2026-04-29T01:00:01.119+0000] {processor.py:183} INFO - Processing /home/airflow/.local/lib/python3.12/site-packages/airflow/example_dags/example_branch_datetime_operator.py took 0.412 seconds
[2026-04-29T01:00:33.445+0000] {processor.py:161} INFO - Started process (PID=354) to work on /home/airflow/.local/lib/python3.12/site-packages/airflow/example_dags/example_branch_datetime_operator.py
[2026-04-29T01:00:33.459+0000] {processor.py:830} INFO - Processing file /home/airflow/.local/lib/python3.12/site-packages/airflow/example_dags/example_branch_datetime_operator.py for tasks to queue
[2026-04-29T01:00:33.466+0000] {logging_mixin.py:188} INFO - [2026-04-29T01:00:33.465+0000] {dagbag.py:540} INFO - Filling up the DagBag from /home/airflow/.local/lib/python3.12/site-packages/airflow/example_dags/example_branch_datetime_operator.py
[2026-04-29T01:00:33.485+0000] {processor.py:840} INFO - DAG(s) 'example_branch_datetime_operator_2', 'example_branch_datetime_operator', 'example_branch_datetime_operator_3' retrieved from /home/airflow/.local/lib/python3.12/site-packages/airflow/example_dags/example_branch_datetime_operator.py
[2026-04-29T01:00:33.611+0000] {logging_mixin.py:188} INFO - [2026-04-29T01:00:33.611+0000] {dag.py:3096} INFO - Sync 3 DAGs
[2026-04-29T01:00:33.827+0000] {logging_mixin.py:188} INFO - [2026-04-29T01:00:33.826+0000] {dag.py:3954} INFO - Setting next_dagrun for example_branch_datetime_operator to 2026-04-28 00:00:00+00:00, run_after=2026-04-29 00:00:00+00:00
[2026-04-29T01:00:33.839+0000] {logging_mixin.py:188} INFO - [2026-04-29T01:00:33.839+0000] {dag.py:3954} INFO - Setting next_dagrun for example_branch_datetime_operator_2 to 2026-04-28 00:00:00+00:00, run_after=2026-04-29 00:00:00+00:00
[2026-04-29T01:00:33.845+0000] {logging_mixin.py:188} INFO - [2026-04-29T01:00:33.845+0000] {dag.py:3954} INFO - Setting next_dagrun for example_branch_datetime_operator_3 to 2026-04-28 00:00:00+00:00, run_after=2026-04-29 00:00:00+00:00
[2026-04-29T01:00:33.888+0000] {processor.py:183} INFO - Processing /home/airflow/.local/lib/python3.12/site-packages/airflow/example_dags/example_branch_datetime_operator.py took 0.494 seconds
[2026-04-29T01:01:04.632+0000] {processor.py:161} INFO - Started process (PID=414) to work on /home/airflow/.local/lib/python3.12/site-packages/airflow/example_dags/example_branch_datetime_operator.py
[2026-04-29T01:01:04.634+0000] {processor.py:830} INFO - Processing file /home/airflow/.local/lib/python3.12/site-packages/airflow/example_dags/example_branch_datetime_operator.py for tasks to queue
[2026-04-29T01:01:04.646+0000] {logging_mixin.py:188} INFO - [2026-04-29T01:01:04.646+0000] {dagbag.py:540} INFO - Filling up the DagBag from /home/airflow/.local/lib/python3.12/site-packages/airflow/example_dags/example_branch_datetime_operator.py
[2026-04-29T01:01:04.681+0000] {processor.py:840} INFO - DAG(s) 'example_branch_datetime_operator_2', 'example_branch_datetime_operator_3', 'example_branch_datetime_operator' retrieved from /home/airflow/.local/lib/python3.12/site-packages/airflow/example_dags/example_branch_datetime_operator.py
[2026-04-29T01:01:04.820+0000] {logging_mixin.py:188} INFO - [2026-04-29T01:01:04.820+0000] {dag.py:3096} INFO - Sync 3 DAGs
[2026-04-29T01:01:04.965+0000] {logging_mixin.py:188} INFO - [2026-04-29T01:01:04.965+0000] {dag.py:3954} INFO - Setting next_dagrun for example_branch_datetime_operator to 2026-04-28 00:00:00+00:00, run_after=2026-04-29 00:00:00+00:00
[2026-04-29T01:01:04.988+0000] {logging_mixin.py:188} INFO - [2026-04-29T01:01:04.988+0000] {dag.py:3954} INFO - Setting next_dagrun for example_branch_datetime_operator_2 to 2026-04-28 00:00:00+00:00, run_after=2026-04-29 00:00:00+00:00
[2026-04-29T01:01:04.998+0000] {logging_mixin.py:188} INFO - [2026-04-29T01:01:04.998+0000] {dag.py:3954} INFO - Setting next_dagrun for example_branch_datetime_operator_3 to 2026-04-28 00:00:00+00:00, run_after=2026-04-29 00:00:00+00:00
[2026-04-29T01:01:05.041+0000] {processor.py:183} INFO - Processing /home/airflow/.local/lib/python3.12/site-packages/airflow/example_dags/example_branch_datetime_operator.py took 0.424 seconds
[2026-04-29T01:01:35.214+0000] {processor.py:161} INFO - Started process (PID=473) to work on /home/airflow/.local/lib/python3.12/site-packages/airflow/example_dags/example_branch_datetime_operator.py
[2026-04-29T01:01:35.220+0000] {processor.py:830} INFO - Processing file /home/airflow/.local/lib/python3.12/site-packages/airflow/example_dags/example_branch_datetime_operator.py for tasks to queue
[2026-04-29T01:01:35.224+0000] {logging_mixin.py:188} INFO - [2026-04-29T01:01:35.224+0000] {dagbag.py:540} INFO - Filling up the DagBag from /home/airflow/.local/lib/python3.12/site-packages/airflow/example_dags/example_branch_datetime_operator.py
[2026-04-29T01:01:35.255+0000] {processor.py:840} INFO - DAG(s) 'example_branch_datetime_operator_3', 'example_branch_datetime_operator', 'example_branch_datetime_operator_2' retrieved from /home/airflow/.local/lib/python3.12/site-packages/airflow/example_dags/example_branch_datetime_operator.py
[2026-04-29T01:01:35.353+0000] {logging_mixin.py:188} INFO - [2026-04-29T01:01:35.353+0000] {dag.py:3096} INFO - Sync 3 DAGs
[2026-04-29T01:01:35.456+0000] {logging_mixin.py:188} INFO - [2026-04-29T01:01:35.455+0000] {dag.py:3954} INFO - Setting next_dagrun for example_branch_datetime_operator to 2026-04-28 00:00:00+00:00, run_after=2026-04-29 00:00:00+00:00
[2026-04-29T01:01:35.475+0000] {logging_mixin.py:188} INFO - [2026-04-29T01:01:35.474+0000] {dag.py:3954} INFO - Setting next_dagrun for example_branch_datetime_operator_2 to 2026-04-28 00:00:00+00:00, run_after=2026-04-29 00:00:00+00:00
[2026-04-29T01:01:35.484+0000] {logging_mixin.py:188} INFO - [2026-04-29T01:01:35.483+0000] {dag.py:3954} INFO - Setting next_dagrun for example_branch_datetime_operator_3 to 2026-04-28 00:00:00+00:00, run_after=2026-04-29 00:00:00+00:00
[2026-04-29T01:01:35.507+0000] {processor.py:183} INFO - Processing /home/airflow/.local/lib/python3.12/site-packages/airflow/example_dags/example_branch_datetime_operator.py took 0.309 seconds
[2026-04-29T01:02:05.686+0000] {processor.py:161} INFO - Started process (PID=532) to work on /home/airflow/.local/lib/python3.12/site-packages/airflow/example_dags/example_branch_datetime_operator.py
[2026-04-29T01:02:05.689+0000] {processor.py:830} INFO - Processing file /home/airflow/.local/lib/python3.12/site-packages/airflow/example_dags/example_branch_datetime_operator.py for tasks to queue
[2026-04-29T01:02:05.694+0000] {logging_mixin.py:188} INFO - [2026-04-29T01:02:05.691+0000] {dagbag.py:540} INFO - Filling up the DagBag from /home/airflow/.local/lib/python3.12/site-packages/airflow/example_dags/example_branch_datetime_operator.py
[2026-04-29T01:02:05.729+0000] {processor.py:840} INFO - DAG(s) 'example_branch_datetime_operator', 'example_branch_datetime_operator_3', 'example_branch_datetime_operator_2' retrieved from /home/airflow/.local/lib/python3.12/site-packages/airflow/example_dags/example_branch_datetime_operator.py
[2026-04-29T01:02:05.838+0000] {logging_mixin.py:188} INFO - [2026-04-29T01:02:05.838+0000] {dag.py:3096} INFO - Sync 3 DAGs
[2026-04-29T01:02:05.929+0000] {logging_mixin.py:188} INFO - [2026-04-29T01:02:05.923+0000] {dag.py:3954} INFO - Setting next_dagrun for example_branch_datetime_operator to 2026-04-28 00:00:00+00:00, run_after=2026-04-29 00:00:00+00:00
[2026-04-29T01:02:05.951+0000] {logging_mixin.py:188} INFO - [2026-04-29T01:02:05.949+0000] {dag.py:3954} INFO - Setting next_dagrun for example_branch_datetime_operator_2 to 2026-04-28 00:00:00+00:00, run_after=2026-04-29 00:00:00+00:00
[2026-04-29T01:02:05.960+0000] {logging_mixin.py:188} INFO - [2026-04-29T01:02:05.959+0000] {dag.py:3954} INFO - Setting next_dagrun for example_branch_datetime_operator_3 to 2026-04-28 00:00:00+00:00, run_after=2026-04-29 00:00:00+00:00
[2026-04-29T01:02:06.003+0000] {processor.py:183} INFO - Processing /home/airflow/.local/lib/python3.12/site-packages/airflow/example_dags/example_branch_datetime_operator.py took 0.342 seconds
[2026-04-29T01:02:36.198+0000] {processor.py:161} INFO - Started process (PID=591) to work on /home/airflow/.local/lib/python3.12/site-packages/airflow/example_dags/example_branch_datetime_operator.py
[2026-04-29T01:02:36.199+0000] {processor.py:830} INFO - Processing file /home/airflow/.local/lib/python3.12/site-packages/airflow/example_dags/example_branch_datetime_operator.py for tasks to queue
[2026-04-29T01:02:36.201+0000] {logging_mixin.py:188} INFO - [2026-04-29T01:02:36.200+0000] {dagbag.py:540} INFO - Filling up the DagBag from /home/airflow/.local/lib/python3.12/site-packages/airflow/example_dags/example_branch_datetime_operator.py
[2026-04-29T01:02:36.213+0000] {processor.py:840} INFO - DAG(s) 'example_branch_datetime_operator', 'example_branch_datetime_operator_3', 'example_branch_datetime_operator_2' retrieved from /home/airflow/.local/lib/python3.12/site-packages/airflow/example_dags/example_branch_datetime_operator.py
[2026-04-29T01:02:36.247+0000] {logging_mixin.py:188} INFO - [2026-04-29T01:02:36.246+0000] {dag.py:3096} INFO - Sync 3 DAGs
[2026-04-29T01:02:36.276+0000] {logging_mixin.py:188} INFO - [2026-04-29T01:02:36.276+0000] {dag.py:3954} INFO - Setting next_dagrun for example_branch_datetime_operator to 2026-04-28 00:00:00+00:00, run_after=2026-04-29 00:00:00+00:00
[2026-04-29T01:02:36.282+0000] {logging_mixin.py:188} INFO - [2026-04-29T01:02:36.282+0000] {dag.py:3954} INFO - Setting next_dagrun for example_branch_datetime_operator_2 to 2026-04-28 00:00:00+00:00, run_after=2026-04-29 00:00:00+00:00
[2026-04-29T01:02:36.285+0000] {logging_mixin.py:188} INFO - [2026-04-29T01:02:36.285+0000] {dag.py:3954} INFO - Setting next_dagrun for example_branch_datetime_operator_3 to 2026-04-28 00:00:00+00:00, run_after=2026-04-29 00:00:00+00:00
[2026-04-29T01:02:36.301+0000] {processor.py:183} INFO - Processing /home/airflow/.local/lib/python3.12/site-packages/airflow/example_dags/example_branch_datetime_operator.py took 0.111 seconds
[2026-04-29T01:03:06.698+0000] {processor.py:161} INFO - Started process (PID=652) to work on /home/airflow/.local/lib/python3.12/site-packages/airflow/example_dags/example_branch_datetime_operator.py
[2026-04-29T01:03:06.699+0000] {processor.py:830} INFO - Processing file /home/airflow/.local/lib/python3.12/site-packages/airflow/example_dags/example_branch_datetime_operator.py for tasks to queue
[2026-04-29T01:03:06.704+0000] {logging_mixin.py:188} INFO - [2026-04-29T01:03:06.703+0000] {dagbag.py:540} INFO - Filling up the DagBag from /home/airflow/.local/lib/python3.12/site-packages/airflow/example_dags/example_branch_datetime_operator.py
[2026-04-29T01:03:06.718+0000] {processor.py:840} INFO - DAG(s) 'example_branch_datetime_operator_3', 'example_branch_datetime_operator', 'example_branch_datetime_operator_2' retrieved from /home/airflow/.local/lib/python3.12/site-packages/airflow/example_dags/example_branch_datetime_operator.py
[2026-04-29T01:03:06.811+0000] {logging_mixin.py:188} INFO - [2026-04-29T01:03:06.811+0000] {dag.py:3096} INFO - Sync 3 DAGs
[2026-04-29T01:03:06.897+0000] {logging_mixin.py:188} INFO - [2026-04-29T01:03:06.897+0000] {dag.py:3954} INFO - Setting next_dagrun for example_branch_datetime_operator to 2026-04-28 00:00:00+00:00, run_after=2026-04-29 00:00:00+00:00
[2026-04-29T01:03:06.917+0000] {logging_mixin.py:188} INFO - [2026-04-29T01:03:06.917+0000] {dag.py:3954} INFO - Setting next_dagrun for example_branch_datetime_operator_2 to 2026-04-28 00:00:00+00:00, run_after=2026-04-29 00:00:00+00:00
[2026-04-29T01:03:06.925+0000] {logging_mixin.py:188} INFO - [2026-04-29T01:03:06.925+0000] {dag.py:3954} INFO - Setting next_dagrun for example_branch_datetime_operator_3 to 2026-04-28 00:00:00+00:00, run_after=2026-04-29 00:00:00+00:00
[2026-04-29T01:03:06.948+0000] {processor.py:183} INFO - Processing /home/airflow/.local/lib/python3.12/site-packages/airflow/example_dags/example_branch_datetime_operator.py took 0.267 seconds
[2026-04-29T01:03:37.052+0000] {processor.py:161} INFO - Started process (PID=712) to work on /home/airflow/.local/lib/python3.12/site-packages/airflow/example_dags/example_branch_datetime_operator.py
[2026-04-29T01:03:37.053+0000] {processor.py:830} INFO - Processing file /home/airflow/.local/lib/python3.12/site-packages/airflow/example_dags/example_branch_datetime_operator.py for tasks to queue
[2026-04-29T01:03:37.057+0000] {logging_mixin.py:188} INFO - [2026-04-29T01:03:37.056+0000] {dagbag.py:540} INFO - Filling up the DagBag from /home/airflow/.local/lib/python3.12/site-packages/airflow/example_dags/example_branch_datetime_operator.py
[2026-04-29T01:03:37.083+0000] {processor.py:840} INFO - DAG(s) 'example_branch_datetime_operator', 'example_branch_datetime_operator_2', 'example_branch_datetime_operator_3' retrieved from /home/airflow/.local/lib/python3.12/site-packages/airflow/example_dags/example_branch_datetime_operator.py
[2026-04-29T01:03:37.157+0000] {logging_mixin.py:188} INFO - [2026-04-29T01:03:37.157+0000] {dag.py:3096} INFO - Sync 3 DAGs
[2026-04-29T01:03:37.186+0000] {logging_mixin.py:188} INFO - [2026-04-29T01:03:37.186+0000] {dag.py:3954} INFO - Setting next_dagrun for example_branch_datetime_operator to 2026-04-28 00:00:00+00:00, run_after=2026-04-29 00:00:00+00:00
[2026-04-29T01:03:37.192+0000] {logging_mixin.py:188} INFO - [2026-04-29T01:03:37.192+0000] {dag.py:3954} INFO - Setting next_dagrun for example_branch_datetime_operator_2 to 2026-04-28 00:00:00+00:00, run_after=2026-04-29 00:00:00+00:00
[2026-04-29T01:03:37.195+0000] {logging_mixin.py:188} INFO - [2026-04-29T01:03:37.195+0000] {dag.py:3954} INFO - Setting next_dagrun for example_branch_datetime_operator_3 to 2026-04-28 00:00:00+00:00, run_after=2026-04-29 00:00:00+00:00
[2026-04-29T01:03:37.212+0000] {processor.py:183} INFO - Processing /home/airflow/.local/lib/python3.12/site-packages/airflow/example_dags/example_branch_datetime_operator.py took 0.174 seconds
[2026-04-29T01:04:08.030+0000] {processor.py:161} INFO - Started process (PID=772) to work on /home/airflow/.local/lib/python3.12/site-packages/airflow/example_dags/example_branch_datetime_operator.py
[2026-04-29T01:04:08.038+0000] {processor.py:830} INFO - Processing file /home/airflow/.local/lib/python3.12/site-packages/airflow/example_dags/example_branch_datetime_operator.py for tasks to queue
[2026-04-29T01:04:08.041+0000] {logging_mixin.py:188} INFO - [2026-04-29T01:04:08.041+0000] {dagbag.py:540} INFO - Filling up the DagBag from /home/airflow/.local/lib/python3.12/site-packages/airflow/example_dags/example_branch_datetime_operator.py
[2026-04-29T01:04:08.062+0000] {processor.py:840} INFO - DAG(s) 'example_branch_datetime_operator', 'example_branch_datetime_operator_2', 'example_branch_datetime_operator_3' retrieved from /home/airflow/.local/lib/python3.12/site-packages/airflow/example_dags/example_branch_datetime_operator.py
[2026-04-29T01:04:08.100+0000] {logging_mixin.py:188} INFO - [2026-04-29T01:04:08.100+0000] {dag.py:3096} INFO - Sync 3 DAGs
[2026-04-29T01:04:08.174+0000] {logging_mixin.py:188} INFO - [2026-04-29T01:04:08.174+0000] {dag.py:3954} INFO - Setting next_dagrun for example_branch_datetime_operator to 2026-04-28 00:00:00+00:00, run_after=2026-04-29 00:00:00+00:00
[2026-04-29T01:04:08.182+0000] {logging_mixin.py:188} INFO - [2026-04-29T01:04:08.181+0000] {dag.py:3954} INFO - Setting next_dagrun for example_branch_datetime_operator_2 to 2026-04-28 00:00:00+00:00, run_after=2026-04-29 00:00:00+00:00
[2026-04-29T01:04:08.185+0000] {logging_mixin.py:188} INFO - [2026-04-29T01:04:08.185+0000] {dag.py:3954} INFO - Setting next_dagrun for example_branch_datetime_operator_3 to 2026-04-28 00:00:00+00:00, run_after=2026-04-29 00:00:00+00:00
[2026-04-29T01:04:08.218+0000] {processor.py:183} INFO - Processing /home/airflow/.local/lib/python3.12/site-packages/airflow/example_dags/example_branch_datetime_operator.py took 0.204 seconds
[2026-04-29T01:04:39.247+0000] {processor.py:161} INFO - Started process (PID=833) to work on /home/airflow/.local/lib/python3.12/site-packages/airflow/example_dags/example_branch_datetime_operator.py
[2026-04-29T01:04:39.250+0000] {processor.py:830} INFO - Processing file /home/airflow/.local/lib/python3.12/site-packages/airflow/example_dags/example_branch_datetime_operator.py for tasks to queue
[2026-04-29T01:04:39.253+0000] {logging_mixin.py:188} INFO - [2026-04-29T01:04:39.253+0000] {dagbag.py:540} INFO - Filling up the DagBag from /home/airflow/.local/lib/python3.12/site-packages/airflow/example_dags/example_branch_datetime_operator.py
[2026-04-29T01:04:39.279+0000] {processor.py:840} INFO - DAG(s) 'example_branch_datetime_operator', 'example_branch_datetime_operator_3', 'example_branch_datetime_operator_2' retrieved from /home/airflow/.local/lib/python3.12/site-packages/airflow/example_dags/example_branch_datetime_operator.py
[2026-04-29T01:04:39.350+0000] {logging_mixin.py:188} INFO - [2026-04-29T01:04:39.350+0000] {dag.py:3096} INFO - Sync 3 DAGs
[2026-04-29T01:04:39.378+0000] {logging_mixin.py:188} INFO - [2026-04-29T01:04:39.378+0000] {dag.py:3954} INFO - Setting next_dagrun for example_branch_datetime_operator to 2026-04-28 00:00:00+00:00, run_after=2026-04-29 00:00:00+00:00
[2026-04-29T01:04:39.384+0000] {logging_mixin.py:188} INFO - [2026-04-29T01:04:39.384+0000] {dag.py:3954} INFO - Setting next_dagrun for example_branch_datetime_operator_2 to 2026-04-28 00:00:00+00:00, run_after=2026-04-29 00:00:00+00:00
[2026-04-29T01:04:39.390+0000] {logging_mixin.py:188} INFO - [2026-04-29T01:04:39.390+0000] {dag.py:3954} INFO - Setting next_dagrun for example_branch_datetime_operator_3 to 2026-04-28 00:00:00+00:00, run_after=2026-04-29 00:00:00+00:00
[2026-04-29T01:04:39.405+0000] {processor.py:183} INFO - Processing /home/airflow/.local/lib/python3.12/site-packages/airflow/example_dags/example_branch_datetime_operator.py took 0.164 seconds
[2026-04-29T01:05:10.581+0000] {processor.py:161} INFO - Started process (PID=895) to work on /home/airflow/.local/lib/python3.12/site-packages/airflow/example_dags/example_branch_datetime_operator.py
[2026-04-29T01:05:10.584+0000] {processor.py:830} INFO - Processing file /home/airflow/.local/lib/python3.12/site-packages/airflow/example_dags/example_branch_datetime_operator.py for tasks to queue
[2026-04-29T01:05:10.587+0000] {logging_mixin.py:188} INFO - [2026-04-29T01:05:10.587+0000] {dagbag.py:540} INFO - Filling up the DagBag from /home/airflow/.local/lib/python3.12/site-packages/airflow/example_dags/example_branch_datetime_operator.py
[2026-04-29T01:05:10.631+0000] {processor.py:840} INFO - DAG(s) 'example_branch_datetime_operator_3', 'example_branch_datetime_operator_2', 'example_branch_datetime_operator' retrieved from /home/airflow/.local/lib/python3.12/site-packages/airflow/example_dags/example_branch_datetime_operator.py
[2026-04-29T01:05:10.689+0000] {logging_mixin.py:188} INFO - [2026-04-29T01:05:10.689+0000] {dag.py:3096} INFO - Sync 3 DAGs
[2026-04-29T01:05:10.775+0000] {logging_mixin.py:188} INFO - [2026-04-29T01:05:10.774+0000] {dag.py:3954} INFO - Setting next_dagrun for example_branch_datetime_operator to 2026-04-28 00:00:00+00:00, run_after=2026-04-29 00:00:00+00:00
[2026-04-29T01:05:10.791+0000] {logging_mixin.py:188} INFO - [2026-04-29T01:05:10.790+0000] {dag.py:3954} INFO - Setting next_dagrun for example_branch_datetime_operator_2 to 2026-04-28 00:00:00+00:00, run_after=2026-04-29 00:00:00+00:00
[2026-04-29T01:05:10.796+0000] {logging_mixin.py:188} INFO - [2026-04-29T01:05:10.796+0000] {dag.py:3954} INFO - Setting next_dagrun for example_branch_datetime_operator_3 to 2026-04-28 00:00:00+00:00, run_after=2026-04-29 00:00:00+00:00
[2026-04-29T01:05:10.826+0000] {processor.py:183} INFO - Processing /home/airflow/.local/lib/python3.12/site-packages/airflow/example_dags/example_branch_datetime_operator.py took 0.268 seconds
[2026-04-29T01:05:41.756+0000] {processor.py:161} INFO - Started process (PID=955) to work on /home/airflow/.local/lib/python3.12/site-packages/airflow/example_dags/example_branch_datetime_operator.py
[2026-04-29T01:05:41.762+0000] {processor.py:830} INFO - Processing file /home/airflow/.local/lib/python3.12/site-packages/airflow/example_dags/example_branch_datetime_operator.py for tasks to queue
[2026-04-29T01:05:41.769+0000] {logging_mixin.py:188} INFO - [2026-04-29T01:05:41.768+0000] {dagbag.py:540} INFO - Filling up the DagBag from /home/airflow/.local/lib/python3.12/site-packages/airflow/example_dags/example_branch_datetime_operator.py
[2026-04-29T01:05:41.815+0000] {processor.py:840} INFO - DAG(s) 'example_branch_datetime_operator', 'example_branch_datetime_operator_2', 'example_branch_datetime_operator_3' retrieved from /home/airflow/.local/lib/python3.12/site-packages/airflow/example_dags/example_branch_datetime_operator.py
[2026-04-29T01:05:41.866+0000] {logging_mixin.py:188} INFO - [2026-04-29T01:05:41.866+0000] {dag.py:3096} INFO - Sync 3 DAGs
[2026-04-29T01:05:41.931+0000] {logging_mixin.py:188} INFO - [2026-04-29T01:05:41.931+0000] {dag.py:3954} INFO - Setting next_dagrun for example_branch_datetime_operator to 2026-04-28 00:00:00+00:00, run_after=2026-04-29 00:00:00+00:00
[2026-04-29T01:05:42.540+0000] {logging_mixin.py:188} INFO - [2026-04-29T01:05:42.540+0000] {dag.py:3954} INFO - Setting next_dagrun for example_branch_datetime_operator_2 to 2026-04-28 00:00:00+00:00, run_after=2026-04-29 00:00:00+00:00
[2026-04-29T01:05:42.556+0000] {logging_mixin.py:188} INFO - [2026-04-29T01:05:42.550+0000] {dag.py:3954} INFO - Setting next_dagrun for example_branch_datetime_operator_3 to 2026-04-28 00:00:00+00:00, run_after=2026-04-29 00:00:00+00:00
[2026-04-29T01:05:42.612+0000] {processor.py:183} INFO - Processing /home/airflow/.local/lib/python3.12/site-packages/airflow/example_dags/example_branch_datetime_operator.py took 0.899 seconds
[2026-04-29T01:06:13.018+0000] {processor.py:161} INFO - Started process (PID=1015) to work on /home/airflow/.local/lib/python3.12/site-packages/airflow/example_dags/example_branch_datetime_operator.py
[2026-04-29T01:06:13.021+0000] {processor.py:830} INFO - Processing file /home/airflow/.local/lib/python3.12/site-packages/airflow/example_dags/example_branch_datetime_operator.py for tasks to queue
[2026-04-29T01:06:13.025+0000] {logging_mixin.py:188} INFO - [2026-04-29T01:06:13.025+0000] {dagbag.py:540} INFO - Filling up the DagBag from /home/airflow/.local/lib/python3.12/site-packages/airflow/example_dags/example_branch_datetime_operator.py
[2026-04-29T01:06:13.050+0000] {processor.py:840} INFO - DAG(s) 'example_branch_datetime_operator_3', 'example_branch_datetime_operator', 'example_branch_datetime_operator_2' retrieved from /home/airflow/.local/lib/python3.12/site-packages/airflow/example_dags/example_branch_datetime_operator.py
[2026-04-29T01:06:13.151+0000] {logging_mixin.py:188} INFO - [2026-04-29T01:06:13.150+0000] {dag.py:3096} INFO - Sync 3 DAGs
[2026-04-29T01:06:13.274+0000] {logging_mixin.py:188} INFO - [2026-04-29T01:06:13.274+0000] {dag.py:3954} INFO - Setting next_dagrun for example_branch_datetime_operator to 2026-04-28 00:00:00+00:00, run_after=2026-04-29 00:00:00+00:00
[2026-04-29T01:06:13.299+0000] {logging_mixin.py:188} INFO - [2026-04-29T01:06:13.299+0000] {dag.py:3954} INFO - Setting next_dagrun for example_branch_datetime_operator_2 to 2026-04-28 00:00:00+00:00, run_after=2026-04-29 00:00:00+00:00
[2026-04-29T01:06:13.309+0000] {logging_mixin.py:188} INFO - [2026-04-29T01:06:13.309+0000] {dag.py:3954} INFO - Setting next_dagrun for example_branch_datetime_operator_3 to 2026-04-28 00:00:00+00:00, run_after=2026-04-29 00:00:00+00:00
[2026-04-29T01:06:13.423+0000] {processor.py:183} INFO - Processing /home/airflow/.local/lib/python3.12/site-packages/airflow/example_dags/example_branch_datetime_operator.py took 0.420 seconds
[2026-04-29T01:06:43.762+0000] {processor.py:161} INFO - Started process (PID=1075) to work on /home/airflow/.local/lib/python3.12/site-packages/airflow/example_dags/example_branch_datetime_operator.py
[2026-04-29T01:06:43.769+0000] {processor.py:830} INFO - Processing file /home/airflow/.local/lib/python3.12/site-packages/airflow/example_dags/example_branch_datetime_operator.py for tasks to queue
[2026-04-29T01:06:43.775+0000] {logging_mixin.py:188} INFO - [2026-04-29T01:06:43.774+0000] {dagbag.py:540} INFO - Filling up the DagBag from /home/airflow/.local/lib/python3.12/site-packages/airflow/example_dags/example_branch_datetime_operator.py
[2026-04-29T01:06:43.820+0000] {processor.py:840} INFO - DAG(s) 'example_branch_datetime_operator', 'example_branch_datetime_operator_2', 'example_branch_datetime_operator_3' retrieved from /home/airflow/.local/lib/python3.12/site-packages/airflow/example_dags/example_branch_datetime_operator.py
[2026-04-29T01:06:43.936+0000] {logging_mixin.py:188} INFO - [2026-04-29T01:06:43.936+0000] {dag.py:3096} INFO - Sync 3 DAGs
[2026-04-29T01:06:43.997+0000] {logging_mixin.py:188} INFO - [2026-04-29T01:06:43.996+0000] {dag.py:3954} INFO - Setting next_dagrun for example_branch_datetime_operator to 2026-04-28 00:00:00+00:00, run_after=2026-04-29 00:00:00+00:00
[2026-04-29T01:06:44.017+0000] {logging_mixin.py:188} INFO - [2026-04-29T01:06:44.017+0000] {dag.py:3954} INFO - Setting next_dagrun for example_branch_datetime_operator_2 to 2026-04-28 00:00:00+00:00, run_after=2026-04-29 00:00:00+00:00
[2026-04-29T01:06:44.030+0000] {logging_mixin.py:188} INFO - [2026-04-29T01:06:44.028+0000] {dag.py:3954} INFO - Setting next_dagrun for example_branch_datetime_operator_3 to 2026-04-28 00:00:00+00:00, run_after=2026-04-29 00:00:00+00:00
[2026-04-29T01:06:44.088+0000] {processor.py:183} INFO - Processing /home/airflow/.local/lib/python3.12/site-packages/airflow/example_dags/example_branch_datetime_operator.py took 0.379 seconds
[2026-04-29T01:07:14.373+0000] {processor.py:161} INFO - Started process (PID=1135) to work on /home/airflow/.local/lib/python3.12/site-packages/airflow/example_dags/example_branch_datetime_operator.py
[2026-04-29T01:07:14.374+0000] {processor.py:830} INFO - Processing file /home/airflow/.local/lib/python3.12/site-packages/airflow/example_dags/example_branch_datetime_operator.py for tasks to queue
[2026-04-29T01:07:14.376+0000] {logging_mixin.py:188} INFO - [2026-04-29T01:07:14.376+0000] {dagbag.py:540} INFO - Filling up the DagBag from /home/airflow/.local/lib/python3.12/site-packages/airflow/example_dags/example_branch_datetime_operator.py
[2026-04-29T01:07:14.389+0000] {processor.py:840} INFO - DAG(s) 'example_branch_datetime_operator_3', 'example_branch_datetime_operator', 'example_branch_datetime_operator_2' retrieved from /home/airflow/.local/lib/python3.12/site-packages/airflow/example_dags/example_branch_datetime_operator.py
[2026-04-29T01:07:14.628+0000] {logging_mixin.py:188} INFO - [2026-04-29T01:07:14.628+0000] {dag.py:3096} INFO - Sync 3 DAGs
[2026-04-29T01:07:14.653+0000] {logging_mixin.py:188} INFO - [2026-04-29T01:07:14.652+0000] {dag.py:3954} INFO - Setting next_dagrun for example_branch_datetime_operator to 2026-04-28 00:00:00+00:00, run_after=2026-04-29 00:00:00+00:00
[2026-04-29T01:07:14.658+0000] {logging_mixin.py:188} INFO - [2026-04-29T01:07:14.658+0000] {dag.py:3954} INFO - Setting next_dagrun for example_branch_datetime_operator_2 to 2026-04-28 00:00:00+00:00, run_after=2026-04-29 00:00:00+00:00
[2026-04-29T01:07:14.660+0000] {logging_mixin.py:188} INFO - [2026-04-29T01:07:14.660+0000] {dag.py:3954} INFO - Setting next_dagrun for example_branch_datetime_operator_3 to 2026-04-28 00:00:00+00:00, run_after=2026-04-29 00:00:00+00:00
[2026-04-29T01:07:14.673+0000] {processor.py:183} INFO - Processing /home/airflow/.local/lib/python3.12/site-packages/airflow/example_dags/example_branch_datetime_operator.py took 0.308 seconds
[2026-04-29T01:07:46.814+0000] {processor.py:161} INFO - Started process (PID=1194) to work on /home/airflow/.local/lib/python3.12/site-packages/airflow/example_dags/example_branch_datetime_operator.py
[2026-04-29T01:07:46.815+0000] {processor.py:830} INFO - Processing file /home/airflow/.local/lib/python3.12/site-packages/airflow/example_dags/example_branch_datetime_operator.py for tasks to queue
[2026-04-29T01:07:46.817+0000] {logging_mixin.py:188} INFO - [2026-04-29T01:07:46.816+0000] {dagbag.py:540} INFO - Filling up the DagBag from /home/airflow/.local/lib/python3.12/site-packages/airflow/example_dags/example_branch_datetime_operator.py
[2026-04-29T01:07:46.829+0000] {processor.py:840} INFO - DAG(s) 'example_branch_datetime_operator_3', 'example_branch_datetime_operator', 'example_branch_datetime_operator_2' retrieved from /home/airflow/.local/lib/python3.12/site-packages/airflow/example_dags/example_branch_datetime_operator.py
[2026-04-29T01:07:46.861+0000] {logging_mixin.py:188} INFO - [2026-04-29T01:07:46.861+0000] {dag.py:3096} INFO - Sync 3 DAGs
[2026-04-29T01:07:47.078+0000] {logging_mixin.py:188} INFO - [2026-04-29T01:07:47.078+0000] {dag.py:3954} INFO - Setting next_dagrun for example_branch_datetime_operator to 2026-04-28 00:00:00+00:00, run_after=2026-04-29 00:00:00+00:00
[2026-04-29T01:07:47.085+0000] {logging_mixin.py:188} INFO - [2026-04-29T01:07:47.085+0000] {dag.py:3954} INFO - Setting next_dagrun for example_branch_datetime_operator_2 to 2026-04-28 00:00:00+00:00, run_after=2026-04-29 00:00:00+00:00
[2026-04-29T01:07:47.088+0000] {logging_mixin.py:188} INFO - [2026-04-29T01:07:47.088+0000] {dag.py:3954} INFO - Setting next_dagrun for example_branch_datetime_operator_3 to 2026-04-28 00:00:00+00:00, run_after=2026-04-29 00:00:00+00:00
[2026-04-29T01:07:47.105+0000] {processor.py:183} INFO - Processing /home/airflow/.local/lib/python3.12/site-packages/airflow/example_dags/example_branch_datetime_operator.py took 0.298 seconds
[2026-04-29T01:08:17.603+0000] {processor.py:161} INFO - Started process (PID=1254) to work on /home/airflow/.local/lib/python3.12/site-packages/airflow/example_dags/example_branch_datetime_operator.py
[2026-04-29T01:08:17.604+0000] {processor.py:830} INFO - Processing file /home/airflow/.local/lib/python3.12/site-packages/airflow/example_dags/example_branch_datetime_operator.py for tasks to queue
[2026-04-29T01:08:17.609+0000] {logging_mixin.py:188} INFO - [2026-04-29T01:08:17.608+0000] {dagbag.py:540} INFO - Filling up the DagBag from /home/airflow/.local/lib/python3.12/site-packages/airflow/example_dags/example_branch_datetime_operator.py
[2026-04-29T01:08:17.634+0000] {processor.py:840} INFO - DAG(s) 'example_branch_datetime_operator_3', 'example_branch_datetime_operator', 'example_branch_datetime_operator_2' retrieved from /home/airflow/.local/lib/python3.12/site-packages/airflow/example_dags/example_branch_datetime_operator.py
[2026-04-29T01:08:17.717+0000] {logging_mixin.py:188} INFO - [2026-04-29T01:08:17.712+0000] {dag.py:3096} INFO - Sync 3 DAGs
[2026-04-29T01:08:17.791+0000] {logging_mixin.py:188} INFO - [2026-04-29T01:08:17.790+0000] {dag.py:3954} INFO - Setting next_dagrun for example_branch_datetime_operator to 2026-04-28 00:00:00+00:00, run_after=2026-04-29 00:00:00+00:00
[2026-04-29T01:08:17.799+0000] {logging_mixin.py:188} INFO - [2026-04-29T01:08:17.799+0000] {dag.py:3954} INFO - Setting next_dagrun for example_branch_datetime_operator_2 to 2026-04-28 00:00:00+00:00, run_after=2026-04-29 00:00:00+00:00
[2026-04-29T01:08:17.810+0000] {logging_mixin.py:188} INFO - [2026-04-29T01:08:17.810+0000] {dag.py:3954} INFO - Setting next_dagrun for example_branch_datetime_operator_3 to 2026-04-28 00:00:00+00:00, run_after=2026-04-29 00:00:00+00:00
[2026-04-29T01:08:17.907+0000] {processor.py:183} INFO - Processing /home/airflow/.local/lib/python3.12/site-packages/airflow/example_dags/example_branch_datetime_operator.py took 0.312 seconds
[2026-04-29T01:08:50.348+0000] {processor.py:161} INFO - Started process (PID=1314) to work on /home/airflow/.local/lib/python3.12/site-packages/airflow/example_dags/example_branch_datetime_operator.py
[2026-04-29T01:08:50.385+0000] {processor.py:830} INFO - Processing file /home/airflow/.local/lib/python3.12/site-packages/airflow/example_dags/example_branch_datetime_operator.py for tasks to queue
[2026-04-29T01:08:50.388+0000] {logging_mixin.py:188} INFO - [2026-04-29T01:08:50.387+0000] {dagbag.py:540} INFO - Filling up the DagBag from /home/airflow/.local/lib/python3.12/site-packages/airflow/example_dags/example_branch_datetime_operator.py
[2026-04-29T01:08:50.400+0000] {processor.py:840} INFO - DAG(s) 'example_branch_datetime_operator_3', 'example_branch_datetime_operator', 'example_branch_datetime_operator_2' retrieved from /home/airflow/.local/lib/python3.12/site-packages/airflow/example_dags/example_branch_datetime_operator.py
[2026-04-29T01:08:50.437+0000] {logging_mixin.py:188} INFO - [2026-04-29T01:08:50.437+0000] {dag.py:3096} INFO - Sync 3 DAGs
[2026-04-29T01:08:50.542+0000] {logging_mixin.py:188} INFO - [2026-04-29T01:08:50.542+0000] {dag.py:3954} INFO - Setting next_dagrun for example_branch_datetime_operator to 2026-04-28 00:00:00+00:00, run_after=2026-04-29 00:00:00+00:00
[2026-04-29T01:08:50.559+0000] {logging_mixin.py:188} INFO - [2026-04-29T01:08:50.558+0000] {dag.py:3954} INFO - Setting next_dagrun for example_branch_datetime_operator_2 to 2026-04-28 00:00:00+00:00, run_after=2026-04-29 00:00:00+00:00
[2026-04-29T01:08:50.564+0000] {logging_mixin.py:188} INFO - [2026-04-29T01:08:50.564+0000] {dag.py:3954} INFO - Setting next_dagrun for example_branch_datetime_operator_3 to 2026-04-28 00:00:00+00:00, run_after=2026-04-29 00:00:00+00:00
[2026-04-29T01:08:50.596+0000] {processor.py:183} INFO - Processing /home/airflow/.local/lib/python3.12/site-packages/airflow/example_dags/example_branch_datetime_operator.py took 0.255 seconds
[2026-04-29T01:09:21.137+0000] {processor.py:161} INFO - Started process (PID=1374) to work on /home/airflow/.local/lib/python3.12/site-packages/airflow/example_dags/example_branch_datetime_operator.py
[2026-04-29T01:09:21.139+0000] {processor.py:830} INFO - Processing file /home/airflow/.local/lib/python3.12/site-packages/airflow/example_dags/example_branch_datetime_operator.py for tasks to queue
[2026-04-29T01:09:21.142+0000] {logging_mixin.py:188} INFO - [2026-04-29T01:09:21.141+0000] {dagbag.py:540} INFO - Filling up the DagBag from /home/airflow/.local/lib/python3.12/site-packages/airflow/example_dags/example_branch_datetime_operator.py
[2026-04-29T01:09:21.160+0000] {processor.py:840} INFO - DAG(s) 'example_branch_datetime_operator', 'example_branch_datetime_operator_3', 'example_branch_datetime_operator_2' retrieved from /home/airflow/.local/lib/python3.12/site-packages/airflow/example_dags/example_branch_datetime_operator.py
[2026-04-29T01:09:21.208+0000] {logging_mixin.py:188} INFO - [2026-04-29T01:09:21.208+0000] {dag.py:3096} INFO - Sync 3 DAGs
[2026-04-29T01:09:21.231+0000] {logging_mixin.py:188} INFO - [2026-04-29T01:09:21.231+0000] {dag.py:3954} INFO - Setting next_dagrun for example_branch_datetime_operator to 2026-04-28 00:00:00+00:00, run_after=2026-04-29 00:00:00+00:00
[2026-04-29T01:09:21.235+0000] {logging_mixin.py:188} INFO - [2026-04-29T01:09:21.235+0000] {dag.py:3954} INFO - Setting next_dagrun for example_branch_datetime_operator_2 to 2026-04-28 00:00:00+00:00, run_after=2026-04-29 00:00:00+00:00
[2026-04-29T01:09:21.237+0000] {logging_mixin.py:188} INFO - [2026-04-29T01:09:21.237+0000] {dag.py:3954} INFO - Setting next_dagrun for example_branch_datetime_operator_3 to 2026-04-28 00:00:00+00:00, run_after=2026-04-29 00:00:00+00:00
[2026-04-29T01:09:21.277+0000] {processor.py:183} INFO - Processing /home/airflow/.local/lib/python3.12/site-packages/airflow/example_dags/example_branch_datetime_operator.py took 0.155 seconds
[2026-04-29T01:09:51.988+0000] {processor.py:161} INFO - Started process (PID=1434) to work on /home/airflow/.local/lib/python3.12/site-packages/airflow/example_dags/example_branch_datetime_operator.py
[2026-04-29T01:09:51.989+0000] {processor.py:830} INFO - Processing file /home/airflow/.local/lib/python3.12/site-packages/airflow/example_dags/example_branch_datetime_operator.py for tasks to queue
[2026-04-29T01:09:51.991+0000] {logging_mixin.py:188} INFO - [2026-04-29T01:09:51.991+0000] {dagbag.py:540} INFO - Filling up the DagBag from /home/airflow/.local/lib/python3.12/site-packages/airflow/example_dags/example_branch_datetime_operator.py
[2026-04-29T01:09:52.000+0000] {processor.py:840} INFO - DAG(s) 'example_branch_datetime_operator', 'example_branch_datetime_operator_2', 'example_branch_datetime_operator_3' retrieved from /home/airflow/.local/lib/python3.12/site-packages/airflow/example_dags/example_branch_datetime_operator.py
[2026-04-29T01:09:52.024+0000] {logging_mixin.py:188} INFO - [2026-04-29T01:09:52.024+0000] {dag.py:3096} INFO - Sync 3 DAGs
[2026-04-29T01:09:52.045+0000] {logging_mixin.py:188} INFO - [2026-04-29T01:09:52.045+0000] {dag.py:3954} INFO - Setting next_dagrun for example_branch_datetime_operator to 2026-04-28 00:00:00+00:00, run_after=2026-04-29 00:00:00+00:00
[2026-04-29T01:09:52.049+0000] {logging_mixin.py:188} INFO - [2026-04-29T01:09:52.049+0000] {dag.py:3954} INFO - Setting next_dagrun for example_branch_datetime_operator_2 to 2026-04-28 00:00:00+00:00, run_after=2026-04-29 00:00:00+00:00
[2026-04-29T01:09:52.051+0000] {logging_mixin.py:188} INFO - [2026-04-29T01:09:52.051+0000] {dag.py:3954} INFO - Setting next_dagrun for example_branch_datetime_operator_3 to 2026-04-28 00:00:00+00:00, run_after=2026-04-29 00:00:00+00:00
[2026-04-29T01:09:52.064+0000] {processor.py:183} INFO - Processing /home/airflow/.local/lib/python3.12/site-packages/airflow/example_dags/example_branch_datetime_operator.py took 0.081 seconds
[2026-04-29T01:10:23.022+0000] {processor.py:161} INFO - Started process (PID=1494) to work on /home/airflow/.local/lib/python3.12/site-packages/airflow/example_dags/example_branch_datetime_operator.py
[2026-04-29T01:10:23.023+0000] {processor.py:830} INFO - Processing file /home/airflow/.local/lib/python3.12/site-packages/airflow/example_dags/example_branch_datetime_operator.py for tasks to queue
[2026-04-29T01:10:23.025+0000] {logging_mixin.py:188} INFO - [2026-04-29T01:10:23.025+0000] {dagbag.py:540} INFO - Filling up the DagBag from /home/airflow/.local/lib/python3.12/site-packages/airflow/example_dags/example_branch_datetime_operator.py
[2026-04-29T01:10:23.038+0000] {processor.py:840} INFO - DAG(s) 'example_branch_datetime_operator_2', 'example_branch_datetime_operator', 'example_branch_datetime_operator_3' retrieved from /home/airflow/.local/lib/python3.12/site-packages/airflow/example_dags/example_branch_datetime_operator.py
[2026-04-29T01:10:23.108+0000] {logging_mixin.py:188} INFO - [2026-04-29T01:10:23.107+0000] {dag.py:3096} INFO - Sync 3 DAGs
[2026-04-29T01:10:23.176+0000] {logging_mixin.py:188} INFO - [2026-04-29T01:10:23.176+0000] {dag.py:3954} INFO - Setting next_dagrun for example_branch_datetime_operator to 2026-04-28 00:00:00+00:00, run_after=2026-04-29 00:00:00+00:00
[2026-04-29T01:10:23.187+0000] {logging_mixin.py:188} INFO - [2026-04-29T01:10:23.187+0000] {dag.py:3954} INFO - Setting next_dagrun for example_branch_datetime_operator_2 to 2026-04-28 00:00:00+00:00, run_after=2026-04-29 00:00:00+00:00
[2026-04-29T01:10:23.190+0000] {logging_mixin.py:188} INFO - [2026-04-29T01:10:23.190+0000] {dag.py:3954} INFO - Setting next_dagrun for example_branch_datetime_operator_3 to 2026-04-28 00:00:00+00:00, run_after=2026-04-29 00:00:00+00:00
[2026-04-29T01:10:23.209+0000] {processor.py:183} INFO - Processing /home/airflow/.local/lib/python3.12/site-packages/airflow/example_dags/example_branch_datetime_operator.py took 0.195 seconds
[2026-04-29T01:10:53.737+0000] {processor.py:161} INFO - Started process (PID=1554) to work on /home/airflow/.local/lib/python3.12/site-packages/airflow/example_dags/example_branch_datetime_operator.py
[2026-04-29T01:10:53.738+0000] {processor.py:830} INFO - Processing file /home/airflow/.local/lib/python3.12/site-packages/airflow/example_dags/example_branch_datetime_operator.py for tasks to queue
[2026-04-29T01:10:53.740+0000] {logging_mixin.py:188} INFO - [2026-04-29T01:10:53.740+0000] {dagbag.py:540} INFO - Filling up the DagBag from /home/airflow/.local/lib/python3.12/site-packages/airflow/example_dags/example_branch_datetime_operator.py
[2026-04-29T01:10:53.761+0000] {processor.py:840} INFO - DAG(s) 'example_branch_datetime_operator_3', 'example_branch_datetime_operator_2', 'example_branch_datetime_operator' retrieved from /home/airflow/.local/lib/python3.12/site-packages/airflow/example_dags/example_branch_datetime_operator.py
[2026-04-29T01:10:53.800+0000] {logging_mixin.py:188} INFO - [2026-04-29T01:10:53.799+0000] {dag.py:3096} INFO - Sync 3 DAGs
[2026-04-29T01:10:53.829+0000] {logging_mixin.py:188} INFO - [2026-04-29T01:10:53.829+0000] {dag.py:3954} INFO - Setting next_dagrun for example_branch_datetime_operator to 2026-04-28 00:00:00+00:00, run_after=2026-04-29 00:00:00+00:00
[2026-04-29T01:10:53.834+0000] {logging_mixin.py:188} INFO - [2026-04-29T01:10:53.834+0000] {dag.py:3954} INFO - Setting next_dagrun for example_branch_datetime_operator_2 to 2026-04-28 00:00:00+00:00, run_after=2026-04-29 00:00:00+00:00
[2026-04-29T01:10:53.836+0000] {logging_mixin.py:188} INFO - [2026-04-29T01:10:53.836+0000] {dag.py:3954} INFO - Setting next_dagrun for example_branch_datetime_operator_3 to 2026-04-28 00:00:00+00:00, run_after=2026-04-29 00:00:00+00:00
[2026-04-29T01:10:53.854+0000] {processor.py:183} INFO - Processing /home/airflow/.local/lib/python3.12/site-packages/airflow/example_dags/example_branch_datetime_operator.py took 0.124 seconds
[2026-04-29T01:11:24.281+0000] {processor.py:161} INFO - Started process (PID=1613) to work on /home/airflow/.local/lib/python3.12/site-packages/airflow/example_dags/example_branch_datetime_operator.py
[2026-04-29T01:11:24.281+0000] {processor.py:830} INFO - Processing file /home/airflow/.local/lib/python3.12/site-packages/airflow/example_dags/example_branch_datetime_operator.py for tasks to queue
[2026-04-29T01:11:24.284+0000] {logging_mixin.py:188} INFO - [2026-04-29T01:11:24.283+0000] {dagbag.py:540} INFO - Filling up the DagBag from /home/airflow/.local/lib/python3.12/site-packages/airflow/example_dags/example_branch_datetime_operator.py
[2026-04-29T01:11:24.306+0000] {processor.py:840} INFO - DAG(s) 'example_branch_datetime_operator_3', 'example_branch_datetime_operator', 'example_branch_datetime_operator_2' retrieved from /home/airflow/.local/lib/python3.12/site-packages/airflow/example_dags/example_branch_datetime_operator.py
[2026-04-29T01:11:24.407+0000] {logging_mixin.py:188} INFO - [2026-04-29T01:11:24.407+0000] {dag.py:3096} INFO - Sync 3 DAGs
[2026-04-29T01:11:24.435+0000] {logging_mixin.py:188} INFO - [2026-04-29T01:11:24.435+0000] {dag.py:3954} INFO - Setting next_dagrun for example_branch_datetime_operator to 2026-04-28 00:00:00+00:00, run_after=2026-04-29 00:00:00+00:00
[2026-04-29T01:11:24.441+0000] {logging_mixin.py:188} INFO - [2026-04-29T01:11:24.441+0000] {dag.py:3954} INFO - Setting next_dagrun for example_branch_datetime_operator_2 to 2026-04-28 00:00:00+00:00, run_after=2026-04-29 00:00:00+00:00
[2026-04-29T01:11:24.445+0000] {logging_mixin.py:188} INFO - [2026-04-29T01:11:24.445+0000] {dag.py:3954} INFO - Setting next_dagrun for example_branch_datetime_operator_3 to 2026-04-28 00:00:00+00:00, run_after=2026-04-29 00:00:00+00:00
[2026-04-29T01:11:24.493+0000] {processor.py:183} INFO - Processing /home/airflow/.local/lib/python3.12/site-packages/airflow/example_dags/example_branch_datetime_operator.py took 0.220 seconds
