[2026-04-29T00:55:02.644+0000] {processor.py:161} INFO - Started process (PID=100) to work on /home/airflow/.local/lib/python3.12/site-packages/airflow/example_dags/example_sensor_decorator.py
[2026-04-29T00:55:02.650+0000] {processor.py:830} INFO - Processing file /home/airflow/.local/lib/python3.12/site-packages/airflow/example_dags/example_sensor_decorator.py for tasks to queue
[2026-04-29T00:55:02.665+0000] {logging_mixin.py:188} INFO - [2026-04-29T00:55:02.659+0000] {dagbag.py:540} INFO - Filling up the DagBag from /home/airflow/.local/lib/python3.12/site-packages/airflow/example_dags/example_sensor_decorator.py
[2026-04-29T00:55:02.684+0000] {processor.py:840} INFO - DAG(s) 'example_sensor_decorator' retrieved from /home/airflow/.local/lib/python3.12/site-packages/airflow/example_dags/example_sensor_decorator.py
[2026-04-29T00:55:02.724+0000] {logging_mixin.py:188} INFO - [2026-04-29T00:55:02.723+0000] {dag.py:3096} INFO - Sync 1 DAGs
[2026-04-29T00:55:02.759+0000] {logging_mixin.py:188} INFO - [2026-04-29T00:55:02.758+0000] {dag.py:3954} INFO - Setting next_dagrun for example_sensor_decorator to None, run_after=None
[2026-04-29T00:55:02.797+0000] {processor.py:183} INFO - Processing /home/airflow/.local/lib/python3.12/site-packages/airflow/example_dags/example_sensor_decorator.py took 0.162 seconds
[2026-04-29T00:58:27.819+0000] {processor.py:161} INFO - Started process (PID=108) to work on /home/airflow/.local/lib/python3.12/site-packages/airflow/example_dags/example_sensor_decorator.py
[2026-04-29T00:58:27.824+0000] {processor.py:830} INFO - Processing file /home/airflow/.local/lib/python3.12/site-packages/airflow/example_dags/example_sensor_decorator.py for tasks to queue
[2026-04-29T00:58:27.831+0000] {logging_mixin.py:188} INFO - [2026-04-29T00:58:27.831+0000] {dagbag.py:540} INFO - Filling up the DagBag from /home/airflow/.local/lib/python3.12/site-packages/airflow/example_dags/example_sensor_decorator.py
[2026-04-29T00:58:27.849+0000] {processor.py:840} INFO - DAG(s) 'example_sensor_decorator' retrieved from /home/airflow/.local/lib/python3.12/site-packages/airflow/example_dags/example_sensor_decorator.py
[2026-04-29T00:58:28.333+0000] {logging_mixin.py:188} INFO - [2026-04-29T00:58:28.322+0000] {override.py:1829} INFO - Created Permission View: can edit on DAG:example_sensor_decorator
[2026-04-29T00:58:28.406+0000] {logging_mixin.py:188} INFO - [2026-04-29T00:58:28.404+0000] {override.py:1829} INFO - Created Permission View: can delete on DAG:example_sensor_decorator
[2026-04-29T00:58:28.441+0000] {logging_mixin.py:188} INFO - [2026-04-29T00:58:28.441+0000] {override.py:1829} INFO - Created Permission View: can read on DAG:example_sensor_decorator
[2026-04-29T00:58:28.442+0000] {logging_mixin.py:188} INFO - [2026-04-29T00:58:28.442+0000] {dag.py:3096} INFO - Sync 1 DAGs
[2026-04-29T00:58:28.505+0000] {logging_mixin.py:188} INFO - [2026-04-29T00:58:28.505+0000] {dag.py:3118} INFO - Creating ORM DAG for example_sensor_decorator
[2026-04-29T00:58:28.506+0000] {logging_mixin.py:188} INFO - [2026-04-29T00:58:28.506+0000] {dag.py:3954} INFO - Setting next_dagrun for example_sensor_decorator to None, run_after=None
[2026-04-29T00:58:28.556+0000] {processor.py:183} INFO - Processing /home/airflow/.local/lib/python3.12/site-packages/airflow/example_dags/example_sensor_decorator.py took 0.757 seconds
[2026-04-29T00:58:59.374+0000] {processor.py:161} INFO - Started process (PID=174) to work on /home/airflow/.local/lib/python3.12/site-packages/airflow/example_dags/example_sensor_decorator.py
[2026-04-29T00:58:59.375+0000] {processor.py:830} INFO - Processing file /home/airflow/.local/lib/python3.12/site-packages/airflow/example_dags/example_sensor_decorator.py for tasks to queue
[2026-04-29T00:58:59.377+0000] {logging_mixin.py:188} INFO - [2026-04-29T00:58:59.377+0000] {dagbag.py:540} INFO - Filling up the DagBag from /home/airflow/.local/lib/python3.12/site-packages/airflow/example_dags/example_sensor_decorator.py
[2026-04-29T00:58:59.385+0000] {processor.py:840} INFO - DAG(s) 'example_sensor_decorator' retrieved from /home/airflow/.local/lib/python3.12/site-packages/airflow/example_dags/example_sensor_decorator.py
[2026-04-29T00:58:59.416+0000] {logging_mixin.py:188} INFO - [2026-04-29T00:58:59.415+0000] {dag.py:3096} INFO - Sync 1 DAGs
[2026-04-29T00:58:59.432+0000] {logging_mixin.py:188} INFO - [2026-04-29T00:58:59.432+0000] {dag.py:3954} INFO - Setting next_dagrun for example_sensor_decorator to None, run_after=None
[2026-04-29T00:58:59.455+0000] {processor.py:183} INFO - Processing /home/airflow/.local/lib/python3.12/site-packages/airflow/example_dags/example_sensor_decorator.py took 0.087 seconds
[2026-04-29T00:59:30.190+0000] {processor.py:161} INFO - Started process (PID=233) to work on /home/airflow/.local/lib/python3.12/site-packages/airflow/example_dags/example_sensor_decorator.py
[2026-04-29T00:59:30.191+0000] {processor.py:830} INFO - Processing file /home/airflow/.local/lib/python3.12/site-packages/airflow/example_dags/example_sensor_decorator.py for tasks to queue
[2026-04-29T00:59:30.193+0000] {logging_mixin.py:188} INFO - [2026-04-29T00:59:30.193+0000] {dagbag.py:540} INFO - Filling up the DagBag from /home/airflow/.local/lib/python3.12/site-packages/airflow/example_dags/example_sensor_decorator.py
[2026-04-29T00:59:30.200+0000] {processor.py:840} INFO - DAG(s) 'example_sensor_decorator' retrieved from /home/airflow/.local/lib/python3.12/site-packages/airflow/example_dags/example_sensor_decorator.py
[2026-04-29T00:59:30.228+0000] {logging_mixin.py:188} INFO - [2026-04-29T00:59:30.227+0000] {dag.py:3096} INFO - Sync 1 DAGs
[2026-04-29T00:59:30.244+0000] {logging_mixin.py:188} INFO - [2026-04-29T00:59:30.244+0000] {dag.py:3954} INFO - Setting next_dagrun for example_sensor_decorator to None, run_after=None
[2026-04-29T00:59:30.266+0000] {processor.py:183} INFO - Processing /home/airflow/.local/lib/python3.12/site-packages/airflow/example_dags/example_sensor_decorator.py took 0.083 seconds
[2026-04-29T01:00:00.678+0000] {processor.py:161} INFO - Started process (PID=292) to work on /home/airflow/.local/lib/python3.12/site-packages/airflow/example_dags/example_sensor_decorator.py
[2026-04-29T01:00:00.681+0000] {processor.py:830} INFO - Processing file /home/airflow/.local/lib/python3.12/site-packages/airflow/example_dags/example_sensor_decorator.py for tasks to queue
[2026-04-29T01:00:00.685+0000] {logging_mixin.py:188} INFO - [2026-04-29T01:00:00.684+0000] {dagbag.py:540} INFO - Filling up the DagBag from /home/airflow/.local/lib/python3.12/site-packages/airflow/example_dags/example_sensor_decorator.py
[2026-04-29T01:00:00.705+0000] {processor.py:840} INFO - DAG(s) 'example_sensor_decorator' retrieved from /home/airflow/.local/lib/python3.12/site-packages/airflow/example_dags/example_sensor_decorator.py
[2026-04-29T01:00:00.765+0000] {logging_mixin.py:188} INFO - [2026-04-29T01:00:00.765+0000] {dag.py:3096} INFO - Sync 1 DAGs
[2026-04-29T01:00:00.789+0000] {logging_mixin.py:188} INFO - [2026-04-29T01:00:00.789+0000] {dag.py:3954} INFO - Setting next_dagrun for example_sensor_decorator to None, run_after=None
[2026-04-29T01:00:00.841+0000] {processor.py:183} INFO - Processing /home/airflow/.local/lib/python3.12/site-packages/airflow/example_dags/example_sensor_decorator.py took 0.177 seconds
[2026-04-29T01:00:33.465+0000] {processor.py:161} INFO - Started process (PID=353) to work on /home/airflow/.local/lib/python3.12/site-packages/airflow/example_dags/example_sensor_decorator.py
[2026-04-29T01:00:33.474+0000] {processor.py:830} INFO - Processing file /home/airflow/.local/lib/python3.12/site-packages/airflow/example_dags/example_sensor_decorator.py for tasks to queue
[2026-04-29T01:00:33.486+0000] {logging_mixin.py:188} INFO - [2026-04-29T01:00:33.485+0000] {dagbag.py:540} INFO - Filling up the DagBag from /home/airflow/.local/lib/python3.12/site-packages/airflow/example_dags/example_sensor_decorator.py
[2026-04-29T01:00:33.559+0000] {processor.py:840} INFO - DAG(s) 'example_sensor_decorator' retrieved from /home/airflow/.local/lib/python3.12/site-packages/airflow/example_dags/example_sensor_decorator.py
[2026-04-29T01:00:33.833+0000] {logging_mixin.py:188} INFO - [2026-04-29T01:00:33.833+0000] {dag.py:3096} INFO - Sync 1 DAGs
[2026-04-29T01:00:33.886+0000] {logging_mixin.py:188} INFO - [2026-04-29T01:00:33.885+0000] {dag.py:3954} INFO - Setting next_dagrun for example_sensor_decorator to None, run_after=None
[2026-04-29T01:00:33.947+0000] {processor.py:183} INFO - Processing /home/airflow/.local/lib/python3.12/site-packages/airflow/example_dags/example_sensor_decorator.py took 0.543 seconds
[2026-04-29T01:01:04.592+0000] {processor.py:161} INFO - Started process (PID=413) to work on /home/airflow/.local/lib/python3.12/site-packages/airflow/example_dags/example_sensor_decorator.py
[2026-04-29T01:01:04.595+0000] {processor.py:830} INFO - Processing file /home/airflow/.local/lib/python3.12/site-packages/airflow/example_dags/example_sensor_decorator.py for tasks to queue
[2026-04-29T01:01:04.600+0000] {logging_mixin.py:188} INFO - [2026-04-29T01:01:04.599+0000] {dagbag.py:540} INFO - Filling up the DagBag from /home/airflow/.local/lib/python3.12/site-packages/airflow/example_dags/example_sensor_decorator.py
[2026-04-29T01:01:04.608+0000] {processor.py:840} INFO - DAG(s) 'example_sensor_decorator' retrieved from /home/airflow/.local/lib/python3.12/site-packages/airflow/example_dags/example_sensor_decorator.py
[2026-04-29T01:01:04.680+0000] {logging_mixin.py:188} INFO - [2026-04-29T01:01:04.677+0000] {dag.py:3096} INFO - Sync 1 DAGs
[2026-04-29T01:01:04.715+0000] {logging_mixin.py:188} INFO - [2026-04-29T01:01:04.715+0000] {dag.py:3954} INFO - Setting next_dagrun for example_sensor_decorator to None, run_after=None
[2026-04-29T01:01:04.839+0000] {processor.py:183} INFO - Processing /home/airflow/.local/lib/python3.12/site-packages/airflow/example_dags/example_sensor_decorator.py took 0.253 seconds
[2026-04-29T01:01:35.203+0000] {processor.py:161} INFO - Started process (PID=472) to work on /home/airflow/.local/lib/python3.12/site-packages/airflow/example_dags/example_sensor_decorator.py
[2026-04-29T01:01:35.216+0000] {processor.py:830} INFO - Processing file /home/airflow/.local/lib/python3.12/site-packages/airflow/example_dags/example_sensor_decorator.py for tasks to queue
[2026-04-29T01:01:35.220+0000] {logging_mixin.py:188} INFO - [2026-04-29T01:01:35.220+0000] {dagbag.py:540} INFO - Filling up the DagBag from /home/airflow/.local/lib/python3.12/site-packages/airflow/example_dags/example_sensor_decorator.py
[2026-04-29T01:01:35.232+0000] {processor.py:840} INFO - DAG(s) 'example_sensor_decorator' retrieved from /home/airflow/.local/lib/python3.12/site-packages/airflow/example_dags/example_sensor_decorator.py
[2026-04-29T01:01:35.288+0000] {logging_mixin.py:188} INFO - [2026-04-29T01:01:35.287+0000] {dag.py:3096} INFO - Sync 1 DAGs
[2026-04-29T01:01:35.337+0000] {logging_mixin.py:188} INFO - [2026-04-29T01:01:35.337+0000] {dag.py:3954} INFO - Setting next_dagrun for example_sensor_decorator to None, run_after=None
[2026-04-29T01:01:35.393+0000] {processor.py:183} INFO - Processing /home/airflow/.local/lib/python3.12/site-packages/airflow/example_dags/example_sensor_decorator.py took 0.222 seconds
[2026-04-29T01:02:05.660+0000] {processor.py:161} INFO - Started process (PID=531) to work on /home/airflow/.local/lib/python3.12/site-packages/airflow/example_dags/example_sensor_decorator.py
[2026-04-29T01:02:05.662+0000] {processor.py:830} INFO - Processing file /home/airflow/.local/lib/python3.12/site-packages/airflow/example_dags/example_sensor_decorator.py for tasks to queue
[2026-04-29T01:02:05.671+0000] {logging_mixin.py:188} INFO - [2026-04-29T01:02:05.670+0000] {dagbag.py:540} INFO - Filling up the DagBag from /home/airflow/.local/lib/python3.12/site-packages/airflow/example_dags/example_sensor_decorator.py
[2026-04-29T01:02:05.688+0000] {processor.py:840} INFO - DAG(s) 'example_sensor_decorator' retrieved from /home/airflow/.local/lib/python3.12/site-packages/airflow/example_dags/example_sensor_decorator.py
[2026-04-29T01:02:05.763+0000] {logging_mixin.py:188} INFO - [2026-04-29T01:02:05.763+0000] {dag.py:3096} INFO - Sync 1 DAGs
[2026-04-29T01:02:05.808+0000] {logging_mixin.py:188} INFO - [2026-04-29T01:02:05.808+0000] {dag.py:3954} INFO - Setting next_dagrun for example_sensor_decorator to None, run_after=None
[2026-04-29T01:02:05.893+0000] {processor.py:183} INFO - Processing /home/airflow/.local/lib/python3.12/site-packages/airflow/example_dags/example_sensor_decorator.py took 0.268 seconds
[2026-04-29T01:02:36.174+0000] {processor.py:161} INFO - Started process (PID=590) to work on /home/airflow/.local/lib/python3.12/site-packages/airflow/example_dags/example_sensor_decorator.py
[2026-04-29T01:02:36.177+0000] {processor.py:830} INFO - Processing file /home/airflow/.local/lib/python3.12/site-packages/airflow/example_dags/example_sensor_decorator.py for tasks to queue
[2026-04-29T01:02:36.182+0000] {logging_mixin.py:188} INFO - [2026-04-29T01:02:36.182+0000] {dagbag.py:540} INFO - Filling up the DagBag from /home/airflow/.local/lib/python3.12/site-packages/airflow/example_dags/example_sensor_decorator.py
[2026-04-29T01:02:36.192+0000] {processor.py:840} INFO - DAG(s) 'example_sensor_decorator' retrieved from /home/airflow/.local/lib/python3.12/site-packages/airflow/example_dags/example_sensor_decorator.py
[2026-04-29T01:02:36.226+0000] {logging_mixin.py:188} INFO - [2026-04-29T01:02:36.224+0000] {dag.py:3096} INFO - Sync 1 DAGs
[2026-04-29T01:02:36.263+0000] {logging_mixin.py:188} INFO - [2026-04-29T01:02:36.262+0000] {dag.py:3954} INFO - Setting next_dagrun for example_sensor_decorator to None, run_after=None
[2026-04-29T01:02:36.284+0000] {processor.py:183} INFO - Processing /home/airflow/.local/lib/python3.12/site-packages/airflow/example_dags/example_sensor_decorator.py took 0.120 seconds
[2026-04-29T01:03:06.498+0000] {processor.py:161} INFO - Started process (PID=651) to work on /home/airflow/.local/lib/python3.12/site-packages/airflow/example_dags/example_sensor_decorator.py
[2026-04-29T01:03:06.499+0000] {processor.py:830} INFO - Processing file /home/airflow/.local/lib/python3.12/site-packages/airflow/example_dags/example_sensor_decorator.py for tasks to queue
[2026-04-29T01:03:06.502+0000] {logging_mixin.py:188} INFO - [2026-04-29T01:03:06.501+0000] {dagbag.py:540} INFO - Filling up the DagBag from /home/airflow/.local/lib/python3.12/site-packages/airflow/example_dags/example_sensor_decorator.py
[2026-04-29T01:03:06.530+0000] {processor.py:840} INFO - DAG(s) 'example_sensor_decorator' retrieved from /home/airflow/.local/lib/python3.12/site-packages/airflow/example_dags/example_sensor_decorator.py
[2026-04-29T01:03:06.571+0000] {logging_mixin.py:188} INFO - [2026-04-29T01:03:06.570+0000] {dag.py:3096} INFO - Sync 1 DAGs
[2026-04-29T01:03:06.591+0000] {logging_mixin.py:188} INFO - [2026-04-29T01:03:06.591+0000] {dag.py:3954} INFO - Setting next_dagrun for example_sensor_decorator to None, run_after=None
[2026-04-29T01:03:06.617+0000] {processor.py:183} INFO - Processing /home/airflow/.local/lib/python3.12/site-packages/airflow/example_dags/example_sensor_decorator.py took 0.127 seconds
[2026-04-29T01:03:36.943+0000] {processor.py:161} INFO - Started process (PID=710) to work on /home/airflow/.local/lib/python3.12/site-packages/airflow/example_dags/example_sensor_decorator.py
[2026-04-29T01:03:36.943+0000] {processor.py:830} INFO - Processing file /home/airflow/.local/lib/python3.12/site-packages/airflow/example_dags/example_sensor_decorator.py for tasks to queue
[2026-04-29T01:03:36.945+0000] {logging_mixin.py:188} INFO - [2026-04-29T01:03:36.945+0000] {dagbag.py:540} INFO - Filling up the DagBag from /home/airflow/.local/lib/python3.12/site-packages/airflow/example_dags/example_sensor_decorator.py
[2026-04-29T01:03:36.951+0000] {processor.py:840} INFO - DAG(s) 'example_sensor_decorator' retrieved from /home/airflow/.local/lib/python3.12/site-packages/airflow/example_dags/example_sensor_decorator.py
[2026-04-29T01:03:36.969+0000] {logging_mixin.py:188} INFO - [2026-04-29T01:03:36.969+0000] {dag.py:3096} INFO - Sync 1 DAGs
[2026-04-29T01:03:36.985+0000] {logging_mixin.py:188} INFO - [2026-04-29T01:03:36.985+0000] {dag.py:3954} INFO - Setting next_dagrun for example_sensor_decorator to None, run_after=None
[2026-04-29T01:03:37.005+0000] {processor.py:183} INFO - Processing /home/airflow/.local/lib/python3.12/site-packages/airflow/example_dags/example_sensor_decorator.py took 0.067 seconds
[2026-04-29T01:04:07.827+0000] {processor.py:161} INFO - Started process (PID=771) to work on /home/airflow/.local/lib/python3.12/site-packages/airflow/example_dags/example_sensor_decorator.py
[2026-04-29T01:04:07.828+0000] {processor.py:830} INFO - Processing file /home/airflow/.local/lib/python3.12/site-packages/airflow/example_dags/example_sensor_decorator.py for tasks to queue
[2026-04-29T01:04:07.832+0000] {logging_mixin.py:188} INFO - [2026-04-29T01:04:07.831+0000] {dagbag.py:540} INFO - Filling up the DagBag from /home/airflow/.local/lib/python3.12/site-packages/airflow/example_dags/example_sensor_decorator.py
[2026-04-29T01:04:07.841+0000] {processor.py:840} INFO - DAG(s) 'example_sensor_decorator' retrieved from /home/airflow/.local/lib/python3.12/site-packages/airflow/example_dags/example_sensor_decorator.py
[2026-04-29T01:04:07.889+0000] {logging_mixin.py:188} INFO - [2026-04-29T01:04:07.888+0000] {dag.py:3096} INFO - Sync 1 DAGs
[2026-04-29T01:04:07.923+0000] {logging_mixin.py:188} INFO - [2026-04-29T01:04:07.922+0000] {dag.py:3954} INFO - Setting next_dagrun for example_sensor_decorator to None, run_after=None
[2026-04-29T01:04:07.958+0000] {processor.py:183} INFO - Processing /home/airflow/.local/lib/python3.12/site-packages/airflow/example_dags/example_sensor_decorator.py took 0.139 seconds
[2026-04-29T01:04:38.124+0000] {processor.py:161} INFO - Started process (PID=832) to work on /home/airflow/.local/lib/python3.12/site-packages/airflow/example_dags/example_sensor_decorator.py
[2026-04-29T01:04:38.126+0000] {processor.py:830} INFO - Processing file /home/airflow/.local/lib/python3.12/site-packages/airflow/example_dags/example_sensor_decorator.py for tasks to queue
[2026-04-29T01:04:38.128+0000] {logging_mixin.py:188} INFO - [2026-04-29T01:04:38.128+0000] {dagbag.py:540} INFO - Filling up the DagBag from /home/airflow/.local/lib/python3.12/site-packages/airflow/example_dags/example_sensor_decorator.py
[2026-04-29T01:04:38.137+0000] {processor.py:840} INFO - DAG(s) 'example_sensor_decorator' retrieved from /home/airflow/.local/lib/python3.12/site-packages/airflow/example_dags/example_sensor_decorator.py
[2026-04-29T01:04:38.161+0000] {logging_mixin.py:188} INFO - [2026-04-29T01:04:38.161+0000] {dag.py:3096} INFO - Sync 1 DAGs
[2026-04-29T01:04:38.185+0000] {logging_mixin.py:188} INFO - [2026-04-29T01:04:38.185+0000] {dag.py:3954} INFO - Setting next_dagrun for example_sensor_decorator to None, run_after=None
[2026-04-29T01:04:38.207+0000] {processor.py:183} INFO - Processing /home/airflow/.local/lib/python3.12/site-packages/airflow/example_dags/example_sensor_decorator.py took 0.091 seconds
[2026-04-29T01:05:10.275+0000] {processor.py:161} INFO - Started process (PID=894) to work on /home/airflow/.local/lib/python3.12/site-packages/airflow/example_dags/example_sensor_decorator.py
[2026-04-29T01:05:10.285+0000] {processor.py:830} INFO - Processing file /home/airflow/.local/lib/python3.12/site-packages/airflow/example_dags/example_sensor_decorator.py for tasks to queue
[2026-04-29T01:05:10.292+0000] {logging_mixin.py:188} INFO - [2026-04-29T01:05:10.291+0000] {dagbag.py:540} INFO - Filling up the DagBag from /home/airflow/.local/lib/python3.12/site-packages/airflow/example_dags/example_sensor_decorator.py
[2026-04-29T01:05:10.307+0000] {processor.py:840} INFO - DAG(s) 'example_sensor_decorator' retrieved from /home/airflow/.local/lib/python3.12/site-packages/airflow/example_dags/example_sensor_decorator.py
[2026-04-29T01:05:10.435+0000] {logging_mixin.py:188} INFO - [2026-04-29T01:05:10.431+0000] {dag.py:3096} INFO - Sync 1 DAGs
[2026-04-29T01:05:10.512+0000] {logging_mixin.py:188} INFO - [2026-04-29T01:05:10.512+0000] {dag.py:3954} INFO - Setting next_dagrun for example_sensor_decorator to None, run_after=None
[2026-04-29T01:05:10.612+0000] {processor.py:183} INFO - Processing /home/airflow/.local/lib/python3.12/site-packages/airflow/example_dags/example_sensor_decorator.py took 0.368 seconds
[2026-04-29T01:05:41.536+0000] {processor.py:161} INFO - Started process (PID=954) to work on /home/airflow/.local/lib/python3.12/site-packages/airflow/example_dags/example_sensor_decorator.py
[2026-04-29T01:05:41.537+0000] {processor.py:830} INFO - Processing file /home/airflow/.local/lib/python3.12/site-packages/airflow/example_dags/example_sensor_decorator.py for tasks to queue
[2026-04-29T01:05:41.539+0000] {logging_mixin.py:188} INFO - [2026-04-29T01:05:41.538+0000] {dagbag.py:540} INFO - Filling up the DagBag from /home/airflow/.local/lib/python3.12/site-packages/airflow/example_dags/example_sensor_decorator.py
[2026-04-29T01:05:41.546+0000] {processor.py:840} INFO - DAG(s) 'example_sensor_decorator' retrieved from /home/airflow/.local/lib/python3.12/site-packages/airflow/example_dags/example_sensor_decorator.py
[2026-04-29T01:05:41.575+0000] {logging_mixin.py:188} INFO - [2026-04-29T01:05:41.575+0000] {dag.py:3096} INFO - Sync 1 DAGs
[2026-04-29T01:05:41.591+0000] {logging_mixin.py:188} INFO - [2026-04-29T01:05:41.590+0000] {dag.py:3954} INFO - Setting next_dagrun for example_sensor_decorator to None, run_after=None
[2026-04-29T01:05:41.644+0000] {processor.py:183} INFO - Processing /home/airflow/.local/lib/python3.12/site-packages/airflow/example_dags/example_sensor_decorator.py took 0.120 seconds
[2026-04-29T01:06:12.447+0000] {processor.py:161} INFO - Started process (PID=1014) to work on /home/airflow/.local/lib/python3.12/site-packages/airflow/example_dags/example_sensor_decorator.py
[2026-04-29T01:06:12.448+0000] {processor.py:830} INFO - Processing file /home/airflow/.local/lib/python3.12/site-packages/airflow/example_dags/example_sensor_decorator.py for tasks to queue
[2026-04-29T01:06:12.451+0000] {logging_mixin.py:188} INFO - [2026-04-29T01:06:12.451+0000] {dagbag.py:540} INFO - Filling up the DagBag from /home/airflow/.local/lib/python3.12/site-packages/airflow/example_dags/example_sensor_decorator.py
[2026-04-29T01:06:12.470+0000] {processor.py:840} INFO - DAG(s) 'example_sensor_decorator' retrieved from /home/airflow/.local/lib/python3.12/site-packages/airflow/example_dags/example_sensor_decorator.py
[2026-04-29T01:06:12.620+0000] {logging_mixin.py:188} INFO - [2026-04-29T01:06:12.619+0000] {dag.py:3096} INFO - Sync 1 DAGs
[2026-04-29T01:06:12.666+0000] {logging_mixin.py:188} INFO - [2026-04-29T01:06:12.666+0000] {dag.py:3954} INFO - Setting next_dagrun for example_sensor_decorator to None, run_after=None
[2026-04-29T01:06:12.876+0000] {processor.py:183} INFO - Processing /home/airflow/.local/lib/python3.12/site-packages/airflow/example_dags/example_sensor_decorator.py took 0.443 seconds
[2026-04-29T01:06:43.236+0000] {processor.py:161} INFO - Started process (PID=1074) to work on /home/airflow/.local/lib/python3.12/site-packages/airflow/example_dags/example_sensor_decorator.py
[2026-04-29T01:06:43.245+0000] {processor.py:830} INFO - Processing file /home/airflow/.local/lib/python3.12/site-packages/airflow/example_dags/example_sensor_decorator.py for tasks to queue
[2026-04-29T01:06:43.256+0000] {logging_mixin.py:188} INFO - [2026-04-29T01:06:43.254+0000] {dagbag.py:540} INFO - Filling up the DagBag from /home/airflow/.local/lib/python3.12/site-packages/airflow/example_dags/example_sensor_decorator.py
[2026-04-29T01:06:43.295+0000] {processor.py:840} INFO - DAG(s) 'example_sensor_decorator' retrieved from /home/airflow/.local/lib/python3.12/site-packages/airflow/example_dags/example_sensor_decorator.py
[2026-04-29T01:06:43.393+0000] {logging_mixin.py:188} INFO - [2026-04-29T01:06:43.393+0000] {dag.py:3096} INFO - Sync 1 DAGs
[2026-04-29T01:06:43.543+0000] {logging_mixin.py:188} INFO - [2026-04-29T01:06:43.543+0000] {dag.py:3954} INFO - Setting next_dagrun for example_sensor_decorator to None, run_after=None
[2026-04-29T01:06:43.713+0000] {processor.py:183} INFO - Processing /home/airflow/.local/lib/python3.12/site-packages/airflow/example_dags/example_sensor_decorator.py took 0.524 seconds
[2026-04-29T01:07:14.348+0000] {processor.py:161} INFO - Started process (PID=1134) to work on /home/airflow/.local/lib/python3.12/site-packages/airflow/example_dags/example_sensor_decorator.py
[2026-04-29T01:07:14.349+0000] {processor.py:830} INFO - Processing file /home/airflow/.local/lib/python3.12/site-packages/airflow/example_dags/example_sensor_decorator.py for tasks to queue
[2026-04-29T01:07:14.351+0000] {logging_mixin.py:188} INFO - [2026-04-29T01:07:14.350+0000] {dagbag.py:540} INFO - Filling up the DagBag from /home/airflow/.local/lib/python3.12/site-packages/airflow/example_dags/example_sensor_decorator.py
[2026-04-29T01:07:14.358+0000] {processor.py:840} INFO - DAG(s) 'example_sensor_decorator' retrieved from /home/airflow/.local/lib/python3.12/site-packages/airflow/example_dags/example_sensor_decorator.py
[2026-04-29T01:07:14.381+0000] {logging_mixin.py:188} INFO - [2026-04-29T01:07:14.381+0000] {dag.py:3096} INFO - Sync 1 DAGs
[2026-04-29T01:07:14.616+0000] {logging_mixin.py:188} INFO - [2026-04-29T01:07:14.616+0000] {dag.py:3954} INFO - Setting next_dagrun for example_sensor_decorator to None, run_after=None
[2026-04-29T01:07:14.634+0000] {processor.py:183} INFO - Processing /home/airflow/.local/lib/python3.12/site-packages/airflow/example_dags/example_sensor_decorator.py took 0.293 seconds
[2026-04-29T01:07:46.754+0000] {processor.py:161} INFO - Started process (PID=1193) to work on /home/airflow/.local/lib/python3.12/site-packages/airflow/example_dags/example_sensor_decorator.py
[2026-04-29T01:07:46.755+0000] {processor.py:830} INFO - Processing file /home/airflow/.local/lib/python3.12/site-packages/airflow/example_dags/example_sensor_decorator.py for tasks to queue
[2026-04-29T01:07:46.758+0000] {logging_mixin.py:188} INFO - [2026-04-29T01:07:46.757+0000] {dagbag.py:540} INFO - Filling up the DagBag from /home/airflow/.local/lib/python3.12/site-packages/airflow/example_dags/example_sensor_decorator.py
[2026-04-29T01:07:46.765+0000] {processor.py:840} INFO - DAG(s) 'example_sensor_decorator' retrieved from /home/airflow/.local/lib/python3.12/site-packages/airflow/example_dags/example_sensor_decorator.py
[2026-04-29T01:07:46.788+0000] {logging_mixin.py:188} INFO - [2026-04-29T01:07:46.788+0000] {dag.py:3096} INFO - Sync 1 DAGs
[2026-04-29T01:07:46.803+0000] {logging_mixin.py:188} INFO - [2026-04-29T01:07:46.803+0000] {dag.py:3954} INFO - Setting next_dagrun for example_sensor_decorator to None, run_after=None
[2026-04-29T01:07:47.023+0000] {processor.py:183} INFO - Processing /home/airflow/.local/lib/python3.12/site-packages/airflow/example_dags/example_sensor_decorator.py took 0.277 seconds
[2026-04-29T01:08:17.485+0000] {processor.py:161} INFO - Started process (PID=1253) to work on /home/airflow/.local/lib/python3.12/site-packages/airflow/example_dags/example_sensor_decorator.py
[2026-04-29T01:08:17.486+0000] {processor.py:830} INFO - Processing file /home/airflow/.local/lib/python3.12/site-packages/airflow/example_dags/example_sensor_decorator.py for tasks to queue
[2026-04-29T01:08:17.488+0000] {logging_mixin.py:188} INFO - [2026-04-29T01:08:17.488+0000] {dagbag.py:540} INFO - Filling up the DagBag from /home/airflow/.local/lib/python3.12/site-packages/airflow/example_dags/example_sensor_decorator.py
[2026-04-29T01:08:17.496+0000] {processor.py:840} INFO - DAG(s) 'example_sensor_decorator' retrieved from /home/airflow/.local/lib/python3.12/site-packages/airflow/example_dags/example_sensor_decorator.py
[2026-04-29T01:08:17.520+0000] {logging_mixin.py:188} INFO - [2026-04-29T01:08:17.520+0000] {dag.py:3096} INFO - Sync 1 DAGs
[2026-04-29T01:08:17.535+0000] {logging_mixin.py:188} INFO - [2026-04-29T01:08:17.535+0000] {dag.py:3954} INFO - Setting next_dagrun for example_sensor_decorator to None, run_after=None
[2026-04-29T01:08:17.559+0000] {processor.py:183} INFO - Processing /home/airflow/.local/lib/python3.12/site-packages/airflow/example_dags/example_sensor_decorator.py took 0.082 seconds
[2026-04-29T01:08:50.051+0000] {processor.py:161} INFO - Started process (PID=1313) to work on /home/airflow/.local/lib/python3.12/site-packages/airflow/example_dags/example_sensor_decorator.py
[2026-04-29T01:08:50.064+0000] {processor.py:830} INFO - Processing file /home/airflow/.local/lib/python3.12/site-packages/airflow/example_dags/example_sensor_decorator.py for tasks to queue
[2026-04-29T01:08:50.081+0000] {logging_mixin.py:188} INFO - [2026-04-29T01:08:50.075+0000] {dagbag.py:540} INFO - Filling up the DagBag from /home/airflow/.local/lib/python3.12/site-packages/airflow/example_dags/example_sensor_decorator.py
[2026-04-29T01:08:50.121+0000] {processor.py:840} INFO - DAG(s) 'example_sensor_decorator' retrieved from /home/airflow/.local/lib/python3.12/site-packages/airflow/example_dags/example_sensor_decorator.py
[2026-04-29T01:08:50.220+0000] {logging_mixin.py:188} INFO - [2026-04-29T01:08:50.219+0000] {dag.py:3096} INFO - Sync 1 DAGs
[2026-04-29T01:08:50.315+0000] {logging_mixin.py:188} INFO - [2026-04-29T01:08:50.315+0000] {dag.py:3954} INFO - Setting next_dagrun for example_sensor_decorator to None, run_after=None
[2026-04-29T01:08:50.359+0000] {processor.py:183} INFO - Processing /home/airflow/.local/lib/python3.12/site-packages/airflow/example_dags/example_sensor_decorator.py took 0.343 seconds
[2026-04-29T01:09:20.857+0000] {processor.py:161} INFO - Started process (PID=1373) to work on /home/airflow/.local/lib/python3.12/site-packages/airflow/example_dags/example_sensor_decorator.py
[2026-04-29T01:09:20.862+0000] {processor.py:830} INFO - Processing file /home/airflow/.local/lib/python3.12/site-packages/airflow/example_dags/example_sensor_decorator.py for tasks to queue
[2026-04-29T01:09:20.866+0000] {logging_mixin.py:188} INFO - [2026-04-29T01:09:20.865+0000] {dagbag.py:540} INFO - Filling up the DagBag from /home/airflow/.local/lib/python3.12/site-packages/airflow/example_dags/example_sensor_decorator.py
[2026-04-29T01:09:20.878+0000] {processor.py:840} INFO - DAG(s) 'example_sensor_decorator' retrieved from /home/airflow/.local/lib/python3.12/site-packages/airflow/example_dags/example_sensor_decorator.py
[2026-04-29T01:09:20.921+0000] {logging_mixin.py:188} INFO - [2026-04-29T01:09:20.921+0000] {dag.py:3096} INFO - Sync 1 DAGs
[2026-04-29T01:09:20.934+0000] {logging_mixin.py:188} INFO - [2026-04-29T01:09:20.934+0000] {dag.py:3954} INFO - Setting next_dagrun for example_sensor_decorator to None, run_after=None
[2026-04-29T01:09:20.975+0000] {processor.py:183} INFO - Processing /home/airflow/.local/lib/python3.12/site-packages/airflow/example_dags/example_sensor_decorator.py took 0.137 seconds
[2026-04-29T01:09:51.894+0000] {processor.py:161} INFO - Started process (PID=1433) to work on /home/airflow/.local/lib/python3.12/site-packages/airflow/example_dags/example_sensor_decorator.py
[2026-04-29T01:09:51.896+0000] {processor.py:830} INFO - Processing file /home/airflow/.local/lib/python3.12/site-packages/airflow/example_dags/example_sensor_decorator.py for tasks to queue
[2026-04-29T01:09:51.898+0000] {logging_mixin.py:188} INFO - [2026-04-29T01:09:51.898+0000] {dagbag.py:540} INFO - Filling up the DagBag from /home/airflow/.local/lib/python3.12/site-packages/airflow/example_dags/example_sensor_decorator.py
[2026-04-29T01:09:51.906+0000] {processor.py:840} INFO - DAG(s) 'example_sensor_decorator' retrieved from /home/airflow/.local/lib/python3.12/site-packages/airflow/example_dags/example_sensor_decorator.py
[2026-04-29T01:09:51.930+0000] {logging_mixin.py:188} INFO - [2026-04-29T01:09:51.929+0000] {dag.py:3096} INFO - Sync 1 DAGs
[2026-04-29T01:09:51.945+0000] {logging_mixin.py:188} INFO - [2026-04-29T01:09:51.945+0000] {dag.py:3954} INFO - Setting next_dagrun for example_sensor_decorator to None, run_after=None
[2026-04-29T01:09:51.966+0000] {processor.py:183} INFO - Processing /home/airflow/.local/lib/python3.12/site-packages/airflow/example_dags/example_sensor_decorator.py took 0.083 seconds
[2026-04-29T01:10:23.003+0000] {processor.py:161} INFO - Started process (PID=1493) to work on /home/airflow/.local/lib/python3.12/site-packages/airflow/example_dags/example_sensor_decorator.py
[2026-04-29T01:10:23.007+0000] {processor.py:830} INFO - Processing file /home/airflow/.local/lib/python3.12/site-packages/airflow/example_dags/example_sensor_decorator.py for tasks to queue
[2026-04-29T01:10:23.012+0000] {logging_mixin.py:188} INFO - [2026-04-29T01:10:23.011+0000] {dagbag.py:540} INFO - Filling up the DagBag from /home/airflow/.local/lib/python3.12/site-packages/airflow/example_dags/example_sensor_decorator.py
[2026-04-29T01:10:23.020+0000] {processor.py:840} INFO - DAG(s) 'example_sensor_decorator' retrieved from /home/airflow/.local/lib/python3.12/site-packages/airflow/example_dags/example_sensor_decorator.py
[2026-04-29T01:10:23.045+0000] {logging_mixin.py:188} INFO - [2026-04-29T01:10:23.045+0000] {dag.py:3096} INFO - Sync 1 DAGs
[2026-04-29T01:10:23.064+0000] {logging_mixin.py:188} INFO - [2026-04-29T01:10:23.063+0000] {dag.py:3954} INFO - Setting next_dagrun for example_sensor_decorator to None, run_after=None
[2026-04-29T01:10:23.093+0000] {processor.py:183} INFO - Processing /home/airflow/.local/lib/python3.12/site-packages/airflow/example_dags/example_sensor_decorator.py took 0.099 seconds
[2026-04-29T01:10:53.727+0000] {processor.py:161} INFO - Started process (PID=1553) to work on /home/airflow/.local/lib/python3.12/site-packages/airflow/example_dags/example_sensor_decorator.py
[2026-04-29T01:10:53.728+0000] {processor.py:830} INFO - Processing file /home/airflow/.local/lib/python3.12/site-packages/airflow/example_dags/example_sensor_decorator.py for tasks to queue
[2026-04-29T01:10:53.731+0000] {logging_mixin.py:188} INFO - [2026-04-29T01:10:53.730+0000] {dagbag.py:540} INFO - Filling up the DagBag from /home/airflow/.local/lib/python3.12/site-packages/airflow/example_dags/example_sensor_decorator.py
[2026-04-29T01:10:53.749+0000] {processor.py:840} INFO - DAG(s) 'example_sensor_decorator' retrieved from /home/airflow/.local/lib/python3.12/site-packages/airflow/example_dags/example_sensor_decorator.py
[2026-04-29T01:10:53.783+0000] {logging_mixin.py:188} INFO - [2026-04-29T01:10:53.783+0000] {dag.py:3096} INFO - Sync 1 DAGs
[2026-04-29T01:10:53.801+0000] {logging_mixin.py:188} INFO - [2026-04-29T01:10:53.801+0000] {dag.py:3954} INFO - Setting next_dagrun for example_sensor_decorator to None, run_after=None
[2026-04-29T01:10:53.822+0000] {processor.py:183} INFO - Processing /home/airflow/.local/lib/python3.12/site-packages/airflow/example_dags/example_sensor_decorator.py took 0.102 seconds
[2026-04-29T01:11:24.252+0000] {processor.py:161} INFO - Started process (PID=1612) to work on /home/airflow/.local/lib/python3.12/site-packages/airflow/example_dags/example_sensor_decorator.py
[2026-04-29T01:11:24.255+0000] {processor.py:830} INFO - Processing file /home/airflow/.local/lib/python3.12/site-packages/airflow/example_dags/example_sensor_decorator.py for tasks to queue
[2026-04-29T01:11:24.259+0000] {logging_mixin.py:188} INFO - [2026-04-29T01:11:24.259+0000] {dagbag.py:540} INFO - Filling up the DagBag from /home/airflow/.local/lib/python3.12/site-packages/airflow/example_dags/example_sensor_decorator.py
[2026-04-29T01:11:24.279+0000] {processor.py:840} INFO - DAG(s) 'example_sensor_decorator' retrieved from /home/airflow/.local/lib/python3.12/site-packages/airflow/example_dags/example_sensor_decorator.py
[2026-04-29T01:11:24.342+0000] {logging_mixin.py:188} INFO - [2026-04-29T01:11:24.341+0000] {dag.py:3096} INFO - Sync 1 DAGs
[2026-04-29T01:11:24.395+0000] {logging_mixin.py:188} INFO - [2026-04-29T01:11:24.392+0000] {dag.py:3954} INFO - Setting next_dagrun for example_sensor_decorator to None, run_after=None
[2026-04-29T01:11:24.455+0000] {processor.py:183} INFO - Processing /home/airflow/.local/lib/python3.12/site-packages/airflow/example_dags/example_sensor_decorator.py took 0.227 seconds
