[2026-04-29T00:54:51.701+0000] {processor.py:161} INFO - Started process (PID=63) to work on /home/airflow/.local/lib/python3.12/site-packages/airflow/example_dags/example_xcomargs.py
[2026-04-29T00:54:51.711+0000] {processor.py:830} INFO - Processing file /home/airflow/.local/lib/python3.12/site-packages/airflow/example_dags/example_xcomargs.py for tasks to queue
[2026-04-29T00:54:51.723+0000] {logging_mixin.py:188} INFO - [2026-04-29T00:54:51.722+0000] {dagbag.py:540} INFO - Filling up the DagBag from /home/airflow/.local/lib/python3.12/site-packages/airflow/example_dags/example_xcomargs.py
[2026-04-29T00:54:51.818+0000] {processor.py:840} INFO - DAG(s) 'example_xcom_args', 'example_xcom_args_with_operators' retrieved from /home/airflow/.local/lib/python3.12/site-packages/airflow/example_dags/example_xcomargs.py
[2026-04-29T00:54:51.998+0000] {logging_mixin.py:188} INFO - [2026-04-29T00:54:51.997+0000] {dag.py:3096} INFO - Sync 2 DAGs
[2026-04-29T00:54:52.092+0000] {logging_mixin.py:188} INFO - [2026-04-29T00:54:52.092+0000] {dag.py:3954} INFO - Setting next_dagrun for example_xcom_args to None, run_after=None
[2026-04-29T00:54:52.140+0000] {logging_mixin.py:188} INFO - [2026-04-29T00:54:52.139+0000] {dag.py:3954} INFO - Setting next_dagrun for example_xcom_args_with_operators to None, run_after=None
[2026-04-29T00:54:52.259+0000] {processor.py:183} INFO - Processing /home/airflow/.local/lib/python3.12/site-packages/airflow/example_dags/example_xcomargs.py took 0.593 seconds
[2026-04-29T00:58:12.149+0000] {processor.py:161} INFO - Started process (PID=71) to work on /home/airflow/.local/lib/python3.12/site-packages/airflow/example_dags/example_xcomargs.py
[2026-04-29T00:58:12.151+0000] {processor.py:830} INFO - Processing file /home/airflow/.local/lib/python3.12/site-packages/airflow/example_dags/example_xcomargs.py for tasks to queue
[2026-04-29T00:58:12.156+0000] {logging_mixin.py:188} INFO - [2026-04-29T00:58:12.155+0000] {dagbag.py:540} INFO - Filling up the DagBag from /home/airflow/.local/lib/python3.12/site-packages/airflow/example_dags/example_xcomargs.py
[2026-04-29T00:58:12.184+0000] {processor.py:840} INFO - DAG(s) 'example_xcom_args', 'example_xcom_args_with_operators' retrieved from /home/airflow/.local/lib/python3.12/site-packages/airflow/example_dags/example_xcomargs.py
[2026-04-29T00:58:13.213+0000] {logging_mixin.py:188} INFO - [2026-04-29T00:58:13.207+0000] {override.py:1829} INFO - Created Permission View: can edit on DAG:example_xcom_args
[2026-04-29T00:58:13.360+0000] {logging_mixin.py:188} INFO - [2026-04-29T00:58:13.359+0000] {override.py:1829} INFO - Created Permission View: can delete on DAG:example_xcom_args
[2026-04-29T00:58:13.386+0000] {logging_mixin.py:188} INFO - [2026-04-29T00:58:13.385+0000] {override.py:1829} INFO - Created Permission View: can read on DAG:example_xcom_args
[2026-04-29T00:58:13.447+0000] {logging_mixin.py:188} INFO - [2026-04-29T00:58:13.446+0000] {override.py:1829} INFO - Created Permission View: can edit on DAG:example_xcom_args_with_operators
[2026-04-29T00:58:13.490+0000] {logging_mixin.py:188} INFO - [2026-04-29T00:58:13.490+0000] {override.py:1829} INFO - Created Permission View: can delete on DAG:example_xcom_args_with_operators
[2026-04-29T00:58:13.555+0000] {logging_mixin.py:188} INFO - [2026-04-29T00:58:13.555+0000] {override.py:1829} INFO - Created Permission View: can read on DAG:example_xcom_args_with_operators
[2026-04-29T00:58:13.556+0000] {logging_mixin.py:188} INFO - [2026-04-29T00:58:13.556+0000] {dag.py:3096} INFO - Sync 2 DAGs
[2026-04-29T00:58:13.654+0000] {logging_mixin.py:188} INFO - [2026-04-29T00:58:13.653+0000] {dag.py:3118} INFO - Creating ORM DAG for example_xcom_args_with_operators
[2026-04-29T00:58:13.657+0000] {logging_mixin.py:188} INFO - [2026-04-29T00:58:13.657+0000] {dag.py:3118} INFO - Creating ORM DAG for example_xcom_args
[2026-04-29T00:58:13.660+0000] {logging_mixin.py:188} INFO - [2026-04-29T00:58:13.660+0000] {dag.py:3954} INFO - Setting next_dagrun for example_xcom_args to None, run_after=None
[2026-04-29T00:58:13.663+0000] {logging_mixin.py:188} INFO - [2026-04-29T00:58:13.663+0000] {dag.py:3954} INFO - Setting next_dagrun for example_xcom_args_with_operators to None, run_after=None
[2026-04-29T00:58:13.788+0000] {processor.py:183} INFO - Processing /home/airflow/.local/lib/python3.12/site-packages/airflow/example_dags/example_xcomargs.py took 1.652 seconds
[2026-04-29T00:58:44.652+0000] {processor.py:161} INFO - Started process (PID=131) to work on /home/airflow/.local/lib/python3.12/site-packages/airflow/example_dags/example_xcomargs.py
[2026-04-29T00:58:44.653+0000] {processor.py:830} INFO - Processing file /home/airflow/.local/lib/python3.12/site-packages/airflow/example_dags/example_xcomargs.py for tasks to queue
[2026-04-29T00:58:44.655+0000] {logging_mixin.py:188} INFO - [2026-04-29T00:58:44.654+0000] {dagbag.py:540} INFO - Filling up the DagBag from /home/airflow/.local/lib/python3.12/site-packages/airflow/example_dags/example_xcomargs.py
[2026-04-29T00:58:44.687+0000] {processor.py:840} INFO - DAG(s) 'example_xcom_args_with_operators', 'example_xcom_args' retrieved from /home/airflow/.local/lib/python3.12/site-packages/airflow/example_dags/example_xcomargs.py
[2026-04-29T00:58:44.745+0000] {logging_mixin.py:188} INFO - [2026-04-29T00:58:44.745+0000] {dag.py:3096} INFO - Sync 2 DAGs
[2026-04-29T00:58:44.791+0000] {logging_mixin.py:188} INFO - [2026-04-29T00:58:44.790+0000] {dag.py:3954} INFO - Setting next_dagrun for example_xcom_args to None, run_after=None
[2026-04-29T00:58:44.802+0000] {logging_mixin.py:188} INFO - [2026-04-29T00:58:44.802+0000] {dag.py:3954} INFO - Setting next_dagrun for example_xcom_args_with_operators to None, run_after=None
[2026-04-29T00:58:44.839+0000] {processor.py:183} INFO - Processing /home/airflow/.local/lib/python3.12/site-packages/airflow/example_dags/example_xcomargs.py took 0.195 seconds
[2026-04-29T00:59:14.995+0000] {processor.py:161} INFO - Started process (PID=191) to work on /home/airflow/.local/lib/python3.12/site-packages/airflow/example_dags/example_xcomargs.py
[2026-04-29T00:59:14.997+0000] {processor.py:830} INFO - Processing file /home/airflow/.local/lib/python3.12/site-packages/airflow/example_dags/example_xcomargs.py for tasks to queue
[2026-04-29T00:59:14.999+0000] {logging_mixin.py:188} INFO - [2026-04-29T00:59:14.999+0000] {dagbag.py:540} INFO - Filling up the DagBag from /home/airflow/.local/lib/python3.12/site-packages/airflow/example_dags/example_xcomargs.py
[2026-04-29T00:59:15.010+0000] {processor.py:840} INFO - DAG(s) 'example_xcom_args_with_operators', 'example_xcom_args' retrieved from /home/airflow/.local/lib/python3.12/site-packages/airflow/example_dags/example_xcomargs.py
[2026-04-29T00:59:15.042+0000] {logging_mixin.py:188} INFO - [2026-04-29T00:59:15.042+0000] {dag.py:3096} INFO - Sync 2 DAGs
[2026-04-29T00:59:15.059+0000] {logging_mixin.py:188} INFO - [2026-04-29T00:59:15.059+0000] {dag.py:3954} INFO - Setting next_dagrun for example_xcom_args to None, run_after=None
[2026-04-29T00:59:15.064+0000] {logging_mixin.py:188} INFO - [2026-04-29T00:59:15.064+0000] {dag.py:3954} INFO - Setting next_dagrun for example_xcom_args_with_operators to None, run_after=None
[2026-04-29T00:59:15.085+0000] {processor.py:183} INFO - Processing /home/airflow/.local/lib/python3.12/site-packages/airflow/example_dags/example_xcomargs.py took 0.096 seconds
[2026-04-29T00:59:45.490+0000] {processor.py:161} INFO - Started process (PID=250) to work on /home/airflow/.local/lib/python3.12/site-packages/airflow/example_dags/example_xcomargs.py
[2026-04-29T00:59:45.491+0000] {processor.py:830} INFO - Processing file /home/airflow/.local/lib/python3.12/site-packages/airflow/example_dags/example_xcomargs.py for tasks to queue
[2026-04-29T00:59:45.493+0000] {logging_mixin.py:188} INFO - [2026-04-29T00:59:45.493+0000] {dagbag.py:540} INFO - Filling up the DagBag from /home/airflow/.local/lib/python3.12/site-packages/airflow/example_dags/example_xcomargs.py
[2026-04-29T00:59:45.503+0000] {processor.py:840} INFO - DAG(s) 'example_xcom_args_with_operators', 'example_xcom_args' retrieved from /home/airflow/.local/lib/python3.12/site-packages/airflow/example_dags/example_xcomargs.py
[2026-04-29T00:59:45.534+0000] {logging_mixin.py:188} INFO - [2026-04-29T00:59:45.534+0000] {dag.py:3096} INFO - Sync 2 DAGs
[2026-04-29T00:59:45.553+0000] {logging_mixin.py:188} INFO - [2026-04-29T00:59:45.553+0000] {dag.py:3954} INFO - Setting next_dagrun for example_xcom_args to None, run_after=None
[2026-04-29T00:59:45.558+0000] {logging_mixin.py:188} INFO - [2026-04-29T00:59:45.558+0000] {dag.py:3954} INFO - Setting next_dagrun for example_xcom_args_with_operators to None, run_after=None
[2026-04-29T00:59:45.579+0000] {processor.py:183} INFO - Processing /home/airflow/.local/lib/python3.12/site-packages/airflow/example_dags/example_xcomargs.py took 0.095 seconds
[2026-04-29T01:00:16.184+0000] {processor.py:161} INFO - Started process (PID=309) to work on /home/airflow/.local/lib/python3.12/site-packages/airflow/example_dags/example_xcomargs.py
[2026-04-29T01:00:16.185+0000] {processor.py:830} INFO - Processing file /home/airflow/.local/lib/python3.12/site-packages/airflow/example_dags/example_xcomargs.py for tasks to queue
[2026-04-29T01:00:16.193+0000] {logging_mixin.py:188} INFO - [2026-04-29T01:00:16.191+0000] {dagbag.py:540} INFO - Filling up the DagBag from /home/airflow/.local/lib/python3.12/site-packages/airflow/example_dags/example_xcomargs.py
[2026-04-29T01:00:16.215+0000] {processor.py:840} INFO - DAG(s) 'example_xcom_args', 'example_xcom_args_with_operators' retrieved from /home/airflow/.local/lib/python3.12/site-packages/airflow/example_dags/example_xcomargs.py
[2026-04-29T01:00:16.253+0000] {logging_mixin.py:188} INFO - [2026-04-29T01:00:16.252+0000] {dag.py:3096} INFO - Sync 2 DAGs
[2026-04-29T01:00:16.270+0000] {logging_mixin.py:188} INFO - [2026-04-29T01:00:16.270+0000] {dag.py:3954} INFO - Setting next_dagrun for example_xcom_args to None, run_after=None
[2026-04-29T01:00:16.275+0000] {logging_mixin.py:188} INFO - [2026-04-29T01:00:16.275+0000] {dag.py:3954} INFO - Setting next_dagrun for example_xcom_args_with_operators to None, run_after=None
[2026-04-29T01:00:16.305+0000] {processor.py:183} INFO - Processing /home/airflow/.local/lib/python3.12/site-packages/airflow/example_dags/example_xcomargs.py took 0.129 seconds
[2026-04-29T01:00:46.830+0000] {processor.py:161} INFO - Started process (PID=370) to work on /home/airflow/.local/lib/python3.12/site-packages/airflow/example_dags/example_xcomargs.py
[2026-04-29T01:00:46.837+0000] {processor.py:830} INFO - Processing file /home/airflow/.local/lib/python3.12/site-packages/airflow/example_dags/example_xcomargs.py for tasks to queue
[2026-04-29T01:00:46.846+0000] {logging_mixin.py:188} INFO - [2026-04-29T01:00:46.846+0000] {dagbag.py:540} INFO - Filling up the DagBag from /home/airflow/.local/lib/python3.12/site-packages/airflow/example_dags/example_xcomargs.py
[2026-04-29T01:00:46.862+0000] {processor.py:840} INFO - DAG(s) 'example_xcom_args_with_operators', 'example_xcom_args' retrieved from /home/airflow/.local/lib/python3.12/site-packages/airflow/example_dags/example_xcomargs.py
[2026-04-29T01:00:46.981+0000] {logging_mixin.py:188} INFO - [2026-04-29T01:00:46.980+0000] {dag.py:3096} INFO - Sync 2 DAGs
[2026-04-29T01:00:47.053+0000] {logging_mixin.py:188} INFO - [2026-04-29T01:00:47.052+0000] {dag.py:3954} INFO - Setting next_dagrun for example_xcom_args to None, run_after=None
[2026-04-29T01:00:47.065+0000] {logging_mixin.py:188} INFO - [2026-04-29T01:00:47.064+0000] {dag.py:3954} INFO - Setting next_dagrun for example_xcom_args_with_operators to None, run_after=None
[2026-04-29T01:00:47.213+0000] {processor.py:183} INFO - Processing /home/airflow/.local/lib/python3.12/site-packages/airflow/example_dags/example_xcomargs.py took 0.397 seconds
[2026-04-29T01:01:17.442+0000] {processor.py:161} INFO - Started process (PID=429) to work on /home/airflow/.local/lib/python3.12/site-packages/airflow/example_dags/example_xcomargs.py
[2026-04-29T01:01:17.451+0000] {processor.py:830} INFO - Processing file /home/airflow/.local/lib/python3.12/site-packages/airflow/example_dags/example_xcomargs.py for tasks to queue
[2026-04-29T01:01:17.486+0000] {logging_mixin.py:188} INFO - [2026-04-29T01:01:17.472+0000] {dagbag.py:540} INFO - Filling up the DagBag from /home/airflow/.local/lib/python3.12/site-packages/airflow/example_dags/example_xcomargs.py
[2026-04-29T01:01:17.630+0000] {processor.py:840} INFO - DAG(s) 'example_xcom_args_with_operators', 'example_xcom_args' retrieved from /home/airflow/.local/lib/python3.12/site-packages/airflow/example_dags/example_xcomargs.py
[2026-04-29T01:01:17.724+0000] {logging_mixin.py:188} INFO - [2026-04-29T01:01:17.724+0000] {dag.py:3096} INFO - Sync 2 DAGs
[2026-04-29T01:01:17.770+0000] {logging_mixin.py:188} INFO - [2026-04-29T01:01:17.767+0000] {dag.py:3954} INFO - Setting next_dagrun for example_xcom_args to None, run_after=None
[2026-04-29T01:01:17.796+0000] {logging_mixin.py:188} INFO - [2026-04-29T01:01:17.795+0000] {dag.py:3954} INFO - Setting next_dagrun for example_xcom_args_with_operators to None, run_after=None
[2026-04-29T01:01:17.881+0000] {processor.py:183} INFO - Processing /home/airflow/.local/lib/python3.12/site-packages/airflow/example_dags/example_xcomargs.py took 0.501 seconds
[2026-04-29T01:01:48.021+0000] {processor.py:161} INFO - Started process (PID=488) to work on /home/airflow/.local/lib/python3.12/site-packages/airflow/example_dags/example_xcomargs.py
[2026-04-29T01:01:48.024+0000] {processor.py:830} INFO - Processing file /home/airflow/.local/lib/python3.12/site-packages/airflow/example_dags/example_xcomargs.py for tasks to queue
[2026-04-29T01:01:48.027+0000] {logging_mixin.py:188} INFO - [2026-04-29T01:01:48.027+0000] {dagbag.py:540} INFO - Filling up the DagBag from /home/airflow/.local/lib/python3.12/site-packages/airflow/example_dags/example_xcomargs.py
[2026-04-29T01:01:48.051+0000] {processor.py:840} INFO - DAG(s) 'example_xcom_args', 'example_xcom_args_with_operators' retrieved from /home/airflow/.local/lib/python3.12/site-packages/airflow/example_dags/example_xcomargs.py
[2026-04-29T01:01:48.089+0000] {logging_mixin.py:188} INFO - [2026-04-29T01:01:48.089+0000] {dag.py:3096} INFO - Sync 2 DAGs
[2026-04-29T01:01:48.112+0000] {logging_mixin.py:188} INFO - [2026-04-29T01:01:48.111+0000] {dag.py:3954} INFO - Setting next_dagrun for example_xcom_args to None, run_after=None
[2026-04-29T01:01:48.122+0000] {logging_mixin.py:188} INFO - [2026-04-29T01:01:48.120+0000] {dag.py:3954} INFO - Setting next_dagrun for example_xcom_args_with_operators to None, run_after=None
[2026-04-29T01:01:48.162+0000] {processor.py:183} INFO - Processing /home/airflow/.local/lib/python3.12/site-packages/airflow/example_dags/example_xcomargs.py took 0.153 seconds
[2026-04-29T01:02:18.361+0000] {processor.py:161} INFO - Started process (PID=547) to work on /home/airflow/.local/lib/python3.12/site-packages/airflow/example_dags/example_xcomargs.py
[2026-04-29T01:02:18.362+0000] {processor.py:830} INFO - Processing file /home/airflow/.local/lib/python3.12/site-packages/airflow/example_dags/example_xcomargs.py for tasks to queue
[2026-04-29T01:02:18.364+0000] {logging_mixin.py:188} INFO - [2026-04-29T01:02:18.363+0000] {dagbag.py:540} INFO - Filling up the DagBag from /home/airflow/.local/lib/python3.12/site-packages/airflow/example_dags/example_xcomargs.py
[2026-04-29T01:02:18.374+0000] {processor.py:840} INFO - DAG(s) 'example_xcom_args_with_operators', 'example_xcom_args' retrieved from /home/airflow/.local/lib/python3.12/site-packages/airflow/example_dags/example_xcomargs.py
[2026-04-29T01:02:18.403+0000] {logging_mixin.py:188} INFO - [2026-04-29T01:02:18.403+0000] {dag.py:3096} INFO - Sync 2 DAGs
[2026-04-29T01:02:18.418+0000] {logging_mixin.py:188} INFO - [2026-04-29T01:02:18.418+0000] {dag.py:3954} INFO - Setting next_dagrun for example_xcom_args to None, run_after=None
[2026-04-29T01:02:18.423+0000] {logging_mixin.py:188} INFO - [2026-04-29T01:02:18.422+0000] {dag.py:3954} INFO - Setting next_dagrun for example_xcom_args_with_operators to None, run_after=None
[2026-04-29T01:02:18.445+0000] {processor.py:183} INFO - Processing /home/airflow/.local/lib/python3.12/site-packages/airflow/example_dags/example_xcomargs.py took 0.091 seconds
[2026-04-29T01:02:48.560+0000] {processor.py:161} INFO - Started process (PID=606) to work on /home/airflow/.local/lib/python3.12/site-packages/airflow/example_dags/example_xcomargs.py
[2026-04-29T01:02:48.564+0000] {processor.py:830} INFO - Processing file /home/airflow/.local/lib/python3.12/site-packages/airflow/example_dags/example_xcomargs.py for tasks to queue
[2026-04-29T01:02:48.568+0000] {logging_mixin.py:188} INFO - [2026-04-29T01:02:48.568+0000] {dagbag.py:540} INFO - Filling up the DagBag from /home/airflow/.local/lib/python3.12/site-packages/airflow/example_dags/example_xcomargs.py
[2026-04-29T01:02:48.608+0000] {processor.py:840} INFO - DAG(s) 'example_xcom_args_with_operators', 'example_xcom_args' retrieved from /home/airflow/.local/lib/python3.12/site-packages/airflow/example_dags/example_xcomargs.py
[2026-04-29T01:02:48.652+0000] {logging_mixin.py:188} INFO - [2026-04-29T01:02:48.651+0000] {dag.py:3096} INFO - Sync 2 DAGs
[2026-04-29T01:02:48.675+0000] {logging_mixin.py:188} INFO - [2026-04-29T01:02:48.675+0000] {dag.py:3954} INFO - Setting next_dagrun for example_xcom_args to None, run_after=None
[2026-04-29T01:02:48.683+0000] {logging_mixin.py:188} INFO - [2026-04-29T01:02:48.682+0000] {dag.py:3954} INFO - Setting next_dagrun for example_xcom_args_with_operators to None, run_after=None
[2026-04-29T01:02:48.703+0000] {processor.py:183} INFO - Processing /home/airflow/.local/lib/python3.12/site-packages/airflow/example_dags/example_xcomargs.py took 0.191 seconds
[2026-04-29T01:03:18.883+0000] {processor.py:161} INFO - Started process (PID=666) to work on /home/airflow/.local/lib/python3.12/site-packages/airflow/example_dags/example_xcomargs.py
[2026-04-29T01:03:18.884+0000] {processor.py:830} INFO - Processing file /home/airflow/.local/lib/python3.12/site-packages/airflow/example_dags/example_xcomargs.py for tasks to queue
[2026-04-29T01:03:18.886+0000] {logging_mixin.py:188} INFO - [2026-04-29T01:03:18.886+0000] {dagbag.py:540} INFO - Filling up the DagBag from /home/airflow/.local/lib/python3.12/site-packages/airflow/example_dags/example_xcomargs.py
[2026-04-29T01:03:18.896+0000] {processor.py:840} INFO - DAG(s) 'example_xcom_args', 'example_xcom_args_with_operators' retrieved from /home/airflow/.local/lib/python3.12/site-packages/airflow/example_dags/example_xcomargs.py
[2026-04-29T01:03:18.925+0000] {logging_mixin.py:188} INFO - [2026-04-29T01:03:18.925+0000] {dag.py:3096} INFO - Sync 2 DAGs
[2026-04-29T01:03:18.941+0000] {logging_mixin.py:188} INFO - [2026-04-29T01:03:18.940+0000] {dag.py:3954} INFO - Setting next_dagrun for example_xcom_args to None, run_after=None
[2026-04-29T01:03:18.945+0000] {logging_mixin.py:188} INFO - [2026-04-29T01:03:18.945+0000] {dag.py:3954} INFO - Setting next_dagrun for example_xcom_args_with_operators to None, run_after=None
[2026-04-29T01:03:18.966+0000] {processor.py:183} INFO - Processing /home/airflow/.local/lib/python3.12/site-packages/airflow/example_dags/example_xcomargs.py took 0.090 seconds
[2026-04-29T01:03:49.385+0000] {processor.py:161} INFO - Started process (PID=726) to work on /home/airflow/.local/lib/python3.12/site-packages/airflow/example_dags/example_xcomargs.py
[2026-04-29T01:03:49.388+0000] {processor.py:830} INFO - Processing file /home/airflow/.local/lib/python3.12/site-packages/airflow/example_dags/example_xcomargs.py for tasks to queue
[2026-04-29T01:03:49.393+0000] {logging_mixin.py:188} INFO - [2026-04-29T01:03:49.390+0000] {dagbag.py:540} INFO - Filling up the DagBag from /home/airflow/.local/lib/python3.12/site-packages/airflow/example_dags/example_xcomargs.py
[2026-04-29T01:03:49.420+0000] {processor.py:840} INFO - DAG(s) 'example_xcom_args_with_operators', 'example_xcom_args' retrieved from /home/airflow/.local/lib/python3.12/site-packages/airflow/example_dags/example_xcomargs.py
[2026-04-29T01:03:49.467+0000] {logging_mixin.py:188} INFO - [2026-04-29T01:03:49.467+0000] {dag.py:3096} INFO - Sync 2 DAGs
[2026-04-29T01:03:49.499+0000] {logging_mixin.py:188} INFO - [2026-04-29T01:03:49.498+0000] {dag.py:3954} INFO - Setting next_dagrun for example_xcom_args to None, run_after=None
[2026-04-29T01:03:49.503+0000] {logging_mixin.py:188} INFO - [2026-04-29T01:03:49.503+0000] {dag.py:3954} INFO - Setting next_dagrun for example_xcom_args_with_operators to None, run_after=None
[2026-04-29T01:03:49.521+0000] {processor.py:183} INFO - Processing /home/airflow/.local/lib/python3.12/site-packages/airflow/example_dags/example_xcomargs.py took 0.142 seconds
[2026-04-29T01:04:19.943+0000] {processor.py:161} INFO - Started process (PID=787) to work on /home/airflow/.local/lib/python3.12/site-packages/airflow/example_dags/example_xcomargs.py
[2026-04-29T01:04:19.947+0000] {processor.py:830} INFO - Processing file /home/airflow/.local/lib/python3.12/site-packages/airflow/example_dags/example_xcomargs.py for tasks to queue
[2026-04-29T01:04:19.950+0000] {logging_mixin.py:188} INFO - [2026-04-29T01:04:19.950+0000] {dagbag.py:540} INFO - Filling up the DagBag from /home/airflow/.local/lib/python3.12/site-packages/airflow/example_dags/example_xcomargs.py
[2026-04-29T01:04:19.975+0000] {processor.py:840} INFO - DAG(s) 'example_xcom_args', 'example_xcom_args_with_operators' retrieved from /home/airflow/.local/lib/python3.12/site-packages/airflow/example_dags/example_xcomargs.py
[2026-04-29T01:04:20.034+0000] {logging_mixin.py:188} INFO - [2026-04-29T01:04:20.034+0000] {dag.py:3096} INFO - Sync 2 DAGs
[2026-04-29T01:04:20.067+0000] {logging_mixin.py:188} INFO - [2026-04-29T01:04:20.063+0000] {dag.py:3954} INFO - Setting next_dagrun for example_xcom_args to None, run_after=None
[2026-04-29T01:04:20.075+0000] {logging_mixin.py:188} INFO - [2026-04-29T01:04:20.075+0000] {dag.py:3954} INFO - Setting next_dagrun for example_xcom_args_with_operators to None, run_after=None
[2026-04-29T01:04:20.126+0000] {processor.py:183} INFO - Processing /home/airflow/.local/lib/python3.12/site-packages/airflow/example_dags/example_xcomargs.py took 0.199 seconds
[2026-04-29T01:04:50.230+0000] {processor.py:161} INFO - Started process (PID=849) to work on /home/airflow/.local/lib/python3.12/site-packages/airflow/example_dags/example_xcomargs.py
[2026-04-29T01:04:50.230+0000] {processor.py:830} INFO - Processing file /home/airflow/.local/lib/python3.12/site-packages/airflow/example_dags/example_xcomargs.py for tasks to queue
[2026-04-29T01:04:50.233+0000] {logging_mixin.py:188} INFO - [2026-04-29T01:04:50.232+0000] {dagbag.py:540} INFO - Filling up the DagBag from /home/airflow/.local/lib/python3.12/site-packages/airflow/example_dags/example_xcomargs.py
[2026-04-29T01:04:50.243+0000] {processor.py:840} INFO - DAG(s) 'example_xcom_args_with_operators', 'example_xcom_args' retrieved from /home/airflow/.local/lib/python3.12/site-packages/airflow/example_dags/example_xcomargs.py
[2026-04-29T01:04:50.287+0000] {logging_mixin.py:188} INFO - [2026-04-29T01:04:50.287+0000] {dag.py:3096} INFO - Sync 2 DAGs
[2026-04-29T01:04:50.305+0000] {logging_mixin.py:188} INFO - [2026-04-29T01:04:50.304+0000] {dag.py:3954} INFO - Setting next_dagrun for example_xcom_args to None, run_after=None
[2026-04-29T01:04:50.311+0000] {logging_mixin.py:188} INFO - [2026-04-29T01:04:50.310+0000] {dag.py:3954} INFO - Setting next_dagrun for example_xcom_args_with_operators to None, run_after=None
[2026-04-29T01:04:50.332+0000] {processor.py:183} INFO - Processing /home/airflow/.local/lib/python3.12/site-packages/airflow/example_dags/example_xcomargs.py took 0.109 seconds
[2026-04-29T01:05:20.835+0000] {processor.py:161} INFO - Started process (PID=907) to work on /home/airflow/.local/lib/python3.12/site-packages/airflow/example_dags/example_xcomargs.py
[2026-04-29T01:05:20.838+0000] {processor.py:830} INFO - Processing file /home/airflow/.local/lib/python3.12/site-packages/airflow/example_dags/example_xcomargs.py for tasks to queue
[2026-04-29T01:05:20.843+0000] {logging_mixin.py:188} INFO - [2026-04-29T01:05:20.842+0000] {dagbag.py:540} INFO - Filling up the DagBag from /home/airflow/.local/lib/python3.12/site-packages/airflow/example_dags/example_xcomargs.py
[2026-04-29T01:05:20.853+0000] {processor.py:840} INFO - DAG(s) 'example_xcom_args', 'example_xcom_args_with_operators' retrieved from /home/airflow/.local/lib/python3.12/site-packages/airflow/example_dags/example_xcomargs.py
[2026-04-29T01:05:20.881+0000] {logging_mixin.py:188} INFO - [2026-04-29T01:05:20.881+0000] {dag.py:3096} INFO - Sync 2 DAGs
[2026-04-29T01:05:20.898+0000] {logging_mixin.py:188} INFO - [2026-04-29T01:05:20.897+0000] {dag.py:3954} INFO - Setting next_dagrun for example_xcom_args to None, run_after=None
[2026-04-29T01:05:20.903+0000] {logging_mixin.py:188} INFO - [2026-04-29T01:05:20.902+0000] {dag.py:3954} INFO - Setting next_dagrun for example_xcom_args_with_operators to None, run_after=None
[2026-04-29T01:05:20.922+0000] {processor.py:183} INFO - Processing /home/airflow/.local/lib/python3.12/site-packages/airflow/example_dags/example_xcomargs.py took 0.093 seconds
[2026-04-29T01:05:51.403+0000] {processor.py:161} INFO - Started process (PID=967) to work on /home/airflow/.local/lib/python3.12/site-packages/airflow/example_dags/example_xcomargs.py
[2026-04-29T01:05:51.406+0000] {processor.py:830} INFO - Processing file /home/airflow/.local/lib/python3.12/site-packages/airflow/example_dags/example_xcomargs.py for tasks to queue
[2026-04-29T01:05:51.433+0000] {logging_mixin.py:188} INFO - [2026-04-29T01:05:51.433+0000] {dagbag.py:540} INFO - Filling up the DagBag from /home/airflow/.local/lib/python3.12/site-packages/airflow/example_dags/example_xcomargs.py
[2026-04-29T01:05:51.596+0000] {processor.py:840} INFO - DAG(s) 'example_xcom_args_with_operators', 'example_xcom_args' retrieved from /home/airflow/.local/lib/python3.12/site-packages/airflow/example_dags/example_xcomargs.py
[2026-04-29T01:05:51.687+0000] {logging_mixin.py:188} INFO - [2026-04-29T01:05:51.686+0000] {dag.py:3096} INFO - Sync 2 DAGs
[2026-04-29T01:05:51.764+0000] {logging_mixin.py:188} INFO - [2026-04-29T01:05:51.763+0000] {dag.py:3954} INFO - Setting next_dagrun for example_xcom_args to None, run_after=None
[2026-04-29T01:05:51.778+0000] {logging_mixin.py:188} INFO - [2026-04-29T01:05:51.777+0000] {dag.py:3954} INFO - Setting next_dagrun for example_xcom_args_with_operators to None, run_after=None
[2026-04-29T01:05:51.813+0000] {processor.py:183} INFO - Processing /home/airflow/.local/lib/python3.12/site-packages/airflow/example_dags/example_xcomargs.py took 0.425 seconds
[2026-04-29T01:06:22.147+0000] {processor.py:161} INFO - Started process (PID=1027) to work on /home/airflow/.local/lib/python3.12/site-packages/airflow/example_dags/example_xcomargs.py
[2026-04-29T01:06:22.154+0000] {processor.py:830} INFO - Processing file /home/airflow/.local/lib/python3.12/site-packages/airflow/example_dags/example_xcomargs.py for tasks to queue
[2026-04-29T01:06:22.156+0000] {logging_mixin.py:188} INFO - [2026-04-29T01:06:22.156+0000] {dagbag.py:540} INFO - Filling up the DagBag from /home/airflow/.local/lib/python3.12/site-packages/airflow/example_dags/example_xcomargs.py
[2026-04-29T01:06:22.180+0000] {processor.py:840} INFO - DAG(s) 'example_xcom_args_with_operators', 'example_xcom_args' retrieved from /home/airflow/.local/lib/python3.12/site-packages/airflow/example_dags/example_xcomargs.py
[2026-04-29T01:06:22.278+0000] {logging_mixin.py:188} INFO - [2026-04-29T01:06:22.277+0000] {dag.py:3096} INFO - Sync 2 DAGs
[2026-04-29T01:06:22.336+0000] {logging_mixin.py:188} INFO - [2026-04-29T01:06:22.335+0000] {dag.py:3954} INFO - Setting next_dagrun for example_xcom_args to None, run_after=None
[2026-04-29T01:06:22.347+0000] {logging_mixin.py:188} INFO - [2026-04-29T01:06:22.347+0000] {dag.py:3954} INFO - Setting next_dagrun for example_xcom_args_with_operators to None, run_after=None
[2026-04-29T01:06:22.399+0000] {processor.py:183} INFO - Processing /home/airflow/.local/lib/python3.12/site-packages/airflow/example_dags/example_xcomargs.py took 0.288 seconds
[2026-04-29T01:06:52.975+0000] {processor.py:161} INFO - Started process (PID=1087) to work on /home/airflow/.local/lib/python3.12/site-packages/airflow/example_dags/example_xcomargs.py
[2026-04-29T01:06:52.986+0000] {processor.py:830} INFO - Processing file /home/airflow/.local/lib/python3.12/site-packages/airflow/example_dags/example_xcomargs.py for tasks to queue
[2026-04-29T01:06:52.991+0000] {logging_mixin.py:188} INFO - [2026-04-29T01:06:52.990+0000] {dagbag.py:540} INFO - Filling up the DagBag from /home/airflow/.local/lib/python3.12/site-packages/airflow/example_dags/example_xcomargs.py
[2026-04-29T01:06:53.031+0000] {processor.py:840} INFO - DAG(s) 'example_xcom_args_with_operators', 'example_xcom_args' retrieved from /home/airflow/.local/lib/python3.12/site-packages/airflow/example_dags/example_xcomargs.py
[2026-04-29T01:06:53.155+0000] {logging_mixin.py:188} INFO - [2026-04-29T01:06:53.155+0000] {dag.py:3096} INFO - Sync 2 DAGs
[2026-04-29T01:06:53.209+0000] {logging_mixin.py:188} INFO - [2026-04-29T01:06:53.205+0000] {dag.py:3954} INFO - Setting next_dagrun for example_xcom_args to None, run_after=None
[2026-04-29T01:06:53.223+0000] {logging_mixin.py:188} INFO - [2026-04-29T01:06:53.222+0000] {dag.py:3954} INFO - Setting next_dagrun for example_xcom_args_with_operators to None, run_after=None
[2026-04-29T01:06:53.310+0000] {processor.py:183} INFO - Processing /home/airflow/.local/lib/python3.12/site-packages/airflow/example_dags/example_xcomargs.py took 0.367 seconds
[2026-04-29T01:07:23.566+0000] {processor.py:161} INFO - Started process (PID=1147) to work on /home/airflow/.local/lib/python3.12/site-packages/airflow/example_dags/example_xcomargs.py
[2026-04-29T01:07:23.567+0000] {processor.py:830} INFO - Processing file /home/airflow/.local/lib/python3.12/site-packages/airflow/example_dags/example_xcomargs.py for tasks to queue
[2026-04-29T01:07:23.569+0000] {logging_mixin.py:188} INFO - [2026-04-29T01:07:23.568+0000] {dagbag.py:540} INFO - Filling up the DagBag from /home/airflow/.local/lib/python3.12/site-packages/airflow/example_dags/example_xcomargs.py
[2026-04-29T01:07:23.578+0000] {processor.py:840} INFO - DAG(s) 'example_xcom_args_with_operators', 'example_xcom_args' retrieved from /home/airflow/.local/lib/python3.12/site-packages/airflow/example_dags/example_xcomargs.py
[2026-04-29T01:07:23.608+0000] {logging_mixin.py:188} INFO - [2026-04-29T01:07:23.608+0000] {dag.py:3096} INFO - Sync 2 DAGs
[2026-04-29T01:07:23.624+0000] {logging_mixin.py:188} INFO - [2026-04-29T01:07:23.623+0000] {dag.py:3954} INFO - Setting next_dagrun for example_xcom_args to None, run_after=None
[2026-04-29T01:07:23.628+0000] {logging_mixin.py:188} INFO - [2026-04-29T01:07:23.628+0000] {dag.py:3954} INFO - Setting next_dagrun for example_xcom_args_with_operators to None, run_after=None
[2026-04-29T01:07:23.644+0000] {processor.py:183} INFO - Processing /home/airflow/.local/lib/python3.12/site-packages/airflow/example_dags/example_xcomargs.py took 0.084 seconds
[2026-04-29T01:07:54.388+0000] {processor.py:161} INFO - Started process (PID=1206) to work on /home/airflow/.local/lib/python3.12/site-packages/airflow/example_dags/example_xcomargs.py
[2026-04-29T01:07:54.389+0000] {processor.py:830} INFO - Processing file /home/airflow/.local/lib/python3.12/site-packages/airflow/example_dags/example_xcomargs.py for tasks to queue
[2026-04-29T01:07:54.391+0000] {logging_mixin.py:188} INFO - [2026-04-29T01:07:54.391+0000] {dagbag.py:540} INFO - Filling up the DagBag from /home/airflow/.local/lib/python3.12/site-packages/airflow/example_dags/example_xcomargs.py
[2026-04-29T01:07:54.402+0000] {processor.py:840} INFO - DAG(s) 'example_xcom_args', 'example_xcom_args_with_operators' retrieved from /home/airflow/.local/lib/python3.12/site-packages/airflow/example_dags/example_xcomargs.py
[2026-04-29T01:07:54.432+0000] {logging_mixin.py:188} INFO - [2026-04-29T01:07:54.432+0000] {dag.py:3096} INFO - Sync 2 DAGs
[2026-04-29T01:07:54.663+0000] {logging_mixin.py:188} INFO - [2026-04-29T01:07:54.663+0000] {dag.py:3954} INFO - Setting next_dagrun for example_xcom_args to None, run_after=None
[2026-04-29T01:07:54.667+0000] {logging_mixin.py:188} INFO - [2026-04-29T01:07:54.667+0000] {dag.py:3954} INFO - Setting next_dagrun for example_xcom_args_with_operators to None, run_after=None
[2026-04-29T01:07:54.683+0000] {processor.py:183} INFO - Processing /home/airflow/.local/lib/python3.12/site-packages/airflow/example_dags/example_xcomargs.py took 0.301 seconds
[2026-04-29T01:08:24.804+0000] {processor.py:161} INFO - Started process (PID=1266) to work on /home/airflow/.local/lib/python3.12/site-packages/airflow/example_dags/example_xcomargs.py
[2026-04-29T01:08:24.809+0000] {processor.py:830} INFO - Processing file /home/airflow/.local/lib/python3.12/site-packages/airflow/example_dags/example_xcomargs.py for tasks to queue
[2026-04-29T01:08:24.813+0000] {logging_mixin.py:188} INFO - [2026-04-29T01:08:24.813+0000] {dagbag.py:540} INFO - Filling up the DagBag from /home/airflow/.local/lib/python3.12/site-packages/airflow/example_dags/example_xcomargs.py
[2026-04-29T01:08:24.863+0000] {processor.py:840} INFO - DAG(s) 'example_xcom_args_with_operators', 'example_xcom_args' retrieved from /home/airflow/.local/lib/python3.12/site-packages/airflow/example_dags/example_xcomargs.py
[2026-04-29T01:08:24.995+0000] {logging_mixin.py:188} INFO - [2026-04-29T01:08:24.995+0000] {dag.py:3096} INFO - Sync 2 DAGs
[2026-04-29T01:08:25.028+0000] {logging_mixin.py:188} INFO - [2026-04-29T01:08:25.028+0000] {dag.py:3954} INFO - Setting next_dagrun for example_xcom_args to None, run_after=None
[2026-04-29T01:08:25.034+0000] {logging_mixin.py:188} INFO - [2026-04-29T01:08:25.034+0000] {dag.py:3954} INFO - Setting next_dagrun for example_xcom_args_with_operators to None, run_after=None
[2026-04-29T01:08:25.072+0000] {processor.py:183} INFO - Processing /home/airflow/.local/lib/python3.12/site-packages/airflow/example_dags/example_xcomargs.py took 0.277 seconds
[2026-04-29T01:08:55.474+0000] {processor.py:161} INFO - Started process (PID=1326) to work on /home/airflow/.local/lib/python3.12/site-packages/airflow/example_dags/example_xcomargs.py
[2026-04-29T01:08:55.475+0000] {processor.py:830} INFO - Processing file /home/airflow/.local/lib/python3.12/site-packages/airflow/example_dags/example_xcomargs.py for tasks to queue
[2026-04-29T01:08:55.478+0000] {logging_mixin.py:188} INFO - [2026-04-29T01:08:55.477+0000] {dagbag.py:540} INFO - Filling up the DagBag from /home/airflow/.local/lib/python3.12/site-packages/airflow/example_dags/example_xcomargs.py
[2026-04-29T01:08:55.493+0000] {processor.py:840} INFO - DAG(s) 'example_xcom_args', 'example_xcom_args_with_operators' retrieved from /home/airflow/.local/lib/python3.12/site-packages/airflow/example_dags/example_xcomargs.py
[2026-04-29T01:08:55.589+0000] {logging_mixin.py:188} INFO - [2026-04-29T01:08:55.588+0000] {dag.py:3096} INFO - Sync 2 DAGs
[2026-04-29T01:08:55.635+0000] {logging_mixin.py:188} INFO - [2026-04-29T01:08:55.624+0000] {dag.py:3954} INFO - Setting next_dagrun for example_xcom_args to None, run_after=None
[2026-04-29T01:08:55.666+0000] {logging_mixin.py:188} INFO - [2026-04-29T01:08:55.665+0000] {dag.py:3954} INFO - Setting next_dagrun for example_xcom_args_with_operators to None, run_after=None
[2026-04-29T01:08:55.689+0000] {processor.py:183} INFO - Processing /home/airflow/.local/lib/python3.12/site-packages/airflow/example_dags/example_xcomargs.py took 0.221 seconds
[2026-04-29T01:09:25.816+0000] {processor.py:161} INFO - Started process (PID=1386) to work on /home/airflow/.local/lib/python3.12/site-packages/airflow/example_dags/example_xcomargs.py
[2026-04-29T01:09:25.830+0000] {processor.py:830} INFO - Processing file /home/airflow/.local/lib/python3.12/site-packages/airflow/example_dags/example_xcomargs.py for tasks to queue
[2026-04-29T01:09:25.835+0000] {logging_mixin.py:188} INFO - [2026-04-29T01:09:25.834+0000] {dagbag.py:540} INFO - Filling up the DagBag from /home/airflow/.local/lib/python3.12/site-packages/airflow/example_dags/example_xcomargs.py
[2026-04-29T01:09:25.898+0000] {processor.py:840} INFO - DAG(s) 'example_xcom_args', 'example_xcom_args_with_operators' retrieved from /home/airflow/.local/lib/python3.12/site-packages/airflow/example_dags/example_xcomargs.py
[2026-04-29T01:09:25.943+0000] {logging_mixin.py:188} INFO - [2026-04-29T01:09:25.943+0000] {dag.py:3096} INFO - Sync 2 DAGs
[2026-04-29T01:09:25.978+0000] {logging_mixin.py:188} INFO - [2026-04-29T01:09:25.975+0000] {dag.py:3954} INFO - Setting next_dagrun for example_xcom_args to None, run_after=None
[2026-04-29T01:09:25.986+0000] {logging_mixin.py:188} INFO - [2026-04-29T01:09:25.986+0000] {dag.py:3954} INFO - Setting next_dagrun for example_xcom_args_with_operators to None, run_after=None
[2026-04-29T01:09:26.066+0000] {processor.py:183} INFO - Processing /home/airflow/.local/lib/python3.12/site-packages/airflow/example_dags/example_xcomargs.py took 0.264 seconds
[2026-04-29T01:09:56.683+0000] {processor.py:161} INFO - Started process (PID=1446) to work on /home/airflow/.local/lib/python3.12/site-packages/airflow/example_dags/example_xcomargs.py
[2026-04-29T01:09:56.684+0000] {processor.py:830} INFO - Processing file /home/airflow/.local/lib/python3.12/site-packages/airflow/example_dags/example_xcomargs.py for tasks to queue
[2026-04-29T01:09:56.687+0000] {logging_mixin.py:188} INFO - [2026-04-29T01:09:56.687+0000] {dagbag.py:540} INFO - Filling up the DagBag from /home/airflow/.local/lib/python3.12/site-packages/airflow/example_dags/example_xcomargs.py
[2026-04-29T01:09:56.697+0000] {processor.py:840} INFO - DAG(s) 'example_xcom_args_with_operators', 'example_xcom_args' retrieved from /home/airflow/.local/lib/python3.12/site-packages/airflow/example_dags/example_xcomargs.py
[2026-04-29T01:09:56.738+0000] {logging_mixin.py:188} INFO - [2026-04-29T01:09:56.738+0000] {dag.py:3096} INFO - Sync 2 DAGs
[2026-04-29T01:09:56.753+0000] {logging_mixin.py:188} INFO - [2026-04-29T01:09:56.753+0000] {dag.py:3954} INFO - Setting next_dagrun for example_xcom_args to None, run_after=None
[2026-04-29T01:09:56.757+0000] {logging_mixin.py:188} INFO - [2026-04-29T01:09:56.757+0000] {dag.py:3954} INFO - Setting next_dagrun for example_xcom_args_with_operators to None, run_after=None
[2026-04-29T01:09:56.791+0000] {processor.py:183} INFO - Processing /home/airflow/.local/lib/python3.12/site-packages/airflow/example_dags/example_xcomargs.py took 0.116 seconds
