[2026-04-29T00:54:56.970+0000] {processor.py:161} INFO - Started process (PID=79) to work on /home/airflow/.local/lib/python3.12/site-packages/airflow/example_dags/example_display_name.py
[2026-04-29T00:54:56.975+0000] {processor.py:830} INFO - Processing file /home/airflow/.local/lib/python3.12/site-packages/airflow/example_dags/example_display_name.py for tasks to queue
[2026-04-29T00:54:56.989+0000] {logging_mixin.py:188} INFO - [2026-04-29T00:54:56.989+0000] {dagbag.py:540} INFO - Filling up the DagBag from /home/airflow/.local/lib/python3.12/site-packages/airflow/example_dags/example_display_name.py
[2026-04-29T00:54:57.024+0000] {processor.py:840} INFO - DAG(s) 'example_display_name' retrieved from /home/airflow/.local/lib/python3.12/site-packages/airflow/example_dags/example_display_name.py
[2026-04-29T00:54:57.154+0000] {logging_mixin.py:188} INFO - [2026-04-29T00:54:57.154+0000] {dag.py:3096} INFO - Sync 1 DAGs
[2026-04-29T00:54:57.213+0000] {logging_mixin.py:188} INFO - [2026-04-29T00:54:57.213+0000] {dag.py:3954} INFO - Setting next_dagrun for example_display_name to None, run_after=None
[2026-04-29T00:54:57.326+0000] {processor.py:183} INFO - Processing /home/airflow/.local/lib/python3.12/site-packages/airflow/example_dags/example_display_name.py took 0.380 seconds
[2026-04-29T00:58:21.424+0000] {processor.py:161} INFO - Started process (PID=87) to work on /home/airflow/.local/lib/python3.12/site-packages/airflow/example_dags/example_display_name.py
[2026-04-29T00:58:21.428+0000] {processor.py:830} INFO - Processing file /home/airflow/.local/lib/python3.12/site-packages/airflow/example_dags/example_display_name.py for tasks to queue
[2026-04-29T00:58:21.433+0000] {logging_mixin.py:188} INFO - [2026-04-29T00:58:21.432+0000] {dagbag.py:540} INFO - Filling up the DagBag from /home/airflow/.local/lib/python3.12/site-packages/airflow/example_dags/example_display_name.py
[2026-04-29T00:58:21.443+0000] {processor.py:840} INFO - DAG(s) 'example_display_name' retrieved from /home/airflow/.local/lib/python3.12/site-packages/airflow/example_dags/example_display_name.py
[2026-04-29T00:58:21.668+0000] {logging_mixin.py:188} INFO - [2026-04-29T00:58:21.667+0000] {override.py:1829} INFO - Created Permission View: can edit on DAG:example_display_name
[2026-04-29T00:58:21.698+0000] {logging_mixin.py:188} INFO - [2026-04-29T00:58:21.698+0000] {override.py:1829} INFO - Created Permission View: can delete on DAG:example_display_name
[2026-04-29T00:58:21.721+0000] {logging_mixin.py:188} INFO - [2026-04-29T00:58:21.721+0000] {override.py:1829} INFO - Created Permission View: can read on DAG:example_display_name
[2026-04-29T00:58:21.724+0000] {logging_mixin.py:188} INFO - [2026-04-29T00:58:21.724+0000] {dag.py:3096} INFO - Sync 1 DAGs
[2026-04-29T00:58:21.745+0000] {logging_mixin.py:188} INFO - [2026-04-29T00:58:21.745+0000] {dag.py:3118} INFO - Creating ORM DAG for example_display_name
[2026-04-29T00:58:21.746+0000] {logging_mixin.py:188} INFO - [2026-04-29T00:58:21.746+0000] {dag.py:3954} INFO - Setting next_dagrun for example_display_name to None, run_after=None
[2026-04-29T00:58:21.789+0000] {processor.py:183} INFO - Processing /home/airflow/.local/lib/python3.12/site-packages/airflow/example_dags/example_display_name.py took 0.374 seconds
[2026-04-29T00:58:52.050+0000] {processor.py:161} INFO - Started process (PID=147) to work on /home/airflow/.local/lib/python3.12/site-packages/airflow/example_dags/example_display_name.py
[2026-04-29T00:58:52.051+0000] {processor.py:830} INFO - Processing file /home/airflow/.local/lib/python3.12/site-packages/airflow/example_dags/example_display_name.py for tasks to queue
[2026-04-29T00:58:52.053+0000] {logging_mixin.py:188} INFO - [2026-04-29T00:58:52.053+0000] {dagbag.py:540} INFO - Filling up the DagBag from /home/airflow/.local/lib/python3.12/site-packages/airflow/example_dags/example_display_name.py
[2026-04-29T00:58:52.063+0000] {processor.py:840} INFO - DAG(s) 'example_display_name' retrieved from /home/airflow/.local/lib/python3.12/site-packages/airflow/example_dags/example_display_name.py
[2026-04-29T00:58:52.102+0000] {logging_mixin.py:188} INFO - [2026-04-29T00:58:52.101+0000] {dag.py:3096} INFO - Sync 1 DAGs
[2026-04-29T00:58:52.126+0000] {logging_mixin.py:188} INFO - [2026-04-29T00:58:52.125+0000] {dag.py:3954} INFO - Setting next_dagrun for example_display_name to None, run_after=None
[2026-04-29T00:58:52.197+0000] {processor.py:183} INFO - Processing /home/airflow/.local/lib/python3.12/site-packages/airflow/example_dags/example_display_name.py took 0.155 seconds
[2026-04-29T00:59:22.823+0000] {processor.py:161} INFO - Started process (PID=207) to work on /home/airflow/.local/lib/python3.12/site-packages/airflow/example_dags/example_display_name.py
[2026-04-29T00:59:22.824+0000] {processor.py:830} INFO - Processing file /home/airflow/.local/lib/python3.12/site-packages/airflow/example_dags/example_display_name.py for tasks to queue
[2026-04-29T00:59:22.827+0000] {logging_mixin.py:188} INFO - [2026-04-29T00:59:22.826+0000] {dagbag.py:540} INFO - Filling up the DagBag from /home/airflow/.local/lib/python3.12/site-packages/airflow/example_dags/example_display_name.py
[2026-04-29T00:59:22.833+0000] {processor.py:840} INFO - DAG(s) 'example_display_name' retrieved from /home/airflow/.local/lib/python3.12/site-packages/airflow/example_dags/example_display_name.py
[2026-04-29T00:59:22.859+0000] {logging_mixin.py:188} INFO - [2026-04-29T00:59:22.859+0000] {dag.py:3096} INFO - Sync 1 DAGs
[2026-04-29T00:59:22.876+0000] {logging_mixin.py:188} INFO - [2026-04-29T00:59:22.876+0000] {dag.py:3954} INFO - Setting next_dagrun for example_display_name to None, run_after=None
[2026-04-29T00:59:22.897+0000] {processor.py:183} INFO - Processing /home/airflow/.local/lib/python3.12/site-packages/airflow/example_dags/example_display_name.py took 0.080 seconds
[2026-04-29T00:59:53.464+0000] {processor.py:161} INFO - Started process (PID=266) to work on /home/airflow/.local/lib/python3.12/site-packages/airflow/example_dags/example_display_name.py
[2026-04-29T00:59:53.468+0000] {processor.py:830} INFO - Processing file /home/airflow/.local/lib/python3.12/site-packages/airflow/example_dags/example_display_name.py for tasks to queue
[2026-04-29T00:59:53.472+0000] {logging_mixin.py:188} INFO - [2026-04-29T00:59:53.472+0000] {dagbag.py:540} INFO - Filling up the DagBag from /home/airflow/.local/lib/python3.12/site-packages/airflow/example_dags/example_display_name.py
[2026-04-29T00:59:53.488+0000] {processor.py:840} INFO - DAG(s) 'example_display_name' retrieved from /home/airflow/.local/lib/python3.12/site-packages/airflow/example_dags/example_display_name.py
[2026-04-29T00:59:53.623+0000] {logging_mixin.py:188} INFO - [2026-04-29T00:59:53.623+0000] {dag.py:3096} INFO - Sync 1 DAGs
[2026-04-29T00:59:53.701+0000] {logging_mixin.py:188} INFO - [2026-04-29T00:59:53.700+0000] {dag.py:3954} INFO - Setting next_dagrun for example_display_name to None, run_after=None
[2026-04-29T00:59:53.740+0000] {processor.py:183} INFO - Processing /home/airflow/.local/lib/python3.12/site-packages/airflow/example_dags/example_display_name.py took 0.292 seconds
[2026-04-29T01:00:25.941+0000] {processor.py:161} INFO - Started process (PID=325) to work on /home/airflow/.local/lib/python3.12/site-packages/airflow/example_dags/example_display_name.py
[2026-04-29T01:00:25.950+0000] {processor.py:830} INFO - Processing file /home/airflow/.local/lib/python3.12/site-packages/airflow/example_dags/example_display_name.py for tasks to queue
[2026-04-29T01:00:25.969+0000] {logging_mixin.py:188} INFO - [2026-04-29T01:00:25.968+0000] {dagbag.py:540} INFO - Filling up the DagBag from /home/airflow/.local/lib/python3.12/site-packages/airflow/example_dags/example_display_name.py
[2026-04-29T01:00:25.997+0000] {processor.py:840} INFO - DAG(s) 'example_display_name' retrieved from /home/airflow/.local/lib/python3.12/site-packages/airflow/example_dags/example_display_name.py
[2026-04-29T01:00:26.083+0000] {logging_mixin.py:188} INFO - [2026-04-29T01:00:26.083+0000] {dag.py:3096} INFO - Sync 1 DAGs
[2026-04-29T01:00:26.147+0000] {logging_mixin.py:188} INFO - [2026-04-29T01:00:26.147+0000] {dag.py:3954} INFO - Setting next_dagrun for example_display_name to None, run_after=None
[2026-04-29T01:00:26.297+0000] {processor.py:183} INFO - Processing /home/airflow/.local/lib/python3.12/site-packages/airflow/example_dags/example_display_name.py took 0.385 seconds
[2026-04-29T01:00:56.514+0000] {processor.py:161} INFO - Started process (PID=386) to work on /home/airflow/.local/lib/python3.12/site-packages/airflow/example_dags/example_display_name.py
[2026-04-29T01:00:56.517+0000] {processor.py:830} INFO - Processing file /home/airflow/.local/lib/python3.12/site-packages/airflow/example_dags/example_display_name.py for tasks to queue
[2026-04-29T01:00:56.527+0000] {logging_mixin.py:188} INFO - [2026-04-29T01:00:56.526+0000] {dagbag.py:540} INFO - Filling up the DagBag from /home/airflow/.local/lib/python3.12/site-packages/airflow/example_dags/example_display_name.py
[2026-04-29T01:00:56.558+0000] {processor.py:840} INFO - DAG(s) 'example_display_name' retrieved from /home/airflow/.local/lib/python3.12/site-packages/airflow/example_dags/example_display_name.py
[2026-04-29T01:00:56.635+0000] {logging_mixin.py:188} INFO - [2026-04-29T01:00:56.634+0000] {dag.py:3096} INFO - Sync 1 DAGs
[2026-04-29T01:00:56.658+0000] {logging_mixin.py:188} INFO - [2026-04-29T01:00:56.657+0000] {dag.py:3954} INFO - Setting next_dagrun for example_display_name to None, run_after=None
[2026-04-29T01:00:56.737+0000] {processor.py:183} INFO - Processing /home/airflow/.local/lib/python3.12/site-packages/airflow/example_dags/example_display_name.py took 0.248 seconds
[2026-04-29T01:01:27.200+0000] {processor.py:161} INFO - Started process (PID=446) to work on /home/airflow/.local/lib/python3.12/site-packages/airflow/example_dags/example_display_name.py
[2026-04-29T01:01:27.202+0000] {processor.py:830} INFO - Processing file /home/airflow/.local/lib/python3.12/site-packages/airflow/example_dags/example_display_name.py for tasks to queue
[2026-04-29T01:01:27.204+0000] {logging_mixin.py:188} INFO - [2026-04-29T01:01:27.204+0000] {dagbag.py:540} INFO - Filling up the DagBag from /home/airflow/.local/lib/python3.12/site-packages/airflow/example_dags/example_display_name.py
[2026-04-29T01:01:27.220+0000] {processor.py:840} INFO - DAG(s) 'example_display_name' retrieved from /home/airflow/.local/lib/python3.12/site-packages/airflow/example_dags/example_display_name.py
[2026-04-29T01:01:27.324+0000] {logging_mixin.py:188} INFO - [2026-04-29T01:01:27.324+0000] {dag.py:3096} INFO - Sync 1 DAGs
[2026-04-29T01:01:27.433+0000] {logging_mixin.py:188} INFO - [2026-04-29T01:01:27.433+0000] {dag.py:3954} INFO - Setting next_dagrun for example_display_name to None, run_after=None
[2026-04-29T01:01:27.497+0000] {processor.py:183} INFO - Processing /home/airflow/.local/lib/python3.12/site-packages/airflow/example_dags/example_display_name.py took 0.315 seconds
[2026-04-29T01:01:57.908+0000] {processor.py:161} INFO - Started process (PID=504) to work on /home/airflow/.local/lib/python3.12/site-packages/airflow/example_dags/example_display_name.py
[2026-04-29T01:01:57.909+0000] {processor.py:830} INFO - Processing file /home/airflow/.local/lib/python3.12/site-packages/airflow/example_dags/example_display_name.py for tasks to queue
[2026-04-29T01:01:57.912+0000] {logging_mixin.py:188} INFO - [2026-04-29T01:01:57.912+0000] {dagbag.py:540} INFO - Filling up the DagBag from /home/airflow/.local/lib/python3.12/site-packages/airflow/example_dags/example_display_name.py
[2026-04-29T01:01:57.923+0000] {processor.py:840} INFO - DAG(s) 'example_display_name' retrieved from /home/airflow/.local/lib/python3.12/site-packages/airflow/example_dags/example_display_name.py
[2026-04-29T01:01:57.945+0000] {logging_mixin.py:188} INFO - [2026-04-29T01:01:57.944+0000] {dag.py:3096} INFO - Sync 1 DAGs
[2026-04-29T01:01:57.958+0000] {logging_mixin.py:188} INFO - [2026-04-29T01:01:57.958+0000] {dag.py:3954} INFO - Setting next_dagrun for example_display_name to None, run_after=None
[2026-04-29T01:01:57.974+0000] {processor.py:183} INFO - Processing /home/airflow/.local/lib/python3.12/site-packages/airflow/example_dags/example_display_name.py took 0.075 seconds
[2026-04-29T01:02:28.345+0000] {processor.py:161} INFO - Started process (PID=563) to work on /home/airflow/.local/lib/python3.12/site-packages/airflow/example_dags/example_display_name.py
[2026-04-29T01:02:28.346+0000] {processor.py:830} INFO - Processing file /home/airflow/.local/lib/python3.12/site-packages/airflow/example_dags/example_display_name.py for tasks to queue
[2026-04-29T01:02:28.347+0000] {logging_mixin.py:188} INFO - [2026-04-29T01:02:28.347+0000] {dagbag.py:540} INFO - Filling up the DagBag from /home/airflow/.local/lib/python3.12/site-packages/airflow/example_dags/example_display_name.py
[2026-04-29T01:02:28.353+0000] {processor.py:840} INFO - DAG(s) 'example_display_name' retrieved from /home/airflow/.local/lib/python3.12/site-packages/airflow/example_dags/example_display_name.py
[2026-04-29T01:02:28.370+0000] {logging_mixin.py:188} INFO - [2026-04-29T01:02:28.370+0000] {dag.py:3096} INFO - Sync 1 DAGs
[2026-04-29T01:02:28.381+0000] {logging_mixin.py:188} INFO - [2026-04-29T01:02:28.380+0000] {dag.py:3954} INFO - Setting next_dagrun for example_display_name to None, run_after=None
[2026-04-29T01:02:28.396+0000] {processor.py:183} INFO - Processing /home/airflow/.local/lib/python3.12/site-packages/airflow/example_dags/example_display_name.py took 0.056 seconds
[2026-04-29T01:02:58.859+0000] {processor.py:161} INFO - Started process (PID=623) to work on /home/airflow/.local/lib/python3.12/site-packages/airflow/example_dags/example_display_name.py
[2026-04-29T01:02:58.860+0000] {processor.py:830} INFO - Processing file /home/airflow/.local/lib/python3.12/site-packages/airflow/example_dags/example_display_name.py for tasks to queue
[2026-04-29T01:02:58.862+0000] {logging_mixin.py:188} INFO - [2026-04-29T01:02:58.862+0000] {dagbag.py:540} INFO - Filling up the DagBag from /home/airflow/.local/lib/python3.12/site-packages/airflow/example_dags/example_display_name.py
[2026-04-29T01:02:58.878+0000] {processor.py:840} INFO - DAG(s) 'example_display_name' retrieved from /home/airflow/.local/lib/python3.12/site-packages/airflow/example_dags/example_display_name.py
[2026-04-29T01:02:58.919+0000] {logging_mixin.py:188} INFO - [2026-04-29T01:02:58.919+0000] {dag.py:3096} INFO - Sync 1 DAGs
[2026-04-29T01:02:58.939+0000] {logging_mixin.py:188} INFO - [2026-04-29T01:02:58.939+0000] {dag.py:3954} INFO - Setting next_dagrun for example_display_name to None, run_after=None
[2026-04-29T01:02:58.974+0000] {processor.py:183} INFO - Processing /home/airflow/.local/lib/python3.12/site-packages/airflow/example_dags/example_display_name.py took 0.122 seconds
[2026-04-29T01:03:29.047+0000] {processor.py:161} INFO - Started process (PID=683) to work on /home/airflow/.local/lib/python3.12/site-packages/airflow/example_dags/example_display_name.py
[2026-04-29T01:03:29.048+0000] {processor.py:830} INFO - Processing file /home/airflow/.local/lib/python3.12/site-packages/airflow/example_dags/example_display_name.py for tasks to queue
[2026-04-29T01:03:29.050+0000] {logging_mixin.py:188} INFO - [2026-04-29T01:03:29.049+0000] {dagbag.py:540} INFO - Filling up the DagBag from /home/airflow/.local/lib/python3.12/site-packages/airflow/example_dags/example_display_name.py
[2026-04-29T01:03:29.055+0000] {processor.py:840} INFO - DAG(s) 'example_display_name' retrieved from /home/airflow/.local/lib/python3.12/site-packages/airflow/example_dags/example_display_name.py
[2026-04-29T01:03:29.072+0000] {logging_mixin.py:188} INFO - [2026-04-29T01:03:29.072+0000] {dag.py:3096} INFO - Sync 1 DAGs
[2026-04-29T01:03:29.083+0000] {logging_mixin.py:188} INFO - [2026-04-29T01:03:29.083+0000] {dag.py:3954} INFO - Setting next_dagrun for example_display_name to None, run_after=None
[2026-04-29T01:03:29.098+0000] {processor.py:183} INFO - Processing /home/airflow/.local/lib/python3.12/site-packages/airflow/example_dags/example_display_name.py took 0.056 seconds
[2026-04-29T01:03:59.764+0000] {processor.py:161} INFO - Started process (PID=743) to work on /home/airflow/.local/lib/python3.12/site-packages/airflow/example_dags/example_display_name.py
[2026-04-29T01:03:59.764+0000] {processor.py:830} INFO - Processing file /home/airflow/.local/lib/python3.12/site-packages/airflow/example_dags/example_display_name.py for tasks to queue
[2026-04-29T01:03:59.766+0000] {logging_mixin.py:188} INFO - [2026-04-29T01:03:59.766+0000] {dagbag.py:540} INFO - Filling up the DagBag from /home/airflow/.local/lib/python3.12/site-packages/airflow/example_dags/example_display_name.py
[2026-04-29T01:03:59.771+0000] {processor.py:840} INFO - DAG(s) 'example_display_name' retrieved from /home/airflow/.local/lib/python3.12/site-packages/airflow/example_dags/example_display_name.py
[2026-04-29T01:03:59.789+0000] {logging_mixin.py:188} INFO - [2026-04-29T01:03:59.788+0000] {dag.py:3096} INFO - Sync 1 DAGs
[2026-04-29T01:03:59.800+0000] {logging_mixin.py:188} INFO - [2026-04-29T01:03:59.800+0000] {dag.py:3954} INFO - Setting next_dagrun for example_display_name to None, run_after=None
[2026-04-29T01:03:59.816+0000] {processor.py:183} INFO - Processing /home/airflow/.local/lib/python3.12/site-packages/airflow/example_dags/example_display_name.py took 0.058 seconds
[2026-04-29T01:04:30.420+0000] {processor.py:161} INFO - Started process (PID=803) to work on /home/airflow/.local/lib/python3.12/site-packages/airflow/example_dags/example_display_name.py
[2026-04-29T01:04:30.422+0000] {processor.py:830} INFO - Processing file /home/airflow/.local/lib/python3.12/site-packages/airflow/example_dags/example_display_name.py for tasks to queue
[2026-04-29T01:04:30.424+0000] {logging_mixin.py:188} INFO - [2026-04-29T01:04:30.424+0000] {dagbag.py:540} INFO - Filling up the DagBag from /home/airflow/.local/lib/python3.12/site-packages/airflow/example_dags/example_display_name.py
[2026-04-29T01:04:30.439+0000] {processor.py:840} INFO - DAG(s) 'example_display_name' retrieved from /home/airflow/.local/lib/python3.12/site-packages/airflow/example_dags/example_display_name.py
[2026-04-29T01:04:30.459+0000] {logging_mixin.py:188} INFO - [2026-04-29T01:04:30.458+0000] {dag.py:3096} INFO - Sync 1 DAGs
[2026-04-29T01:04:30.470+0000] {logging_mixin.py:188} INFO - [2026-04-29T01:04:30.470+0000] {dag.py:3954} INFO - Setting next_dagrun for example_display_name to None, run_after=None
[2026-04-29T01:04:30.486+0000] {processor.py:183} INFO - Processing /home/airflow/.local/lib/python3.12/site-packages/airflow/example_dags/example_display_name.py took 0.074 seconds
[2026-04-29T01:05:01.734+0000] {processor.py:161} INFO - Started process (PID=866) to work on /home/airflow/.local/lib/python3.12/site-packages/airflow/example_dags/example_display_name.py
[2026-04-29T01:05:01.735+0000] {processor.py:830} INFO - Processing file /home/airflow/.local/lib/python3.12/site-packages/airflow/example_dags/example_display_name.py for tasks to queue
[2026-04-29T01:05:01.738+0000] {logging_mixin.py:188} INFO - [2026-04-29T01:05:01.737+0000] {dagbag.py:540} INFO - Filling up the DagBag from /home/airflow/.local/lib/python3.12/site-packages/airflow/example_dags/example_display_name.py
[2026-04-29T01:05:01.744+0000] {processor.py:840} INFO - DAG(s) 'example_display_name' retrieved from /home/airflow/.local/lib/python3.12/site-packages/airflow/example_dags/example_display_name.py
[2026-04-29T01:05:01.768+0000] {logging_mixin.py:188} INFO - [2026-04-29T01:05:01.768+0000] {dag.py:3096} INFO - Sync 1 DAGs
[2026-04-29T01:05:01.783+0000] {logging_mixin.py:188} INFO - [2026-04-29T01:05:01.783+0000] {dag.py:3954} INFO - Setting next_dagrun for example_display_name to None, run_after=None
[2026-04-29T01:05:01.804+0000] {processor.py:183} INFO - Processing /home/airflow/.local/lib/python3.12/site-packages/airflow/example_dags/example_display_name.py took 0.077 seconds
[2026-04-29T01:05:32.334+0000] {processor.py:161} INFO - Started process (PID=932) to work on /home/airflow/.local/lib/python3.12/site-packages/airflow/example_dags/example_display_name.py
[2026-04-29T01:05:32.335+0000] {processor.py:830} INFO - Processing file /home/airflow/.local/lib/python3.12/site-packages/airflow/example_dags/example_display_name.py for tasks to queue
[2026-04-29T01:05:32.337+0000] {logging_mixin.py:188} INFO - [2026-04-29T01:05:32.337+0000] {dagbag.py:540} INFO - Filling up the DagBag from /home/airflow/.local/lib/python3.12/site-packages/airflow/example_dags/example_display_name.py
[2026-04-29T01:05:32.345+0000] {processor.py:840} INFO - DAG(s) 'example_display_name' retrieved from /home/airflow/.local/lib/python3.12/site-packages/airflow/example_dags/example_display_name.py
[2026-04-29T01:05:32.370+0000] {logging_mixin.py:188} INFO - [2026-04-29T01:05:32.370+0000] {dag.py:3096} INFO - Sync 1 DAGs
[2026-04-29T01:05:32.404+0000] {logging_mixin.py:188} INFO - [2026-04-29T01:05:32.404+0000] {dag.py:3954} INFO - Setting next_dagrun for example_display_name to None, run_after=None
[2026-04-29T01:05:32.428+0000] {processor.py:183} INFO - Processing /home/airflow/.local/lib/python3.12/site-packages/airflow/example_dags/example_display_name.py took 0.101 seconds
[2026-04-29T01:06:03.748+0000] {processor.py:161} INFO - Started process (PID=992) to work on /home/airflow/.local/lib/python3.12/site-packages/airflow/example_dags/example_display_name.py
[2026-04-29T01:06:03.762+0000] {processor.py:830} INFO - Processing file /home/airflow/.local/lib/python3.12/site-packages/airflow/example_dags/example_display_name.py for tasks to queue
[2026-04-29T01:06:03.772+0000] {logging_mixin.py:188} INFO - [2026-04-29T01:06:03.771+0000] {dagbag.py:540} INFO - Filling up the DagBag from /home/airflow/.local/lib/python3.12/site-packages/airflow/example_dags/example_display_name.py
[2026-04-29T01:06:03.789+0000] {processor.py:840} INFO - DAG(s) 'example_display_name' retrieved from /home/airflow/.local/lib/python3.12/site-packages/airflow/example_dags/example_display_name.py
[2026-04-29T01:06:03.892+0000] {logging_mixin.py:188} INFO - [2026-04-29T01:06:03.891+0000] {dag.py:3096} INFO - Sync 1 DAGs
[2026-04-29T01:06:03.964+0000] {logging_mixin.py:188} INFO - [2026-04-29T01:06:03.963+0000] {dag.py:3954} INFO - Setting next_dagrun for example_display_name to None, run_after=None
[2026-04-29T01:06:04.025+0000] {processor.py:183} INFO - Processing /home/airflow/.local/lib/python3.12/site-packages/airflow/example_dags/example_display_name.py took 0.314 seconds
[2026-04-29T01:06:36.246+0000] {processor.py:161} INFO - Started process (PID=1053) to work on /home/airflow/.local/lib/python3.12/site-packages/airflow/example_dags/example_display_name.py
[2026-04-29T01:06:36.347+0000] {processor.py:830} INFO - Processing file /home/airflow/.local/lib/python3.12/site-packages/airflow/example_dags/example_display_name.py for tasks to queue
[2026-04-29T01:06:36.363+0000] {logging_mixin.py:188} INFO - [2026-04-29T01:06:36.363+0000] {dagbag.py:540} INFO - Filling up the DagBag from /home/airflow/.local/lib/python3.12/site-packages/airflow/example_dags/example_display_name.py
[2026-04-29T01:06:36.393+0000] {processor.py:840} INFO - DAG(s) 'example_display_name' retrieved from /home/airflow/.local/lib/python3.12/site-packages/airflow/example_dags/example_display_name.py
[2026-04-29T01:06:36.559+0000] {logging_mixin.py:188} INFO - [2026-04-29T01:06:36.542+0000] {dag.py:3096} INFO - Sync 1 DAGs
[2026-04-29T01:06:37.495+0000] {logging_mixin.py:188} INFO - [2026-04-29T01:06:37.495+0000] {dag.py:3954} INFO - Setting next_dagrun for example_display_name to None, run_after=None
[2026-04-29T01:06:37.802+0000] {processor.py:183} INFO - Processing /home/airflow/.local/lib/python3.12/site-packages/airflow/example_dags/example_display_name.py took 1.572 seconds
[2026-04-29T01:07:08.704+0000] {processor.py:161} INFO - Started process (PID=1113) to work on /home/airflow/.local/lib/python3.12/site-packages/airflow/example_dags/example_display_name.py
[2026-04-29T01:07:08.705+0000] {processor.py:830} INFO - Processing file /home/airflow/.local/lib/python3.12/site-packages/airflow/example_dags/example_display_name.py for tasks to queue
[2026-04-29T01:07:08.709+0000] {logging_mixin.py:188} INFO - [2026-04-29T01:07:08.709+0000] {dagbag.py:540} INFO - Filling up the DagBag from /home/airflow/.local/lib/python3.12/site-packages/airflow/example_dags/example_display_name.py
[2026-04-29T01:07:08.725+0000] {processor.py:840} INFO - DAG(s) 'example_display_name' retrieved from /home/airflow/.local/lib/python3.12/site-packages/airflow/example_dags/example_display_name.py
[2026-04-29T01:07:08.776+0000] {logging_mixin.py:188} INFO - [2026-04-29T01:07:08.776+0000] {dag.py:3096} INFO - Sync 1 DAGs
[2026-04-29T01:07:08.811+0000] {logging_mixin.py:188} INFO - [2026-04-29T01:07:08.810+0000] {dag.py:3954} INFO - Setting next_dagrun for example_display_name to None, run_after=None
[2026-04-29T01:07:08.860+0000] {processor.py:183} INFO - Processing /home/airflow/.local/lib/python3.12/site-packages/airflow/example_dags/example_display_name.py took 0.175 seconds
[2026-04-29T01:07:38.915+0000] {processor.py:161} INFO - Started process (PID=1172) to work on /home/airflow/.local/lib/python3.12/site-packages/airflow/example_dags/example_display_name.py
[2026-04-29T01:07:38.916+0000] {processor.py:830} INFO - Processing file /home/airflow/.local/lib/python3.12/site-packages/airflow/example_dags/example_display_name.py for tasks to queue
[2026-04-29T01:07:38.918+0000] {logging_mixin.py:188} INFO - [2026-04-29T01:07:38.917+0000] {dagbag.py:540} INFO - Filling up the DagBag from /home/airflow/.local/lib/python3.12/site-packages/airflow/example_dags/example_display_name.py
[2026-04-29T01:07:38.923+0000] {processor.py:840} INFO - DAG(s) 'example_display_name' retrieved from /home/airflow/.local/lib/python3.12/site-packages/airflow/example_dags/example_display_name.py
[2026-04-29T01:07:38.941+0000] {logging_mixin.py:188} INFO - [2026-04-29T01:07:38.941+0000] {dag.py:3096} INFO - Sync 1 DAGs
[2026-04-29T01:07:38.951+0000] {logging_mixin.py:188} INFO - [2026-04-29T01:07:38.951+0000] {dag.py:3954} INFO - Setting next_dagrun for example_display_name to None, run_after=None
[2026-04-29T01:07:38.966+0000] {processor.py:183} INFO - Processing /home/airflow/.local/lib/python3.12/site-packages/airflow/example_dags/example_display_name.py took 0.056 seconds
[2026-04-29T01:08:09.237+0000] {processor.py:161} INFO - Started process (PID=1232) to work on /home/airflow/.local/lib/python3.12/site-packages/airflow/example_dags/example_display_name.py
[2026-04-29T01:08:09.238+0000] {processor.py:830} INFO - Processing file /home/airflow/.local/lib/python3.12/site-packages/airflow/example_dags/example_display_name.py for tasks to queue
[2026-04-29T01:08:09.240+0000] {logging_mixin.py:188} INFO - [2026-04-29T01:08:09.240+0000] {dagbag.py:540} INFO - Filling up the DagBag from /home/airflow/.local/lib/python3.12/site-packages/airflow/example_dags/example_display_name.py
[2026-04-29T01:08:09.245+0000] {processor.py:840} INFO - DAG(s) 'example_display_name' retrieved from /home/airflow/.local/lib/python3.12/site-packages/airflow/example_dags/example_display_name.py
[2026-04-29T01:08:09.262+0000] {logging_mixin.py:188} INFO - [2026-04-29T01:08:09.262+0000] {dag.py:3096} INFO - Sync 1 DAGs
[2026-04-29T01:08:09.274+0000] {logging_mixin.py:188} INFO - [2026-04-29T01:08:09.273+0000] {dag.py:3954} INFO - Setting next_dagrun for example_display_name to None, run_after=None
[2026-04-29T01:08:09.289+0000] {processor.py:183} INFO - Processing /home/airflow/.local/lib/python3.12/site-packages/airflow/example_dags/example_display_name.py took 0.056 seconds
[2026-04-29T01:08:39.357+0000] {processor.py:161} INFO - Started process (PID=1292) to work on /home/airflow/.local/lib/python3.12/site-packages/airflow/example_dags/example_display_name.py
[2026-04-29T01:08:39.359+0000] {processor.py:830} INFO - Processing file /home/airflow/.local/lib/python3.12/site-packages/airflow/example_dags/example_display_name.py for tasks to queue
[2026-04-29T01:08:39.361+0000] {logging_mixin.py:188} INFO - [2026-04-29T01:08:39.361+0000] {dagbag.py:540} INFO - Filling up the DagBag from /home/airflow/.local/lib/python3.12/site-packages/airflow/example_dags/example_display_name.py
[2026-04-29T01:08:39.371+0000] {processor.py:840} INFO - DAG(s) 'example_display_name' retrieved from /home/airflow/.local/lib/python3.12/site-packages/airflow/example_dags/example_display_name.py
[2026-04-29T01:08:39.414+0000] {logging_mixin.py:188} INFO - [2026-04-29T01:08:39.413+0000] {dag.py:3096} INFO - Sync 1 DAGs
[2026-04-29T01:08:39.434+0000] {logging_mixin.py:188} INFO - [2026-04-29T01:08:39.434+0000] {dag.py:3954} INFO - Setting next_dagrun for example_display_name to None, run_after=None
[2026-04-29T01:08:39.485+0000] {processor.py:183} INFO - Processing /home/airflow/.local/lib/python3.12/site-packages/airflow/example_dags/example_display_name.py took 0.137 seconds
[2026-04-29T01:09:10.574+0000] {processor.py:161} INFO - Started process (PID=1352) to work on /home/airflow/.local/lib/python3.12/site-packages/airflow/example_dags/example_display_name.py
[2026-04-29T01:09:10.631+0000] {processor.py:830} INFO - Processing file /home/airflow/.local/lib/python3.12/site-packages/airflow/example_dags/example_display_name.py for tasks to queue
[2026-04-29T01:09:10.638+0000] {logging_mixin.py:188} INFO - [2026-04-29T01:09:10.637+0000] {dagbag.py:540} INFO - Filling up the DagBag from /home/airflow/.local/lib/python3.12/site-packages/airflow/example_dags/example_display_name.py
[2026-04-29T01:09:10.650+0000] {processor.py:840} INFO - DAG(s) 'example_display_name' retrieved from /home/airflow/.local/lib/python3.12/site-packages/airflow/example_dags/example_display_name.py
[2026-04-29T01:09:10.707+0000] {logging_mixin.py:188} INFO - [2026-04-29T01:09:10.706+0000] {dag.py:3096} INFO - Sync 1 DAGs
[2026-04-29T01:09:10.729+0000] {logging_mixin.py:188} INFO - [2026-04-29T01:09:10.729+0000] {dag.py:3954} INFO - Setting next_dagrun for example_display_name to None, run_after=None
[2026-04-29T01:09:10.760+0000] {processor.py:183} INFO - Processing /home/airflow/.local/lib/python3.12/site-packages/airflow/example_dags/example_display_name.py took 0.204 seconds
[2026-04-29T01:09:40.869+0000] {processor.py:161} INFO - Started process (PID=1411) to work on /home/airflow/.local/lib/python3.12/site-packages/airflow/example_dags/example_display_name.py
[2026-04-29T01:09:40.870+0000] {processor.py:830} INFO - Processing file /home/airflow/.local/lib/python3.12/site-packages/airflow/example_dags/example_display_name.py for tasks to queue
[2026-04-29T01:09:40.872+0000] {logging_mixin.py:188} INFO - [2026-04-29T01:09:40.872+0000] {dagbag.py:540} INFO - Filling up the DagBag from /home/airflow/.local/lib/python3.12/site-packages/airflow/example_dags/example_display_name.py
[2026-04-29T01:09:40.877+0000] {processor.py:840} INFO - DAG(s) 'example_display_name' retrieved from /home/airflow/.local/lib/python3.12/site-packages/airflow/example_dags/example_display_name.py
[2026-04-29T01:09:40.895+0000] {logging_mixin.py:188} INFO - [2026-04-29T01:09:40.895+0000] {dag.py:3096} INFO - Sync 1 DAGs
[2026-04-29T01:09:40.906+0000] {logging_mixin.py:188} INFO - [2026-04-29T01:09:40.906+0000] {dag.py:3954} INFO - Setting next_dagrun for example_display_name to None, run_after=None
[2026-04-29T01:09:40.921+0000] {processor.py:183} INFO - Processing /home/airflow/.local/lib/python3.12/site-packages/airflow/example_dags/example_display_name.py took 0.058 seconds
[2026-04-29T01:10:11.490+0000] {processor.py:161} INFO - Started process (PID=1471) to work on /home/airflow/.local/lib/python3.12/site-packages/airflow/example_dags/example_display_name.py
[2026-04-29T01:10:11.495+0000] {processor.py:830} INFO - Processing file /home/airflow/.local/lib/python3.12/site-packages/airflow/example_dags/example_display_name.py for tasks to queue
[2026-04-29T01:10:11.503+0000] {logging_mixin.py:188} INFO - [2026-04-29T01:10:11.502+0000] {dagbag.py:540} INFO - Filling up the DagBag from /home/airflow/.local/lib/python3.12/site-packages/airflow/example_dags/example_display_name.py
[2026-04-29T01:10:11.515+0000] {processor.py:840} INFO - DAG(s) 'example_display_name' retrieved from /home/airflow/.local/lib/python3.12/site-packages/airflow/example_dags/example_display_name.py
[2026-04-29T01:10:11.587+0000] {logging_mixin.py:188} INFO - [2026-04-29T01:10:11.585+0000] {dag.py:3096} INFO - Sync 1 DAGs
[2026-04-29T01:10:11.648+0000] {logging_mixin.py:188} INFO - [2026-04-29T01:10:11.647+0000] {dag.py:3954} INFO - Setting next_dagrun for example_display_name to None, run_after=None
[2026-04-29T01:10:11.695+0000] {processor.py:183} INFO - Processing /home/airflow/.local/lib/python3.12/site-packages/airflow/example_dags/example_display_name.py took 0.218 seconds
[2026-04-29T01:10:42.318+0000] {processor.py:161} INFO - Started process (PID=1531) to work on /home/airflow/.local/lib/python3.12/site-packages/airflow/example_dags/example_display_name.py
[2026-04-29T01:10:42.319+0000] {processor.py:830} INFO - Processing file /home/airflow/.local/lib/python3.12/site-packages/airflow/example_dags/example_display_name.py for tasks to queue
[2026-04-29T01:10:42.323+0000] {logging_mixin.py:188} INFO - [2026-04-29T01:10:42.322+0000] {dagbag.py:540} INFO - Filling up the DagBag from /home/airflow/.local/lib/python3.12/site-packages/airflow/example_dags/example_display_name.py
[2026-04-29T01:10:42.336+0000] {processor.py:840} INFO - DAG(s) 'example_display_name' retrieved from /home/airflow/.local/lib/python3.12/site-packages/airflow/example_dags/example_display_name.py
[2026-04-29T01:10:42.362+0000] {logging_mixin.py:188} INFO - [2026-04-29T01:10:42.362+0000] {dag.py:3096} INFO - Sync 1 DAGs
[2026-04-29T01:10:42.382+0000] {logging_mixin.py:188} INFO - [2026-04-29T01:10:42.382+0000] {dag.py:3954} INFO - Setting next_dagrun for example_display_name to None, run_after=None
[2026-04-29T01:10:42.421+0000] {processor.py:183} INFO - Processing /home/airflow/.local/lib/python3.12/site-packages/airflow/example_dags/example_display_name.py took 0.112 seconds
[2026-04-29T01:11:12.702+0000] {processor.py:161} INFO - Started process (PID=1588) to work on /home/airflow/.local/lib/python3.12/site-packages/airflow/example_dags/example_display_name.py
[2026-04-29T01:11:12.704+0000] {processor.py:830} INFO - Processing file /home/airflow/.local/lib/python3.12/site-packages/airflow/example_dags/example_display_name.py for tasks to queue
[2026-04-29T01:11:12.707+0000] {logging_mixin.py:188} INFO - [2026-04-29T01:11:12.707+0000] {dagbag.py:540} INFO - Filling up the DagBag from /home/airflow/.local/lib/python3.12/site-packages/airflow/example_dags/example_display_name.py
[2026-04-29T01:11:12.715+0000] {processor.py:840} INFO - DAG(s) 'example_display_name' retrieved from /home/airflow/.local/lib/python3.12/site-packages/airflow/example_dags/example_display_name.py
[2026-04-29T01:11:12.742+0000] {logging_mixin.py:188} INFO - [2026-04-29T01:11:12.741+0000] {dag.py:3096} INFO - Sync 1 DAGs
[2026-04-29T01:11:12.759+0000] {logging_mixin.py:188} INFO - [2026-04-29T01:11:12.758+0000] {dag.py:3954} INFO - Setting next_dagrun for example_display_name to None, run_after=None
[2026-04-29T01:11:12.782+0000] {processor.py:183} INFO - Processing /home/airflow/.local/lib/python3.12/site-packages/airflow/example_dags/example_display_name.py took 0.087 seconds
[2026-04-29T01:11:43.687+0000] {processor.py:161} INFO - Started process (PID=1648) to work on /home/airflow/.local/lib/python3.12/site-packages/airflow/example_dags/example_display_name.py
[2026-04-29T01:11:43.688+0000] {processor.py:830} INFO - Processing file /home/airflow/.local/lib/python3.12/site-packages/airflow/example_dags/example_display_name.py for tasks to queue
[2026-04-29T01:11:43.690+0000] {logging_mixin.py:188} INFO - [2026-04-29T01:11:43.690+0000] {dagbag.py:540} INFO - Filling up the DagBag from /home/airflow/.local/lib/python3.12/site-packages/airflow/example_dags/example_display_name.py
[2026-04-29T01:11:43.699+0000] {processor.py:840} INFO - DAG(s) 'example_display_name' retrieved from /home/airflow/.local/lib/python3.12/site-packages/airflow/example_dags/example_display_name.py
[2026-04-29T01:11:43.722+0000] {logging_mixin.py:188} INFO - [2026-04-29T01:11:43.722+0000] {dag.py:3096} INFO - Sync 1 DAGs
[2026-04-29T01:11:43.739+0000] {logging_mixin.py:188} INFO - [2026-04-29T01:11:43.739+0000] {dag.py:3954} INFO - Setting next_dagrun for example_display_name to None, run_after=None
[2026-04-29T01:11:43.765+0000] {processor.py:183} INFO - Processing /home/airflow/.local/lib/python3.12/site-packages/airflow/example_dags/example_display_name.py took 0.087 seconds
