[2026-04-29T00:54:55.668+0000] {processor.py:161} INFO - Started process (PID=76) to work on /home/airflow/.local/lib/python3.12/site-packages/airflow/example_dags/tutorial_dag.py
[2026-04-29T00:54:55.674+0000] {processor.py:830} INFO - Processing file /home/airflow/.local/lib/python3.12/site-packages/airflow/example_dags/tutorial_dag.py for tasks to queue
[2026-04-29T00:54:55.687+0000] {logging_mixin.py:188} INFO - [2026-04-29T00:54:55.686+0000] {dagbag.py:540} INFO - Filling up the DagBag from /home/airflow/.local/lib/python3.12/site-packages/airflow/example_dags/tutorial_dag.py
[2026-04-29T00:54:55.705+0000] {processor.py:840} INFO - DAG(s) 'tutorial_dag' retrieved from /home/airflow/.local/lib/python3.12/site-packages/airflow/example_dags/tutorial_dag.py
[2026-04-29T00:54:55.858+0000] {logging_mixin.py:188} INFO - [2026-04-29T00:54:55.857+0000] {dag.py:3096} INFO - Sync 1 DAGs
[2026-04-29T00:54:55.962+0000] {logging_mixin.py:188} INFO - [2026-04-29T00:54:55.961+0000] {dag.py:3954} INFO - Setting next_dagrun for tutorial_dag to None, run_after=None
[2026-04-29T00:54:56.019+0000] {processor.py:183} INFO - Processing /home/airflow/.local/lib/python3.12/site-packages/airflow/example_dags/tutorial_dag.py took 0.374 seconds
[2026-04-29T00:58:20.465+0000] {processor.py:161} INFO - Started process (PID=84) to work on /home/airflow/.local/lib/python3.12/site-packages/airflow/example_dags/tutorial_dag.py
[2026-04-29T00:58:20.466+0000] {processor.py:830} INFO - Processing file /home/airflow/.local/lib/python3.12/site-packages/airflow/example_dags/tutorial_dag.py for tasks to queue
[2026-04-29T00:58:20.468+0000] {logging_mixin.py:188} INFO - [2026-04-29T00:58:20.468+0000] {dagbag.py:540} INFO - Filling up the DagBag from /home/airflow/.local/lib/python3.12/site-packages/airflow/example_dags/tutorial_dag.py
[2026-04-29T00:58:20.476+0000] {processor.py:840} INFO - DAG(s) 'tutorial_dag' retrieved from /home/airflow/.local/lib/python3.12/site-packages/airflow/example_dags/tutorial_dag.py
[2026-04-29T00:58:20.631+0000] {logging_mixin.py:188} INFO - [2026-04-29T00:58:20.630+0000] {override.py:1829} INFO - Created Permission View: can edit on DAG:tutorial_dag
[2026-04-29T00:58:20.639+0000] {logging_mixin.py:188} INFO - [2026-04-29T00:58:20.639+0000] {override.py:1829} INFO - Created Permission View: can delete on DAG:tutorial_dag
[2026-04-29T00:58:20.651+0000] {logging_mixin.py:188} INFO - [2026-04-29T00:58:20.651+0000] {override.py:1829} INFO - Created Permission View: can read on DAG:tutorial_dag
[2026-04-29T00:58:20.652+0000] {logging_mixin.py:188} INFO - [2026-04-29T00:58:20.651+0000] {dag.py:3096} INFO - Sync 1 DAGs
[2026-04-29T00:58:20.665+0000] {logging_mixin.py:188} INFO - [2026-04-29T00:58:20.664+0000] {dag.py:3118} INFO - Creating ORM DAG for tutorial_dag
[2026-04-29T00:58:20.665+0000] {logging_mixin.py:188} INFO - [2026-04-29T00:58:20.665+0000] {dag.py:3954} INFO - Setting next_dagrun for tutorial_dag to None, run_after=None
[2026-04-29T00:58:20.685+0000] {processor.py:183} INFO - Processing /home/airflow/.local/lib/python3.12/site-packages/airflow/example_dags/tutorial_dag.py took 0.227 seconds
[2026-04-29T00:58:51.778+0000] {processor.py:161} INFO - Started process (PID=144) to work on /home/airflow/.local/lib/python3.12/site-packages/airflow/example_dags/tutorial_dag.py
[2026-04-29T00:58:51.782+0000] {processor.py:830} INFO - Processing file /home/airflow/.local/lib/python3.12/site-packages/airflow/example_dags/tutorial_dag.py for tasks to queue
[2026-04-29T00:58:51.786+0000] {logging_mixin.py:188} INFO - [2026-04-29T00:58:51.785+0000] {dagbag.py:540} INFO - Filling up the DagBag from /home/airflow/.local/lib/python3.12/site-packages/airflow/example_dags/tutorial_dag.py
[2026-04-29T00:58:51.805+0000] {processor.py:840} INFO - DAG(s) 'tutorial_dag' retrieved from /home/airflow/.local/lib/python3.12/site-packages/airflow/example_dags/tutorial_dag.py
[2026-04-29T00:58:51.897+0000] {logging_mixin.py:188} INFO - [2026-04-29T00:58:51.897+0000] {dag.py:3096} INFO - Sync 1 DAGs
[2026-04-29T00:58:51.936+0000] {logging_mixin.py:188} INFO - [2026-04-29T00:58:51.935+0000] {dag.py:3954} INFO - Setting next_dagrun for tutorial_dag to None, run_after=None
[2026-04-29T00:58:51.960+0000] {processor.py:183} INFO - Processing /home/airflow/.local/lib/python3.12/site-packages/airflow/example_dags/tutorial_dag.py took 0.221 seconds
[2026-04-29T00:59:22.684+0000] {processor.py:161} INFO - Started process (PID=204) to work on /home/airflow/.local/lib/python3.12/site-packages/airflow/example_dags/tutorial_dag.py
[2026-04-29T00:59:22.685+0000] {processor.py:830} INFO - Processing file /home/airflow/.local/lib/python3.12/site-packages/airflow/example_dags/tutorial_dag.py for tasks to queue
[2026-04-29T00:59:22.687+0000] {logging_mixin.py:188} INFO - [2026-04-29T00:59:22.687+0000] {dagbag.py:540} INFO - Filling up the DagBag from /home/airflow/.local/lib/python3.12/site-packages/airflow/example_dags/tutorial_dag.py
[2026-04-29T00:59:22.693+0000] {processor.py:840} INFO - DAG(s) 'tutorial_dag' retrieved from /home/airflow/.local/lib/python3.12/site-packages/airflow/example_dags/tutorial_dag.py
[2026-04-29T00:59:22.717+0000] {logging_mixin.py:188} INFO - [2026-04-29T00:59:22.717+0000] {dag.py:3096} INFO - Sync 1 DAGs
[2026-04-29T00:59:22.733+0000] {logging_mixin.py:188} INFO - [2026-04-29T00:59:22.732+0000] {dag.py:3954} INFO - Setting next_dagrun for tutorial_dag to None, run_after=None
[2026-04-29T00:59:22.753+0000] {processor.py:183} INFO - Processing /home/airflow/.local/lib/python3.12/site-packages/airflow/example_dags/tutorial_dag.py took 0.076 seconds
[2026-04-29T00:59:53.150+0000] {processor.py:161} INFO - Started process (PID=263) to work on /home/airflow/.local/lib/python3.12/site-packages/airflow/example_dags/tutorial_dag.py
[2026-04-29T00:59:53.156+0000] {processor.py:830} INFO - Processing file /home/airflow/.local/lib/python3.12/site-packages/airflow/example_dags/tutorial_dag.py for tasks to queue
[2026-04-29T00:59:53.158+0000] {logging_mixin.py:188} INFO - [2026-04-29T00:59:53.158+0000] {dagbag.py:540} INFO - Filling up the DagBag from /home/airflow/.local/lib/python3.12/site-packages/airflow/example_dags/tutorial_dag.py
[2026-04-29T00:59:53.175+0000] {processor.py:840} INFO - DAG(s) 'tutorial_dag' retrieved from /home/airflow/.local/lib/python3.12/site-packages/airflow/example_dags/tutorial_dag.py
[2026-04-29T00:59:53.223+0000] {logging_mixin.py:188} INFO - [2026-04-29T00:59:53.222+0000] {dag.py:3096} INFO - Sync 1 DAGs
[2026-04-29T00:59:53.254+0000] {logging_mixin.py:188} INFO - [2026-04-29T00:59:53.253+0000] {dag.py:3954} INFO - Setting next_dagrun for tutorial_dag to None, run_after=None
[2026-04-29T00:59:53.286+0000] {processor.py:183} INFO - Processing /home/airflow/.local/lib/python3.12/site-packages/airflow/example_dags/tutorial_dag.py took 0.148 seconds
[2026-04-29T01:00:24.606+0000] {processor.py:161} INFO - Started process (PID=322) to work on /home/airflow/.local/lib/python3.12/site-packages/airflow/example_dags/tutorial_dag.py
[2026-04-29T01:00:24.621+0000] {processor.py:830} INFO - Processing file /home/airflow/.local/lib/python3.12/site-packages/airflow/example_dags/tutorial_dag.py for tasks to queue
[2026-04-29T01:00:24.641+0000] {logging_mixin.py:188} INFO - [2026-04-29T01:00:24.640+0000] {dagbag.py:540} INFO - Filling up the DagBag from /home/airflow/.local/lib/python3.12/site-packages/airflow/example_dags/tutorial_dag.py
[2026-04-29T01:00:24.701+0000] {processor.py:840} INFO - DAG(s) 'tutorial_dag' retrieved from /home/airflow/.local/lib/python3.12/site-packages/airflow/example_dags/tutorial_dag.py
[2026-04-29T01:00:24.806+0000] {logging_mixin.py:188} INFO - [2026-04-29T01:00:24.806+0000] {dag.py:3096} INFO - Sync 1 DAGs
[2026-04-29T01:00:24.859+0000] {logging_mixin.py:188} INFO - [2026-04-29T01:00:24.856+0000] {dag.py:3954} INFO - Setting next_dagrun for tutorial_dag to None, run_after=None
[2026-04-29T01:00:24.990+0000] {processor.py:183} INFO - Processing /home/airflow/.local/lib/python3.12/site-packages/airflow/example_dags/tutorial_dag.py took 0.440 seconds
[2026-04-29T01:00:55.410+0000] {processor.py:161} INFO - Started process (PID=383) to work on /home/airflow/.local/lib/python3.12/site-packages/airflow/example_dags/tutorial_dag.py
[2026-04-29T01:00:55.454+0000] {processor.py:830} INFO - Processing file /home/airflow/.local/lib/python3.12/site-packages/airflow/example_dags/tutorial_dag.py for tasks to queue
[2026-04-29T01:00:55.457+0000] {logging_mixin.py:188} INFO - [2026-04-29T01:00:55.457+0000] {dagbag.py:540} INFO - Filling up the DagBag from /home/airflow/.local/lib/python3.12/site-packages/airflow/example_dags/tutorial_dag.py
[2026-04-29T01:00:55.464+0000] {processor.py:840} INFO - DAG(s) 'tutorial_dag' retrieved from /home/airflow/.local/lib/python3.12/site-packages/airflow/example_dags/tutorial_dag.py
[2026-04-29T01:00:55.497+0000] {logging_mixin.py:188} INFO - [2026-04-29T01:00:55.497+0000] {dag.py:3096} INFO - Sync 1 DAGs
[2026-04-29T01:00:55.518+0000] {logging_mixin.py:188} INFO - [2026-04-29T01:00:55.517+0000] {dag.py:3954} INFO - Setting next_dagrun for tutorial_dag to None, run_after=None
[2026-04-29T01:00:55.543+0000] {processor.py:183} INFO - Processing /home/airflow/.local/lib/python3.12/site-packages/airflow/example_dags/tutorial_dag.py took 0.139 seconds
[2026-04-29T01:01:25.920+0000] {processor.py:161} INFO - Started process (PID=443) to work on /home/airflow/.local/lib/python3.12/site-packages/airflow/example_dags/tutorial_dag.py
[2026-04-29T01:01:25.928+0000] {processor.py:830} INFO - Processing file /home/airflow/.local/lib/python3.12/site-packages/airflow/example_dags/tutorial_dag.py for tasks to queue
[2026-04-29T01:01:25.933+0000] {logging_mixin.py:188} INFO - [2026-04-29T01:01:25.932+0000] {dagbag.py:540} INFO - Filling up the DagBag from /home/airflow/.local/lib/python3.12/site-packages/airflow/example_dags/tutorial_dag.py
[2026-04-29T01:01:25.951+0000] {processor.py:840} INFO - DAG(s) 'tutorial_dag' retrieved from /home/airflow/.local/lib/python3.12/site-packages/airflow/example_dags/tutorial_dag.py
[2026-04-29T01:01:26.033+0000] {logging_mixin.py:188} INFO - [2026-04-29T01:01:26.033+0000] {dag.py:3096} INFO - Sync 1 DAGs
[2026-04-29T01:01:26.049+0000] {logging_mixin.py:188} INFO - [2026-04-29T01:01:26.049+0000] {dag.py:3954} INFO - Setting next_dagrun for tutorial_dag to None, run_after=None
[2026-04-29T01:01:26.071+0000] {processor.py:183} INFO - Processing /home/airflow/.local/lib/python3.12/site-packages/airflow/example_dags/tutorial_dag.py took 0.173 seconds
[2026-04-29T01:01:56.806+0000] {processor.py:161} INFO - Started process (PID=502) to work on /home/airflow/.local/lib/python3.12/site-packages/airflow/example_dags/tutorial_dag.py
[2026-04-29T01:01:56.807+0000] {processor.py:830} INFO - Processing file /home/airflow/.local/lib/python3.12/site-packages/airflow/example_dags/tutorial_dag.py for tasks to queue
[2026-04-29T01:01:56.809+0000] {logging_mixin.py:188} INFO - [2026-04-29T01:01:56.809+0000] {dagbag.py:540} INFO - Filling up the DagBag from /home/airflow/.local/lib/python3.12/site-packages/airflow/example_dags/tutorial_dag.py
[2026-04-29T01:01:56.814+0000] {processor.py:840} INFO - DAG(s) 'tutorial_dag' retrieved from /home/airflow/.local/lib/python3.12/site-packages/airflow/example_dags/tutorial_dag.py
[2026-04-29T01:01:56.834+0000] {logging_mixin.py:188} INFO - [2026-04-29T01:01:56.833+0000] {dag.py:3096} INFO - Sync 1 DAGs
[2026-04-29T01:01:56.845+0000] {logging_mixin.py:188} INFO - [2026-04-29T01:01:56.845+0000] {dag.py:3954} INFO - Setting next_dagrun for tutorial_dag to None, run_after=None
[2026-04-29T01:01:56.861+0000] {processor.py:183} INFO - Processing /home/airflow/.local/lib/python3.12/site-packages/airflow/example_dags/tutorial_dag.py took 0.062 seconds
[2026-04-29T01:02:27.222+0000] {processor.py:161} INFO - Started process (PID=561) to work on /home/airflow/.local/lib/python3.12/site-packages/airflow/example_dags/tutorial_dag.py
[2026-04-29T01:02:27.223+0000] {processor.py:830} INFO - Processing file /home/airflow/.local/lib/python3.12/site-packages/airflow/example_dags/tutorial_dag.py for tasks to queue
[2026-04-29T01:02:27.225+0000] {logging_mixin.py:188} INFO - [2026-04-29T01:02:27.225+0000] {dagbag.py:540} INFO - Filling up the DagBag from /home/airflow/.local/lib/python3.12/site-packages/airflow/example_dags/tutorial_dag.py
[2026-04-29T01:02:27.234+0000] {processor.py:840} INFO - DAG(s) 'tutorial_dag' retrieved from /home/airflow/.local/lib/python3.12/site-packages/airflow/example_dags/tutorial_dag.py
[2026-04-29T01:02:27.259+0000] {logging_mixin.py:188} INFO - [2026-04-29T01:02:27.259+0000] {dag.py:3096} INFO - Sync 1 DAGs
[2026-04-29T01:02:27.275+0000] {logging_mixin.py:188} INFO - [2026-04-29T01:02:27.275+0000] {dag.py:3954} INFO - Setting next_dagrun for tutorial_dag to None, run_after=None
[2026-04-29T01:02:27.297+0000] {processor.py:183} INFO - Processing /home/airflow/.local/lib/python3.12/site-packages/airflow/example_dags/tutorial_dag.py took 0.081 seconds
[2026-04-29T01:02:57.721+0000] {processor.py:161} INFO - Started process (PID=621) to work on /home/airflow/.local/lib/python3.12/site-packages/airflow/example_dags/tutorial_dag.py
[2026-04-29T01:02:57.723+0000] {processor.py:830} INFO - Processing file /home/airflow/.local/lib/python3.12/site-packages/airflow/example_dags/tutorial_dag.py for tasks to queue
[2026-04-29T01:02:57.725+0000] {logging_mixin.py:188} INFO - [2026-04-29T01:02:57.725+0000] {dagbag.py:540} INFO - Filling up the DagBag from /home/airflow/.local/lib/python3.12/site-packages/airflow/example_dags/tutorial_dag.py
[2026-04-29T01:02:57.733+0000] {processor.py:840} INFO - DAG(s) 'tutorial_dag' retrieved from /home/airflow/.local/lib/python3.12/site-packages/airflow/example_dags/tutorial_dag.py
[2026-04-29T01:02:57.761+0000] {logging_mixin.py:188} INFO - [2026-04-29T01:02:57.760+0000] {dag.py:3096} INFO - Sync 1 DAGs
[2026-04-29T01:02:57.781+0000] {logging_mixin.py:188} INFO - [2026-04-29T01:02:57.781+0000] {dag.py:3954} INFO - Setting next_dagrun for tutorial_dag to None, run_after=None
[2026-04-29T01:02:57.803+0000] {processor.py:183} INFO - Processing /home/airflow/.local/lib/python3.12/site-packages/airflow/example_dags/tutorial_dag.py took 0.096 seconds
[2026-04-29T01:03:27.867+0000] {processor.py:161} INFO - Started process (PID=681) to work on /home/airflow/.local/lib/python3.12/site-packages/airflow/example_dags/tutorial_dag.py
[2026-04-29T01:03:27.868+0000] {processor.py:830} INFO - Processing file /home/airflow/.local/lib/python3.12/site-packages/airflow/example_dags/tutorial_dag.py for tasks to queue
[2026-04-29T01:03:27.871+0000] {logging_mixin.py:188} INFO - [2026-04-29T01:03:27.871+0000] {dagbag.py:540} INFO - Filling up the DagBag from /home/airflow/.local/lib/python3.12/site-packages/airflow/example_dags/tutorial_dag.py
[2026-04-29T01:03:27.878+0000] {processor.py:840} INFO - DAG(s) 'tutorial_dag' retrieved from /home/airflow/.local/lib/python3.12/site-packages/airflow/example_dags/tutorial_dag.py
[2026-04-29T01:03:27.903+0000] {logging_mixin.py:188} INFO - [2026-04-29T01:03:27.903+0000] {dag.py:3096} INFO - Sync 1 DAGs
[2026-04-29T01:03:27.915+0000] {logging_mixin.py:188} INFO - [2026-04-29T01:03:27.914+0000] {dag.py:3954} INFO - Setting next_dagrun for tutorial_dag to None, run_after=None
[2026-04-29T01:03:27.931+0000] {processor.py:183} INFO - Processing /home/airflow/.local/lib/python3.12/site-packages/airflow/example_dags/tutorial_dag.py took 0.071 seconds
[2026-04-29T01:03:58.646+0000] {processor.py:161} INFO - Started process (PID=741) to work on /home/airflow/.local/lib/python3.12/site-packages/airflow/example_dags/tutorial_dag.py
[2026-04-29T01:03:58.647+0000] {processor.py:830} INFO - Processing file /home/airflow/.local/lib/python3.12/site-packages/airflow/example_dags/tutorial_dag.py for tasks to queue
[2026-04-29T01:03:58.649+0000] {logging_mixin.py:188} INFO - [2026-04-29T01:03:58.649+0000] {dagbag.py:540} INFO - Filling up the DagBag from /home/airflow/.local/lib/python3.12/site-packages/airflow/example_dags/tutorial_dag.py
[2026-04-29T01:03:58.655+0000] {processor.py:840} INFO - DAG(s) 'tutorial_dag' retrieved from /home/airflow/.local/lib/python3.12/site-packages/airflow/example_dags/tutorial_dag.py
[2026-04-29T01:03:58.679+0000] {logging_mixin.py:188} INFO - [2026-04-29T01:03:58.679+0000] {dag.py:3096} INFO - Sync 1 DAGs
[2026-04-29T01:03:58.700+0000] {logging_mixin.py:188} INFO - [2026-04-29T01:03:58.700+0000] {dag.py:3954} INFO - Setting next_dagrun for tutorial_dag to None, run_after=None
[2026-04-29T01:03:58.722+0000] {processor.py:183} INFO - Processing /home/airflow/.local/lib/python3.12/site-packages/airflow/example_dags/tutorial_dag.py took 0.083 seconds
[2026-04-29T01:04:30.254+0000] {processor.py:161} INFO - Started process (PID=801) to work on /home/airflow/.local/lib/python3.12/site-packages/airflow/example_dags/tutorial_dag.py
[2026-04-29T01:04:30.258+0000] {processor.py:830} INFO - Processing file /home/airflow/.local/lib/python3.12/site-packages/airflow/example_dags/tutorial_dag.py for tasks to queue
[2026-04-29T01:04:30.265+0000] {logging_mixin.py:188} INFO - [2026-04-29T01:04:30.264+0000] {dagbag.py:540} INFO - Filling up the DagBag from /home/airflow/.local/lib/python3.12/site-packages/airflow/example_dags/tutorial_dag.py
[2026-04-29T01:04:30.278+0000] {processor.py:840} INFO - DAG(s) 'tutorial_dag' retrieved from /home/airflow/.local/lib/python3.12/site-packages/airflow/example_dags/tutorial_dag.py
[2026-04-29T01:04:30.333+0000] {logging_mixin.py:188} INFO - [2026-04-29T01:04:30.332+0000] {dag.py:3096} INFO - Sync 1 DAGs
[2026-04-29T01:04:30.350+0000] {logging_mixin.py:188} INFO - [2026-04-29T01:04:30.350+0000] {dag.py:3954} INFO - Setting next_dagrun for tutorial_dag to None, run_after=None
[2026-04-29T01:04:30.372+0000] {processor.py:183} INFO - Processing /home/airflow/.local/lib/python3.12/site-packages/airflow/example_dags/tutorial_dag.py took 0.141 seconds
[2026-04-29T01:05:01.558+0000] {processor.py:161} INFO - Started process (PID=864) to work on /home/airflow/.local/lib/python3.12/site-packages/airflow/example_dags/tutorial_dag.py
[2026-04-29T01:05:01.559+0000] {processor.py:830} INFO - Processing file /home/airflow/.local/lib/python3.12/site-packages/airflow/example_dags/tutorial_dag.py for tasks to queue
[2026-04-29T01:05:01.561+0000] {logging_mixin.py:188} INFO - [2026-04-29T01:05:01.561+0000] {dagbag.py:540} INFO - Filling up the DagBag from /home/airflow/.local/lib/python3.12/site-packages/airflow/example_dags/tutorial_dag.py
[2026-04-29T01:05:01.572+0000] {processor.py:840} INFO - DAG(s) 'tutorial_dag' retrieved from /home/airflow/.local/lib/python3.12/site-packages/airflow/example_dags/tutorial_dag.py
[2026-04-29T01:05:01.618+0000] {logging_mixin.py:188} INFO - [2026-04-29T01:05:01.617+0000] {dag.py:3096} INFO - Sync 1 DAGs
[2026-04-29T01:05:01.647+0000] {logging_mixin.py:188} INFO - [2026-04-29T01:05:01.646+0000] {dag.py:3954} INFO - Setting next_dagrun for tutorial_dag to None, run_after=None
[2026-04-29T01:05:01.695+0000] {processor.py:183} INFO - Processing /home/airflow/.local/lib/python3.12/site-packages/airflow/example_dags/tutorial_dag.py took 0.149 seconds
[2026-04-29T01:05:32.213+0000] {processor.py:161} INFO - Started process (PID=930) to work on /home/airflow/.local/lib/python3.12/site-packages/airflow/example_dags/tutorial_dag.py
[2026-04-29T01:05:32.214+0000] {processor.py:830} INFO - Processing file /home/airflow/.local/lib/python3.12/site-packages/airflow/example_dags/tutorial_dag.py for tasks to queue
[2026-04-29T01:05:32.217+0000] {logging_mixin.py:188} INFO - [2026-04-29T01:05:32.216+0000] {dagbag.py:540} INFO - Filling up the DagBag from /home/airflow/.local/lib/python3.12/site-packages/airflow/example_dags/tutorial_dag.py
[2026-04-29T01:05:32.224+0000] {processor.py:840} INFO - DAG(s) 'tutorial_dag' retrieved from /home/airflow/.local/lib/python3.12/site-packages/airflow/example_dags/tutorial_dag.py
[2026-04-29T01:05:32.254+0000] {logging_mixin.py:188} INFO - [2026-04-29T01:05:32.253+0000] {dag.py:3096} INFO - Sync 1 DAGs
[2026-04-29T01:05:32.271+0000] {logging_mixin.py:188} INFO - [2026-04-29T01:05:32.271+0000] {dag.py:3954} INFO - Setting next_dagrun for tutorial_dag to None, run_after=None
[2026-04-29T01:05:32.296+0000] {processor.py:183} INFO - Processing /home/airflow/.local/lib/python3.12/site-packages/airflow/example_dags/tutorial_dag.py took 0.091 seconds
[2026-04-29T01:06:03.485+0000] {processor.py:161} INFO - Started process (PID=990) to work on /home/airflow/.local/lib/python3.12/site-packages/airflow/example_dags/tutorial_dag.py
[2026-04-29T01:06:03.492+0000] {processor.py:830} INFO - Processing file /home/airflow/.local/lib/python3.12/site-packages/airflow/example_dags/tutorial_dag.py for tasks to queue
[2026-04-29T01:06:03.494+0000] {logging_mixin.py:188} INFO - [2026-04-29T01:06:03.494+0000] {dagbag.py:540} INFO - Filling up the DagBag from /home/airflow/.local/lib/python3.12/site-packages/airflow/example_dags/tutorial_dag.py
[2026-04-29T01:06:03.507+0000] {processor.py:840} INFO - DAG(s) 'tutorial_dag' retrieved from /home/airflow/.local/lib/python3.12/site-packages/airflow/example_dags/tutorial_dag.py
[2026-04-29T01:06:03.565+0000] {logging_mixin.py:188} INFO - [2026-04-29T01:06:03.564+0000] {dag.py:3096} INFO - Sync 1 DAGs
[2026-04-29T01:06:03.582+0000] {logging_mixin.py:188} INFO - [2026-04-29T01:06:03.582+0000] {dag.py:3954} INFO - Setting next_dagrun for tutorial_dag to None, run_after=None
[2026-04-29T01:06:03.612+0000] {processor.py:183} INFO - Processing /home/airflow/.local/lib/python3.12/site-packages/airflow/example_dags/tutorial_dag.py took 0.150 seconds
[2026-04-29T01:06:34.451+0000] {processor.py:161} INFO - Started process (PID=1050) to work on /home/airflow/.local/lib/python3.12/site-packages/airflow/example_dags/tutorial_dag.py
[2026-04-29T01:06:34.460+0000] {processor.py:830} INFO - Processing file /home/airflow/.local/lib/python3.12/site-packages/airflow/example_dags/tutorial_dag.py for tasks to queue
[2026-04-29T01:06:34.468+0000] {logging_mixin.py:188} INFO - [2026-04-29T01:06:34.467+0000] {dagbag.py:540} INFO - Filling up the DagBag from /home/airflow/.local/lib/python3.12/site-packages/airflow/example_dags/tutorial_dag.py
[2026-04-29T01:06:34.487+0000] {processor.py:840} INFO - DAG(s) 'tutorial_dag' retrieved from /home/airflow/.local/lib/python3.12/site-packages/airflow/example_dags/tutorial_dag.py
[2026-04-29T01:06:34.556+0000] {logging_mixin.py:188} INFO - [2026-04-29T01:06:34.556+0000] {dag.py:3096} INFO - Sync 1 DAGs
[2026-04-29T01:06:35.378+0000] {logging_mixin.py:188} INFO - [2026-04-29T01:06:35.374+0000] {dag.py:3954} INFO - Setting next_dagrun for tutorial_dag to None, run_after=None
[2026-04-29T01:06:35.485+0000] {processor.py:183} INFO - Processing /home/airflow/.local/lib/python3.12/site-packages/airflow/example_dags/tutorial_dag.py took 1.050 seconds
[2026-04-29T01:07:05.580+0000] {processor.py:161} INFO - Started process (PID=1110) to work on /home/airflow/.local/lib/python3.12/site-packages/airflow/example_dags/tutorial_dag.py
[2026-04-29T01:07:05.583+0000] {processor.py:830} INFO - Processing file /home/airflow/.local/lib/python3.12/site-packages/airflow/example_dags/tutorial_dag.py for tasks to queue
[2026-04-29T01:07:05.585+0000] {logging_mixin.py:188} INFO - [2026-04-29T01:07:05.584+0000] {dagbag.py:540} INFO - Filling up the DagBag from /home/airflow/.local/lib/python3.12/site-packages/airflow/example_dags/tutorial_dag.py
[2026-04-29T01:07:05.590+0000] {processor.py:840} INFO - DAG(s) 'tutorial_dag' retrieved from /home/airflow/.local/lib/python3.12/site-packages/airflow/example_dags/tutorial_dag.py
[2026-04-29T01:07:05.608+0000] {logging_mixin.py:188} INFO - [2026-04-29T01:07:05.608+0000] {dag.py:3096} INFO - Sync 1 DAGs
[2026-04-29T01:07:05.618+0000] {logging_mixin.py:188} INFO - [2026-04-29T01:07:05.618+0000] {dag.py:3954} INFO - Setting next_dagrun for tutorial_dag to None, run_after=None
[2026-04-29T01:07:05.633+0000] {processor.py:183} INFO - Processing /home/airflow/.local/lib/python3.12/site-packages/airflow/example_dags/tutorial_dag.py took 0.058 seconds
[2026-04-29T01:07:36.401+0000] {processor.py:161} INFO - Started process (PID=1169) to work on /home/airflow/.local/lib/python3.12/site-packages/airflow/example_dags/tutorial_dag.py
[2026-04-29T01:07:36.401+0000] {processor.py:830} INFO - Processing file /home/airflow/.local/lib/python3.12/site-packages/airflow/example_dags/tutorial_dag.py for tasks to queue
[2026-04-29T01:07:36.404+0000] {logging_mixin.py:188} INFO - [2026-04-29T01:07:36.403+0000] {dagbag.py:540} INFO - Filling up the DagBag from /home/airflow/.local/lib/python3.12/site-packages/airflow/example_dags/tutorial_dag.py
[2026-04-29T01:07:36.410+0000] {processor.py:840} INFO - DAG(s) 'tutorial_dag' retrieved from /home/airflow/.local/lib/python3.12/site-packages/airflow/example_dags/tutorial_dag.py
[2026-04-29T01:07:36.435+0000] {logging_mixin.py:188} INFO - [2026-04-29T01:07:36.434+0000] {dag.py:3096} INFO - Sync 1 DAGs
[2026-04-29T01:07:36.450+0000] {logging_mixin.py:188} INFO - [2026-04-29T01:07:36.450+0000] {dag.py:3954} INFO - Setting next_dagrun for tutorial_dag to None, run_after=None
[2026-04-29T01:07:36.473+0000] {processor.py:183} INFO - Processing /home/airflow/.local/lib/python3.12/site-packages/airflow/example_dags/tutorial_dag.py took 0.079 seconds
[2026-04-29T01:08:06.759+0000] {processor.py:161} INFO - Started process (PID=1228) to work on /home/airflow/.local/lib/python3.12/site-packages/airflow/example_dags/tutorial_dag.py
[2026-04-29T01:08:06.760+0000] {processor.py:830} INFO - Processing file /home/airflow/.local/lib/python3.12/site-packages/airflow/example_dags/tutorial_dag.py for tasks to queue
[2026-04-29T01:08:06.762+0000] {logging_mixin.py:188} INFO - [2026-04-29T01:08:06.762+0000] {dagbag.py:540} INFO - Filling up the DagBag from /home/airflow/.local/lib/python3.12/site-packages/airflow/example_dags/tutorial_dag.py
[2026-04-29T01:08:06.767+0000] {processor.py:840} INFO - DAG(s) 'tutorial_dag' retrieved from /home/airflow/.local/lib/python3.12/site-packages/airflow/example_dags/tutorial_dag.py
[2026-04-29T01:08:06.785+0000] {logging_mixin.py:188} INFO - [2026-04-29T01:08:06.784+0000] {dag.py:3096} INFO - Sync 1 DAGs
[2026-04-29T01:08:06.798+0000] {logging_mixin.py:188} INFO - [2026-04-29T01:08:06.798+0000] {dag.py:3954} INFO - Setting next_dagrun for tutorial_dag to None, run_after=None
[2026-04-29T01:08:06.818+0000] {processor.py:183} INFO - Processing /home/airflow/.local/lib/python3.12/site-packages/airflow/example_dags/tutorial_dag.py took 0.064 seconds
[2026-04-29T01:08:37.333+0000] {processor.py:161} INFO - Started process (PID=1289) to work on /home/airflow/.local/lib/python3.12/site-packages/airflow/example_dags/tutorial_dag.py
[2026-04-29T01:08:37.343+0000] {processor.py:830} INFO - Processing file /home/airflow/.local/lib/python3.12/site-packages/airflow/example_dags/tutorial_dag.py for tasks to queue
[2026-04-29T01:08:37.354+0000] {logging_mixin.py:188} INFO - [2026-04-29T01:08:37.353+0000] {dagbag.py:540} INFO - Filling up the DagBag from /home/airflow/.local/lib/python3.12/site-packages/airflow/example_dags/tutorial_dag.py
[2026-04-29T01:08:37.412+0000] {processor.py:840} INFO - DAG(s) 'tutorial_dag' retrieved from /home/airflow/.local/lib/python3.12/site-packages/airflow/example_dags/tutorial_dag.py
[2026-04-29T01:08:37.582+0000] {logging_mixin.py:188} INFO - [2026-04-29T01:08:37.581+0000] {dag.py:3096} INFO - Sync 1 DAGs
[2026-04-29T01:08:37.660+0000] {logging_mixin.py:188} INFO - [2026-04-29T01:08:37.649+0000] {dag.py:3954} INFO - Setting next_dagrun for tutorial_dag to None, run_after=None
[2026-04-29T01:08:37.793+0000] {processor.py:183} INFO - Processing /home/airflow/.local/lib/python3.12/site-packages/airflow/example_dags/tutorial_dag.py took 0.495 seconds
[2026-04-29T01:09:07.959+0000] {processor.py:161} INFO - Started process (PID=1348) to work on /home/airflow/.local/lib/python3.12/site-packages/airflow/example_dags/tutorial_dag.py
[2026-04-29T01:09:07.964+0000] {processor.py:830} INFO - Processing file /home/airflow/.local/lib/python3.12/site-packages/airflow/example_dags/tutorial_dag.py for tasks to queue
[2026-04-29T01:09:07.965+0000] {logging_mixin.py:188} INFO - [2026-04-29T01:09:07.965+0000] {dagbag.py:540} INFO - Filling up the DagBag from /home/airflow/.local/lib/python3.12/site-packages/airflow/example_dags/tutorial_dag.py
[2026-04-29T01:09:07.974+0000] {processor.py:840} INFO - DAG(s) 'tutorial_dag' retrieved from /home/airflow/.local/lib/python3.12/site-packages/airflow/example_dags/tutorial_dag.py
[2026-04-29T01:09:07.993+0000] {logging_mixin.py:188} INFO - [2026-04-29T01:09:07.993+0000] {dag.py:3096} INFO - Sync 1 DAGs
[2026-04-29T01:09:08.005+0000] {logging_mixin.py:188} INFO - [2026-04-29T01:09:08.005+0000] {dag.py:3954} INFO - Setting next_dagrun for tutorial_dag to None, run_after=None
[2026-04-29T01:09:08.024+0000] {processor.py:183} INFO - Processing /home/airflow/.local/lib/python3.12/site-packages/airflow/example_dags/tutorial_dag.py took 0.074 seconds
[2026-04-29T01:09:38.593+0000] {processor.py:161} INFO - Started process (PID=1408) to work on /home/airflow/.local/lib/python3.12/site-packages/airflow/example_dags/tutorial_dag.py
[2026-04-29T01:09:38.602+0000] {processor.py:830} INFO - Processing file /home/airflow/.local/lib/python3.12/site-packages/airflow/example_dags/tutorial_dag.py for tasks to queue
[2026-04-29T01:09:38.606+0000] {logging_mixin.py:188} INFO - [2026-04-29T01:09:38.604+0000] {dagbag.py:540} INFO - Filling up the DagBag from /home/airflow/.local/lib/python3.12/site-packages/airflow/example_dags/tutorial_dag.py
[2026-04-29T01:09:38.619+0000] {processor.py:840} INFO - DAG(s) 'tutorial_dag' retrieved from /home/airflow/.local/lib/python3.12/site-packages/airflow/example_dags/tutorial_dag.py
[2026-04-29T01:09:38.666+0000] {logging_mixin.py:188} INFO - [2026-04-29T01:09:38.666+0000] {dag.py:3096} INFO - Sync 1 DAGs
[2026-04-29T01:09:38.678+0000] {logging_mixin.py:188} INFO - [2026-04-29T01:09:38.678+0000] {dag.py:3954} INFO - Setting next_dagrun for tutorial_dag to None, run_after=None
[2026-04-29T01:09:38.694+0000] {processor.py:183} INFO - Processing /home/airflow/.local/lib/python3.12/site-packages/airflow/example_dags/tutorial_dag.py took 0.111 seconds
[2026-04-29T01:10:09.055+0000] {processor.py:161} INFO - Started process (PID=1466) to work on /home/airflow/.local/lib/python3.12/site-packages/airflow/example_dags/tutorial_dag.py
[2026-04-29T01:10:09.067+0000] {processor.py:830} INFO - Processing file /home/airflow/.local/lib/python3.12/site-packages/airflow/example_dags/tutorial_dag.py for tasks to queue
[2026-04-29T01:10:09.092+0000] {logging_mixin.py:188} INFO - [2026-04-29T01:10:09.082+0000] {dagbag.py:540} INFO - Filling up the DagBag from /home/airflow/.local/lib/python3.12/site-packages/airflow/example_dags/tutorial_dag.py
[2026-04-29T01:10:09.172+0000] {processor.py:840} INFO - DAG(s) 'tutorial_dag' retrieved from /home/airflow/.local/lib/python3.12/site-packages/airflow/example_dags/tutorial_dag.py
[2026-04-29T01:10:09.281+0000] {logging_mixin.py:188} INFO - [2026-04-29T01:10:09.281+0000] {dag.py:3096} INFO - Sync 1 DAGs
[2026-04-29T01:10:09.325+0000] {logging_mixin.py:188} INFO - [2026-04-29T01:10:09.325+0000] {dag.py:3954} INFO - Setting next_dagrun for tutorial_dag to None, run_after=None
[2026-04-29T01:10:09.377+0000] {processor.py:183} INFO - Processing /home/airflow/.local/lib/python3.12/site-packages/airflow/example_dags/tutorial_dag.py took 0.386 seconds
[2026-04-29T01:10:39.840+0000] {processor.py:161} INFO - Started process (PID=1526) to work on /home/airflow/.local/lib/python3.12/site-packages/airflow/example_dags/tutorial_dag.py
[2026-04-29T01:10:39.841+0000] {processor.py:830} INFO - Processing file /home/airflow/.local/lib/python3.12/site-packages/airflow/example_dags/tutorial_dag.py for tasks to queue
[2026-04-29T01:10:39.843+0000] {logging_mixin.py:188} INFO - [2026-04-29T01:10:39.843+0000] {dagbag.py:540} INFO - Filling up the DagBag from /home/airflow/.local/lib/python3.12/site-packages/airflow/example_dags/tutorial_dag.py
[2026-04-29T01:10:39.854+0000] {processor.py:840} INFO - DAG(s) 'tutorial_dag' retrieved from /home/airflow/.local/lib/python3.12/site-packages/airflow/example_dags/tutorial_dag.py
[2026-04-29T01:10:39.893+0000] {logging_mixin.py:188} INFO - [2026-04-29T01:10:39.892+0000] {dag.py:3096} INFO - Sync 1 DAGs
[2026-04-29T01:10:39.913+0000] {logging_mixin.py:188} INFO - [2026-04-29T01:10:39.913+0000] {dag.py:3954} INFO - Setting next_dagrun for tutorial_dag to None, run_after=None
[2026-04-29T01:10:39.941+0000] {processor.py:183} INFO - Processing /home/airflow/.local/lib/python3.12/site-packages/airflow/example_dags/tutorial_dag.py took 0.111 seconds
[2026-04-29T01:11:10.602+0000] {processor.py:161} INFO - Started process (PID=1585) to work on /home/airflow/.local/lib/python3.12/site-packages/airflow/example_dags/tutorial_dag.py
[2026-04-29T01:11:10.603+0000] {processor.py:830} INFO - Processing file /home/airflow/.local/lib/python3.12/site-packages/airflow/example_dags/tutorial_dag.py for tasks to queue
[2026-04-29T01:11:10.605+0000] {logging_mixin.py:188} INFO - [2026-04-29T01:11:10.604+0000] {dagbag.py:540} INFO - Filling up the DagBag from /home/airflow/.local/lib/python3.12/site-packages/airflow/example_dags/tutorial_dag.py
[2026-04-29T01:11:10.611+0000] {processor.py:840} INFO - DAG(s) 'tutorial_dag' retrieved from /home/airflow/.local/lib/python3.12/site-packages/airflow/example_dags/tutorial_dag.py
[2026-04-29T01:11:10.627+0000] {logging_mixin.py:188} INFO - [2026-04-29T01:11:10.627+0000] {dag.py:3096} INFO - Sync 1 DAGs
[2026-04-29T01:11:10.638+0000] {logging_mixin.py:188} INFO - [2026-04-29T01:11:10.638+0000] {dag.py:3954} INFO - Setting next_dagrun for tutorial_dag to None, run_after=None
[2026-04-29T01:11:10.653+0000] {processor.py:183} INFO - Processing /home/airflow/.local/lib/python3.12/site-packages/airflow/example_dags/tutorial_dag.py took 0.056 seconds
[2026-04-29T01:11:41.572+0000] {processor.py:161} INFO - Started process (PID=1645) to work on /home/airflow/.local/lib/python3.12/site-packages/airflow/example_dags/tutorial_dag.py
[2026-04-29T01:11:41.573+0000] {processor.py:830} INFO - Processing file /home/airflow/.local/lib/python3.12/site-packages/airflow/example_dags/tutorial_dag.py for tasks to queue
[2026-04-29T01:11:41.574+0000] {logging_mixin.py:188} INFO - [2026-04-29T01:11:41.574+0000] {dagbag.py:540} INFO - Filling up the DagBag from /home/airflow/.local/lib/python3.12/site-packages/airflow/example_dags/tutorial_dag.py
[2026-04-29T01:11:41.579+0000] {processor.py:840} INFO - DAG(s) 'tutorial_dag' retrieved from /home/airflow/.local/lib/python3.12/site-packages/airflow/example_dags/tutorial_dag.py
[2026-04-29T01:11:41.603+0000] {logging_mixin.py:188} INFO - [2026-04-29T01:11:41.602+0000] {dag.py:3096} INFO - Sync 1 DAGs
[2026-04-29T01:11:41.614+0000] {logging_mixin.py:188} INFO - [2026-04-29T01:11:41.614+0000] {dag.py:3954} INFO - Setting next_dagrun for tutorial_dag to None, run_after=None
[2026-04-29T01:11:41.630+0000] {processor.py:183} INFO - Processing /home/airflow/.local/lib/python3.12/site-packages/airflow/example_dags/tutorial_dag.py took 0.063 seconds
[2026-04-29T01:12:12.303+0000] {processor.py:161} INFO - Started process (PID=1705) to work on /home/airflow/.local/lib/python3.12/site-packages/airflow/example_dags/tutorial_dag.py
[2026-04-29T01:12:12.310+0000] {processor.py:830} INFO - Processing file /home/airflow/.local/lib/python3.12/site-packages/airflow/example_dags/tutorial_dag.py for tasks to queue
[2026-04-29T01:12:12.317+0000] {logging_mixin.py:188} INFO - [2026-04-29T01:12:12.317+0000] {dagbag.py:540} INFO - Filling up the DagBag from /home/airflow/.local/lib/python3.12/site-packages/airflow/example_dags/tutorial_dag.py
[2026-04-29T01:12:12.333+0000] {processor.py:840} INFO - DAG(s) 'tutorial_dag' retrieved from /home/airflow/.local/lib/python3.12/site-packages/airflow/example_dags/tutorial_dag.py
[2026-04-29T01:12:12.384+0000] {logging_mixin.py:188} INFO - [2026-04-29T01:12:12.383+0000] {dag.py:3096} INFO - Sync 1 DAGs
[2026-04-29T01:12:12.401+0000] {logging_mixin.py:188} INFO - [2026-04-29T01:12:12.401+0000] {dag.py:3954} INFO - Setting next_dagrun for tutorial_dag to None, run_after=None
[2026-04-29T01:12:12.422+0000] {processor.py:183} INFO - Processing /home/airflow/.local/lib/python3.12/site-packages/airflow/example_dags/tutorial_dag.py took 0.140 seconds
[2026-04-29T01:12:42.972+0000] {processor.py:161} INFO - Started process (PID=1765) to work on /home/airflow/.local/lib/python3.12/site-packages/airflow/example_dags/tutorial_dag.py
[2026-04-29T01:12:42.981+0000] {processor.py:830} INFO - Processing file /home/airflow/.local/lib/python3.12/site-packages/airflow/example_dags/tutorial_dag.py for tasks to queue
[2026-04-29T01:12:42.987+0000] {logging_mixin.py:188} INFO - [2026-04-29T01:12:42.985+0000] {dagbag.py:540} INFO - Filling up the DagBag from /home/airflow/.local/lib/python3.12/site-packages/airflow/example_dags/tutorial_dag.py
[2026-04-29T01:12:43.000+0000] {processor.py:840} INFO - DAG(s) 'tutorial_dag' retrieved from /home/airflow/.local/lib/python3.12/site-packages/airflow/example_dags/tutorial_dag.py
[2026-04-29T01:12:43.028+0000] {logging_mixin.py:188} INFO - [2026-04-29T01:12:43.028+0000] {dag.py:3096} INFO - Sync 1 DAGs
[2026-04-29T01:12:43.043+0000] {logging_mixin.py:188} INFO - [2026-04-29T01:12:43.043+0000] {dag.py:3954} INFO - Setting next_dagrun for tutorial_dag to None, run_after=None
[2026-04-29T01:12:43.067+0000] {processor.py:183} INFO - Processing /home/airflow/.local/lib/python3.12/site-packages/airflow/example_dags/tutorial_dag.py took 0.103 seconds
[2026-04-29T01:13:15.189+0000] {processor.py:161} INFO - Started process (PID=1825) to work on /home/airflow/.local/lib/python3.12/site-packages/airflow/example_dags/tutorial_dag.py
[2026-04-29T01:13:15.191+0000] {processor.py:830} INFO - Processing file /home/airflow/.local/lib/python3.12/site-packages/airflow/example_dags/tutorial_dag.py for tasks to queue
[2026-04-29T01:13:15.195+0000] {logging_mixin.py:188} INFO - [2026-04-29T01:13:15.194+0000] {dagbag.py:540} INFO - Filling up the DagBag from /home/airflow/.local/lib/python3.12/site-packages/airflow/example_dags/tutorial_dag.py
[2026-04-29T01:13:15.205+0000] {processor.py:840} INFO - DAG(s) 'tutorial_dag' retrieved from /home/airflow/.local/lib/python3.12/site-packages/airflow/example_dags/tutorial_dag.py
[2026-04-29T01:13:15.365+0000] {logging_mixin.py:188} INFO - [2026-04-29T01:13:15.365+0000] {dag.py:3096} INFO - Sync 1 DAGs
[2026-04-29T01:13:15.405+0000] {logging_mixin.py:188} INFO - [2026-04-29T01:13:15.403+0000] {dag.py:3954} INFO - Setting next_dagrun for tutorial_dag to None, run_after=None
[2026-04-29T01:13:15.496+0000] {processor.py:183} INFO - Processing /home/airflow/.local/lib/python3.12/site-packages/airflow/example_dags/tutorial_dag.py took 0.321 seconds
[2026-04-29T01:13:52.000+0000] {processor.py:161} INFO - Started process (PID=1885) to work on /home/airflow/.local/lib/python3.12/site-packages/airflow/example_dags/tutorial_dag.py
[2026-04-29T01:13:52.026+0000] {processor.py:830} INFO - Processing file /home/airflow/.local/lib/python3.12/site-packages/airflow/example_dags/tutorial_dag.py for tasks to queue
[2026-04-29T01:13:52.048+0000] {logging_mixin.py:188} INFO - [2026-04-29T01:13:52.047+0000] {dagbag.py:540} INFO - Filling up the DagBag from /home/airflow/.local/lib/python3.12/site-packages/airflow/example_dags/tutorial_dag.py
[2026-04-29T01:13:52.203+0000] {processor.py:840} INFO - DAG(s) 'tutorial_dag' retrieved from /home/airflow/.local/lib/python3.12/site-packages/airflow/example_dags/tutorial_dag.py
[2026-04-29T01:13:52.897+0000] {logging_mixin.py:188} INFO - [2026-04-29T01:13:52.896+0000] {dag.py:3096} INFO - Sync 1 DAGs
[2026-04-29T01:13:53.281+0000] {logging_mixin.py:188} INFO - [2026-04-29T01:13:53.267+0000] {dag.py:3954} INFO - Setting next_dagrun for tutorial_dag to None, run_after=None
[2026-04-29T01:13:53.811+0000] {processor.py:183} INFO - Processing /home/airflow/.local/lib/python3.12/site-packages/airflow/example_dags/tutorial_dag.py took 1.954 seconds
[2026-04-29T01:14:24.478+0000] {processor.py:161} INFO - Started process (PID=1944) to work on /home/airflow/.local/lib/python3.12/site-packages/airflow/example_dags/tutorial_dag.py
[2026-04-29T01:14:24.481+0000] {processor.py:830} INFO - Processing file /home/airflow/.local/lib/python3.12/site-packages/airflow/example_dags/tutorial_dag.py for tasks to queue
[2026-04-29T01:14:24.487+0000] {logging_mixin.py:188} INFO - [2026-04-29T01:14:24.486+0000] {dagbag.py:540} INFO - Filling up the DagBag from /home/airflow/.local/lib/python3.12/site-packages/airflow/example_dags/tutorial_dag.py
[2026-04-29T01:14:24.500+0000] {processor.py:840} INFO - DAG(s) 'tutorial_dag' retrieved from /home/airflow/.local/lib/python3.12/site-packages/airflow/example_dags/tutorial_dag.py
[2026-04-29T01:14:24.605+0000] {logging_mixin.py:188} INFO - [2026-04-29T01:14:24.603+0000] {dag.py:3096} INFO - Sync 1 DAGs
[2026-04-29T01:14:24.660+0000] {logging_mixin.py:188} INFO - [2026-04-29T01:14:24.660+0000] {dag.py:3954} INFO - Setting next_dagrun for tutorial_dag to None, run_after=None
[2026-04-29T01:14:24.727+0000] {processor.py:183} INFO - Processing /home/airflow/.local/lib/python3.12/site-packages/airflow/example_dags/tutorial_dag.py took 0.274 seconds
[2026-04-29T01:14:55.529+0000] {processor.py:161} INFO - Started process (PID=2003) to work on /home/airflow/.local/lib/python3.12/site-packages/airflow/example_dags/tutorial_dag.py
[2026-04-29T01:14:55.530+0000] {processor.py:830} INFO - Processing file /home/airflow/.local/lib/python3.12/site-packages/airflow/example_dags/tutorial_dag.py for tasks to queue
[2026-04-29T01:14:55.535+0000] {logging_mixin.py:188} INFO - [2026-04-29T01:14:55.533+0000] {dagbag.py:540} INFO - Filling up the DagBag from /home/airflow/.local/lib/python3.12/site-packages/airflow/example_dags/tutorial_dag.py
[2026-04-29T01:14:55.545+0000] {processor.py:840} INFO - DAG(s) 'tutorial_dag' retrieved from /home/airflow/.local/lib/python3.12/site-packages/airflow/example_dags/tutorial_dag.py
[2026-04-29T01:14:55.574+0000] {logging_mixin.py:188} INFO - [2026-04-29T01:14:55.574+0000] {dag.py:3096} INFO - Sync 1 DAGs
[2026-04-29T01:14:55.590+0000] {logging_mixin.py:188} INFO - [2026-04-29T01:14:55.589+0000] {dag.py:3954} INFO - Setting next_dagrun for tutorial_dag to None, run_after=None
[2026-04-29T01:14:55.610+0000] {processor.py:183} INFO - Processing /home/airflow/.local/lib/python3.12/site-packages/airflow/example_dags/tutorial_dag.py took 0.088 seconds
[2026-04-29T01:15:26.294+0000] {processor.py:161} INFO - Started process (PID=2063) to work on /home/airflow/.local/lib/python3.12/site-packages/airflow/example_dags/tutorial_dag.py
[2026-04-29T01:15:26.295+0000] {processor.py:830} INFO - Processing file /home/airflow/.local/lib/python3.12/site-packages/airflow/example_dags/tutorial_dag.py for tasks to queue
[2026-04-29T01:15:26.297+0000] {logging_mixin.py:188} INFO - [2026-04-29T01:15:26.297+0000] {dagbag.py:540} INFO - Filling up the DagBag from /home/airflow/.local/lib/python3.12/site-packages/airflow/example_dags/tutorial_dag.py
[2026-04-29T01:15:26.303+0000] {processor.py:840} INFO - DAG(s) 'tutorial_dag' retrieved from /home/airflow/.local/lib/python3.12/site-packages/airflow/example_dags/tutorial_dag.py
[2026-04-29T01:15:26.331+0000] {logging_mixin.py:188} INFO - [2026-04-29T01:15:26.331+0000] {dag.py:3096} INFO - Sync 1 DAGs
[2026-04-29T01:15:26.348+0000] {logging_mixin.py:188} INFO - [2026-04-29T01:15:26.347+0000] {dag.py:3954} INFO - Setting next_dagrun for tutorial_dag to None, run_after=None
[2026-04-29T01:15:26.368+0000] {processor.py:183} INFO - Processing /home/airflow/.local/lib/python3.12/site-packages/airflow/example_dags/tutorial_dag.py took 0.081 seconds
[2026-04-29T01:15:57.165+0000] {processor.py:161} INFO - Started process (PID=2123) to work on /home/airflow/.local/lib/python3.12/site-packages/airflow/example_dags/tutorial_dag.py
[2026-04-29T01:15:57.178+0000] {processor.py:830} INFO - Processing file /home/airflow/.local/lib/python3.12/site-packages/airflow/example_dags/tutorial_dag.py for tasks to queue
[2026-04-29T01:15:57.186+0000] {logging_mixin.py:188} INFO - [2026-04-29T01:15:57.185+0000] {dagbag.py:540} INFO - Filling up the DagBag from /home/airflow/.local/lib/python3.12/site-packages/airflow/example_dags/tutorial_dag.py
[2026-04-29T01:15:57.205+0000] {processor.py:840} INFO - DAG(s) 'tutorial_dag' retrieved from /home/airflow/.local/lib/python3.12/site-packages/airflow/example_dags/tutorial_dag.py
[2026-04-29T01:15:57.245+0000] {logging_mixin.py:188} INFO - [2026-04-29T01:15:57.245+0000] {dag.py:3096} INFO - Sync 1 DAGs
[2026-04-29T01:15:57.272+0000] {logging_mixin.py:188} INFO - [2026-04-29T01:15:57.271+0000] {dag.py:3954} INFO - Setting next_dagrun for tutorial_dag to None, run_after=None
[2026-04-29T01:15:57.318+0000] {processor.py:183} INFO - Processing /home/airflow/.local/lib/python3.12/site-packages/airflow/example_dags/tutorial_dag.py took 0.190 seconds
[2026-04-29T01:16:27.367+0000] {processor.py:161} INFO - Started process (PID=2183) to work on /home/airflow/.local/lib/python3.12/site-packages/airflow/example_dags/tutorial_dag.py
[2026-04-29T01:16:27.368+0000] {processor.py:830} INFO - Processing file /home/airflow/.local/lib/python3.12/site-packages/airflow/example_dags/tutorial_dag.py for tasks to queue
[2026-04-29T01:16:27.369+0000] {logging_mixin.py:188} INFO - [2026-04-29T01:16:27.369+0000] {dagbag.py:540} INFO - Filling up the DagBag from /home/airflow/.local/lib/python3.12/site-packages/airflow/example_dags/tutorial_dag.py
[2026-04-29T01:16:27.374+0000] {processor.py:840} INFO - DAG(s) 'tutorial_dag' retrieved from /home/airflow/.local/lib/python3.12/site-packages/airflow/example_dags/tutorial_dag.py
[2026-04-29T01:16:27.392+0000] {logging_mixin.py:188} INFO - [2026-04-29T01:16:27.392+0000] {dag.py:3096} INFO - Sync 1 DAGs
[2026-04-29T01:16:27.403+0000] {logging_mixin.py:188} INFO - [2026-04-29T01:16:27.403+0000] {dag.py:3954} INFO - Setting next_dagrun for tutorial_dag to None, run_after=None
[2026-04-29T01:16:27.419+0000] {processor.py:183} INFO - Processing /home/airflow/.local/lib/python3.12/site-packages/airflow/example_dags/tutorial_dag.py took 0.058 seconds
[2026-04-29T01:16:58.112+0000] {processor.py:161} INFO - Started process (PID=2242) to work on /home/airflow/.local/lib/python3.12/site-packages/airflow/example_dags/tutorial_dag.py
[2026-04-29T01:16:58.119+0000] {processor.py:830} INFO - Processing file /home/airflow/.local/lib/python3.12/site-packages/airflow/example_dags/tutorial_dag.py for tasks to queue
[2026-04-29T01:16:58.124+0000] {logging_mixin.py:188} INFO - [2026-04-29T01:16:58.123+0000] {dagbag.py:540} INFO - Filling up the DagBag from /home/airflow/.local/lib/python3.12/site-packages/airflow/example_dags/tutorial_dag.py
[2026-04-29T01:16:58.142+0000] {processor.py:840} INFO - DAG(s) 'tutorial_dag' retrieved from /home/airflow/.local/lib/python3.12/site-packages/airflow/example_dags/tutorial_dag.py
[2026-04-29T01:16:58.223+0000] {logging_mixin.py:188} INFO - [2026-04-29T01:16:58.222+0000] {dag.py:3096} INFO - Sync 1 DAGs
[2026-04-29T01:16:58.254+0000] {logging_mixin.py:188} INFO - [2026-04-29T01:16:58.250+0000] {dag.py:3954} INFO - Setting next_dagrun for tutorial_dag to None, run_after=None
[2026-04-29T01:16:58.324+0000] {processor.py:183} INFO - Processing /home/airflow/.local/lib/python3.12/site-packages/airflow/example_dags/tutorial_dag.py took 0.238 seconds
[2026-04-29T01:17:28.747+0000] {processor.py:161} INFO - Started process (PID=2302) to work on /home/airflow/.local/lib/python3.12/site-packages/airflow/example_dags/tutorial_dag.py
[2026-04-29T01:17:28.749+0000] {processor.py:830} INFO - Processing file /home/airflow/.local/lib/python3.12/site-packages/airflow/example_dags/tutorial_dag.py for tasks to queue
[2026-04-29T01:17:28.752+0000] {logging_mixin.py:188} INFO - [2026-04-29T01:17:28.751+0000] {dagbag.py:540} INFO - Filling up the DagBag from /home/airflow/.local/lib/python3.12/site-packages/airflow/example_dags/tutorial_dag.py
[2026-04-29T01:17:28.758+0000] {processor.py:840} INFO - DAG(s) 'tutorial_dag' retrieved from /home/airflow/.local/lib/python3.12/site-packages/airflow/example_dags/tutorial_dag.py
[2026-04-29T01:17:28.791+0000] {logging_mixin.py:188} INFO - [2026-04-29T01:17:28.791+0000] {dag.py:3096} INFO - Sync 1 DAGs
[2026-04-29T01:17:28.809+0000] {logging_mixin.py:188} INFO - [2026-04-29T01:17:28.809+0000] {dag.py:3954} INFO - Setting next_dagrun for tutorial_dag to None, run_after=None
[2026-04-29T01:17:28.834+0000] {processor.py:183} INFO - Processing /home/airflow/.local/lib/python3.12/site-packages/airflow/example_dags/tutorial_dag.py took 0.093 seconds
[2026-04-29T01:17:59.086+0000] {processor.py:161} INFO - Started process (PID=2362) to work on /home/airflow/.local/lib/python3.12/site-packages/airflow/example_dags/tutorial_dag.py
[2026-04-29T01:17:59.088+0000] {processor.py:830} INFO - Processing file /home/airflow/.local/lib/python3.12/site-packages/airflow/example_dags/tutorial_dag.py for tasks to queue
[2026-04-29T01:17:59.090+0000] {logging_mixin.py:188} INFO - [2026-04-29T01:17:59.090+0000] {dagbag.py:540} INFO - Filling up the DagBag from /home/airflow/.local/lib/python3.12/site-packages/airflow/example_dags/tutorial_dag.py
[2026-04-29T01:17:59.100+0000] {processor.py:840} INFO - DAG(s) 'tutorial_dag' retrieved from /home/airflow/.local/lib/python3.12/site-packages/airflow/example_dags/tutorial_dag.py
[2026-04-29T01:17:59.151+0000] {logging_mixin.py:188} INFO - [2026-04-29T01:17:59.151+0000] {dag.py:3096} INFO - Sync 1 DAGs
[2026-04-29T01:17:59.236+0000] {logging_mixin.py:188} INFO - [2026-04-29T01:17:59.235+0000] {dag.py:3954} INFO - Setting next_dagrun for tutorial_dag to None, run_after=None
[2026-04-29T01:17:59.279+0000] {processor.py:183} INFO - Processing /home/airflow/.local/lib/python3.12/site-packages/airflow/example_dags/tutorial_dag.py took 0.230 seconds
[2026-04-29T01:18:29.350+0000] {processor.py:161} INFO - Started process (PID=2422) to work on /home/airflow/.local/lib/python3.12/site-packages/airflow/example_dags/tutorial_dag.py
[2026-04-29T01:18:29.351+0000] {processor.py:830} INFO - Processing file /home/airflow/.local/lib/python3.12/site-packages/airflow/example_dags/tutorial_dag.py for tasks to queue
[2026-04-29T01:18:29.353+0000] {logging_mixin.py:188} INFO - [2026-04-29T01:18:29.353+0000] {dagbag.py:540} INFO - Filling up the DagBag from /home/airflow/.local/lib/python3.12/site-packages/airflow/example_dags/tutorial_dag.py
[2026-04-29T01:18:29.360+0000] {processor.py:840} INFO - DAG(s) 'tutorial_dag' retrieved from /home/airflow/.local/lib/python3.12/site-packages/airflow/example_dags/tutorial_dag.py
[2026-04-29T01:18:29.386+0000] {logging_mixin.py:188} INFO - [2026-04-29T01:18:29.386+0000] {dag.py:3096} INFO - Sync 1 DAGs
[2026-04-29T01:18:29.403+0000] {logging_mixin.py:188} INFO - [2026-04-29T01:18:29.403+0000] {dag.py:3954} INFO - Setting next_dagrun for tutorial_dag to None, run_after=None
[2026-04-29T01:18:29.429+0000] {processor.py:183} INFO - Processing /home/airflow/.local/lib/python3.12/site-packages/airflow/example_dags/tutorial_dag.py took 0.085 seconds
[2026-04-29T01:18:59.751+0000] {processor.py:161} INFO - Started process (PID=2481) to work on /home/airflow/.local/lib/python3.12/site-packages/airflow/example_dags/tutorial_dag.py
[2026-04-29T01:18:59.752+0000] {processor.py:830} INFO - Processing file /home/airflow/.local/lib/python3.12/site-packages/airflow/example_dags/tutorial_dag.py for tasks to queue
[2026-04-29T01:18:59.757+0000] {logging_mixin.py:188} INFO - [2026-04-29T01:18:59.756+0000] {dagbag.py:540} INFO - Filling up the DagBag from /home/airflow/.local/lib/python3.12/site-packages/airflow/example_dags/tutorial_dag.py
[2026-04-29T01:18:59.771+0000] {processor.py:840} INFO - DAG(s) 'tutorial_dag' retrieved from /home/airflow/.local/lib/python3.12/site-packages/airflow/example_dags/tutorial_dag.py
[2026-04-29T01:18:59.873+0000] {logging_mixin.py:188} INFO - [2026-04-29T01:18:59.872+0000] {dag.py:3096} INFO - Sync 1 DAGs
[2026-04-29T01:18:59.890+0000] {logging_mixin.py:188} INFO - [2026-04-29T01:18:59.890+0000] {dag.py:3954} INFO - Setting next_dagrun for tutorial_dag to None, run_after=None
[2026-04-29T01:18:59.911+0000] {processor.py:183} INFO - Processing /home/airflow/.local/lib/python3.12/site-packages/airflow/example_dags/tutorial_dag.py took 0.167 seconds
[2026-04-29T01:19:30.011+0000] {processor.py:161} INFO - Started process (PID=2541) to work on /home/airflow/.local/lib/python3.12/site-packages/airflow/example_dags/tutorial_dag.py
[2026-04-29T01:19:30.014+0000] {processor.py:830} INFO - Processing file /home/airflow/.local/lib/python3.12/site-packages/airflow/example_dags/tutorial_dag.py for tasks to queue
[2026-04-29T01:19:30.022+0000] {logging_mixin.py:188} INFO - [2026-04-29T01:19:30.022+0000] {dagbag.py:540} INFO - Filling up the DagBag from /home/airflow/.local/lib/python3.12/site-packages/airflow/example_dags/tutorial_dag.py
[2026-04-29T01:19:30.039+0000] {processor.py:840} INFO - DAG(s) 'tutorial_dag' retrieved from /home/airflow/.local/lib/python3.12/site-packages/airflow/example_dags/tutorial_dag.py
[2026-04-29T01:19:30.102+0000] {logging_mixin.py:188} INFO - [2026-04-29T01:19:30.098+0000] {dag.py:3096} INFO - Sync 1 DAGs
[2026-04-29T01:19:30.126+0000] {logging_mixin.py:188} INFO - [2026-04-29T01:19:30.125+0000] {dag.py:3954} INFO - Setting next_dagrun for tutorial_dag to None, run_after=None
[2026-04-29T01:19:30.156+0000] {processor.py:183} INFO - Processing /home/airflow/.local/lib/python3.12/site-packages/airflow/example_dags/tutorial_dag.py took 0.154 seconds
[2026-04-29T01:20:00.631+0000] {processor.py:161} INFO - Started process (PID=2601) to work on /home/airflow/.local/lib/python3.12/site-packages/airflow/example_dags/tutorial_dag.py
[2026-04-29T01:20:00.632+0000] {processor.py:830} INFO - Processing file /home/airflow/.local/lib/python3.12/site-packages/airflow/example_dags/tutorial_dag.py for tasks to queue
[2026-04-29T01:20:00.634+0000] {logging_mixin.py:188} INFO - [2026-04-29T01:20:00.634+0000] {dagbag.py:540} INFO - Filling up the DagBag from /home/airflow/.local/lib/python3.12/site-packages/airflow/example_dags/tutorial_dag.py
[2026-04-29T01:20:00.645+0000] {processor.py:840} INFO - DAG(s) 'tutorial_dag' retrieved from /home/airflow/.local/lib/python3.12/site-packages/airflow/example_dags/tutorial_dag.py
[2026-04-29T01:20:00.670+0000] {logging_mixin.py:188} INFO - [2026-04-29T01:20:00.670+0000] {dag.py:3096} INFO - Sync 1 DAGs
[2026-04-29T01:20:00.687+0000] {logging_mixin.py:188} INFO - [2026-04-29T01:20:00.687+0000] {dag.py:3954} INFO - Setting next_dagrun for tutorial_dag to None, run_after=None
[2026-04-29T01:20:00.708+0000] {processor.py:183} INFO - Processing /home/airflow/.local/lib/python3.12/site-packages/airflow/example_dags/tutorial_dag.py took 0.084 seconds
[2026-04-29T01:20:31.255+0000] {processor.py:161} INFO - Started process (PID=2661) to work on /home/airflow/.local/lib/python3.12/site-packages/airflow/example_dags/tutorial_dag.py
[2026-04-29T01:20:31.256+0000] {processor.py:830} INFO - Processing file /home/airflow/.local/lib/python3.12/site-packages/airflow/example_dags/tutorial_dag.py for tasks to queue
[2026-04-29T01:20:31.258+0000] {logging_mixin.py:188} INFO - [2026-04-29T01:20:31.257+0000] {dagbag.py:540} INFO - Filling up the DagBag from /home/airflow/.local/lib/python3.12/site-packages/airflow/example_dags/tutorial_dag.py
[2026-04-29T01:20:31.264+0000] {processor.py:840} INFO - DAG(s) 'tutorial_dag' retrieved from /home/airflow/.local/lib/python3.12/site-packages/airflow/example_dags/tutorial_dag.py
[2026-04-29T01:20:31.290+0000] {logging_mixin.py:188} INFO - [2026-04-29T01:20:31.290+0000] {dag.py:3096} INFO - Sync 1 DAGs
[2026-04-29T01:20:31.307+0000] {logging_mixin.py:188} INFO - [2026-04-29T01:20:31.306+0000] {dag.py:3954} INFO - Setting next_dagrun for tutorial_dag to None, run_after=None
[2026-04-29T01:20:31.334+0000] {processor.py:183} INFO - Processing /home/airflow/.local/lib/python3.12/site-packages/airflow/example_dags/tutorial_dag.py took 0.086 seconds
[2026-04-29T01:21:02.288+0000] {processor.py:161} INFO - Started process (PID=2721) to work on /home/airflow/.local/lib/python3.12/site-packages/airflow/example_dags/tutorial_dag.py
[2026-04-29T01:21:02.292+0000] {processor.py:830} INFO - Processing file /home/airflow/.local/lib/python3.12/site-packages/airflow/example_dags/tutorial_dag.py for tasks to queue
[2026-04-29T01:21:02.294+0000] {logging_mixin.py:188} INFO - [2026-04-29T01:21:02.294+0000] {dagbag.py:540} INFO - Filling up the DagBag from /home/airflow/.local/lib/python3.12/site-packages/airflow/example_dags/tutorial_dag.py
[2026-04-29T01:21:02.301+0000] {processor.py:840} INFO - DAG(s) 'tutorial_dag' retrieved from /home/airflow/.local/lib/python3.12/site-packages/airflow/example_dags/tutorial_dag.py
[2026-04-29T01:21:02.330+0000] {logging_mixin.py:188} INFO - [2026-04-29T01:21:02.330+0000] {dag.py:3096} INFO - Sync 1 DAGs
[2026-04-29T01:21:02.349+0000] {logging_mixin.py:188} INFO - [2026-04-29T01:21:02.348+0000] {dag.py:3954} INFO - Setting next_dagrun for tutorial_dag to None, run_after=None
[2026-04-29T01:21:02.372+0000] {processor.py:183} INFO - Processing /home/airflow/.local/lib/python3.12/site-packages/airflow/example_dags/tutorial_dag.py took 0.092 seconds
[2026-04-29T01:21:32.477+0000] {processor.py:161} INFO - Started process (PID=2781) to work on /home/airflow/.local/lib/python3.12/site-packages/airflow/example_dags/tutorial_dag.py
[2026-04-29T01:21:32.484+0000] {processor.py:830} INFO - Processing file /home/airflow/.local/lib/python3.12/site-packages/airflow/example_dags/tutorial_dag.py for tasks to queue
[2026-04-29T01:21:32.486+0000] {logging_mixin.py:188} INFO - [2026-04-29T01:21:32.486+0000] {dagbag.py:540} INFO - Filling up the DagBag from /home/airflow/.local/lib/python3.12/site-packages/airflow/example_dags/tutorial_dag.py
[2026-04-29T01:21:32.505+0000] {processor.py:840} INFO - DAG(s) 'tutorial_dag' retrieved from /home/airflow/.local/lib/python3.12/site-packages/airflow/example_dags/tutorial_dag.py
[2026-04-29T01:21:32.601+0000] {logging_mixin.py:188} INFO - [2026-04-29T01:21:32.601+0000] {dag.py:3096} INFO - Sync 1 DAGs
[2026-04-29T01:21:32.647+0000] {logging_mixin.py:188} INFO - [2026-04-29T01:21:32.645+0000] {dag.py:3954} INFO - Setting next_dagrun for tutorial_dag to None, run_after=None
[2026-04-29T01:21:32.701+0000] {processor.py:183} INFO - Processing /home/airflow/.local/lib/python3.12/site-packages/airflow/example_dags/tutorial_dag.py took 0.234 seconds
[2026-04-29T01:22:02.748+0000] {processor.py:161} INFO - Started process (PID=2841) to work on /home/airflow/.local/lib/python3.12/site-packages/airflow/example_dags/tutorial_dag.py
[2026-04-29T01:22:02.750+0000] {processor.py:830} INFO - Processing file /home/airflow/.local/lib/python3.12/site-packages/airflow/example_dags/tutorial_dag.py for tasks to queue
[2026-04-29T01:22:02.753+0000] {logging_mixin.py:188} INFO - [2026-04-29T01:22:02.752+0000] {dagbag.py:540} INFO - Filling up the DagBag from /home/airflow/.local/lib/python3.12/site-packages/airflow/example_dags/tutorial_dag.py
[2026-04-29T01:22:02.759+0000] {processor.py:840} INFO - DAG(s) 'tutorial_dag' retrieved from /home/airflow/.local/lib/python3.12/site-packages/airflow/example_dags/tutorial_dag.py
[2026-04-29T01:22:02.783+0000] {logging_mixin.py:188} INFO - [2026-04-29T01:22:02.783+0000] {dag.py:3096} INFO - Sync 1 DAGs
[2026-04-29T01:22:02.799+0000] {logging_mixin.py:188} INFO - [2026-04-29T01:22:02.799+0000] {dag.py:3954} INFO - Setting next_dagrun for tutorial_dag to None, run_after=None
[2026-04-29T01:22:02.821+0000] {processor.py:183} INFO - Processing /home/airflow/.local/lib/python3.12/site-packages/airflow/example_dags/tutorial_dag.py took 0.079 seconds
[2026-04-29T01:22:33.778+0000] {processor.py:161} INFO - Started process (PID=2901) to work on /home/airflow/.local/lib/python3.12/site-packages/airflow/example_dags/tutorial_dag.py
[2026-04-29T01:22:33.780+0000] {processor.py:830} INFO - Processing file /home/airflow/.local/lib/python3.12/site-packages/airflow/example_dags/tutorial_dag.py for tasks to queue
[2026-04-29T01:22:33.782+0000] {logging_mixin.py:188} INFO - [2026-04-29T01:22:33.782+0000] {dagbag.py:540} INFO - Filling up the DagBag from /home/airflow/.local/lib/python3.12/site-packages/airflow/example_dags/tutorial_dag.py
[2026-04-29T01:22:33.797+0000] {processor.py:840} INFO - DAG(s) 'tutorial_dag' retrieved from /home/airflow/.local/lib/python3.12/site-packages/airflow/example_dags/tutorial_dag.py
[2026-04-29T01:22:33.831+0000] {logging_mixin.py:188} INFO - [2026-04-29T01:22:33.831+0000] {dag.py:3096} INFO - Sync 1 DAGs
[2026-04-29T01:22:33.859+0000] {logging_mixin.py:188} INFO - [2026-04-29T01:22:33.858+0000] {dag.py:3954} INFO - Setting next_dagrun for tutorial_dag to None, run_after=None
[2026-04-29T01:22:33.893+0000] {processor.py:183} INFO - Processing /home/airflow/.local/lib/python3.12/site-packages/airflow/example_dags/tutorial_dag.py took 0.130 seconds
[2026-04-29T01:23:04.859+0000] {processor.py:161} INFO - Started process (PID=2961) to work on /home/airflow/.local/lib/python3.12/site-packages/airflow/example_dags/tutorial_dag.py
[2026-04-29T01:23:04.860+0000] {processor.py:830} INFO - Processing file /home/airflow/.local/lib/python3.12/site-packages/airflow/example_dags/tutorial_dag.py for tasks to queue
[2026-04-29T01:23:04.862+0000] {logging_mixin.py:188} INFO - [2026-04-29T01:23:04.861+0000] {dagbag.py:540} INFO - Filling up the DagBag from /home/airflow/.local/lib/python3.12/site-packages/airflow/example_dags/tutorial_dag.py
[2026-04-29T01:23:04.868+0000] {processor.py:840} INFO - DAG(s) 'tutorial_dag' retrieved from /home/airflow/.local/lib/python3.12/site-packages/airflow/example_dags/tutorial_dag.py
[2026-04-29T01:23:04.894+0000] {logging_mixin.py:188} INFO - [2026-04-29T01:23:04.893+0000] {dag.py:3096} INFO - Sync 1 DAGs
[2026-04-29T01:23:04.909+0000] {logging_mixin.py:188} INFO - [2026-04-29T01:23:04.909+0000] {dag.py:3954} INFO - Setting next_dagrun for tutorial_dag to None, run_after=None
[2026-04-29T01:23:04.932+0000] {processor.py:183} INFO - Processing /home/airflow/.local/lib/python3.12/site-packages/airflow/example_dags/tutorial_dag.py took 0.080 seconds
[2026-04-29T01:23:35.182+0000] {processor.py:161} INFO - Started process (PID=3021) to work on /home/airflow/.local/lib/python3.12/site-packages/airflow/example_dags/tutorial_dag.py
[2026-04-29T01:23:35.183+0000] {processor.py:830} INFO - Processing file /home/airflow/.local/lib/python3.12/site-packages/airflow/example_dags/tutorial_dag.py for tasks to queue
[2026-04-29T01:23:35.185+0000] {logging_mixin.py:188} INFO - [2026-04-29T01:23:35.184+0000] {dagbag.py:540} INFO - Filling up the DagBag from /home/airflow/.local/lib/python3.12/site-packages/airflow/example_dags/tutorial_dag.py
[2026-04-29T01:23:35.191+0000] {processor.py:840} INFO - DAG(s) 'tutorial_dag' retrieved from /home/airflow/.local/lib/python3.12/site-packages/airflow/example_dags/tutorial_dag.py
[2026-04-29T01:23:35.227+0000] {logging_mixin.py:188} INFO - [2026-04-29T01:23:35.227+0000] {dag.py:3096} INFO - Sync 1 DAGs
[2026-04-29T01:23:35.243+0000] {logging_mixin.py:188} INFO - [2026-04-29T01:23:35.243+0000] {dag.py:3954} INFO - Setting next_dagrun for tutorial_dag to None, run_after=None
[2026-04-29T01:23:35.270+0000] {processor.py:183} INFO - Processing /home/airflow/.local/lib/python3.12/site-packages/airflow/example_dags/tutorial_dag.py took 0.095 seconds
[2026-04-29T01:24:05.439+0000] {processor.py:161} INFO - Started process (PID=3081) to work on /home/airflow/.local/lib/python3.12/site-packages/airflow/example_dags/tutorial_dag.py
[2026-04-29T01:24:05.444+0000] {processor.py:830} INFO - Processing file /home/airflow/.local/lib/python3.12/site-packages/airflow/example_dags/tutorial_dag.py for tasks to queue
[2026-04-29T01:24:05.446+0000] {logging_mixin.py:188} INFO - [2026-04-29T01:24:05.446+0000] {dagbag.py:540} INFO - Filling up the DagBag from /home/airflow/.local/lib/python3.12/site-packages/airflow/example_dags/tutorial_dag.py
[2026-04-29T01:24:05.455+0000] {processor.py:840} INFO - DAG(s) 'tutorial_dag' retrieved from /home/airflow/.local/lib/python3.12/site-packages/airflow/example_dags/tutorial_dag.py
[2026-04-29T01:24:05.483+0000] {logging_mixin.py:188} INFO - [2026-04-29T01:24:05.483+0000] {dag.py:3096} INFO - Sync 1 DAGs
[2026-04-29T01:24:05.501+0000] {logging_mixin.py:188} INFO - [2026-04-29T01:24:05.499+0000] {dag.py:3954} INFO - Setting next_dagrun for tutorial_dag to None, run_after=None
[2026-04-29T01:24:05.529+0000] {processor.py:183} INFO - Processing /home/airflow/.local/lib/python3.12/site-packages/airflow/example_dags/tutorial_dag.py took 0.099 seconds
[2026-04-29T01:24:35.993+0000] {processor.py:161} INFO - Started process (PID=3141) to work on /home/airflow/.local/lib/python3.12/site-packages/airflow/example_dags/tutorial_dag.py
[2026-04-29T01:24:35.997+0000] {processor.py:830} INFO - Processing file /home/airflow/.local/lib/python3.12/site-packages/airflow/example_dags/tutorial_dag.py for tasks to queue
[2026-04-29T01:24:36.000+0000] {logging_mixin.py:188} INFO - [2026-04-29T01:24:35.999+0000] {dagbag.py:540} INFO - Filling up the DagBag from /home/airflow/.local/lib/python3.12/site-packages/airflow/example_dags/tutorial_dag.py
[2026-04-29T01:24:36.011+0000] {processor.py:840} INFO - DAG(s) 'tutorial_dag' retrieved from /home/airflow/.local/lib/python3.12/site-packages/airflow/example_dags/tutorial_dag.py
[2026-04-29T01:24:36.080+0000] {logging_mixin.py:188} INFO - [2026-04-29T01:24:36.079+0000] {dag.py:3096} INFO - Sync 1 DAGs
[2026-04-29T01:24:36.152+0000] {logging_mixin.py:188} INFO - [2026-04-29T01:24:36.150+0000] {dag.py:3954} INFO - Setting next_dagrun for tutorial_dag to None, run_after=None
[2026-04-29T01:24:36.223+0000] {processor.py:183} INFO - Processing /home/airflow/.local/lib/python3.12/site-packages/airflow/example_dags/tutorial_dag.py took 0.238 seconds
[2026-04-29T01:25:07.445+0000] {processor.py:161} INFO - Started process (PID=3201) to work on /home/airflow/.local/lib/python3.12/site-packages/airflow/example_dags/tutorial_dag.py
[2026-04-29T01:25:07.461+0000] {processor.py:830} INFO - Processing file /home/airflow/.local/lib/python3.12/site-packages/airflow/example_dags/tutorial_dag.py for tasks to queue
[2026-04-29T01:25:07.476+0000] {logging_mixin.py:188} INFO - [2026-04-29T01:25:07.476+0000] {dagbag.py:540} INFO - Filling up the DagBag from /home/airflow/.local/lib/python3.12/site-packages/airflow/example_dags/tutorial_dag.py
[2026-04-29T01:25:07.501+0000] {processor.py:840} INFO - DAG(s) 'tutorial_dag' retrieved from /home/airflow/.local/lib/python3.12/site-packages/airflow/example_dags/tutorial_dag.py
[2026-04-29T01:25:07.755+0000] {logging_mixin.py:188} INFO - [2026-04-29T01:25:07.753+0000] {dag.py:3096} INFO - Sync 1 DAGs
[2026-04-29T01:25:07.880+0000] {logging_mixin.py:188} INFO - [2026-04-29T01:25:07.877+0000] {dag.py:3954} INFO - Setting next_dagrun for tutorial_dag to None, run_after=None
[2026-04-29T01:25:07.981+0000] {processor.py:183} INFO - Processing /home/airflow/.local/lib/python3.12/site-packages/airflow/example_dags/tutorial_dag.py took 0.625 seconds
[2026-04-29T01:25:38.497+0000] {processor.py:161} INFO - Started process (PID=3259) to work on /home/airflow/.local/lib/python3.12/site-packages/airflow/example_dags/tutorial_dag.py
[2026-04-29T01:25:38.503+0000] {processor.py:830} INFO - Processing file /home/airflow/.local/lib/python3.12/site-packages/airflow/example_dags/tutorial_dag.py for tasks to queue
[2026-04-29T01:25:38.505+0000] {logging_mixin.py:188} INFO - [2026-04-29T01:25:38.505+0000] {dagbag.py:540} INFO - Filling up the DagBag from /home/airflow/.local/lib/python3.12/site-packages/airflow/example_dags/tutorial_dag.py
[2026-04-29T01:25:38.510+0000] {processor.py:840} INFO - DAG(s) 'tutorial_dag' retrieved from /home/airflow/.local/lib/python3.12/site-packages/airflow/example_dags/tutorial_dag.py
[2026-04-29T01:25:38.529+0000] {logging_mixin.py:188} INFO - [2026-04-29T01:25:38.529+0000] {dag.py:3096} INFO - Sync 1 DAGs
[2026-04-29T01:25:38.540+0000] {logging_mixin.py:188} INFO - [2026-04-29T01:25:38.540+0000] {dag.py:3954} INFO - Setting next_dagrun for tutorial_dag to None, run_after=None
[2026-04-29T01:25:38.557+0000] {processor.py:183} INFO - Processing /home/airflow/.local/lib/python3.12/site-packages/airflow/example_dags/tutorial_dag.py took 0.066 seconds
[2026-04-29T01:26:08.671+0000] {processor.py:161} INFO - Started process (PID=3319) to work on /home/airflow/.local/lib/python3.12/site-packages/airflow/example_dags/tutorial_dag.py
[2026-04-29T01:26:08.672+0000] {processor.py:830} INFO - Processing file /home/airflow/.local/lib/python3.12/site-packages/airflow/example_dags/tutorial_dag.py for tasks to queue
[2026-04-29T01:26:08.674+0000] {logging_mixin.py:188} INFO - [2026-04-29T01:26:08.674+0000] {dagbag.py:540} INFO - Filling up the DagBag from /home/airflow/.local/lib/python3.12/site-packages/airflow/example_dags/tutorial_dag.py
[2026-04-29T01:26:08.681+0000] {processor.py:840} INFO - DAG(s) 'tutorial_dag' retrieved from /home/airflow/.local/lib/python3.12/site-packages/airflow/example_dags/tutorial_dag.py
[2026-04-29T01:26:08.714+0000] {logging_mixin.py:188} INFO - [2026-04-29T01:26:08.713+0000] {dag.py:3096} INFO - Sync 1 DAGs
[2026-04-29T01:26:08.729+0000] {logging_mixin.py:188} INFO - [2026-04-29T01:26:08.729+0000] {dag.py:3954} INFO - Setting next_dagrun for tutorial_dag to None, run_after=None
[2026-04-29T01:26:08.755+0000] {processor.py:183} INFO - Processing /home/airflow/.local/lib/python3.12/site-packages/airflow/example_dags/tutorial_dag.py took 0.092 seconds
[2026-04-29T01:26:39.334+0000] {processor.py:161} INFO - Started process (PID=3379) to work on /home/airflow/.local/lib/python3.12/site-packages/airflow/example_dags/tutorial_dag.py
[2026-04-29T01:26:39.342+0000] {processor.py:830} INFO - Processing file /home/airflow/.local/lib/python3.12/site-packages/airflow/example_dags/tutorial_dag.py for tasks to queue
[2026-04-29T01:26:39.343+0000] {logging_mixin.py:188} INFO - [2026-04-29T01:26:39.343+0000] {dagbag.py:540} INFO - Filling up the DagBag from /home/airflow/.local/lib/python3.12/site-packages/airflow/example_dags/tutorial_dag.py
[2026-04-29T01:26:39.348+0000] {processor.py:840} INFO - DAG(s) 'tutorial_dag' retrieved from /home/airflow/.local/lib/python3.12/site-packages/airflow/example_dags/tutorial_dag.py
[2026-04-29T01:26:39.367+0000] {logging_mixin.py:188} INFO - [2026-04-29T01:26:39.367+0000] {dag.py:3096} INFO - Sync 1 DAGs
[2026-04-29T01:26:39.381+0000] {logging_mixin.py:188} INFO - [2026-04-29T01:26:39.381+0000] {dag.py:3954} INFO - Setting next_dagrun for tutorial_dag to None, run_after=None
[2026-04-29T01:26:39.429+0000] {processor.py:183} INFO - Processing /home/airflow/.local/lib/python3.12/site-packages/airflow/example_dags/tutorial_dag.py took 0.101 seconds
