[2026-04-29T00:54:50.079+0000] {processor.py:161} INFO - Started process (PID=59) to work on /opt/airflow/dags/system_health.py
[2026-04-29T00:54:50.083+0000] {processor.py:830} INFO - Processing file /opt/airflow/dags/system_health.py for tasks to queue
[2026-04-29T00:54:50.089+0000] {logging_mixin.py:188} INFO - [2026-04-29T00:54:50.089+0000] {dagbag.py:540} INFO - Filling up the DagBag from /opt/airflow/dags/system_health.py
[2026-04-29T00:54:50.161+0000] {processor.py:840} INFO - DAG(s) 'system_health' retrieved from /opt/airflow/dags/system_health.py
[2026-04-29T00:54:50.404+0000] {logging_mixin.py:188} INFO - [2026-04-29T00:54:50.404+0000] {dag.py:3096} INFO - Sync 1 DAGs
[2026-04-29T00:54:50.463+0000] {logging_mixin.py:188} INFO - [2026-04-29T00:54:50.462+0000] {dag.py:3954} INFO - Setting next_dagrun for system_health to 2026-04-28 23:00:00+00:00, run_after=2026-04-29 00:00:00+00:00
[2026-04-29T00:54:50.488+0000] {processor.py:183} INFO - Processing /opt/airflow/dags/system_health.py took 0.429 seconds
[2026-04-29T00:58:04.784+0000] {processor.py:161} INFO - Started process (PID=67) to work on /opt/airflow/dags/system_health.py
[2026-04-29T00:58:04.789+0000] {processor.py:830} INFO - Processing file /opt/airflow/dags/system_health.py for tasks to queue
[2026-04-29T00:58:04.847+0000] {logging_mixin.py:188} INFO - [2026-04-29T00:58:04.846+0000] {dagbag.py:540} INFO - Filling up the DagBag from /opt/airflow/dags/system_health.py
[2026-04-29T00:58:04.936+0000] {processor.py:840} INFO - DAG(s) 'system_health' retrieved from /opt/airflow/dags/system_health.py
[2026-04-29T00:58:07.707+0000] {logging_mixin.py:188} INFO - [2026-04-29T00:58:07.700+0000] {override.py:1829} INFO - Created Permission View: can edit on DAG:system_health
[2026-04-29T00:58:07.782+0000] {logging_mixin.py:188} INFO - [2026-04-29T00:58:07.781+0000] {override.py:1829} INFO - Created Permission View: can delete on DAG:system_health
[2026-04-29T00:58:07.910+0000] {logging_mixin.py:188} INFO - [2026-04-29T00:58:07.910+0000] {override.py:1829} INFO - Created Permission View: can read on DAG:system_health
[2026-04-29T00:58:07.919+0000] {logging_mixin.py:188} INFO - [2026-04-29T00:58:07.919+0000] {dag.py:3096} INFO - Sync 1 DAGs
[2026-04-29T00:58:08.044+0000] {logging_mixin.py:188} INFO - [2026-04-29T00:58:08.043+0000] {dag.py:3118} INFO - Creating ORM DAG for system_health
[2026-04-29T00:58:08.154+0000] {logging_mixin.py:188} INFO - [2026-04-29T00:58:08.154+0000] {dag.py:3954} INFO - Setting next_dagrun for system_health to 2026-04-28 23:00:00+00:00, run_after=2026-04-29 00:00:00+00:00
[2026-04-29T00:58:08.339+0000] {processor.py:183} INFO - Processing /opt/airflow/dags/system_health.py took 3.664 seconds
[2026-04-29T00:58:38.781+0000] {processor.py:161} INFO - Started process (PID=127) to work on /opt/airflow/dags/system_health.py
[2026-04-29T00:58:38.786+0000] {processor.py:830} INFO - Processing file /opt/airflow/dags/system_health.py for tasks to queue
[2026-04-29T00:58:38.788+0000] {logging_mixin.py:188} INFO - [2026-04-29T00:58:38.788+0000] {dagbag.py:540} INFO - Filling up the DagBag from /opt/airflow/dags/system_health.py
[2026-04-29T00:58:38.809+0000] {processor.py:840} INFO - DAG(s) 'system_health' retrieved from /opt/airflow/dags/system_health.py
[2026-04-29T00:58:38.866+0000] {logging_mixin.py:188} INFO - [2026-04-29T00:58:38.865+0000] {dag.py:3096} INFO - Sync 1 DAGs
[2026-04-29T00:58:38.939+0000] {logging_mixin.py:188} INFO - [2026-04-29T00:58:38.939+0000] {dag.py:3954} INFO - Setting next_dagrun for system_health to 2026-04-28 23:00:00+00:00, run_after=2026-04-29 00:00:00+00:00
[2026-04-29T00:58:38.966+0000] {processor.py:183} INFO - Processing /opt/airflow/dags/system_health.py took 0.202 seconds
[2026-04-29T00:59:09.968+0000] {processor.py:161} INFO - Started process (PID=187) to work on /opt/airflow/dags/system_health.py
[2026-04-29T00:59:09.972+0000] {processor.py:830} INFO - Processing file /opt/airflow/dags/system_health.py for tasks to queue
[2026-04-29T00:59:09.995+0000] {logging_mixin.py:188} INFO - [2026-04-29T00:59:09.994+0000] {dagbag.py:540} INFO - Filling up the DagBag from /opt/airflow/dags/system_health.py
[2026-04-29T00:59:10.250+0000] {processor.py:840} INFO - DAG(s) 'system_health' retrieved from /opt/airflow/dags/system_health.py
[2026-04-29T00:59:10.442+0000] {logging_mixin.py:188} INFO - [2026-04-29T00:59:10.442+0000] {dag.py:3096} INFO - Sync 1 DAGs
[2026-04-29T00:59:10.564+0000] {logging_mixin.py:188} INFO - [2026-04-29T00:59:10.563+0000] {dag.py:3954} INFO - Setting next_dagrun for system_health to 2026-04-28 23:00:00+00:00, run_after=2026-04-29 00:00:00+00:00
[2026-04-29T00:59:10.600+0000] {processor.py:183} INFO - Processing /opt/airflow/dags/system_health.py took 0.682 seconds
[2026-04-29T00:59:40.837+0000] {processor.py:161} INFO - Started process (PID=246) to work on /opt/airflow/dags/system_health.py
[2026-04-29T00:59:40.838+0000] {processor.py:830} INFO - Processing file /opt/airflow/dags/system_health.py for tasks to queue
[2026-04-29T00:59:40.840+0000] {logging_mixin.py:188} INFO - [2026-04-29T00:59:40.839+0000] {dagbag.py:540} INFO - Filling up the DagBag from /opt/airflow/dags/system_health.py
[2026-04-29T00:59:40.849+0000] {processor.py:840} INFO - DAG(s) 'system_health' retrieved from /opt/airflow/dags/system_health.py
[2026-04-29T00:59:40.871+0000] {logging_mixin.py:188} INFO - [2026-04-29T00:59:40.871+0000] {dag.py:3096} INFO - Sync 1 DAGs
[2026-04-29T00:59:40.899+0000] {logging_mixin.py:188} INFO - [2026-04-29T00:59:40.899+0000] {dag.py:3954} INFO - Setting next_dagrun for system_health to 2026-04-28 23:00:00+00:00, run_after=2026-04-29 00:00:00+00:00
[2026-04-29T00:59:40.921+0000] {processor.py:183} INFO - Processing /opt/airflow/dags/system_health.py took 0.092 seconds
[2026-04-29T01:00:11.156+0000] {processor.py:161} INFO - Started process (PID=305) to work on /opt/airflow/dags/system_health.py
[2026-04-29T01:00:11.165+0000] {processor.py:830} INFO - Processing file /opt/airflow/dags/system_health.py for tasks to queue
[2026-04-29T01:00:11.176+0000] {logging_mixin.py:188} INFO - [2026-04-29T01:00:11.175+0000] {dagbag.py:540} INFO - Filling up the DagBag from /opt/airflow/dags/system_health.py
[2026-04-29T01:00:11.206+0000] {processor.py:840} INFO - DAG(s) 'system_health' retrieved from /opt/airflow/dags/system_health.py
[2026-04-29T01:00:11.225+0000] {logging_mixin.py:188} INFO - [2026-04-29T01:00:11.225+0000] {dag.py:3096} INFO - Sync 1 DAGs
[2026-04-29T01:00:11.247+0000] {logging_mixin.py:188} INFO - [2026-04-29T01:00:11.246+0000] {dag.py:3954} INFO - Setting next_dagrun for system_health to 2026-04-29 00:00:00+00:00, run_after=2026-04-29 01:00:00+00:00
[2026-04-29T01:00:11.263+0000] {processor.py:183} INFO - Processing /opt/airflow/dags/system_health.py took 0.142 seconds
[2026-04-29T01:00:42.141+0000] {processor.py:161} INFO - Started process (PID=366) to work on /opt/airflow/dags/system_health.py
[2026-04-29T01:00:42.152+0000] {processor.py:830} INFO - Processing file /opt/airflow/dags/system_health.py for tasks to queue
[2026-04-29T01:00:42.159+0000] {logging_mixin.py:188} INFO - [2026-04-29T01:00:42.158+0000] {dagbag.py:540} INFO - Filling up the DagBag from /opt/airflow/dags/system_health.py
[2026-04-29T01:00:42.175+0000] {processor.py:840} INFO - DAG(s) 'system_health' retrieved from /opt/airflow/dags/system_health.py
[2026-04-29T01:00:42.316+0000] {logging_mixin.py:188} INFO - [2026-04-29T01:00:42.316+0000] {dag.py:3096} INFO - Sync 1 DAGs
[2026-04-29T01:00:42.492+0000] {logging_mixin.py:188} INFO - [2026-04-29T01:00:42.492+0000] {dag.py:3954} INFO - Setting next_dagrun for system_health to 2026-04-29 00:00:00+00:00, run_after=2026-04-29 01:00:00+00:00
[2026-04-29T01:00:42.599+0000] {processor.py:183} INFO - Processing /opt/airflow/dags/system_health.py took 0.472 seconds
[2026-04-29T01:01:12.763+0000] {processor.py:161} INFO - Started process (PID=426) to work on /opt/airflow/dags/system_health.py
[2026-04-29T01:01:12.767+0000] {processor.py:830} INFO - Processing file /opt/airflow/dags/system_health.py for tasks to queue
[2026-04-29T01:01:12.773+0000] {logging_mixin.py:188} INFO - [2026-04-29T01:01:12.773+0000] {dagbag.py:540} INFO - Filling up the DagBag from /opt/airflow/dags/system_health.py
[2026-04-29T01:01:12.826+0000] {processor.py:840} INFO - DAG(s) 'system_health' retrieved from /opt/airflow/dags/system_health.py
[2026-04-29T01:01:12.921+0000] {logging_mixin.py:188} INFO - [2026-04-29T01:01:12.920+0000] {dag.py:3096} INFO - Sync 1 DAGs
[2026-04-29T01:01:12.990+0000] {logging_mixin.py:188} INFO - [2026-04-29T01:01:12.988+0000] {dag.py:3954} INFO - Setting next_dagrun for system_health to 2026-04-29 00:00:00+00:00, run_after=2026-04-29 01:00:00+00:00
[2026-04-29T01:01:13.049+0000] {processor.py:183} INFO - Processing /opt/airflow/dags/system_health.py took 0.304 seconds
[2026-04-29T01:01:43.805+0000] {processor.py:161} INFO - Started process (PID=485) to work on /opt/airflow/dags/system_health.py
[2026-04-29T01:01:43.807+0000] {processor.py:830} INFO - Processing file /opt/airflow/dags/system_health.py for tasks to queue
[2026-04-29T01:01:43.809+0000] {logging_mixin.py:188} INFO - [2026-04-29T01:01:43.809+0000] {dagbag.py:540} INFO - Filling up the DagBag from /opt/airflow/dags/system_health.py
[2026-04-29T01:01:43.828+0000] {processor.py:840} INFO - DAG(s) 'system_health' retrieved from /opt/airflow/dags/system_health.py
[2026-04-29T01:01:43.858+0000] {logging_mixin.py:188} INFO - [2026-04-29T01:01:43.857+0000] {dag.py:3096} INFO - Sync 1 DAGs
[2026-04-29T01:01:43.898+0000] {logging_mixin.py:188} INFO - [2026-04-29T01:01:43.898+0000] {dag.py:3954} INFO - Setting next_dagrun for system_health to 2026-04-29 00:00:00+00:00, run_after=2026-04-29 01:00:00+00:00
[2026-04-29T01:01:43.920+0000] {processor.py:183} INFO - Processing /opt/airflow/dags/system_health.py took 0.122 seconds
[2026-04-29T01:02:14.668+0000] {processor.py:161} INFO - Started process (PID=542) to work on /opt/airflow/dags/system_health.py
[2026-04-29T01:02:14.669+0000] {processor.py:830} INFO - Processing file /opt/airflow/dags/system_health.py for tasks to queue
[2026-04-29T01:02:14.671+0000] {logging_mixin.py:188} INFO - [2026-04-29T01:02:14.671+0000] {dagbag.py:540} INFO - Filling up the DagBag from /opt/airflow/dags/system_health.py
[2026-04-29T01:02:14.681+0000] {processor.py:840} INFO - DAG(s) 'system_health' retrieved from /opt/airflow/dags/system_health.py
[2026-04-29T01:02:14.704+0000] {logging_mixin.py:188} INFO - [2026-04-29T01:02:14.704+0000] {dag.py:3096} INFO - Sync 1 DAGs
[2026-04-29T01:02:14.760+0000] {logging_mixin.py:188} INFO - [2026-04-29T01:02:14.759+0000] {dag.py:3954} INFO - Setting next_dagrun for system_health to 2026-04-29 00:00:00+00:00, run_after=2026-04-29 01:00:00+00:00
[2026-04-29T01:02:14.799+0000] {processor.py:183} INFO - Processing /opt/airflow/dags/system_health.py took 0.138 seconds
[2026-04-29T01:02:44.903+0000] {processor.py:161} INFO - Started process (PID=601) to work on /opt/airflow/dags/system_health.py
[2026-04-29T01:02:44.905+0000] {processor.py:830} INFO - Processing file /opt/airflow/dags/system_health.py for tasks to queue
[2026-04-29T01:02:44.907+0000] {logging_mixin.py:188} INFO - [2026-04-29T01:02:44.907+0000] {dagbag.py:540} INFO - Filling up the DagBag from /opt/airflow/dags/system_health.py
[2026-04-29T01:02:44.919+0000] {processor.py:840} INFO - DAG(s) 'system_health' retrieved from /opt/airflow/dags/system_health.py
[2026-04-29T01:02:44.946+0000] {logging_mixin.py:188} INFO - [2026-04-29T01:02:44.946+0000] {dag.py:3096} INFO - Sync 1 DAGs
[2026-04-29T01:02:44.971+0000] {logging_mixin.py:188} INFO - [2026-04-29T01:02:44.971+0000] {dag.py:3954} INFO - Setting next_dagrun for system_health to 2026-04-29 00:00:00+00:00, run_after=2026-04-29 01:00:00+00:00
[2026-04-29T01:02:45.000+0000] {processor.py:183} INFO - Processing /opt/airflow/dags/system_health.py took 0.108 seconds
[2026-04-29T01:03:15.725+0000] {processor.py:161} INFO - Started process (PID=661) to work on /opt/airflow/dags/system_health.py
[2026-04-29T01:03:15.726+0000] {processor.py:830} INFO - Processing file /opt/airflow/dags/system_health.py for tasks to queue
[2026-04-29T01:03:15.727+0000] {logging_mixin.py:188} INFO - [2026-04-29T01:03:15.727+0000] {dagbag.py:540} INFO - Filling up the DagBag from /opt/airflow/dags/system_health.py
[2026-04-29T01:03:15.734+0000] {processor.py:840} INFO - DAG(s) 'system_health' retrieved from /opt/airflow/dags/system_health.py
[2026-04-29T01:03:15.751+0000] {logging_mixin.py:188} INFO - [2026-04-29T01:03:15.751+0000] {dag.py:3096} INFO - Sync 1 DAGs
[2026-04-29T01:03:15.771+0000] {logging_mixin.py:188} INFO - [2026-04-29T01:03:15.771+0000] {dag.py:3954} INFO - Setting next_dagrun for system_health to 2026-04-29 00:00:00+00:00, run_after=2026-04-29 01:00:00+00:00
[2026-04-29T01:03:15.786+0000] {processor.py:183} INFO - Processing /opt/airflow/dags/system_health.py took 0.066 seconds
[2026-04-29T01:03:46.637+0000] {processor.py:161} INFO - Started process (PID=721) to work on /opt/airflow/dags/system_health.py
[2026-04-29T01:03:46.640+0000] {processor.py:830} INFO - Processing file /opt/airflow/dags/system_health.py for tasks to queue
[2026-04-29T01:03:46.653+0000] {logging_mixin.py:188} INFO - [2026-04-29T01:03:46.652+0000] {dagbag.py:540} INFO - Filling up the DagBag from /opt/airflow/dags/system_health.py
[2026-04-29T01:03:46.678+0000] {processor.py:840} INFO - DAG(s) 'system_health' retrieved from /opt/airflow/dags/system_health.py
[2026-04-29T01:03:46.702+0000] {logging_mixin.py:188} INFO - [2026-04-29T01:03:46.702+0000] {dag.py:3096} INFO - Sync 1 DAGs
[2026-04-29T01:03:46.731+0000] {logging_mixin.py:188} INFO - [2026-04-29T01:03:46.731+0000] {dag.py:3954} INFO - Setting next_dagrun for system_health to 2026-04-29 00:00:00+00:00, run_after=2026-04-29 01:00:00+00:00
[2026-04-29T01:03:46.751+0000] {processor.py:183} INFO - Processing /opt/airflow/dags/system_health.py took 0.129 seconds
[2026-04-29T01:04:16.825+0000] {processor.py:161} INFO - Started process (PID=781) to work on /opt/airflow/dags/system_health.py
[2026-04-29T01:04:16.826+0000] {processor.py:830} INFO - Processing file /opt/airflow/dags/system_health.py for tasks to queue
[2026-04-29T01:04:16.828+0000] {logging_mixin.py:188} INFO - [2026-04-29T01:04:16.828+0000] {dagbag.py:540} INFO - Filling up the DagBag from /opt/airflow/dags/system_health.py
[2026-04-29T01:04:16.835+0000] {processor.py:840} INFO - DAG(s) 'system_health' retrieved from /opt/airflow/dags/system_health.py
[2026-04-29T01:04:16.852+0000] {logging_mixin.py:188} INFO - [2026-04-29T01:04:16.852+0000] {dag.py:3096} INFO - Sync 1 DAGs
[2026-04-29T01:04:16.874+0000] {logging_mixin.py:188} INFO - [2026-04-29T01:04:16.874+0000] {dag.py:3954} INFO - Setting next_dagrun for system_health to 2026-04-29 00:00:00+00:00, run_after=2026-04-29 01:00:00+00:00
[2026-04-29T01:04:16.890+0000] {processor.py:183} INFO - Processing /opt/airflow/dags/system_health.py took 0.069 seconds
[2026-04-29T01:04:47.008+0000] {processor.py:161} INFO - Started process (PID=843) to work on /opt/airflow/dags/system_health.py
[2026-04-29T01:04:47.009+0000] {processor.py:830} INFO - Processing file /opt/airflow/dags/system_health.py for tasks to queue
[2026-04-29T01:04:47.011+0000] {logging_mixin.py:188} INFO - [2026-04-29T01:04:47.011+0000] {dagbag.py:540} INFO - Filling up the DagBag from /opt/airflow/dags/system_health.py
[2026-04-29T01:04:47.022+0000] {processor.py:840} INFO - DAG(s) 'system_health' retrieved from /opt/airflow/dags/system_health.py
[2026-04-29T01:04:47.044+0000] {logging_mixin.py:188} INFO - [2026-04-29T01:04:47.044+0000] {dag.py:3096} INFO - Sync 1 DAGs
[2026-04-29T01:04:47.066+0000] {logging_mixin.py:188} INFO - [2026-04-29T01:04:47.065+0000] {dag.py:3954} INFO - Setting next_dagrun for system_health to 2026-04-29 00:00:00+00:00, run_after=2026-04-29 01:00:00+00:00
[2026-04-29T01:04:47.094+0000] {processor.py:183} INFO - Processing /opt/airflow/dags/system_health.py took 0.096 seconds
[2026-04-29T01:05:17.622+0000] {processor.py:161} INFO - Started process (PID=904) to work on /opt/airflow/dags/system_health.py
[2026-04-29T01:05:17.622+0000] {processor.py:830} INFO - Processing file /opt/airflow/dags/system_health.py for tasks to queue
[2026-04-29T01:05:17.624+0000] {logging_mixin.py:188} INFO - [2026-04-29T01:05:17.624+0000] {dagbag.py:540} INFO - Filling up the DagBag from /opt/airflow/dags/system_health.py
[2026-04-29T01:05:17.632+0000] {processor.py:840} INFO - DAG(s) 'system_health' retrieved from /opt/airflow/dags/system_health.py
[2026-04-29T01:05:17.655+0000] {logging_mixin.py:188} INFO - [2026-04-29T01:05:17.655+0000] {dag.py:3096} INFO - Sync 1 DAGs
[2026-04-29T01:05:17.687+0000] {logging_mixin.py:188} INFO - [2026-04-29T01:05:17.686+0000] {dag.py:3954} INFO - Setting next_dagrun for system_health to 2026-04-29 00:00:00+00:00, run_after=2026-04-29 01:00:00+00:00
[2026-04-29T01:05:17.707+0000] {processor.py:183} INFO - Processing /opt/airflow/dags/system_health.py took 0.091 seconds
[2026-04-29T01:05:48.128+0000] {processor.py:161} INFO - Started process (PID=964) to work on /opt/airflow/dags/system_health.py
[2026-04-29T01:05:48.170+0000] {processor.py:830} INFO - Processing file /opt/airflow/dags/system_health.py for tasks to queue
[2026-04-29T01:05:48.177+0000] {logging_mixin.py:188} INFO - [2026-04-29T01:05:48.176+0000] {dagbag.py:540} INFO - Filling up the DagBag from /opt/airflow/dags/system_health.py
[2026-04-29T01:05:48.209+0000] {processor.py:840} INFO - DAG(s) 'system_health' retrieved from /opt/airflow/dags/system_health.py
[2026-04-29T01:05:48.269+0000] {logging_mixin.py:188} INFO - [2026-04-29T01:05:48.268+0000] {dag.py:3096} INFO - Sync 1 DAGs
[2026-04-29T01:05:48.324+0000] {logging_mixin.py:188} INFO - [2026-04-29T01:05:48.323+0000] {dag.py:3954} INFO - Setting next_dagrun for system_health to 2026-04-29 00:00:00+00:00, run_after=2026-04-29 01:00:00+00:00
[2026-04-29T01:05:48.366+0000] {processor.py:183} INFO - Processing /opt/airflow/dags/system_health.py took 0.254 seconds
[2026-04-29T01:06:18.490+0000] {processor.py:161} INFO - Started process (PID=1024) to work on /opt/airflow/dags/system_health.py
[2026-04-29T01:06:18.495+0000] {processor.py:830} INFO - Processing file /opt/airflow/dags/system_health.py for tasks to queue
[2026-04-29T01:06:18.498+0000] {logging_mixin.py:188} INFO - [2026-04-29T01:06:18.497+0000] {dagbag.py:540} INFO - Filling up the DagBag from /opt/airflow/dags/system_health.py
[2026-04-29T01:06:18.512+0000] {processor.py:840} INFO - DAG(s) 'system_health' retrieved from /opt/airflow/dags/system_health.py
[2026-04-29T01:06:18.537+0000] {logging_mixin.py:188} INFO - [2026-04-29T01:06:18.537+0000] {dag.py:3096} INFO - Sync 1 DAGs
[2026-04-29T01:06:18.574+0000] {logging_mixin.py:188} INFO - [2026-04-29T01:06:18.573+0000] {dag.py:3954} INFO - Setting next_dagrun for system_health to 2026-04-29 00:00:00+00:00, run_after=2026-04-29 01:00:00+00:00
[2026-04-29T01:06:18.598+0000] {processor.py:183} INFO - Processing /opt/airflow/dags/system_health.py took 0.116 seconds
[2026-04-29T01:06:49.094+0000] {processor.py:161} INFO - Started process (PID=1084) to work on /opt/airflow/dags/system_health.py
[2026-04-29T01:06:49.098+0000] {processor.py:830} INFO - Processing file /opt/airflow/dags/system_health.py for tasks to queue
[2026-04-29T01:06:49.101+0000] {logging_mixin.py:188} INFO - [2026-04-29T01:06:49.101+0000] {dagbag.py:540} INFO - Filling up the DagBag from /opt/airflow/dags/system_health.py
[2026-04-29T01:06:49.137+0000] {processor.py:840} INFO - DAG(s) 'system_health' retrieved from /opt/airflow/dags/system_health.py
[2026-04-29T01:06:49.272+0000] {logging_mixin.py:188} INFO - [2026-04-29T01:06:49.271+0000] {dag.py:3096} INFO - Sync 1 DAGs
[2026-04-29T01:06:49.449+0000] {logging_mixin.py:188} INFO - [2026-04-29T01:06:49.449+0000] {dag.py:3954} INFO - Setting next_dagrun for system_health to 2026-04-29 00:00:00+00:00, run_after=2026-04-29 01:00:00+00:00
[2026-04-29T01:06:49.545+0000] {processor.py:183} INFO - Processing /opt/airflow/dags/system_health.py took 0.473 seconds
[2026-04-29T01:07:20.454+0000] {processor.py:161} INFO - Started process (PID=1144) to work on /opt/airflow/dags/system_health.py
[2026-04-29T01:07:20.455+0000] {processor.py:830} INFO - Processing file /opt/airflow/dags/system_health.py for tasks to queue
[2026-04-29T01:07:20.456+0000] {logging_mixin.py:188} INFO - [2026-04-29T01:07:20.456+0000] {dagbag.py:540} INFO - Filling up the DagBag from /opt/airflow/dags/system_health.py
[2026-04-29T01:07:20.463+0000] {processor.py:840} INFO - DAG(s) 'system_health' retrieved from /opt/airflow/dags/system_health.py
[2026-04-29T01:07:20.480+0000] {logging_mixin.py:188} INFO - [2026-04-29T01:07:20.480+0000] {dag.py:3096} INFO - Sync 1 DAGs
[2026-04-29T01:07:20.499+0000] {logging_mixin.py:188} INFO - [2026-04-29T01:07:20.499+0000] {dag.py:3954} INFO - Setting next_dagrun for system_health to 2026-04-29 00:00:00+00:00, run_after=2026-04-29 01:00:00+00:00
[2026-04-29T01:07:20.514+0000] {processor.py:183} INFO - Processing /opt/airflow/dags/system_health.py took 0.066 seconds
[2026-04-29T01:07:50.873+0000] {processor.py:161} INFO - Started process (PID=1203) to work on /opt/airflow/dags/system_health.py
[2026-04-29T01:07:50.874+0000] {processor.py:830} INFO - Processing file /opt/airflow/dags/system_health.py for tasks to queue
[2026-04-29T01:07:50.875+0000] {logging_mixin.py:188} INFO - [2026-04-29T01:07:50.875+0000] {dagbag.py:540} INFO - Filling up the DagBag from /opt/airflow/dags/system_health.py
[2026-04-29T01:07:50.882+0000] {processor.py:840} INFO - DAG(s) 'system_health' retrieved from /opt/airflow/dags/system_health.py
[2026-04-29T01:07:50.899+0000] {logging_mixin.py:188} INFO - [2026-04-29T01:07:50.899+0000] {dag.py:3096} INFO - Sync 1 DAGs
[2026-04-29T01:07:51.076+0000] {logging_mixin.py:188} INFO - [2026-04-29T01:07:51.076+0000] {dag.py:3954} INFO - Setting next_dagrun for system_health to 2026-04-29 00:00:00+00:00, run_after=2026-04-29 01:00:00+00:00
[2026-04-29T01:07:51.093+0000] {processor.py:183} INFO - Processing /opt/airflow/dags/system_health.py took 0.225 seconds
[2026-04-29T01:08:21.564+0000] {processor.py:161} INFO - Started process (PID=1263) to work on /opt/airflow/dags/system_health.py
[2026-04-29T01:08:21.565+0000] {processor.py:830} INFO - Processing file /opt/airflow/dags/system_health.py for tasks to queue
[2026-04-29T01:08:21.567+0000] {logging_mixin.py:188} INFO - [2026-04-29T01:08:21.567+0000] {dagbag.py:540} INFO - Filling up the DagBag from /opt/airflow/dags/system_health.py
[2026-04-29T01:08:21.577+0000] {processor.py:840} INFO - DAG(s) 'system_health' retrieved from /opt/airflow/dags/system_health.py
[2026-04-29T01:08:21.620+0000] {logging_mixin.py:188} INFO - [2026-04-29T01:08:21.619+0000] {dag.py:3096} INFO - Sync 1 DAGs
[2026-04-29T01:08:21.659+0000] {logging_mixin.py:188} INFO - [2026-04-29T01:08:21.659+0000] {dag.py:3954} INFO - Setting next_dagrun for system_health to 2026-04-29 00:00:00+00:00, run_after=2026-04-29 01:00:00+00:00
[2026-04-29T01:08:21.691+0000] {processor.py:183} INFO - Processing /opt/airflow/dags/system_health.py took 0.135 seconds
[2026-04-29T01:08:52.299+0000] {processor.py:161} INFO - Started process (PID=1323) to work on /opt/airflow/dags/system_health.py
[2026-04-29T01:08:52.301+0000] {processor.py:830} INFO - Processing file /opt/airflow/dags/system_health.py for tasks to queue
[2026-04-29T01:08:52.303+0000] {logging_mixin.py:188} INFO - [2026-04-29T01:08:52.303+0000] {dagbag.py:540} INFO - Filling up the DagBag from /opt/airflow/dags/system_health.py
[2026-04-29T01:08:52.317+0000] {processor.py:840} INFO - DAG(s) 'system_health' retrieved from /opt/airflow/dags/system_health.py
[2026-04-29T01:08:52.367+0000] {logging_mixin.py:188} INFO - [2026-04-29T01:08:52.367+0000] {dag.py:3096} INFO - Sync 1 DAGs
[2026-04-29T01:08:52.434+0000] {logging_mixin.py:188} INFO - [2026-04-29T01:08:52.430+0000] {dag.py:3954} INFO - Setting next_dagrun for system_health to 2026-04-29 00:00:00+00:00, run_after=2026-04-29 01:00:00+00:00
[2026-04-29T01:08:52.491+0000] {processor.py:183} INFO - Processing /opt/airflow/dags/system_health.py took 0.199 seconds
[2026-04-29T01:09:23.231+0000] {processor.py:161} INFO - Started process (PID=1383) to work on /opt/airflow/dags/system_health.py
[2026-04-29T01:09:23.334+0000] {processor.py:830} INFO - Processing file /opt/airflow/dags/system_health.py for tasks to queue
[2026-04-29T01:09:23.336+0000] {logging_mixin.py:188} INFO - [2026-04-29T01:09:23.336+0000] {dagbag.py:540} INFO - Filling up the DagBag from /opt/airflow/dags/system_health.py
[2026-04-29T01:09:23.355+0000] {processor.py:840} INFO - DAG(s) 'system_health' retrieved from /opt/airflow/dags/system_health.py
[2026-04-29T01:09:23.377+0000] {logging_mixin.py:188} INFO - [2026-04-29T01:09:23.376+0000] {dag.py:3096} INFO - Sync 1 DAGs
[2026-04-29T01:09:23.421+0000] {logging_mixin.py:188} INFO - [2026-04-29T01:09:23.421+0000] {dag.py:3954} INFO - Setting next_dagrun for system_health to 2026-04-29 00:00:00+00:00, run_after=2026-04-29 01:00:00+00:00
[2026-04-29T01:09:23.462+0000] {processor.py:183} INFO - Processing /opt/airflow/dags/system_health.py took 0.247 seconds
[2026-04-29T01:09:53.524+0000] {processor.py:161} INFO - Started process (PID=1443) to work on /opt/airflow/dags/system_health.py
[2026-04-29T01:09:53.525+0000] {processor.py:830} INFO - Processing file /opt/airflow/dags/system_health.py for tasks to queue
[2026-04-29T01:09:53.527+0000] {logging_mixin.py:188} INFO - [2026-04-29T01:09:53.526+0000] {dagbag.py:540} INFO - Filling up the DagBag from /opt/airflow/dags/system_health.py
[2026-04-29T01:09:53.535+0000] {processor.py:840} INFO - DAG(s) 'system_health' retrieved from /opt/airflow/dags/system_health.py
[2026-04-29T01:09:53.553+0000] {logging_mixin.py:188} INFO - [2026-04-29T01:09:53.553+0000] {dag.py:3096} INFO - Sync 1 DAGs
[2026-04-29T01:09:53.574+0000] {logging_mixin.py:188} INFO - [2026-04-29T01:09:53.574+0000] {dag.py:3954} INFO - Setting next_dagrun for system_health to 2026-04-29 00:00:00+00:00, run_after=2026-04-29 01:00:00+00:00
[2026-04-29T01:09:53.598+0000] {processor.py:183} INFO - Processing /opt/airflow/dags/system_health.py took 0.079 seconds
[2026-04-29T01:10:23.775+0000] {processor.py:161} INFO - Started process (PID=1501) to work on /opt/airflow/dags/system_health.py
[2026-04-29T01:10:23.776+0000] {processor.py:830} INFO - Processing file /opt/airflow/dags/system_health.py for tasks to queue
[2026-04-29T01:10:23.779+0000] {logging_mixin.py:188} INFO - [2026-04-29T01:10:23.778+0000] {dagbag.py:540} INFO - Filling up the DagBag from /opt/airflow/dags/system_health.py
[2026-04-29T01:10:23.789+0000] {processor.py:840} INFO - DAG(s) 'system_health' retrieved from /opt/airflow/dags/system_health.py
[2026-04-29T01:10:23.812+0000] {logging_mixin.py:188} INFO - [2026-04-29T01:10:23.812+0000] {dag.py:3096} INFO - Sync 1 DAGs
[2026-04-29T01:10:23.839+0000] {logging_mixin.py:188} INFO - [2026-04-29T01:10:23.839+0000] {dag.py:3954} INFO - Setting next_dagrun for system_health to 2026-04-29 00:00:00+00:00, run_after=2026-04-29 01:00:00+00:00
[2026-04-29T01:10:23.879+0000] {processor.py:183} INFO - Processing /opt/airflow/dags/system_health.py took 0.111 seconds
[2026-04-29T01:10:54.281+0000] {processor.py:161} INFO - Started process (PID=1562) to work on /opt/airflow/dags/system_health.py
[2026-04-29T01:10:54.283+0000] {processor.py:830} INFO - Processing file /opt/airflow/dags/system_health.py for tasks to queue
[2026-04-29T01:10:54.285+0000] {logging_mixin.py:188} INFO - [2026-04-29T01:10:54.285+0000] {dagbag.py:540} INFO - Filling up the DagBag from /opt/airflow/dags/system_health.py
[2026-04-29T01:10:54.297+0000] {processor.py:840} INFO - DAG(s) 'system_health' retrieved from /opt/airflow/dags/system_health.py
[2026-04-29T01:10:54.323+0000] {logging_mixin.py:188} INFO - [2026-04-29T01:10:54.323+0000] {dag.py:3096} INFO - Sync 1 DAGs
[2026-04-29T01:10:54.351+0000] {logging_mixin.py:188} INFO - [2026-04-29T01:10:54.351+0000] {dag.py:3954} INFO - Setting next_dagrun for system_health to 2026-04-29 00:00:00+00:00, run_after=2026-04-29 01:00:00+00:00
[2026-04-29T01:10:54.366+0000] {processor.py:183} INFO - Processing /opt/airflow/dags/system_health.py took 0.092 seconds
[2026-04-29T01:11:25.152+0000] {processor.py:161} INFO - Started process (PID=1619) to work on /opt/airflow/dags/system_health.py
[2026-04-29T01:11:25.153+0000] {processor.py:830} INFO - Processing file /opt/airflow/dags/system_health.py for tasks to queue
[2026-04-29T01:11:25.155+0000] {logging_mixin.py:188} INFO - [2026-04-29T01:11:25.154+0000] {dagbag.py:540} INFO - Filling up the DagBag from /opt/airflow/dags/system_health.py
[2026-04-29T01:11:25.164+0000] {processor.py:840} INFO - DAG(s) 'system_health' retrieved from /opt/airflow/dags/system_health.py
[2026-04-29T01:11:25.184+0000] {logging_mixin.py:188} INFO - [2026-04-29T01:11:25.184+0000] {dag.py:3096} INFO - Sync 1 DAGs
[2026-04-29T01:11:25.227+0000] {logging_mixin.py:188} INFO - [2026-04-29T01:11:25.227+0000] {dag.py:3954} INFO - Setting next_dagrun for system_health to 2026-04-29 00:00:00+00:00, run_after=2026-04-29 01:00:00+00:00
[2026-04-29T01:11:25.255+0000] {processor.py:183} INFO - Processing /opt/airflow/dags/system_health.py took 0.110 seconds
[2026-04-29T01:11:56.208+0000] {processor.py:161} INFO - Started process (PID=1676) to work on /opt/airflow/dags/system_health.py
[2026-04-29T01:11:56.211+0000] {processor.py:830} INFO - Processing file /opt/airflow/dags/system_health.py for tasks to queue
[2026-04-29T01:11:56.216+0000] {logging_mixin.py:188} INFO - [2026-04-29T01:11:56.215+0000] {dagbag.py:540} INFO - Filling up the DagBag from /opt/airflow/dags/system_health.py
[2026-04-29T01:11:56.400+0000] {processor.py:840} INFO - DAG(s) 'system_health' retrieved from /opt/airflow/dags/system_health.py
[2026-04-29T01:11:56.656+0000] {logging_mixin.py:188} INFO - [2026-04-29T01:11:56.643+0000] {dag.py:3096} INFO - Sync 1 DAGs
[2026-04-29T01:11:56.909+0000] {logging_mixin.py:188} INFO - [2026-04-29T01:11:56.908+0000] {dag.py:3954} INFO - Setting next_dagrun for system_health to 2026-04-29 00:00:00+00:00, run_after=2026-04-29 01:00:00+00:00
[2026-04-29T01:11:57.059+0000] {processor.py:183} INFO - Processing /opt/airflow/dags/system_health.py took 0.902 seconds
[2026-04-29T01:12:27.436+0000] {processor.py:161} INFO - Started process (PID=1736) to work on /opt/airflow/dags/system_health.py
[2026-04-29T01:12:27.437+0000] {processor.py:830} INFO - Processing file /opt/airflow/dags/system_health.py for tasks to queue
[2026-04-29T01:12:27.439+0000] {logging_mixin.py:188} INFO - [2026-04-29T01:12:27.438+0000] {dagbag.py:540} INFO - Filling up the DagBag from /opt/airflow/dags/system_health.py
[2026-04-29T01:12:27.447+0000] {processor.py:840} INFO - DAG(s) 'system_health' retrieved from /opt/airflow/dags/system_health.py
[2026-04-29T01:12:27.467+0000] {logging_mixin.py:188} INFO - [2026-04-29T01:12:27.467+0000] {dag.py:3096} INFO - Sync 1 DAGs
[2026-04-29T01:12:27.488+0000] {logging_mixin.py:188} INFO - [2026-04-29T01:12:27.487+0000] {dag.py:3954} INFO - Setting next_dagrun for system_health to 2026-04-29 00:00:00+00:00, run_after=2026-04-29 01:00:00+00:00
[2026-04-29T01:12:27.502+0000] {processor.py:183} INFO - Processing /opt/airflow/dags/system_health.py took 0.072 seconds
[2026-04-29T01:12:58.133+0000] {processor.py:161} INFO - Started process (PID=1796) to work on /opt/airflow/dags/system_health.py
[2026-04-29T01:12:58.135+0000] {processor.py:830} INFO - Processing file /opt/airflow/dags/system_health.py for tasks to queue
[2026-04-29T01:12:58.136+0000] {logging_mixin.py:188} INFO - [2026-04-29T01:12:58.136+0000] {dagbag.py:540} INFO - Filling up the DagBag from /opt/airflow/dags/system_health.py
[2026-04-29T01:12:58.145+0000] {processor.py:840} INFO - DAG(s) 'system_health' retrieved from /opt/airflow/dags/system_health.py
[2026-04-29T01:12:58.164+0000] {logging_mixin.py:188} INFO - [2026-04-29T01:12:58.163+0000] {dag.py:3096} INFO - Sync 1 DAGs
[2026-04-29T01:12:58.184+0000] {logging_mixin.py:188} INFO - [2026-04-29T01:12:58.184+0000] {dag.py:3954} INFO - Setting next_dagrun for system_health to 2026-04-29 00:00:00+00:00, run_after=2026-04-29 01:00:00+00:00
[2026-04-29T01:12:58.200+0000] {processor.py:183} INFO - Processing /opt/airflow/dags/system_health.py took 0.072 seconds
[2026-04-29T01:13:28.914+0000] {processor.py:161} INFO - Started process (PID=1856) to work on /opt/airflow/dags/system_health.py
[2026-04-29T01:13:28.916+0000] {processor.py:830} INFO - Processing file /opt/airflow/dags/system_health.py for tasks to queue
[2026-04-29T01:13:28.919+0000] {logging_mixin.py:188} INFO - [2026-04-29T01:13:28.919+0000] {dagbag.py:540} INFO - Filling up the DagBag from /opt/airflow/dags/system_health.py
[2026-04-29T01:13:28.933+0000] {processor.py:840} INFO - DAG(s) 'system_health' retrieved from /opt/airflow/dags/system_health.py
[2026-04-29T01:13:28.978+0000] {logging_mixin.py:188} INFO - [2026-04-29T01:13:28.977+0000] {dag.py:3096} INFO - Sync 1 DAGs
[2026-04-29T01:13:29.032+0000] {logging_mixin.py:188} INFO - [2026-04-29T01:13:29.032+0000] {dag.py:3954} INFO - Setting next_dagrun for system_health to 2026-04-29 00:00:00+00:00, run_after=2026-04-29 01:00:00+00:00
[2026-04-29T01:13:29.066+0000] {processor.py:183} INFO - Processing /opt/airflow/dags/system_health.py took 0.162 seconds
[2026-04-29T01:14:09.355+0000] {processor.py:161} INFO - Started process (PID=1914) to work on /opt/airflow/dags/system_health.py
[2026-04-29T01:14:09.422+0000] {processor.py:830} INFO - Processing file /opt/airflow/dags/system_health.py for tasks to queue
[2026-04-29T01:14:09.440+0000] {logging_mixin.py:188} INFO - [2026-04-29T01:14:09.435+0000] {dagbag.py:540} INFO - Filling up the DagBag from /opt/airflow/dags/system_health.py
[2026-04-29T01:14:09.465+0000] {processor.py:840} INFO - DAG(s) 'system_health' retrieved from /opt/airflow/dags/system_health.py
[2026-04-29T01:14:09.618+0000] {logging_mixin.py:188} INFO - [2026-04-29T01:14:09.615+0000] {dag.py:3096} INFO - Sync 1 DAGs
[2026-04-29T01:14:09.702+0000] {logging_mixin.py:188} INFO - [2026-04-29T01:14:09.702+0000] {dag.py:3954} INFO - Setting next_dagrun for system_health to 2026-04-29 00:00:00+00:00, run_after=2026-04-29 01:00:00+00:00
[2026-04-29T01:14:09.774+0000] {processor.py:183} INFO - Processing /opt/airflow/dags/system_health.py took 0.476 seconds
[2026-04-29T01:14:40.267+0000] {processor.py:161} INFO - Started process (PID=1976) to work on /opt/airflow/dags/system_health.py
[2026-04-29T01:14:40.276+0000] {processor.py:830} INFO - Processing file /opt/airflow/dags/system_health.py for tasks to queue
[2026-04-29T01:14:40.285+0000] {logging_mixin.py:188} INFO - [2026-04-29T01:14:40.284+0000] {dagbag.py:540} INFO - Filling up the DagBag from /opt/airflow/dags/system_health.py
[2026-04-29T01:14:40.435+0000] {processor.py:840} INFO - DAG(s) 'system_health' retrieved from /opt/airflow/dags/system_health.py
[2026-04-29T01:14:40.551+0000] {logging_mixin.py:188} INFO - [2026-04-29T01:14:40.551+0000] {dag.py:3096} INFO - Sync 1 DAGs
[2026-04-29T01:14:40.873+0000] {logging_mixin.py:188} INFO - [2026-04-29T01:14:40.872+0000] {dag.py:3954} INFO - Setting next_dagrun for system_health to 2026-04-29 00:00:00+00:00, run_after=2026-04-29 01:00:00+00:00
[2026-04-29T01:14:40.948+0000] {processor.py:183} INFO - Processing /opt/airflow/dags/system_health.py took 0.710 seconds
[2026-04-29T01:15:11.193+0000] {processor.py:161} INFO - Started process (PID=2036) to work on /opt/airflow/dags/system_health.py
[2026-04-29T01:15:11.194+0000] {processor.py:830} INFO - Processing file /opt/airflow/dags/system_health.py for tasks to queue
[2026-04-29T01:15:11.196+0000] {logging_mixin.py:188} INFO - [2026-04-29T01:15:11.196+0000] {dagbag.py:540} INFO - Filling up the DagBag from /opt/airflow/dags/system_health.py
[2026-04-29T01:15:11.215+0000] {processor.py:840} INFO - DAG(s) 'system_health' retrieved from /opt/airflow/dags/system_health.py
[2026-04-29T01:15:11.239+0000] {logging_mixin.py:188} INFO - [2026-04-29T01:15:11.239+0000] {dag.py:3096} INFO - Sync 1 DAGs
[2026-04-29T01:15:11.271+0000] {logging_mixin.py:188} INFO - [2026-04-29T01:15:11.271+0000] {dag.py:3954} INFO - Setting next_dagrun for system_health to 2026-04-29 00:00:00+00:00, run_after=2026-04-29 01:00:00+00:00
[2026-04-29T01:15:11.290+0000] {processor.py:183} INFO - Processing /opt/airflow/dags/system_health.py took 0.106 seconds
[2026-04-29T01:15:41.489+0000] {processor.py:161} INFO - Started process (PID=2096) to work on /opt/airflow/dags/system_health.py
[2026-04-29T01:15:41.502+0000] {processor.py:830} INFO - Processing file /opt/airflow/dags/system_health.py for tasks to queue
[2026-04-29T01:15:41.507+0000] {logging_mixin.py:188} INFO - [2026-04-29T01:15:41.506+0000] {dagbag.py:540} INFO - Filling up the DagBag from /opt/airflow/dags/system_health.py
[2026-04-29T01:15:41.545+0000] {processor.py:840} INFO - DAG(s) 'system_health' retrieved from /opt/airflow/dags/system_health.py
[2026-04-29T01:15:41.622+0000] {logging_mixin.py:188} INFO - [2026-04-29T01:15:41.622+0000] {dag.py:3096} INFO - Sync 1 DAGs
[2026-04-29T01:15:41.664+0000] {logging_mixin.py:188} INFO - [2026-04-29T01:15:41.664+0000] {dag.py:3954} INFO - Setting next_dagrun for system_health to 2026-04-29 00:00:00+00:00, run_after=2026-04-29 01:00:00+00:00
[2026-04-29T01:15:41.709+0000] {processor.py:183} INFO - Processing /opt/airflow/dags/system_health.py took 0.235 seconds
[2026-04-29T01:16:11.938+0000] {processor.py:161} INFO - Started process (PID=2156) to work on /opt/airflow/dags/system_health.py
[2026-04-29T01:16:11.947+0000] {processor.py:830} INFO - Processing file /opt/airflow/dags/system_health.py for tasks to queue
[2026-04-29T01:16:11.959+0000] {logging_mixin.py:188} INFO - [2026-04-29T01:16:11.958+0000] {dagbag.py:540} INFO - Filling up the DagBag from /opt/airflow/dags/system_health.py
[2026-04-29T01:16:12.030+0000] {processor.py:840} INFO - DAG(s) 'system_health' retrieved from /opt/airflow/dags/system_health.py
[2026-04-29T01:16:12.132+0000] {logging_mixin.py:188} INFO - [2026-04-29T01:16:12.132+0000] {dag.py:3096} INFO - Sync 1 DAGs
[2026-04-29T01:16:12.242+0000] {logging_mixin.py:188} INFO - [2026-04-29T01:16:12.241+0000] {dag.py:3954} INFO - Setting next_dagrun for system_health to 2026-04-29 00:00:00+00:00, run_after=2026-04-29 01:00:00+00:00
[2026-04-29T01:16:12.317+0000] {processor.py:183} INFO - Processing /opt/airflow/dags/system_health.py took 0.419 seconds
[2026-04-29T01:16:43.102+0000] {processor.py:161} INFO - Started process (PID=2215) to work on /opt/airflow/dags/system_health.py
[2026-04-29T01:16:43.104+0000] {processor.py:830} INFO - Processing file /opt/airflow/dags/system_health.py for tasks to queue
[2026-04-29T01:16:43.106+0000] {logging_mixin.py:188} INFO - [2026-04-29T01:16:43.106+0000] {dagbag.py:540} INFO - Filling up the DagBag from /opt/airflow/dags/system_health.py
[2026-04-29T01:16:43.117+0000] {processor.py:840} INFO - DAG(s) 'system_health' retrieved from /opt/airflow/dags/system_health.py
[2026-04-29T01:16:43.142+0000] {logging_mixin.py:188} INFO - [2026-04-29T01:16:43.142+0000] {dag.py:3096} INFO - Sync 1 DAGs
[2026-04-29T01:16:43.177+0000] {logging_mixin.py:188} INFO - [2026-04-29T01:16:43.177+0000] {dag.py:3954} INFO - Setting next_dagrun for system_health to 2026-04-29 00:00:00+00:00, run_after=2026-04-29 01:00:00+00:00
[2026-04-29T01:16:43.198+0000] {processor.py:183} INFO - Processing /opt/airflow/dags/system_health.py took 0.106 seconds
[2026-04-29T01:17:13.905+0000] {processor.py:161} INFO - Started process (PID=2275) to work on /opt/airflow/dags/system_health.py
[2026-04-29T01:17:13.906+0000] {processor.py:830} INFO - Processing file /opt/airflow/dags/system_health.py for tasks to queue
[2026-04-29T01:17:13.908+0000] {logging_mixin.py:188} INFO - [2026-04-29T01:17:13.907+0000] {dagbag.py:540} INFO - Filling up the DagBag from /opt/airflow/dags/system_health.py
[2026-04-29T01:17:13.920+0000] {processor.py:840} INFO - DAG(s) 'system_health' retrieved from /opt/airflow/dags/system_health.py
[2026-04-29T01:17:13.945+0000] {logging_mixin.py:188} INFO - [2026-04-29T01:17:13.944+0000] {dag.py:3096} INFO - Sync 1 DAGs
[2026-04-29T01:17:13.998+0000] {logging_mixin.py:188} INFO - [2026-04-29T01:17:13.997+0000] {dag.py:3954} INFO - Setting next_dagrun for system_health to 2026-04-29 00:00:00+00:00, run_after=2026-04-29 01:00:00+00:00
[2026-04-29T01:17:14.059+0000] {processor.py:183} INFO - Processing /opt/airflow/dags/system_health.py took 0.161 seconds
[2026-04-29T01:17:44.213+0000] {processor.py:161} INFO - Started process (PID=2335) to work on /opt/airflow/dags/system_health.py
[2026-04-29T01:17:44.214+0000] {processor.py:830} INFO - Processing file /opt/airflow/dags/system_health.py for tasks to queue
[2026-04-29T01:17:44.216+0000] {logging_mixin.py:188} INFO - [2026-04-29T01:17:44.216+0000] {dagbag.py:540} INFO - Filling up the DagBag from /opt/airflow/dags/system_health.py
[2026-04-29T01:17:44.227+0000] {processor.py:840} INFO - DAG(s) 'system_health' retrieved from /opt/airflow/dags/system_health.py
[2026-04-29T01:17:44.251+0000] {logging_mixin.py:188} INFO - [2026-04-29T01:17:44.250+0000] {dag.py:3096} INFO - Sync 1 DAGs
[2026-04-29T01:17:44.283+0000] {logging_mixin.py:188} INFO - [2026-04-29T01:17:44.282+0000] {dag.py:3954} INFO - Setting next_dagrun for system_health to 2026-04-29 00:00:00+00:00, run_after=2026-04-29 01:00:00+00:00
[2026-04-29T01:17:44.308+0000] {processor.py:183} INFO - Processing /opt/airflow/dags/system_health.py took 0.103 seconds
[2026-04-29T01:18:15.118+0000] {processor.py:161} INFO - Started process (PID=2395) to work on /opt/airflow/dags/system_health.py
[2026-04-29T01:18:15.119+0000] {processor.py:830} INFO - Processing file /opt/airflow/dags/system_health.py for tasks to queue
[2026-04-29T01:18:15.121+0000] {logging_mixin.py:188} INFO - [2026-04-29T01:18:15.121+0000] {dagbag.py:540} INFO - Filling up the DagBag from /opt/airflow/dags/system_health.py
[2026-04-29T01:18:15.131+0000] {processor.py:840} INFO - DAG(s) 'system_health' retrieved from /opt/airflow/dags/system_health.py
[2026-04-29T01:18:15.180+0000] {logging_mixin.py:188} INFO - [2026-04-29T01:18:15.179+0000] {dag.py:3096} INFO - Sync 1 DAGs
[2026-04-29T01:18:15.230+0000] {logging_mixin.py:188} INFO - [2026-04-29T01:18:15.230+0000] {dag.py:3954} INFO - Setting next_dagrun for system_health to 2026-04-29 00:00:00+00:00, run_after=2026-04-29 01:00:00+00:00
[2026-04-29T01:18:15.292+0000] {processor.py:183} INFO - Processing /opt/airflow/dags/system_health.py took 0.181 seconds
[2026-04-29T01:18:45.516+0000] {processor.py:161} INFO - Started process (PID=2454) to work on /opt/airflow/dags/system_health.py
[2026-04-29T01:18:45.517+0000] {processor.py:830} INFO - Processing file /opt/airflow/dags/system_health.py for tasks to queue
[2026-04-29T01:18:45.519+0000] {logging_mixin.py:188} INFO - [2026-04-29T01:18:45.519+0000] {dagbag.py:540} INFO - Filling up the DagBag from /opt/airflow/dags/system_health.py
[2026-04-29T01:18:45.532+0000] {processor.py:840} INFO - DAG(s) 'system_health' retrieved from /opt/airflow/dags/system_health.py
[2026-04-29T01:18:45.558+0000] {logging_mixin.py:188} INFO - [2026-04-29T01:18:45.556+0000] {dag.py:3096} INFO - Sync 1 DAGs
[2026-04-29T01:18:45.594+0000] {logging_mixin.py:188} INFO - [2026-04-29T01:18:45.594+0000] {dag.py:3954} INFO - Setting next_dagrun for system_health to 2026-04-29 00:00:00+00:00, run_after=2026-04-29 01:00:00+00:00
[2026-04-29T01:18:45.615+0000] {processor.py:183} INFO - Processing /opt/airflow/dags/system_health.py took 0.106 seconds
[2026-04-29T01:19:16.176+0000] {processor.py:161} INFO - Started process (PID=2514) to work on /opt/airflow/dags/system_health.py
[2026-04-29T01:19:16.178+0000] {processor.py:830} INFO - Processing file /opt/airflow/dags/system_health.py for tasks to queue
[2026-04-29T01:19:16.181+0000] {logging_mixin.py:188} INFO - [2026-04-29T01:19:16.180+0000] {dagbag.py:540} INFO - Filling up the DagBag from /opt/airflow/dags/system_health.py
[2026-04-29T01:19:16.198+0000] {processor.py:840} INFO - DAG(s) 'system_health' retrieved from /opt/airflow/dags/system_health.py
[2026-04-29T01:19:16.260+0000] {logging_mixin.py:188} INFO - [2026-04-29T01:19:16.258+0000] {dag.py:3096} INFO - Sync 1 DAGs
[2026-04-29T01:19:16.316+0000] {logging_mixin.py:188} INFO - [2026-04-29T01:19:16.315+0000] {dag.py:3954} INFO - Setting next_dagrun for system_health to 2026-04-29 00:00:00+00:00, run_after=2026-04-29 01:00:00+00:00
[2026-04-29T01:19:16.369+0000] {processor.py:183} INFO - Processing /opt/airflow/dags/system_health.py took 0.212 seconds
[2026-04-29T01:19:46.508+0000] {processor.py:161} INFO - Started process (PID=2574) to work on /opt/airflow/dags/system_health.py
[2026-04-29T01:19:46.509+0000] {processor.py:830} INFO - Processing file /opt/airflow/dags/system_health.py for tasks to queue
[2026-04-29T01:19:46.511+0000] {logging_mixin.py:188} INFO - [2026-04-29T01:19:46.511+0000] {dagbag.py:540} INFO - Filling up the DagBag from /opt/airflow/dags/system_health.py
[2026-04-29T01:19:46.522+0000] {processor.py:840} INFO - DAG(s) 'system_health' retrieved from /opt/airflow/dags/system_health.py
[2026-04-29T01:19:46.544+0000] {logging_mixin.py:188} INFO - [2026-04-29T01:19:46.544+0000] {dag.py:3096} INFO - Sync 1 DAGs
[2026-04-29T01:19:46.575+0000] {logging_mixin.py:188} INFO - [2026-04-29T01:19:46.575+0000] {dag.py:3954} INFO - Setting next_dagrun for system_health to 2026-04-29 00:00:00+00:00, run_after=2026-04-29 01:00:00+00:00
[2026-04-29T01:19:46.600+0000] {processor.py:183} INFO - Processing /opt/airflow/dags/system_health.py took 0.099 seconds
[2026-04-29T01:20:16.796+0000] {processor.py:161} INFO - Started process (PID=2634) to work on /opt/airflow/dags/system_health.py
[2026-04-29T01:20:16.797+0000] {processor.py:830} INFO - Processing file /opt/airflow/dags/system_health.py for tasks to queue
[2026-04-29T01:20:16.800+0000] {logging_mixin.py:188} INFO - [2026-04-29T01:20:16.799+0000] {dagbag.py:540} INFO - Filling up the DagBag from /opt/airflow/dags/system_health.py
[2026-04-29T01:20:16.810+0000] {processor.py:840} INFO - DAG(s) 'system_health' retrieved from /opt/airflow/dags/system_health.py
[2026-04-29T01:20:16.834+0000] {logging_mixin.py:188} INFO - [2026-04-29T01:20:16.834+0000] {dag.py:3096} INFO - Sync 1 DAGs
[2026-04-29T01:20:16.870+0000] {logging_mixin.py:188} INFO - [2026-04-29T01:20:16.869+0000] {dag.py:3954} INFO - Setting next_dagrun for system_health to 2026-04-29 00:00:00+00:00, run_after=2026-04-29 01:00:00+00:00
[2026-04-29T01:20:16.923+0000] {processor.py:183} INFO - Processing /opt/airflow/dags/system_health.py took 0.137 seconds
[2026-04-29T01:20:47.137+0000] {processor.py:161} INFO - Started process (PID=2694) to work on /opt/airflow/dags/system_health.py
[2026-04-29T01:20:47.139+0000] {processor.py:830} INFO - Processing file /opt/airflow/dags/system_health.py for tasks to queue
[2026-04-29T01:20:47.144+0000] {logging_mixin.py:188} INFO - [2026-04-29T01:20:47.144+0000] {dagbag.py:540} INFO - Filling up the DagBag from /opt/airflow/dags/system_health.py
[2026-04-29T01:20:47.162+0000] {processor.py:840} INFO - DAG(s) 'system_health' retrieved from /opt/airflow/dags/system_health.py
[2026-04-29T01:20:47.220+0000] {logging_mixin.py:188} INFO - [2026-04-29T01:20:47.219+0000] {dag.py:3096} INFO - Sync 1 DAGs
[2026-04-29T01:20:47.284+0000] {logging_mixin.py:188} INFO - [2026-04-29T01:20:47.281+0000] {dag.py:3954} INFO - Setting next_dagrun for system_health to 2026-04-29 00:00:00+00:00, run_after=2026-04-29 01:00:00+00:00
[2026-04-29T01:20:47.335+0000] {processor.py:183} INFO - Processing /opt/airflow/dags/system_health.py took 0.212 seconds
[2026-04-29T01:21:17.641+0000] {processor.py:161} INFO - Started process (PID=2754) to work on /opt/airflow/dags/system_health.py
[2026-04-29T01:21:17.649+0000] {processor.py:830} INFO - Processing file /opt/airflow/dags/system_health.py for tasks to queue
[2026-04-29T01:21:17.659+0000] {logging_mixin.py:188} INFO - [2026-04-29T01:21:17.656+0000] {dagbag.py:540} INFO - Filling up the DagBag from /opt/airflow/dags/system_health.py
[2026-04-29T01:21:17.695+0000] {processor.py:840} INFO - DAG(s) 'system_health' retrieved from /opt/airflow/dags/system_health.py
[2026-04-29T01:21:17.731+0000] {logging_mixin.py:188} INFO - [2026-04-29T01:21:17.731+0000] {dag.py:3096} INFO - Sync 1 DAGs
[2026-04-29T01:21:17.759+0000] {logging_mixin.py:188} INFO - [2026-04-29T01:21:17.759+0000] {dag.py:3954} INFO - Setting next_dagrun for system_health to 2026-04-29 00:00:00+00:00, run_after=2026-04-29 01:00:00+00:00
[2026-04-29T01:21:17.780+0000] {processor.py:183} INFO - Processing /opt/airflow/dags/system_health.py took 0.151 seconds
[2026-04-29T01:21:47.911+0000] {processor.py:161} INFO - Started process (PID=2814) to work on /opt/airflow/dags/system_health.py
[2026-04-29T01:21:47.912+0000] {processor.py:830} INFO - Processing file /opt/airflow/dags/system_health.py for tasks to queue
[2026-04-29T01:21:47.917+0000] {logging_mixin.py:188} INFO - [2026-04-29T01:21:47.916+0000] {dagbag.py:540} INFO - Filling up the DagBag from /opt/airflow/dags/system_health.py
[2026-04-29T01:21:47.929+0000] {processor.py:840} INFO - DAG(s) 'system_health' retrieved from /opt/airflow/dags/system_health.py
[2026-04-29T01:21:47.953+0000] {logging_mixin.py:188} INFO - [2026-04-29T01:21:47.953+0000] {dag.py:3096} INFO - Sync 1 DAGs
[2026-04-29T01:21:47.982+0000] {logging_mixin.py:188} INFO - [2026-04-29T01:21:47.981+0000] {dag.py:3954} INFO - Setting next_dagrun for system_health to 2026-04-29 00:00:00+00:00, run_after=2026-04-29 01:00:00+00:00
[2026-04-29T01:21:48.001+0000] {processor.py:183} INFO - Processing /opt/airflow/dags/system_health.py took 0.096 seconds
[2026-04-29T01:22:18.181+0000] {processor.py:161} INFO - Started process (PID=2873) to work on /opt/airflow/dags/system_health.py
[2026-04-29T01:22:18.183+0000] {processor.py:830} INFO - Processing file /opt/airflow/dags/system_health.py for tasks to queue
[2026-04-29T01:22:18.185+0000] {logging_mixin.py:188} INFO - [2026-04-29T01:22:18.185+0000] {dagbag.py:540} INFO - Filling up the DagBag from /opt/airflow/dags/system_health.py
[2026-04-29T01:22:18.196+0000] {processor.py:840} INFO - DAG(s) 'system_health' retrieved from /opt/airflow/dags/system_health.py
[2026-04-29T01:22:18.218+0000] {logging_mixin.py:188} INFO - [2026-04-29T01:22:18.217+0000] {dag.py:3096} INFO - Sync 1 DAGs
[2026-04-29T01:22:18.291+0000] {logging_mixin.py:188} INFO - [2026-04-29T01:22:18.290+0000] {dag.py:3954} INFO - Setting next_dagrun for system_health to 2026-04-29 00:00:00+00:00, run_after=2026-04-29 01:00:00+00:00
[2026-04-29T01:22:18.311+0000] {processor.py:183} INFO - Processing /opt/airflow/dags/system_health.py took 0.137 seconds
[2026-04-29T01:22:49.008+0000] {processor.py:161} INFO - Started process (PID=2933) to work on /opt/airflow/dags/system_health.py
[2026-04-29T01:22:49.009+0000] {processor.py:830} INFO - Processing file /opt/airflow/dags/system_health.py for tasks to queue
[2026-04-29T01:22:49.011+0000] {logging_mixin.py:188} INFO - [2026-04-29T01:22:49.011+0000] {dagbag.py:540} INFO - Filling up the DagBag from /opt/airflow/dags/system_health.py
[2026-04-29T01:22:49.023+0000] {processor.py:840} INFO - DAG(s) 'system_health' retrieved from /opt/airflow/dags/system_health.py
[2026-04-29T01:22:49.047+0000] {logging_mixin.py:188} INFO - [2026-04-29T01:22:49.047+0000] {dag.py:3096} INFO - Sync 1 DAGs
[2026-04-29T01:22:49.076+0000] {logging_mixin.py:188} INFO - [2026-04-29T01:22:49.076+0000] {dag.py:3954} INFO - Setting next_dagrun for system_health to 2026-04-29 00:00:00+00:00, run_after=2026-04-29 01:00:00+00:00
[2026-04-29T01:22:49.094+0000] {processor.py:183} INFO - Processing /opt/airflow/dags/system_health.py took 0.093 seconds
[2026-04-29T01:23:19.361+0000] {processor.py:161} INFO - Started process (PID=2985) to work on /opt/airflow/dags/system_health.py
[2026-04-29T01:23:19.361+0000] {processor.py:830} INFO - Processing file /opt/airflow/dags/system_health.py for tasks to queue
[2026-04-29T01:23:19.365+0000] {logging_mixin.py:188} INFO - [2026-04-29T01:23:19.363+0000] {dagbag.py:540} INFO - Filling up the DagBag from /opt/airflow/dags/system_health.py
[2026-04-29T01:23:19.377+0000] {processor.py:840} INFO - DAG(s) 'system_health' retrieved from /opt/airflow/dags/system_health.py
[2026-04-29T01:23:19.399+0000] {logging_mixin.py:188} INFO - [2026-04-29T01:23:19.399+0000] {dag.py:3096} INFO - Sync 1 DAGs
[2026-04-29T01:23:19.456+0000] {logging_mixin.py:188} INFO - [2026-04-29T01:23:19.456+0000] {dag.py:3954} INFO - Setting next_dagrun for system_health to 2026-04-29 00:00:00+00:00, run_after=2026-04-29 01:00:00+00:00
[2026-04-29T01:23:19.498+0000] {processor.py:183} INFO - Processing /opt/airflow/dags/system_health.py took 0.144 seconds
[2026-04-29T01:23:49.862+0000] {processor.py:161} INFO - Started process (PID=3045) to work on /opt/airflow/dags/system_health.py
[2026-04-29T01:23:49.865+0000] {processor.py:830} INFO - Processing file /opt/airflow/dags/system_health.py for tasks to queue
[2026-04-29T01:23:49.873+0000] {logging_mixin.py:188} INFO - [2026-04-29T01:23:49.873+0000] {dagbag.py:540} INFO - Filling up the DagBag from /opt/airflow/dags/system_health.py
[2026-04-29T01:23:49.885+0000] {processor.py:840} INFO - DAG(s) 'system_health' retrieved from /opt/airflow/dags/system_health.py
[2026-04-29T01:23:49.920+0000] {logging_mixin.py:188} INFO - [2026-04-29T01:23:49.919+0000] {dag.py:3096} INFO - Sync 1 DAGs
[2026-04-29T01:23:49.974+0000] {logging_mixin.py:188} INFO - [2026-04-29T01:23:49.974+0000] {dag.py:3954} INFO - Setting next_dagrun for system_health to 2026-04-29 00:00:00+00:00, run_after=2026-04-29 01:00:00+00:00
[2026-04-29T01:23:50.011+0000] {processor.py:183} INFO - Processing /opt/airflow/dags/system_health.py took 0.162 seconds
[2026-04-29T01:24:20.353+0000] {processor.py:161} INFO - Started process (PID=3105) to work on /opt/airflow/dags/system_health.py
[2026-04-29T01:24:20.363+0000] {processor.py:830} INFO - Processing file /opt/airflow/dags/system_health.py for tasks to queue
[2026-04-29T01:24:20.376+0000] {logging_mixin.py:188} INFO - [2026-04-29T01:24:20.376+0000] {dagbag.py:540} INFO - Filling up the DagBag from /opt/airflow/dags/system_health.py
[2026-04-29T01:24:20.400+0000] {processor.py:840} INFO - DAG(s) 'system_health' retrieved from /opt/airflow/dags/system_health.py
[2026-04-29T01:24:20.452+0000] {logging_mixin.py:188} INFO - [2026-04-29T01:24:20.452+0000] {dag.py:3096} INFO - Sync 1 DAGs
[2026-04-29T01:24:20.509+0000] {logging_mixin.py:188} INFO - [2026-04-29T01:24:20.509+0000] {dag.py:3954} INFO - Setting next_dagrun for system_health to 2026-04-29 00:00:00+00:00, run_after=2026-04-29 01:00:00+00:00
[2026-04-29T01:24:20.543+0000] {processor.py:183} INFO - Processing /opt/airflow/dags/system_health.py took 0.235 seconds
[2026-04-29T01:24:51.652+0000] {processor.py:161} INFO - Started process (PID=3165) to work on /opt/airflow/dags/system_health.py
[2026-04-29T01:24:51.667+0000] {processor.py:830} INFO - Processing file /opt/airflow/dags/system_health.py for tasks to queue
[2026-04-29T01:24:51.680+0000] {logging_mixin.py:188} INFO - [2026-04-29T01:24:51.680+0000] {dagbag.py:540} INFO - Filling up the DagBag from /opt/airflow/dags/system_health.py
[2026-04-29T01:24:51.744+0000] {processor.py:840} INFO - DAG(s) 'system_health' retrieved from /opt/airflow/dags/system_health.py
[2026-04-29T01:24:51.840+0000] {logging_mixin.py:188} INFO - [2026-04-29T01:24:51.840+0000] {dag.py:3096} INFO - Sync 1 DAGs
[2026-04-29T01:24:51.907+0000] {logging_mixin.py:188} INFO - [2026-04-29T01:24:51.903+0000] {dag.py:3954} INFO - Setting next_dagrun for system_health to 2026-04-29 00:00:00+00:00, run_after=2026-04-29 01:00:00+00:00
[2026-04-29T01:24:51.983+0000] {processor.py:183} INFO - Processing /opt/airflow/dags/system_health.py took 0.367 seconds
[2026-04-29T01:25:22.268+0000] {processor.py:161} INFO - Started process (PID=3224) to work on /opt/airflow/dags/system_health.py
[2026-04-29T01:25:22.271+0000] {processor.py:830} INFO - Processing file /opt/airflow/dags/system_health.py for tasks to queue
[2026-04-29T01:25:22.273+0000] {logging_mixin.py:188} INFO - [2026-04-29T01:25:22.273+0000] {dagbag.py:540} INFO - Filling up the DagBag from /opt/airflow/dags/system_health.py
[2026-04-29T01:25:22.291+0000] {processor.py:840} INFO - DAG(s) 'system_health' retrieved from /opt/airflow/dags/system_health.py
[2026-04-29T01:25:22.346+0000] {logging_mixin.py:188} INFO - [2026-04-29T01:25:22.346+0000] {dag.py:3096} INFO - Sync 1 DAGs
[2026-04-29T01:25:22.427+0000] {logging_mixin.py:188} INFO - [2026-04-29T01:25:22.426+0000] {dag.py:3954} INFO - Setting next_dagrun for system_health to 2026-04-29 00:00:00+00:00, run_after=2026-04-29 01:00:00+00:00
[2026-04-29T01:25:22.484+0000] {processor.py:183} INFO - Processing /opt/airflow/dags/system_health.py took 0.233 seconds
[2026-04-29T01:25:52.927+0000] {processor.py:161} INFO - Started process (PID=3284) to work on /opt/airflow/dags/system_health.py
[2026-04-29T01:25:52.930+0000] {processor.py:830} INFO - Processing file /opt/airflow/dags/system_health.py for tasks to queue
[2026-04-29T01:25:52.937+0000] {logging_mixin.py:188} INFO - [2026-04-29T01:25:52.936+0000] {dagbag.py:540} INFO - Filling up the DagBag from /opt/airflow/dags/system_health.py
[2026-04-29T01:25:52.970+0000] {processor.py:840} INFO - DAG(s) 'system_health' retrieved from /opt/airflow/dags/system_health.py
[2026-04-29T01:25:53.000+0000] {logging_mixin.py:188} INFO - [2026-04-29T01:25:53.000+0000] {dag.py:3096} INFO - Sync 1 DAGs
[2026-04-29T01:25:53.065+0000] {logging_mixin.py:188} INFO - [2026-04-29T01:25:53.061+0000] {dag.py:3954} INFO - Setting next_dagrun for system_health to 2026-04-29 00:00:00+00:00, run_after=2026-04-29 01:00:00+00:00
[2026-04-29T01:25:53.119+0000] {processor.py:183} INFO - Processing /opt/airflow/dags/system_health.py took 0.209 seconds
[2026-04-29T01:26:23.186+0000] {processor.py:161} INFO - Started process (PID=3343) to work on /opt/airflow/dags/system_health.py
[2026-04-29T01:26:23.187+0000] {processor.py:830} INFO - Processing file /opt/airflow/dags/system_health.py for tasks to queue
[2026-04-29T01:26:23.189+0000] {logging_mixin.py:188} INFO - [2026-04-29T01:26:23.189+0000] {dagbag.py:540} INFO - Filling up the DagBag from /opt/airflow/dags/system_health.py
[2026-04-29T01:26:23.199+0000] {processor.py:840} INFO - DAG(s) 'system_health' retrieved from /opt/airflow/dags/system_health.py
[2026-04-29T01:26:23.222+0000] {logging_mixin.py:188} INFO - [2026-04-29T01:26:23.221+0000] {dag.py:3096} INFO - Sync 1 DAGs
[2026-04-29T01:26:23.259+0000] {logging_mixin.py:188} INFO - [2026-04-29T01:26:23.259+0000] {dag.py:3954} INFO - Setting next_dagrun for system_health to 2026-04-29 00:00:00+00:00, run_after=2026-04-29 01:00:00+00:00
[2026-04-29T01:26:23.280+0000] {processor.py:183} INFO - Processing /opt/airflow/dags/system_health.py took 0.101 seconds
[2026-04-29T01:26:53.465+0000] {processor.py:161} INFO - Started process (PID=3401) to work on /opt/airflow/dags/system_health.py
[2026-04-29T01:26:53.465+0000] {processor.py:830} INFO - Processing file /opt/airflow/dags/system_health.py for tasks to queue
[2026-04-29T01:26:53.467+0000] {logging_mixin.py:188} INFO - [2026-04-29T01:26:53.467+0000] {dagbag.py:540} INFO - Filling up the DagBag from /opt/airflow/dags/system_health.py
[2026-04-29T01:26:53.479+0000] {processor.py:840} INFO - DAG(s) 'system_health' retrieved from /opt/airflow/dags/system_health.py
[2026-04-29T01:26:53.502+0000] {logging_mixin.py:188} INFO - [2026-04-29T01:26:53.501+0000] {dag.py:3096} INFO - Sync 1 DAGs
[2026-04-29T01:26:53.552+0000] {logging_mixin.py:188} INFO - [2026-04-29T01:26:53.551+0000] {dag.py:3954} INFO - Setting next_dagrun for system_health to 2026-04-29 00:00:00+00:00, run_after=2026-04-29 01:00:00+00:00
[2026-04-29T01:26:53.591+0000] {processor.py:183} INFO - Processing /opt/airflow/dags/system_health.py took 0.134 seconds
