[2026-04-28T22:21:21.274+0000] {local_task_job_runner.py:120} INFO - ::group::Pre task execution logs
[2026-04-28T22:21:21.316+0000] {taskinstance.py:2073} INFO - Dependencies all met for dep_context=non-requeueable deps ti=<TaskInstance: batch_spark_csv_pipeline.run_spark_job manual__2026-04-28T22:21:14.456743+00:00 [queued]>
[2026-04-28T22:21:21.324+0000] {taskinstance.py:2073} INFO - Dependencies all met for dep_context=requeueable deps ti=<TaskInstance: batch_spark_csv_pipeline.run_spark_job manual__2026-04-28T22:21:14.456743+00:00 [queued]>
[2026-04-28T22:21:21.324+0000] {taskinstance.py:2303} INFO - Starting attempt 1 of 1
[2026-04-28T22:21:21.343+0000] {taskinstance.py:2327} INFO - Executing <Task(BashOperator): run_spark_job> on 2026-04-28 22:21:14.456743+00:00
[2026-04-28T22:21:21.358+0000] {warnings.py:110} WARNING - /home/***/.local/lib/python3.12/site-packages/***/task/task_runner/standard_task_runner.py:61: DeprecationWarning: This process (pid=77) is multi-threaded, use of fork() may lead to deadlocks in the child.
  pid = os.fork()

[2026-04-28T22:21:21.360+0000] {standard_task_runner.py:63} INFO - Started process 79 to run task
[2026-04-28T22:21:21.362+0000] {standard_task_runner.py:90} INFO - Running: ['***', 'tasks', 'run', 'batch_spark_csv_pipeline', 'run_spark_job', 'manual__2026-04-28T22:21:14.456743+00:00', '--job-id', '3', '--raw', '--subdir', 'DAGS_FOLDER/batch_csv_pipeline.py', '--cfg-path', '/tmp/tmpulbm2_0a']
[2026-04-28T22:21:21.365+0000] {standard_task_runner.py:91} INFO - Job 3: Subtask run_spark_job
[2026-04-28T22:21:21.419+0000] {task_command.py:426} INFO - Running <TaskInstance: batch_spark_csv_pipeline.run_spark_job manual__2026-04-28T22:21:14.456743+00:00 [running]> on host d3f42c9f6cec
[2026-04-28T22:21:21.495+0000] {taskinstance.py:2644} INFO - Exporting env vars: AIRFLOW_CTX_DAG_OWNER='***' AIRFLOW_CTX_DAG_ID='batch_spark_csv_pipeline' AIRFLOW_CTX_TASK_ID='run_spark_job' AIRFLOW_CTX_EXECUTION_DATE='2026-04-28T22:21:14.456743+00:00' AIRFLOW_CTX_TRY_NUMBER='1' AIRFLOW_CTX_DAG_RUN_ID='manual__2026-04-28T22:21:14.456743+00:00'
[2026-04-28T22:21:21.497+0000] {taskinstance.py:430} INFO - ::endgroup::
[2026-04-28T22:21:21.513+0000] {subprocess.py:63} INFO - Tmp dir root location: /tmp
[2026-04-28T22:21:21.514+0000] {subprocess.py:75} INFO - Running command: ['/usr/bin/bash', '-c', '\n        echo "🚀 Running Spark with input param" &&\n        python /opt/***/project/spark_dynamic_pipeline.py /opt/***/project/data/input_file &&\n        echo "✅ Spark Job Completed"\n        ']
[2026-04-28T22:21:21.540+0000] {subprocess.py:86} INFO - Output:
[2026-04-28T22:21:21.561+0000] {subprocess.py:93} INFO - 🚀 Running Spark with input param
[2026-04-28T22:21:23.636+0000] {subprocess.py:93} INFO - WARNING: Using incubator modules: jdk.incubator.vector
[2026-04-28T22:21:29.611+0000] {subprocess.py:93} INFO - Using Spark's default log4j profile: org/apache/spark/log4j2-defaults.properties
[2026-04-28T22:21:29.614+0000] {subprocess.py:93} INFO - Setting default log level to "WARN".
[2026-04-28T22:21:29.614+0000] {subprocess.py:93} INFO - To adjust logging level use sc.setLogLevel(newLevel). For SparkR, use setLogLevel(newLevel).
[2026-04-28T22:21:31.515+0000] {subprocess.py:93} INFO - 26/04/28 22:21:31 WARN NativeCodeLoader: Unable to load native-hadoop library for your platform... using builtin-java classes where applicable
[2026-04-28T22:22:17.222+0000] {subprocess.py:93} INFO - [Stage 0:>                                                          (0 + 0) / 1][Stage 0:>                                                          (0 + 1) / 1]                                                                                [Stage 1:>                                                          (0 + 1) / 1]                                                                                [Stage 3:>                                                          (0 + 1) / 1]                                                                                [Stage 9:>                                                          (0 + 1) / 1]                                                                                📥 Reading from: /opt/***/project/data/input_file
[2026-04-28T22:22:17.223+0000] {subprocess.py:93} INFO - 📊 Columns after normalization:
[2026-04-28T22:22:17.223+0000] {subprocess.py:93} INFO - ['account_no', 'transaction_date', 'transaction_details', 'chqno', 'value_date', 'withdrawal_amt', 'deposit_amt', 'balance_amt', 'source_file']
[2026-04-28T22:22:17.223+0000] {subprocess.py:93} INFO - +-------------+----------------+--------------------------------+-----+----------+--------------+-----------+--------------+----------------+
[2026-04-28T22:22:17.223+0000] {subprocess.py:93} INFO - |account_no   |transaction_date|transaction_details             |chqno|value_date|withdrawal_amt|deposit_amt|balance_amt   |source_file     |
[2026-04-28T22:22:17.224+0000] {subprocess.py:93} INFO - +-------------+----------------+--------------------------------+-----+----------+--------------+-----------+--------------+----------------+
[2026-04-28T22:22:17.224+0000] {subprocess.py:93} INFO - |409000611074'|16-Aug-17       |INDO GIBL Indiaforensic STL01071|NULL |16-Aug-17 | 133,900.00   |NULL       | 8,366,100.00 |transactions.csv|
[2026-04-28T22:22:17.224+0000] {subprocess.py:93} INFO - |409000611074'|16-Aug-17       |INDO GIBL Indiaforensic STL02071|NULL |16-Aug-17 | 18,000.00    |NULL       | 8,348,100.00 |transactions.csv|
[2026-04-28T22:22:17.224+0000] {subprocess.py:93} INFO - |409000611074'|16-Aug-17       |INDO GIBL Indiaforensic STL03071|NULL |16-Aug-17 | 5,000.00     |NULL       | 8,343,100.00 |transactions.csv|
[2026-04-28T22:22:17.225+0000] {subprocess.py:93} INFO - |409000611074'|16-Aug-17       |INDO GIBL Indiaforensic STL04071|NULL |16-Aug-17 | 195,800.00   |NULL       | 8,147,300.00 |transactions.csv|
[2026-04-28T22:22:17.225+0000] {subprocess.py:93} INFO - |409000611074'|16-Aug-17       |INDO GIBL Indiaforensic STL05071|NULL |16-Aug-17 | 81,600.00    |NULL       | 8,065,700.00 |transactions.csv|
[2026-04-28T22:22:17.225+0000] {subprocess.py:93} INFO - +-------------+----------------+--------------------------------+-----+----------+--------------+-----------+--------------+----------------+
[2026-04-28T22:22:17.225+0000] {subprocess.py:93} INFO - only showing top 5 rows
[2026-04-28T22:22:17.225+0000] {subprocess.py:93} INFO - 🧼 Cleaning data...
[2026-04-28T22:22:17.225+0000] {subprocess.py:93} INFO - 🚨 Identifying bad records...
[2026-04-28T22:22:17.226+0000] {subprocess.py:93} INFO - ✅ Good records: 10
[2026-04-28T22:22:17.226+0000] {subprocess.py:93} INFO - ❌ Bad records: 0
[2026-04-28T22:22:17.226+0000] {subprocess.py:93} INFO - 💾 Writing bad data...
[2026-04-28T22:22:17.226+0000] {subprocess.py:93} INFO - ℹ️ No bad records to write
[2026-04-28T22:22:17.226+0000] {subprocess.py:93} INFO - 🧠 Handling schema evolution...
[2026-04-28T22:22:17.226+0000] {subprocess.py:93} INFO - 🛢️ Writing to PostgreSQL...
[2026-04-28T22:22:17.227+0000] {subprocess.py:93} INFO - ❌ Postgres write failed: An error occurred while calling o301.save.
[2026-04-28T22:22:17.227+0000] {subprocess.py:93} INFO - : java.lang.ClassNotFoundException: org.postgresql.Driver
[2026-04-28T22:22:17.227+0000] {subprocess.py:93} INFO - 	at java.base/java.net.URLClassLoader.findClass(URLClassLoader.java:445)
[2026-04-28T22:22:17.227+0000] {subprocess.py:93} INFO - 	at java.base/java.lang.ClassLoader.loadClass(ClassLoader.java:592)
[2026-04-28T22:22:17.227+0000] {subprocess.py:93} INFO - 	at java.base/java.lang.ClassLoader.loadClass(ClassLoader.java:525)
[2026-04-28T22:22:17.227+0000] {subprocess.py:93} INFO - 	at org.apache.spark.sql.execution.datasources.jdbc.DriverRegistry$.register(DriverRegistry.scala:47)
[2026-04-28T22:22:17.228+0000] {subprocess.py:93} INFO - 	at org.apache.spark.sql.execution.datasources.jdbc.JDBCOptions.$anonfun$driverClass$1(JDBCOptions.scala:112)
[2026-04-28T22:22:17.228+0000] {subprocess.py:93} INFO - 	at org.apache.spark.sql.execution.datasources.jdbc.JDBCOptions.$anonfun$driverClass$1$adapted(JDBCOptions.scala:112)
[2026-04-28T22:22:17.228+0000] {subprocess.py:93} INFO - 	at scala.Option.foreach(Option.scala:437)
[2026-04-28T22:22:17.228+0000] {subprocess.py:93} INFO - 	at org.apache.spark.sql.execution.datasources.jdbc.JDBCOptions.<init>(JDBCOptions.scala:112)
[2026-04-28T22:22:17.228+0000] {subprocess.py:93} INFO - 	at org.apache.spark.sql.execution.datasources.jdbc.JdbcOptionsInWrite.<init>(JDBCOptions.scala:276)
[2026-04-28T22:22:17.228+0000] {subprocess.py:93} INFO - 	at org.apache.spark.sql.execution.datasources.jdbc.JdbcOptionsInWrite.<init>(JDBCOptions.scala:280)
[2026-04-28T22:22:17.229+0000] {subprocess.py:93} INFO - 	at org.apache.spark.sql.execution.datasources.jdbc.JdbcRelationProvider.createRelation(JdbcRelationProvider.scala:57)
[2026-04-28T22:22:17.229+0000] {subprocess.py:93} INFO - 	at org.apache.spark.sql.execution.datasources.SaveIntoDataSourceCommand.run(SaveIntoDataSourceCommand.scala:55)
[2026-04-28T22:22:17.229+0000] {subprocess.py:93} INFO - 	at org.apache.spark.sql.execution.command.ExecutedCommandExec.sideEffectResult$lzycompute(commands.scala:79)
[2026-04-28T22:22:17.229+0000] {subprocess.py:93} INFO - 	at org.apache.spark.sql.execution.command.ExecutedCommandExec.sideEffectResult(commands.scala:77)
[2026-04-28T22:22:17.229+0000] {subprocess.py:93} INFO - 	at org.apache.spark.sql.execution.command.ExecutedCommandExec.executeCollect(commands.scala:88)
[2026-04-28T22:22:17.229+0000] {subprocess.py:93} INFO - 	at org.apache.spark.sql.execution.QueryExecution.$anonfun$eagerlyExecuteCommands$2(QueryExecution.scala:185)
[2026-04-28T22:22:17.230+0000] {subprocess.py:93} INFO - 	at org.apache.spark.sql.execution.SQLExecution$.$anonfun$withNewExecutionId0$8(SQLExecution.scala:177)
[2026-04-28T22:22:17.230+0000] {subprocess.py:93} INFO - 	at org.apache.spark.sql.execution.SQLExecution$.withSessionTagsApplied(SQLExecution.scala:285)
[2026-04-28T22:22:17.230+0000] {subprocess.py:93} INFO - 	at org.apache.spark.sql.execution.SQLExecution$.$anonfun$withNewExecutionId0$7(SQLExecution.scala:139)
[2026-04-28T22:22:17.230+0000] {subprocess.py:93} INFO - 	at org.apache.spark.JobArtifactSet$.withActiveJobArtifactState(JobArtifactSet.scala:94)
[2026-04-28T22:22:17.230+0000] {subprocess.py:93} INFO - 	at org.apache.spark.sql.artifact.ArtifactManager.$anonfun$withResources$1(ArtifactManager.scala:112)
[2026-04-28T22:22:17.230+0000] {subprocess.py:93} INFO - 	at org.apache.spark.sql.artifact.ArtifactManager.withClassLoaderIfNeeded(ArtifactManager.scala:106)
[2026-04-28T22:22:17.231+0000] {subprocess.py:93} INFO - 	at org.apache.spark.sql.artifact.ArtifactManager.withResources(ArtifactManager.scala:111)
[2026-04-28T22:22:17.231+0000] {subprocess.py:93} INFO - 	at org.apache.spark.sql.execution.SQLExecution$.$anonfun$withNewExecutionId0$6(SQLExecution.scala:139)
[2026-04-28T22:22:17.231+0000] {subprocess.py:93} INFO - 	at org.apache.spark.sql.execution.SQLExecution$.withSQLConfPropagated(SQLExecution.scala:308)
[2026-04-28T22:22:17.231+0000] {subprocess.py:93} INFO - 	at org.apache.spark.sql.execution.SQLExecution$.$anonfun$withNewExecutionId0$1(SQLExecution.scala:138)
[2026-04-28T22:22:17.231+0000] {subprocess.py:93} INFO - 	at org.apache.spark.sql.SparkSession.withActive(SparkSession.scala:804)
[2026-04-28T22:22:17.231+0000] {subprocess.py:93} INFO - 	at org.apache.spark.sql.execution.SQLExecution$.withNewExecutionId0(SQLExecution.scala:92)
[2026-04-28T22:22:17.231+0000] {subprocess.py:93} INFO - 	at org.apache.spark.sql.execution.SQLExecution$.withNewExecutionId(SQLExecution.scala:250)
[2026-04-28T22:22:17.232+0000] {subprocess.py:93} INFO - 	at org.apache.spark.sql.execution.QueryExecution.$anonfun$eagerlyExecuteCommands$1(QueryExecution.scala:185)
[2026-04-28T22:22:17.232+0000] {subprocess.py:93} INFO - 	at org.apache.spark.sql.execution.QueryExecution$.withInternalError(QueryExecution.scala:717)
[2026-04-28T22:22:17.232+0000] {subprocess.py:93} INFO - 	at org.apache.spark.sql.execution.QueryExecution.org$apache$spark$sql$execution$QueryExecution$$eagerlyExecute$1(QueryExecution.scala:184)
[2026-04-28T22:22:17.232+0000] {subprocess.py:93} INFO - 	at org.apache.spark.sql.execution.QueryExecution$$anonfun$eagerlyExecuteCommands$3.applyOrElse(QueryExecution.scala:201)
[2026-04-28T22:22:17.232+0000] {subprocess.py:93} INFO - 	at org.apache.spark.sql.execution.QueryExecution$$anonfun$eagerlyExecuteCommands$3.applyOrElse(QueryExecution.scala:194)
[2026-04-28T22:22:17.232+0000] {subprocess.py:93} INFO - 	at org.apache.spark.sql.catalyst.trees.TreeNode.$anonfun$transformDownWithPruning$1(TreeNode.scala:491)
[2026-04-28T22:22:17.232+0000] {subprocess.py:93} INFO - 	at org.apache.spark.sql.catalyst.trees.CurrentOrigin$.withOrigin(origin.scala:107)
[2026-04-28T22:22:17.233+0000] {subprocess.py:93} INFO - 	at org.apache.spark.sql.catalyst.trees.TreeNode.transformDownWithPruning(TreeNode.scala:491)
[2026-04-28T22:22:17.233+0000] {subprocess.py:93} INFO - 	at org.apache.spark.sql.catalyst.plans.logical.LogicalPlan.org$apache$spark$sql$catalyst$plans$logical$AnalysisHelper$$super$transformDownWithPruning(LogicalPlan.scala:37)
[2026-04-28T22:22:17.233+0000] {subprocess.py:93} INFO - 	at org.apache.spark.sql.catalyst.plans.logical.AnalysisHelper.transformDownWithPruning(AnalysisHelper.scala:360)
[2026-04-28T22:22:17.233+0000] {subprocess.py:93} INFO - 	at org.apache.spark.sql.catalyst.plans.logical.AnalysisHelper.transformDownWithPruning$(AnalysisHelper.scala:356)
[2026-04-28T22:22:17.233+0000] {subprocess.py:93} INFO - 	at org.apache.spark.sql.catalyst.plans.logical.LogicalPlan.transformDownWithPruning(LogicalPlan.scala:37)
[2026-04-28T22:22:17.234+0000] {subprocess.py:93} INFO - 	at org.apache.spark.sql.catalyst.plans.logical.LogicalPlan.transformDownWithPruning(LogicalPlan.scala:37)
[2026-04-28T22:22:17.234+0000] {subprocess.py:93} INFO - 	at org.apache.spark.sql.catalyst.trees.TreeNode.transformDown(TreeNode.scala:467)
[2026-04-28T22:22:17.234+0000] {subprocess.py:93} INFO - 	at org.apache.spark.sql.execution.QueryExecution.eagerlyExecuteCommands(QueryExecution.scala:194)
[2026-04-28T22:22:17.234+0000] {subprocess.py:93} INFO - 	at org.apache.spark.sql.execution.QueryExecution.$anonfun$lazyCommandExecuted$1(QueryExecution.scala:155)
[2026-04-28T22:22:17.234+0000] {subprocess.py:93} INFO - 	at scala.util.Try$.apply(Try.scala:217)
[2026-04-28T22:22:17.234+0000] {subprocess.py:93} INFO - 	at org.apache.spark.util.Utils$.doTryWithCallerStacktrace(Utils.scala:1392)
[2026-04-28T22:22:17.235+0000] {subprocess.py:93} INFO - 	at org.apache.spark.util.Utils$.getTryWithCallerStacktrace(Utils.scala:1453)
[2026-04-28T22:22:17.235+0000] {subprocess.py:93} INFO - 	at org.apache.spark.util.LazyTry.get(LazyTry.scala:58)
[2026-04-28T22:22:17.235+0000] {subprocess.py:93} INFO - 	at org.apache.spark.sql.execution.QueryExecution.commandExecuted(QueryExecution.scala:160)
[2026-04-28T22:22:17.235+0000] {subprocess.py:93} INFO - 	at org.apache.spark.sql.execution.QueryExecution.assertCommandExecuted(QueryExecution.scala:239)
[2026-04-28T22:22:17.235+0000] {subprocess.py:93} INFO - 	at org.apache.spark.sql.classic.DataFrameWriter.runCommand(DataFrameWriter.scala:592)
[2026-04-28T22:22:17.235+0000] {subprocess.py:93} INFO - 	at org.apache.spark.sql.classic.DataFrameWriter.save(DataFrameWriter.scala:126)
[2026-04-28T22:22:17.236+0000] {subprocess.py:93} INFO - 	at java.base/jdk.internal.reflect.NativeMethodAccessorImpl.invoke0(Native Method)
[2026-04-28T22:22:17.236+0000] {subprocess.py:93} INFO - 	at java.base/jdk.internal.reflect.NativeMethodAccessorImpl.invoke(NativeMethodAccessorImpl.java:77)
[2026-04-28T22:22:17.236+0000] {subprocess.py:93} INFO - 	at java.base/jdk.internal.reflect.DelegatingMethodAccessorImpl.invoke(DelegatingMethodAccessorImpl.java:43)
[2026-04-28T22:22:17.236+0000] {subprocess.py:93} INFO - 	at java.base/java.lang.reflect.Method.invoke(Method.java:569)
[2026-04-28T22:22:17.236+0000] {subprocess.py:93} INFO - 	at py4j.reflection.MethodInvoker.invoke(MethodInvoker.java:244)
[2026-04-28T22:22:17.236+0000] {subprocess.py:93} INFO - 	at py4j.reflection.ReflectionEngine.invoke(ReflectionEngine.java:374)
[2026-04-28T22:22:17.237+0000] {subprocess.py:93} INFO - 	at py4j.Gateway.invoke(Gateway.java:282)
[2026-04-28T22:22:17.237+0000] {subprocess.py:93} INFO - 	at py4j.commands.AbstractCommand.invokeMethod(AbstractCommand.java:132)
[2026-04-28T22:22:17.237+0000] {subprocess.py:93} INFO - 	at py4j.commands.CallCommand.execute(CallCommand.java:79)
[2026-04-28T22:22:17.237+0000] {subprocess.py:93} INFO - 	at py4j.ClientServerConnection.waitForCommands(ClientServerConnection.java:184)
[2026-04-28T22:22:17.237+0000] {subprocess.py:93} INFO - 	at py4j.ClientServerConnection.run(ClientServerConnection.java:108)
[2026-04-28T22:22:17.237+0000] {subprocess.py:93} INFO - 	at java.base/java.lang.Thread.run(Thread.java:840)
[2026-04-28T22:22:17.238+0000] {subprocess.py:93} INFO - 	Suppressed: org.apache.spark.util.Utils$OriginalTryStackTraceException: Full stacktrace of original doTryWithCallerStacktrace caller
[2026-04-28T22:22:17.238+0000] {subprocess.py:93} INFO - 		at java.base/java.net.URLClassLoader.findClass(URLClassLoader.java:445)
[2026-04-28T22:22:17.238+0000] {subprocess.py:93} INFO - 		at java.base/java.lang.ClassLoader.loadClass(ClassLoader.java:592)
[2026-04-28T22:22:17.238+0000] {subprocess.py:93} INFO - 		at java.base/java.lang.ClassLoader.loadClass(ClassLoader.java:525)
[2026-04-28T22:22:17.238+0000] {subprocess.py:93} INFO - 		at org.apache.spark.sql.execution.datasources.jdbc.DriverRegistry$.register(DriverRegistry.scala:47)
[2026-04-28T22:22:17.238+0000] {subprocess.py:93} INFO - 		at org.apache.spark.sql.execution.datasources.jdbc.JDBCOptions.$anonfun$driverClass$1(JDBCOptions.scala:112)
[2026-04-28T22:22:17.239+0000] {subprocess.py:93} INFO - 		at org.apache.spark.sql.execution.datasources.jdbc.JDBCOptions.$anonfun$driverClass$1$adapted(JDBCOptions.scala:112)
[2026-04-28T22:22:17.239+0000] {subprocess.py:93} INFO - 		at scala.Option.foreach(Option.scala:437)
[2026-04-28T22:22:17.239+0000] {subprocess.py:93} INFO - 		at org.apache.spark.sql.execution.datasources.jdbc.JDBCOptions.<init>(JDBCOptions.scala:112)
[2026-04-28T22:22:17.239+0000] {subprocess.py:93} INFO - 		at org.apache.spark.sql.execution.datasources.jdbc.JdbcOptionsInWrite.<init>(JDBCOptions.scala:276)
[2026-04-28T22:22:17.239+0000] {subprocess.py:93} INFO - 		at org.apache.spark.sql.execution.datasources.jdbc.JdbcOptionsInWrite.<init>(JDBCOptions.scala:280)
[2026-04-28T22:22:17.239+0000] {subprocess.py:93} INFO - 		at org.apache.spark.sql.execution.datasources.jdbc.JdbcRelationProvider.createRelation(JdbcRelationProvider.scala:57)
[2026-04-28T22:22:17.240+0000] {subprocess.py:93} INFO - 		at org.apache.spark.sql.execution.datasources.SaveIntoDataSourceCommand.run(SaveIntoDataSourceCommand.scala:55)
[2026-04-28T22:22:17.240+0000] {subprocess.py:93} INFO - 		at org.apache.spark.sql.execution.command.ExecutedCommandExec.sideEffectResult$lzycompute(commands.scala:79)
[2026-04-28T22:22:17.240+0000] {subprocess.py:93} INFO - 		at org.apache.spark.sql.execution.command.ExecutedCommandExec.sideEffectResult(commands.scala:77)
[2026-04-28T22:22:17.240+0000] {subprocess.py:93} INFO - 		at org.apache.spark.sql.execution.command.ExecutedCommandExec.executeCollect(commands.scala:88)
[2026-04-28T22:22:17.240+0000] {subprocess.py:93} INFO - 		at org.apache.spark.sql.execution.QueryExecution.$anonfun$eagerlyExecuteCommands$2(QueryExecution.scala:185)
[2026-04-28T22:22:17.240+0000] {subprocess.py:93} INFO - 		at org.apache.spark.sql.execution.SQLExecution$.$anonfun$withNewExecutionId0$8(SQLExecution.scala:177)
[2026-04-28T22:22:17.240+0000] {subprocess.py:93} INFO - 		at org.apache.spark.sql.execution.SQLExecution$.withSessionTagsApplied(SQLExecution.scala:285)
[2026-04-28T22:22:17.241+0000] {subprocess.py:93} INFO - 		at org.apache.spark.sql.execution.SQLExecution$.$anonfun$withNewExecutionId0$7(SQLExecution.scala:139)
[2026-04-28T22:22:17.241+0000] {subprocess.py:93} INFO - 		at org.apache.spark.JobArtifactSet$.withActiveJobArtifactState(JobArtifactSet.scala:94)
[2026-04-28T22:22:17.241+0000] {subprocess.py:93} INFO - 		at org.apache.spark.sql.artifact.ArtifactManager.$anonfun$withResources$1(ArtifactManager.scala:112)
[2026-04-28T22:22:17.241+0000] {subprocess.py:93} INFO - 		at org.apache.spark.sql.artifact.ArtifactManager.withClassLoaderIfNeeded(ArtifactManager.scala:106)
[2026-04-28T22:22:17.241+0000] {subprocess.py:93} INFO - 		at org.apache.spark.sql.artifact.ArtifactManager.withResources(ArtifactManager.scala:111)
[2026-04-28T22:22:17.241+0000] {subprocess.py:93} INFO - 		at org.apache.spark.sql.execution.SQLExecution$.$anonfun$withNewExecutionId0$6(SQLExecution.scala:139)
[2026-04-28T22:22:17.242+0000] {subprocess.py:93} INFO - 		at org.apache.spark.sql.execution.SQLExecution$.withSQLConfPropagated(SQLExecution.scala:308)
[2026-04-28T22:22:17.242+0000] {subprocess.py:93} INFO - 		at org.apache.spark.sql.execution.SQLExecution$.$anonfun$withNewExecutionId0$1(SQLExecution.scala:138)
[2026-04-28T22:22:17.242+0000] {subprocess.py:93} INFO - 		at org.apache.spark.sql.SparkSession.withActive(SparkSession.scala:804)
[2026-04-28T22:22:17.242+0000] {subprocess.py:93} INFO - 		at org.apache.spark.sql.execution.SQLExecution$.withNewExecutionId0(SQLExecution.scala:92)
[2026-04-28T22:22:17.242+0000] {subprocess.py:93} INFO - 		at org.apache.spark.sql.execution.SQLExecution$.withNewExecutionId(SQLExecution.scala:250)
[2026-04-28T22:22:17.242+0000] {subprocess.py:93} INFO - 		at org.apache.spark.sql.execution.QueryExecution.$anonfun$eagerlyExecuteCommands$1(QueryExecution.scala:185)
[2026-04-28T22:22:17.242+0000] {subprocess.py:93} INFO - 		at org.apache.spark.sql.execution.QueryExecution$.withInternalError(QueryExecution.scala:717)
[2026-04-28T22:22:17.243+0000] {subprocess.py:93} INFO - 		at org.apache.spark.sql.execution.QueryExecution.org$apache$spark$sql$execution$QueryExecution$$eagerlyExecute$1(QueryExecution.scala:184)
[2026-04-28T22:22:17.243+0000] {subprocess.py:93} INFO - 		at org.apache.spark.sql.execution.QueryExecution$$anonfun$eagerlyExecuteCommands$3.applyOrElse(QueryExecution.scala:201)
[2026-04-28T22:22:17.243+0000] {subprocess.py:93} INFO - 		at org.apache.spark.sql.execution.QueryExecution$$anonfun$eagerlyExecuteCommands$3.applyOrElse(QueryExecution.scala:194)
[2026-04-28T22:22:17.243+0000] {subprocess.py:93} INFO - 		at org.apache.spark.sql.catalyst.trees.TreeNode.$anonfun$transformDownWithPruning$1(TreeNode.scala:491)
[2026-04-28T22:22:17.243+0000] {subprocess.py:93} INFO - 		at org.apache.spark.sql.catalyst.trees.CurrentOrigin$.withOrigin(origin.scala:107)
[2026-04-28T22:22:17.243+0000] {subprocess.py:93} INFO - 		at org.apache.spark.sql.catalyst.trees.TreeNode.transformDownWithPruning(TreeNode.scala:491)
[2026-04-28T22:22:17.243+0000] {subprocess.py:93} INFO - 		at org.apache.spark.sql.catalyst.plans.logical.LogicalPlan.org$apache$spark$sql$catalyst$plans$logical$AnalysisHelper$$super$transformDownWithPruning(LogicalPlan.scala:37)
[2026-04-28T22:22:17.244+0000] {subprocess.py:93} INFO - 		at org.apache.spark.sql.catalyst.plans.logical.AnalysisHelper.transformDownWithPruning(AnalysisHelper.scala:360)
[2026-04-28T22:22:17.244+0000] {subprocess.py:93} INFO - 		at org.apache.spark.sql.catalyst.plans.logical.AnalysisHelper.transformDownWithPruning$(AnalysisHelper.scala:356)
[2026-04-28T22:22:17.244+0000] {subprocess.py:93} INFO - 		at org.apache.spark.sql.catalyst.plans.logical.LogicalPlan.transformDownWithPruning(LogicalPlan.scala:37)
[2026-04-28T22:22:17.244+0000] {subprocess.py:93} INFO - 		at org.apache.spark.sql.catalyst.plans.logical.LogicalPlan.transformDownWithPruning(LogicalPlan.scala:37)
[2026-04-28T22:22:17.244+0000] {subprocess.py:93} INFO - 		at org.apache.spark.sql.catalyst.trees.TreeNode.transformDown(TreeNode.scala:467)
[2026-04-28T22:22:17.244+0000] {subprocess.py:93} INFO - 		at org.apache.spark.sql.execution.QueryExecution.eagerlyExecuteCommands(QueryExecution.scala:194)
[2026-04-28T22:22:17.244+0000] {subprocess.py:93} INFO - 		at org.apache.spark.sql.execution.QueryExecution.$anonfun$lazyCommandExecuted$1(QueryExecution.scala:155)
[2026-04-28T22:22:17.245+0000] {subprocess.py:93} INFO - 		at scala.util.Try$.apply(Try.scala:217)
[2026-04-28T22:22:17.245+0000] {subprocess.py:93} INFO - 		at org.apache.spark.util.Utils$.doTryWithCallerStacktrace(Utils.scala:1392)
[2026-04-28T22:22:17.245+0000] {subprocess.py:93} INFO - 		at org.apache.spark.util.LazyTry.tryT$lzycompute(LazyTry.scala:46)
[2026-04-28T22:22:17.245+0000] {subprocess.py:93} INFO - 		at org.apache.spark.util.LazyTry.tryT(LazyTry.scala:46)
[2026-04-28T22:22:17.245+0000] {subprocess.py:93} INFO - 		... 17 more
[2026-04-28T22:22:17.245+0000] {subprocess.py:93} INFO - 
[2026-04-28T22:22:17.246+0000] {subprocess.py:93} INFO - Traceback (most recent call last):
[2026-04-28T22:22:17.246+0000] {subprocess.py:93} INFO -   File "/opt/***/project/spark_dynamic_pipeline.py", line 365, in <module>
[2026-04-28T22:22:17.246+0000] {subprocess.py:93} INFO -     main()
[2026-04-28T22:22:17.246+0000] {subprocess.py:93} INFO -   File "/opt/***/project/spark_dynamic_pipeline.py", line 358, in main
[2026-04-28T22:22:17.246+0000] {subprocess.py:93} INFO -     write_to_postgres(good_df)
[2026-04-28T22:22:17.247+0000] {subprocess.py:93} INFO -   File "/opt/***/project/spark_dynamic_pipeline.py", line 302, in write_to_postgres
[2026-04-28T22:22:17.247+0000] {subprocess.py:93} INFO -     .save()
[2026-04-28T22:22:17.247+0000] {subprocess.py:93} INFO -      ^^^^^^
[2026-04-28T22:22:17.247+0000] {subprocess.py:93} INFO -   File "/home/***/.local/lib/python3.12/site-packages/pyspark/sql/readwriter.py", line 1743, in save
[2026-04-28T22:22:17.247+0000] {subprocess.py:93} INFO -     self._jwrite.save()
[2026-04-28T22:22:17.247+0000] {subprocess.py:93} INFO -   File "/home/***/.local/lib/python3.12/site-packages/py4j/java_gateway.py", line 1362, in __call__
[2026-04-28T22:22:17.247+0000] {subprocess.py:93} INFO -     return_value = get_return_value(
[2026-04-28T22:22:17.248+0000] {subprocess.py:93} INFO -                    ^^^^^^^^^^^^^^^^^
[2026-04-28T22:22:17.248+0000] {subprocess.py:93} INFO -   File "/home/***/.local/lib/python3.12/site-packages/pyspark/errors/exceptions/captured.py", line 263, in deco
[2026-04-28T22:22:17.343+0000] {subprocess.py:93} INFO -     return f(*a, **kw)
[2026-04-28T22:22:17.344+0000] {subprocess.py:93} INFO -            ^^^^^^^^^^^
[2026-04-28T22:22:17.344+0000] {subprocess.py:93} INFO -   File "/home/***/.local/lib/python3.12/site-packages/py4j/protocol.py", line 327, in get_return_value
[2026-04-28T22:22:17.346+0000] {subprocess.py:93} INFO -     raise Py4JJavaError(
[2026-04-28T22:22:17.347+0000] {subprocess.py:93} INFO - py4j.protocol.Py4JJavaError: An error occurred while calling o301.save.
[2026-04-28T22:22:17.347+0000] {subprocess.py:93} INFO - : java.lang.ClassNotFoundException: org.postgresql.Driver
[2026-04-28T22:22:17.348+0000] {subprocess.py:93} INFO - 	at java.base/java.net.URLClassLoader.findClass(URLClassLoader.java:445)
[2026-04-28T22:22:17.348+0000] {subprocess.py:93} INFO - 	at java.base/java.lang.ClassLoader.loadClass(ClassLoader.java:592)
[2026-04-28T22:22:17.348+0000] {subprocess.py:93} INFO - 	at java.base/java.lang.ClassLoader.loadClass(ClassLoader.java:525)
[2026-04-28T22:22:17.348+0000] {subprocess.py:93} INFO - 	at org.apache.spark.sql.execution.datasources.jdbc.DriverRegistry$.register(DriverRegistry.scala:47)
[2026-04-28T22:22:17.349+0000] {subprocess.py:93} INFO - 	at org.apache.spark.sql.execution.datasources.jdbc.JDBCOptions.$anonfun$driverClass$1(JDBCOptions.scala:112)
[2026-04-28T22:22:17.349+0000] {subprocess.py:93} INFO - 	at org.apache.spark.sql.execution.datasources.jdbc.JDBCOptions.$anonfun$driverClass$1$adapted(JDBCOptions.scala:112)
[2026-04-28T22:22:17.349+0000] {subprocess.py:93} INFO - 	at scala.Option.foreach(Option.scala:437)
[2026-04-28T22:22:17.349+0000] {subprocess.py:93} INFO - 	at org.apache.spark.sql.execution.datasources.jdbc.JDBCOptions.<init>(JDBCOptions.scala:112)
[2026-04-28T22:22:17.350+0000] {subprocess.py:93} INFO - 	at org.apache.spark.sql.execution.datasources.jdbc.JdbcOptionsInWrite.<init>(JDBCOptions.scala:276)
[2026-04-28T22:22:17.350+0000] {subprocess.py:93} INFO - 	at org.apache.spark.sql.execution.datasources.jdbc.JdbcOptionsInWrite.<init>(JDBCOptions.scala:280)
[2026-04-28T22:22:17.350+0000] {subprocess.py:93} INFO - 	at org.apache.spark.sql.execution.datasources.jdbc.JdbcRelationProvider.createRelation(JdbcRelationProvider.scala:57)
[2026-04-28T22:22:17.350+0000] {subprocess.py:93} INFO - 	at org.apache.spark.sql.execution.datasources.SaveIntoDataSourceCommand.run(SaveIntoDataSourceCommand.scala:55)
[2026-04-28T22:22:17.350+0000] {subprocess.py:93} INFO - 	at org.apache.spark.sql.execution.command.ExecutedCommandExec.sideEffectResult$lzycompute(commands.scala:79)
[2026-04-28T22:22:17.351+0000] {subprocess.py:93} INFO - 	at org.apache.spark.sql.execution.command.ExecutedCommandExec.sideEffectResult(commands.scala:77)
[2026-04-28T22:22:17.351+0000] {subprocess.py:93} INFO - 	at org.apache.spark.sql.execution.command.ExecutedCommandExec.executeCollect(commands.scala:88)
[2026-04-28T22:22:17.351+0000] {subprocess.py:93} INFO - 	at org.apache.spark.sql.execution.QueryExecution.$anonfun$eagerlyExecuteCommands$2(QueryExecution.scala:185)
[2026-04-28T22:22:17.351+0000] {subprocess.py:93} INFO - 	at org.apache.spark.sql.execution.SQLExecution$.$anonfun$withNewExecutionId0$8(SQLExecution.scala:177)
[2026-04-28T22:22:17.352+0000] {subprocess.py:93} INFO - 	at org.apache.spark.sql.execution.SQLExecution$.withSessionTagsApplied(SQLExecution.scala:285)
[2026-04-28T22:22:17.352+0000] {subprocess.py:93} INFO - 	at org.apache.spark.sql.execution.SQLExecution$.$anonfun$withNewExecutionId0$7(SQLExecution.scala:139)
[2026-04-28T22:22:17.352+0000] {subprocess.py:93} INFO - 	at org.apache.spark.JobArtifactSet$.withActiveJobArtifactState(JobArtifactSet.scala:94)
[2026-04-28T22:22:17.352+0000] {subprocess.py:93} INFO - 	at org.apache.spark.sql.artifact.ArtifactManager.$anonfun$withResources$1(ArtifactManager.scala:112)
[2026-04-28T22:22:17.352+0000] {subprocess.py:93} INFO - 	at org.apache.spark.sql.artifact.ArtifactManager.withClassLoaderIfNeeded(ArtifactManager.scala:106)
[2026-04-28T22:22:17.352+0000] {subprocess.py:93} INFO - 	at org.apache.spark.sql.artifact.ArtifactManager.withResources(ArtifactManager.scala:111)
[2026-04-28T22:22:17.352+0000] {subprocess.py:93} INFO - 	at org.apache.spark.sql.execution.SQLExecution$.$anonfun$withNewExecutionId0$6(SQLExecution.scala:139)
[2026-04-28T22:22:17.353+0000] {subprocess.py:93} INFO - 	at org.apache.spark.sql.execution.SQLExecution$.withSQLConfPropagated(SQLExecution.scala:308)
[2026-04-28T22:22:17.353+0000] {subprocess.py:93} INFO - 	at org.apache.spark.sql.execution.SQLExecution$.$anonfun$withNewExecutionId0$1(SQLExecution.scala:138)
[2026-04-28T22:22:17.353+0000] {subprocess.py:93} INFO - 	at org.apache.spark.sql.SparkSession.withActive(SparkSession.scala:804)
[2026-04-28T22:22:17.353+0000] {subprocess.py:93} INFO - 	at org.apache.spark.sql.execution.SQLExecution$.withNewExecutionId0(SQLExecution.scala:92)
[2026-04-28T22:22:17.354+0000] {subprocess.py:93} INFO - 	at org.apache.spark.sql.execution.SQLExecution$.withNewExecutionId(SQLExecution.scala:250)
[2026-04-28T22:22:17.354+0000] {subprocess.py:93} INFO - 	at org.apache.spark.sql.execution.QueryExecution.$anonfun$eagerlyExecuteCommands$1(QueryExecution.scala:185)
[2026-04-28T22:22:17.354+0000] {subprocess.py:93} INFO - 	at org.apache.spark.sql.execution.QueryExecution$.withInternalError(QueryExecution.scala:717)
[2026-04-28T22:22:17.354+0000] {subprocess.py:93} INFO - 	at org.apache.spark.sql.execution.QueryExecution.org$apache$spark$sql$execution$QueryExecution$$eagerlyExecute$1(QueryExecution.scala:184)
[2026-04-28T22:22:17.354+0000] {subprocess.py:93} INFO - 	at org.apache.spark.sql.execution.QueryExecution$$anonfun$eagerlyExecuteCommands$3.applyOrElse(QueryExecution.scala:201)
[2026-04-28T22:22:17.354+0000] {subprocess.py:93} INFO - 	at org.apache.spark.sql.execution.QueryExecution$$anonfun$eagerlyExecuteCommands$3.applyOrElse(QueryExecution.scala:194)
[2026-04-28T22:22:17.355+0000] {subprocess.py:93} INFO - 	at org.apache.spark.sql.catalyst.trees.TreeNode.$anonfun$transformDownWithPruning$1(TreeNode.scala:491)
[2026-04-28T22:22:17.355+0000] {subprocess.py:93} INFO - 	at org.apache.spark.sql.catalyst.trees.CurrentOrigin$.withOrigin(origin.scala:107)
[2026-04-28T22:22:17.355+0000] {subprocess.py:93} INFO - 	at org.apache.spark.sql.catalyst.trees.TreeNode.transformDownWithPruning(TreeNode.scala:491)
[2026-04-28T22:22:17.355+0000] {subprocess.py:93} INFO - 	at org.apache.spark.sql.catalyst.plans.logical.LogicalPlan.org$apache$spark$sql$catalyst$plans$logical$AnalysisHelper$$super$transformDownWithPruning(LogicalPlan.scala:37)
[2026-04-28T22:22:17.355+0000] {subprocess.py:93} INFO - 	at org.apache.spark.sql.catalyst.plans.logical.AnalysisHelper.transformDownWithPruning(AnalysisHelper.scala:360)
[2026-04-28T22:22:17.356+0000] {subprocess.py:93} INFO - 	at org.apache.spark.sql.catalyst.plans.logical.AnalysisHelper.transformDownWithPruning$(AnalysisHelper.scala:356)
[2026-04-28T22:22:17.356+0000] {subprocess.py:93} INFO - 	at org.apache.spark.sql.catalyst.plans.logical.LogicalPlan.transformDownWithPruning(LogicalPlan.scala:37)
[2026-04-28T22:22:17.356+0000] {subprocess.py:93} INFO - 	at org.apache.spark.sql.catalyst.plans.logical.LogicalPlan.transformDownWithPruning(LogicalPlan.scala:37)
[2026-04-28T22:22:17.356+0000] {subprocess.py:93} INFO - 	at org.apache.spark.sql.catalyst.trees.TreeNode.transformDown(TreeNode.scala:467)
[2026-04-28T22:22:17.356+0000] {subprocess.py:93} INFO - 	at org.apache.spark.sql.execution.QueryExecution.eagerlyExecuteCommands(QueryExecution.scala:194)
[2026-04-28T22:22:17.356+0000] {subprocess.py:93} INFO - 	at org.apache.spark.sql.execution.QueryExecution.$anonfun$lazyCommandExecuted$1(QueryExecution.scala:155)
[2026-04-28T22:22:17.357+0000] {subprocess.py:93} INFO - 	at scala.util.Try$.apply(Try.scala:217)
[2026-04-28T22:22:17.357+0000] {subprocess.py:93} INFO - 	at org.apache.spark.util.Utils$.doTryWithCallerStacktrace(Utils.scala:1392)
[2026-04-28T22:22:17.357+0000] {subprocess.py:93} INFO - 	at org.apache.spark.util.Utils$.getTryWithCallerStacktrace(Utils.scala:1453)
[2026-04-28T22:22:17.357+0000] {subprocess.py:93} INFO - 	at org.apache.spark.util.LazyTry.get(LazyTry.scala:58)
[2026-04-28T22:22:17.357+0000] {subprocess.py:93} INFO - 	at org.apache.spark.sql.execution.QueryExecution.commandExecuted(QueryExecution.scala:160)
[2026-04-28T22:22:17.358+0000] {subprocess.py:93} INFO - 	at org.apache.spark.sql.execution.QueryExecution.assertCommandExecuted(QueryExecution.scala:239)
[2026-04-28T22:22:17.358+0000] {subprocess.py:93} INFO - 	at org.apache.spark.sql.classic.DataFrameWriter.runCommand(DataFrameWriter.scala:592)
[2026-04-28T22:22:17.358+0000] {subprocess.py:93} INFO - 	at org.apache.spark.sql.classic.DataFrameWriter.save(DataFrameWriter.scala:126)
[2026-04-28T22:22:17.358+0000] {subprocess.py:93} INFO - 	at java.base/jdk.internal.reflect.NativeMethodAccessorImpl.invoke0(Native Method)
[2026-04-28T22:22:17.359+0000] {subprocess.py:93} INFO - 	at java.base/jdk.internal.reflect.NativeMethodAccessorImpl.invoke(NativeMethodAccessorImpl.java:77)
[2026-04-28T22:22:17.359+0000] {subprocess.py:93} INFO - 	at java.base/jdk.internal.reflect.DelegatingMethodAccessorImpl.invoke(DelegatingMethodAccessorImpl.java:43)
[2026-04-28T22:22:17.359+0000] {subprocess.py:93} INFO - 	at java.base/java.lang.reflect.Method.invoke(Method.java:569)
[2026-04-28T22:22:17.359+0000] {subprocess.py:93} INFO - 	at py4j.reflection.MethodInvoker.invoke(MethodInvoker.java:244)
[2026-04-28T22:22:17.359+0000] {subprocess.py:93} INFO - 	at py4j.reflection.ReflectionEngine.invoke(ReflectionEngine.java:374)
[2026-04-28T22:22:17.359+0000] {subprocess.py:93} INFO - 	at py4j.Gateway.invoke(Gateway.java:282)
[2026-04-28T22:22:17.359+0000] {subprocess.py:93} INFO - 	at py4j.commands.AbstractCommand.invokeMethod(AbstractCommand.java:132)
[2026-04-28T22:22:17.359+0000] {subprocess.py:93} INFO - 	at py4j.commands.CallCommand.execute(CallCommand.java:79)
[2026-04-28T22:22:17.360+0000] {subprocess.py:93} INFO - 	at py4j.ClientServerConnection.waitForCommands(ClientServerConnection.java:184)
[2026-04-28T22:22:17.360+0000] {subprocess.py:93} INFO - 	at py4j.ClientServerConnection.run(ClientServerConnection.java:108)
[2026-04-28T22:22:17.360+0000] {subprocess.py:93} INFO - 	at java.base/java.lang.Thread.run(Thread.java:840)
[2026-04-28T22:22:17.360+0000] {subprocess.py:93} INFO - 	Suppressed: org.apache.spark.util.Utils$OriginalTryStackTraceException: Full stacktrace of original doTryWithCallerStacktrace caller
[2026-04-28T22:22:17.360+0000] {subprocess.py:93} INFO - 		at java.base/java.net.URLClassLoader.findClass(URLClassLoader.java:445)
[2026-04-28T22:22:17.361+0000] {subprocess.py:93} INFO - 		at java.base/java.lang.ClassLoader.loadClass(ClassLoader.java:592)
[2026-04-28T22:22:17.361+0000] {subprocess.py:93} INFO - 		at java.base/java.lang.ClassLoader.loadClass(ClassLoader.java:525)
[2026-04-28T22:22:17.361+0000] {subprocess.py:93} INFO - 		at org.apache.spark.sql.execution.datasources.jdbc.DriverRegistry$.register(DriverRegistry.scala:47)
[2026-04-28T22:22:17.361+0000] {subprocess.py:93} INFO - 		at org.apache.spark.sql.execution.datasources.jdbc.JDBCOptions.$anonfun$driverClass$1(JDBCOptions.scala:112)
[2026-04-28T22:22:17.362+0000] {subprocess.py:93} INFO - 		at org.apache.spark.sql.execution.datasources.jdbc.JDBCOptions.$anonfun$driverClass$1$adapted(JDBCOptions.scala:112)
[2026-04-28T22:22:17.362+0000] {subprocess.py:93} INFO - 		at scala.Option.foreach(Option.scala:437)
[2026-04-28T22:22:17.362+0000] {subprocess.py:93} INFO - 		at org.apache.spark.sql.execution.datasources.jdbc.JDBCOptions.<init>(JDBCOptions.scala:112)
[2026-04-28T22:22:17.362+0000] {subprocess.py:93} INFO - 		at org.apache.spark.sql.execution.datasources.jdbc.JdbcOptionsInWrite.<init>(JDBCOptions.scala:276)
[2026-04-28T22:22:17.362+0000] {subprocess.py:93} INFO - 		at org.apache.spark.sql.execution.datasources.jdbc.JdbcOptionsInWrite.<init>(JDBCOptions.scala:280)
[2026-04-28T22:22:17.362+0000] {subprocess.py:93} INFO - 		at org.apache.spark.sql.execution.datasources.jdbc.JdbcRelationProvider.createRelation(JdbcRelationProvider.scala:57)
[2026-04-28T22:22:17.362+0000] {subprocess.py:93} INFO - 		at org.apache.spark.sql.execution.datasources.SaveIntoDataSourceCommand.run(SaveIntoDataSourceCommand.scala:55)
[2026-04-28T22:22:17.363+0000] {subprocess.py:93} INFO - 		at org.apache.spark.sql.execution.command.ExecutedCommandExec.sideEffectResult$lzycompute(commands.scala:79)
[2026-04-28T22:22:17.363+0000] {subprocess.py:93} INFO - 		at org.apache.spark.sql.execution.command.ExecutedCommandExec.sideEffectResult(commands.scala:77)
[2026-04-28T22:22:17.363+0000] {subprocess.py:93} INFO - 		at org.apache.spark.sql.execution.command.ExecutedCommandExec.executeCollect(commands.scala:88)
[2026-04-28T22:22:17.363+0000] {subprocess.py:93} INFO - 		at org.apache.spark.sql.execution.QueryExecution.$anonfun$eagerlyExecuteCommands$2(QueryExecution.scala:185)
[2026-04-28T22:22:17.363+0000] {subprocess.py:93} INFO - 		at org.apache.spark.sql.execution.SQLExecution$.$anonfun$withNewExecutionId0$8(SQLExecution.scala:177)
[2026-04-28T22:22:17.363+0000] {subprocess.py:93} INFO - 		at org.apache.spark.sql.execution.SQLExecution$.withSessionTagsApplied(SQLExecution.scala:285)
[2026-04-28T22:22:17.364+0000] {subprocess.py:93} INFO - 		at org.apache.spark.sql.execution.SQLExecution$.$anonfun$withNewExecutionId0$7(SQLExecution.scala:139)
[2026-04-28T22:22:17.364+0000] {subprocess.py:93} INFO - 		at org.apache.spark.JobArtifactSet$.withActiveJobArtifactState(JobArtifactSet.scala:94)
[2026-04-28T22:22:17.364+0000] {subprocess.py:93} INFO - 		at org.apache.spark.sql.artifact.ArtifactManager.$anonfun$withResources$1(ArtifactManager.scala:112)
[2026-04-28T22:22:17.364+0000] {subprocess.py:93} INFO - 		at org.apache.spark.sql.artifact.ArtifactManager.withClassLoaderIfNeeded(ArtifactManager.scala:106)
[2026-04-28T22:22:17.364+0000] {subprocess.py:93} INFO - 		at org.apache.spark.sql.artifact.ArtifactManager.withResources(ArtifactManager.scala:111)
[2026-04-28T22:22:17.364+0000] {subprocess.py:93} INFO - 		at org.apache.spark.sql.execution.SQLExecution$.$anonfun$withNewExecutionId0$6(SQLExecution.scala:139)
[2026-04-28T22:22:17.365+0000] {subprocess.py:93} INFO - 		at org.apache.spark.sql.execution.SQLExecution$.withSQLConfPropagated(SQLExecution.scala:308)
[2026-04-28T22:22:17.365+0000] {subprocess.py:93} INFO - 		at org.apache.spark.sql.execution.SQLExecution$.$anonfun$withNewExecutionId0$1(SQLExecution.scala:138)
[2026-04-28T22:22:17.365+0000] {subprocess.py:93} INFO - 		at org.apache.spark.sql.SparkSession.withActive(SparkSession.scala:804)
[2026-04-28T22:22:17.365+0000] {subprocess.py:93} INFO - 		at org.apache.spark.sql.execution.SQLExecution$.withNewExecutionId0(SQLExecution.scala:92)
[2026-04-28T22:22:17.365+0000] {subprocess.py:93} INFO - 		at org.apache.spark.sql.execution.SQLExecution$.withNewExecutionId(SQLExecution.scala:250)
[2026-04-28T22:22:17.365+0000] {subprocess.py:93} INFO - 		at org.apache.spark.sql.execution.QueryExecution.$anonfun$eagerlyExecuteCommands$1(QueryExecution.scala:185)
[2026-04-28T22:22:17.365+0000] {subprocess.py:93} INFO - 		at org.apache.spark.sql.execution.QueryExecution$.withInternalError(QueryExecution.scala:717)
[2026-04-28T22:22:17.365+0000] {subprocess.py:93} INFO - 		at org.apache.spark.sql.execution.QueryExecution.org$apache$spark$sql$execution$QueryExecution$$eagerlyExecute$1(QueryExecution.scala:184)
[2026-04-28T22:22:17.365+0000] {subprocess.py:93} INFO - 		at org.apache.spark.sql.execution.QueryExecution$$anonfun$eagerlyExecuteCommands$3.applyOrElse(QueryExecution.scala:201)
[2026-04-28T22:22:17.366+0000] {subprocess.py:93} INFO - 		at org.apache.spark.sql.execution.QueryExecution$$anonfun$eagerlyExecuteCommands$3.applyOrElse(QueryExecution.scala:194)
[2026-04-28T22:22:17.366+0000] {subprocess.py:93} INFO - 		at org.apache.spark.sql.catalyst.trees.TreeNode.$anonfun$transformDownWithPruning$1(TreeNode.scala:491)
[2026-04-28T22:22:17.366+0000] {subprocess.py:93} INFO - 		at org.apache.spark.sql.catalyst.trees.CurrentOrigin$.withOrigin(origin.scala:107)
[2026-04-28T22:22:17.366+0000] {subprocess.py:93} INFO - 		at org.apache.spark.sql.catalyst.trees.TreeNode.transformDownWithPruning(TreeNode.scala:491)
[2026-04-28T22:22:17.366+0000] {subprocess.py:93} INFO - 		at org.apache.spark.sql.catalyst.plans.logical.LogicalPlan.org$apache$spark$sql$catalyst$plans$logical$AnalysisHelper$$super$transformDownWithPruning(LogicalPlan.scala:37)
[2026-04-28T22:22:17.367+0000] {subprocess.py:93} INFO - 		at org.apache.spark.sql.catalyst.plans.logical.AnalysisHelper.transformDownWithPruning(AnalysisHelper.scala:360)
[2026-04-28T22:22:17.367+0000] {subprocess.py:93} INFO - 		at org.apache.spark.sql.catalyst.plans.logical.AnalysisHelper.transformDownWithPruning$(AnalysisHelper.scala:356)
[2026-04-28T22:22:17.367+0000] {subprocess.py:93} INFO - 		at org.apache.spark.sql.catalyst.plans.logical.LogicalPlan.transformDownWithPruning(LogicalPlan.scala:37)
[2026-04-28T22:22:17.367+0000] {subprocess.py:93} INFO - 		at org.apache.spark.sql.catalyst.plans.logical.LogicalPlan.transformDownWithPruning(LogicalPlan.scala:37)
[2026-04-28T22:22:17.367+0000] {subprocess.py:93} INFO - 		at org.apache.spark.sql.catalyst.trees.TreeNode.transformDown(TreeNode.scala:467)
[2026-04-28T22:22:17.368+0000] {subprocess.py:93} INFO - 		at org.apache.spark.sql.execution.QueryExecution.eagerlyExecuteCommands(QueryExecution.scala:194)
[2026-04-28T22:22:17.368+0000] {subprocess.py:93} INFO - 		at org.apache.spark.sql.execution.QueryExecution.$anonfun$lazyCommandExecuted$1(QueryExecution.scala:155)
[2026-04-28T22:22:17.368+0000] {subprocess.py:93} INFO - 		at scala.util.Try$.apply(Try.scala:217)
[2026-04-28T22:22:17.368+0000] {subprocess.py:93} INFO - 		at org.apache.spark.util.Utils$.doTryWithCallerStacktrace(Utils.scala:1392)
[2026-04-28T22:22:17.368+0000] {subprocess.py:93} INFO - 		at org.apache.spark.util.LazyTry.tryT$lzycompute(LazyTry.scala:46)
[2026-04-28T22:22:17.368+0000] {subprocess.py:93} INFO - 		at org.apache.spark.util.LazyTry.tryT(LazyTry.scala:46)
[2026-04-28T22:22:17.369+0000] {subprocess.py:93} INFO - 		... 17 more
[2026-04-28T22:22:17.369+0000] {subprocess.py:93} INFO - 
[2026-04-28T22:22:18.437+0000] {subprocess.py:97} INFO - Command exited with return code 1
[2026-04-28T22:22:18.440+0000] {taskinstance.py:441} INFO - ::group::Post task execution logs
[2026-04-28T22:22:18.457+0000] {taskinstance.py:2890} ERROR - Task failed with exception
Traceback (most recent call last):
  File "/home/airflow/.local/lib/python3.12/site-packages/airflow/models/taskinstance.py", line 465, in _execute_task
    result = _execute_callable(context=context, **execute_callable_kwargs)
             ^^^^^^^^^^^^^^^^^^^^^^^^^^^^^^^^^^^^^^^^^^^^^^^^^^^^^^^^^^^^^
  File "/home/airflow/.local/lib/python3.12/site-packages/airflow/models/taskinstance.py", line 432, in _execute_callable
    return execute_callable(context=context, **execute_callable_kwargs)
           ^^^^^^^^^^^^^^^^^^^^^^^^^^^^^^^^^^^^^^^^^^^^^^^^^^^^^^^^^^^^
  File "/home/airflow/.local/lib/python3.12/site-packages/airflow/models/baseoperator.py", line 400, in wrapper
    return func(self, *args, **kwargs)
           ^^^^^^^^^^^^^^^^^^^^^^^^^^^
  File "/home/airflow/.local/lib/python3.12/site-packages/airflow/operators/bash.py", line 243, in execute
    raise AirflowException(
airflow.exceptions.AirflowException: Bash command failed. The command returned a non-zero exit code 1.
[2026-04-28T22:22:18.481+0000] {taskinstance.py:1205} INFO - Marking task as FAILED. dag_id=batch_spark_csv_pipeline, task_id=run_spark_job, execution_date=20260428T222114, start_date=20260428T222121, end_date=20260428T222218
[2026-04-28T22:22:18.513+0000] {standard_task_runner.py:110} ERROR - Failed to execute job 3 for task run_spark_job (Bash command failed. The command returned a non-zero exit code 1.; 79)
[2026-04-28T22:22:18.535+0000] {local_task_job_runner.py:240} INFO - Task exited with return code 1
[2026-04-28T22:22:18.548+0000] {taskinstance.py:3482} INFO - 0 downstream tasks scheduled from follow-on schedule check
[2026-04-28T22:22:18.549+0000] {local_task_job_runner.py:222} INFO - ::endgroup::
