[2026-04-28T21:48:10.366+0000] {local_task_job_runner.py:120} INFO - ::group::Pre task execution logs
[2026-04-28T21:48:10.429+0000] {taskinstance.py:2073} INFO - Dependencies all met for dep_context=non-requeueable deps ti=<TaskInstance: batch_spark_csv_pipeline.run_spark_job manual__2026-04-28T21:48:05.041546+00:00 [queued]>
[2026-04-28T21:48:10.438+0000] {taskinstance.py:2073} INFO - Dependencies all met for dep_context=requeueable deps ti=<TaskInstance: batch_spark_csv_pipeline.run_spark_job manual__2026-04-28T21:48:05.041546+00:00 [queued]>
[2026-04-28T21:48:10.438+0000] {taskinstance.py:2303} INFO - Starting attempt 1 of 1
[2026-04-28T21:48:10.455+0000] {taskinstance.py:2327} INFO - Executing <Task(BashOperator): run_spark_job> on 2026-04-28 21:48:05.041546+00:00
[2026-04-28T21:48:10.482+0000] {warnings.py:110} WARNING - /home/***/.local/lib/python3.12/site-packages/***/task/task_runner/standard_task_runner.py:61: DeprecationWarning: This process (pid=302) is multi-threaded, use of fork() may lead to deadlocks in the child.
  pid = os.fork()

[2026-04-28T21:48:10.489+0000] {standard_task_runner.py:63} INFO - Started process 304 to run task
[2026-04-28T21:48:10.488+0000] {standard_task_runner.py:90} INFO - Running: ['***', 'tasks', 'run', 'batch_spark_csv_pipeline', 'run_spark_job', 'manual__2026-04-28T21:48:05.041546+00:00', '--job-id', '4', '--raw', '--subdir', 'DAGS_FOLDER/batch_csv_pipeline.py', '--cfg-path', '/tmp/tmp1kq0iwi0']
[2026-04-28T21:48:10.494+0000] {standard_task_runner.py:91} INFO - Job 4: Subtask run_spark_job
[2026-04-28T21:48:10.612+0000] {task_command.py:426} INFO - Running <TaskInstance: batch_spark_csv_pipeline.run_spark_job manual__2026-04-28T21:48:05.041546+00:00 [running]> on host c57afa410e23
[2026-04-28T21:48:10.878+0000] {taskinstance.py:2644} INFO - Exporting env vars: AIRFLOW_CTX_DAG_OWNER='***' AIRFLOW_CTX_DAG_ID='batch_spark_csv_pipeline' AIRFLOW_CTX_TASK_ID='run_spark_job' AIRFLOW_CTX_EXECUTION_DATE='2026-04-28T21:48:05.041546+00:00' AIRFLOW_CTX_TRY_NUMBER='1' AIRFLOW_CTX_DAG_RUN_ID='manual__2026-04-28T21:48:05.041546+00:00'
[2026-04-28T21:48:10.902+0000] {taskinstance.py:430} INFO - ::endgroup::
[2026-04-28T21:48:10.945+0000] {subprocess.py:63} INFO - Tmp dir root location: /tmp
[2026-04-28T21:48:10.963+0000] {subprocess.py:75} INFO - Running command: ['/usr/bin/bash', '-c', '\n        echo "🚀 Running Spark with input param" &&\n        python /opt/***/project/spark_dynamic_pipeline.py /opt/***/project/data/input_file &&\n        echo "✅ Spark Job Completed"\n        ']
[2026-04-28T21:48:11.161+0000] {subprocess.py:86} INFO - Output:
[2026-04-28T21:48:11.361+0000] {subprocess.py:93} INFO - 🚀 Running Spark with input param
[2026-04-28T21:48:15.671+0000] {subprocess.py:93} INFO - WARNING: Using incubator modules: jdk.incubator.vector
[2026-04-28T21:48:21.964+0000] {subprocess.py:93} INFO - Using Spark's default log4j profile: org/apache/spark/log4j2-defaults.properties
[2026-04-28T21:48:21.967+0000] {subprocess.py:93} INFO - Setting default log level to "WARN".
[2026-04-28T21:48:21.969+0000] {subprocess.py:93} INFO - To adjust logging level use sc.setLogLevel(newLevel). For SparkR, use setLogLevel(newLevel).
[2026-04-28T21:48:23.638+0000] {subprocess.py:93} INFO - 26/04/28 21:48:23 WARN NativeCodeLoader: Unable to load native-hadoop library for your platform... using builtin-java classes where applicable
[2026-04-28T21:49:01.606+0000] {subprocess.py:93} INFO - [Stage 0:>                                                          (0 + 1) / 1]                                                                                [Stage 2:>                                                          (0 + 1) / 1][Stage 3:>                                                          (0 + 1) / 1]                                                                                [Stage 9:>                                                          (0 + 1) / 1]                                                                                📥 Reading from: /opt/***/project/data/input_file
[2026-04-28T21:49:01.609+0000] {subprocess.py:93} INFO - 📊 Columns after normalization:
[2026-04-28T21:49:01.609+0000] {subprocess.py:93} INFO - ['account_no', 'transaction_date', 'transaction_details', 'chqno', 'value_date', 'withdrawal_amt', 'deposit_amt', 'balance_amt', 'source_file']
[2026-04-28T21:49:01.610+0000] {subprocess.py:93} INFO - +-------------+----------------+--------------------------------+-----+----------+--------------+-----------+--------------+----------------+
[2026-04-28T21:49:01.610+0000] {subprocess.py:93} INFO - |account_no   |transaction_date|transaction_details             |chqno|value_date|withdrawal_amt|deposit_amt|balance_amt   |source_file     |
[2026-04-28T21:49:01.611+0000] {subprocess.py:93} INFO - +-------------+----------------+--------------------------------+-----+----------+--------------+-----------+--------------+----------------+
[2026-04-28T21:49:01.613+0000] {subprocess.py:93} INFO - |409000611074'|16-Aug-17       |INDO GIBL Indiaforensic STL01071|NULL |16-Aug-17 | 133,900.00   |NULL       | 8,366,100.00 |transactions.csv|
[2026-04-28T21:49:01.615+0000] {subprocess.py:93} INFO - |409000611074'|16-Aug-17       |INDO GIBL Indiaforensic STL02071|NULL |16-Aug-17 | 18,000.00    |NULL       | 8,348,100.00 |transactions.csv|
[2026-04-28T21:49:01.616+0000] {subprocess.py:93} INFO - |409000611074'|16-Aug-17       |INDO GIBL Indiaforensic STL03071|NULL |16-Aug-17 | 5,000.00     |NULL       | 8,343,100.00 |transactions.csv|
[2026-04-28T21:49:01.616+0000] {subprocess.py:93} INFO - |409000611074'|16-Aug-17       |INDO GIBL Indiaforensic STL04071|NULL |16-Aug-17 | 195,800.00   |NULL       | 8,147,300.00 |transactions.csv|
[2026-04-28T21:49:01.618+0000] {subprocess.py:93} INFO - |409000611074'|16-Aug-17       |INDO GIBL Indiaforensic STL05071|NULL |16-Aug-17 | 81,600.00    |NULL       | 8,065,700.00 |transactions.csv|
[2026-04-28T21:49:01.620+0000] {subprocess.py:93} INFO - +-------------+----------------+--------------------------------+-----+----------+--------------+-----------+--------------+----------------+
[2026-04-28T21:49:01.620+0000] {subprocess.py:93} INFO - only showing top 5 rows
[2026-04-28T21:49:01.621+0000] {subprocess.py:93} INFO - 🧼 Cleaning data...
[2026-04-28T21:49:01.622+0000] {subprocess.py:93} INFO - 🚨 Identifying bad records...
[2026-04-28T21:49:01.622+0000] {subprocess.py:93} INFO - ✅ Good records: 10
[2026-04-28T21:49:01.623+0000] {subprocess.py:93} INFO - ❌ Bad records: 0
[2026-04-28T21:49:01.624+0000] {subprocess.py:93} INFO - 💾 Writing bad data...
[2026-04-28T21:49:01.624+0000] {subprocess.py:93} INFO - ℹ️ No bad records to write
[2026-04-28T21:49:01.625+0000] {subprocess.py:93} INFO - 🧠 Handling schema evolution...
[2026-04-28T21:49:01.625+0000] {subprocess.py:93} INFO - Traceback (most recent call last):
[2026-04-28T21:49:01.627+0000] {subprocess.py:93} INFO -   File "/opt/***/project/spark_dynamic_pipeline.py", line 365, in <module>
[2026-04-28T21:49:01.630+0000] {subprocess.py:93} INFO -     main()
[2026-04-28T21:49:01.633+0000] {subprocess.py:93} INFO -   File "/opt/***/project/spark_dynamic_pipeline.py", line 355, in main
[2026-04-28T21:49:01.633+0000] {subprocess.py:93} INFO -     handle_schema_evolution(good_df)
[2026-04-28T21:49:01.634+0000] {subprocess.py:93} INFO -   File "/opt/***/project/spark_dynamic_pipeline.py", line 220, in handle_schema_evolution
[2026-04-28T21:49:01.635+0000] {subprocess.py:93} INFO -     if not table_exists(TABLE_NAME):
[2026-04-28T21:49:01.636+0000] {subprocess.py:93} INFO -            ^^^^^^^^^^^^^^^^^^^^^^^^
[2026-04-28T21:49:01.638+0000] {subprocess.py:93} INFO -   File "/opt/***/project/db_utils.py", line 48, in table_exists
[2026-04-28T21:49:01.642+0000] {subprocess.py:93} INFO -     with get_connection() as conn:
[2026-04-28T21:49:01.644+0000] {subprocess.py:93} INFO -          ^^^^^^^^^^^^^^^^
[2026-04-28T21:49:01.647+0000] {subprocess.py:93} INFO -   File "/opt/***/project/db_utils.py", line 41, in get_connection
[2026-04-28T21:49:01.648+0000] {subprocess.py:93} INFO -     return psycopg2.connect(**get_db_config())
[2026-04-28T21:49:01.653+0000] {subprocess.py:93} INFO -            ^^^^^^^^^^^^^^^^^^^^^^^^^^^^^^^^^^^
[2026-04-28T21:49:01.653+0000] {subprocess.py:93} INFO -   File "/home/***/.local/lib/python3.12/site-packages/psycopg2/__init__.py", line 122, in connect
[2026-04-28T21:49:01.665+0000] {subprocess.py:93} INFO -     conn = _connect(dsn, connection_factory=connection_factory, **kwasync)
[2026-04-28T21:49:01.667+0000] {subprocess.py:93} INFO -            ^^^^^^^^^^^^^^^^^^^^^^^^^^^^^^^^^^^^^^^^^^^^^^^^^^^^^^^^^^^^^^^
[2026-04-28T21:49:01.667+0000] {subprocess.py:93} INFO - psycopg2.OperationalError: connection to server at "ep-winter-boat-am6haa8k.c-5.us-east-1.aws.neon.tech" (100.49.65.130), port 5432 failed: fe_sendauth: no password supplied
[2026-04-28T21:49:01.669+0000] {subprocess.py:93} INFO - 
[2026-04-28T21:49:03.790+0000] {subprocess.py:97} INFO - Command exited with return code 1
[2026-04-28T21:49:03.797+0000] {taskinstance.py:441} INFO - ::group::Post task execution logs
[2026-04-28T21:49:03.817+0000] {taskinstance.py:2890} ERROR - Task failed with exception
Traceback (most recent call last):
  File "/home/airflow/.local/lib/python3.12/site-packages/airflow/models/taskinstance.py", line 465, in _execute_task
    result = _execute_callable(context=context, **execute_callable_kwargs)
             ^^^^^^^^^^^^^^^^^^^^^^^^^^^^^^^^^^^^^^^^^^^^^^^^^^^^^^^^^^^^^
  File "/home/airflow/.local/lib/python3.12/site-packages/airflow/models/taskinstance.py", line 432, in _execute_callable
    return execute_callable(context=context, **execute_callable_kwargs)
           ^^^^^^^^^^^^^^^^^^^^^^^^^^^^^^^^^^^^^^^^^^^^^^^^^^^^^^^^^^^^
  File "/home/airflow/.local/lib/python3.12/site-packages/airflow/models/baseoperator.py", line 400, in wrapper
    return func(self, *args, **kwargs)
           ^^^^^^^^^^^^^^^^^^^^^^^^^^^
  File "/home/airflow/.local/lib/python3.12/site-packages/airflow/operators/bash.py", line 243, in execute
    raise AirflowException(
airflow.exceptions.AirflowException: Bash command failed. The command returned a non-zero exit code 1.
[2026-04-28T21:49:03.843+0000] {taskinstance.py:1205} INFO - Marking task as FAILED. dag_id=batch_spark_csv_pipeline, task_id=run_spark_job, execution_date=20260428T214805, start_date=20260428T214810, end_date=20260428T214903
[2026-04-28T21:49:03.903+0000] {standard_task_runner.py:110} ERROR - Failed to execute job 4 for task run_spark_job (Bash command failed. The command returned a non-zero exit code 1.; 304)
[2026-04-28T21:49:03.988+0000] {local_task_job_runner.py:240} INFO - Task exited with return code 1
[2026-04-28T21:49:04.039+0000] {taskinstance.py:3482} INFO - 0 downstream tasks scheduled from follow-on schedule check
[2026-04-28T21:49:04.043+0000] {local_task_job_runner.py:222} INFO - ::endgroup::
